[ +195 ms] Artifact Instance of 'MaterialFonts' is not required, skipping update.
[        ] Artifact Instance of 'GradleWrapper' is not required, skipping update.
[        ] Artifact Instance of 'AndroidGenSnapshotArtifacts' is not required, skipping update.
[        ] Artifact Instance of 'AndroidInternalBuildArtifacts' is not required, skipping update.
[        ] Artifact Instance of 'IOSEngineArtifacts' is not required, skipping update.
[        ] Artifact Instance of 'FlutterWebSdk' is not required, skipping update.
[   +1 ms] Artifact Instance of 'LegacyCanvasKitRemover' is not required, skipping update.
[        ] Artifact Instance of 'FlutterSdk' is not required, skipping update.
[        ] Artifact Instance of 'WindowsEngineArtifacts' is not required, skipping update.
[        ] Artifact Instance of 'MacOSEngineArtifacts' is not required, skipping update.
[        ] Artifact Instance of 'LinuxEngineArtifacts' is not required, skipping update.
[        ] Artifact Instance of 'LinuxFuchsiaSDKArtifacts' is not required, skipping update.
[        ] Artifact Instance of 'MacOSFuchsiaSDKArtifacts' is not required, skipping update.
[        ] Artifact Instance of 'FlutterRunnerSDKArtifacts' is not required, skipping update.
[        ] Artifact Instance of 'FlutterRunnerDebugSymbols' is not required, skipping update.
[        ] Artifact Instance of 'IosUsbArtifacts' is not required, skipping update.
[        ] Artifact Instance of 'IosUsbArtifacts' is not required, skipping update.
[        ] Artifact Instance of 'IosUsbArtifacts' is not required, skipping update.
[        ] Artifact Instance of 'IosUsbArtifacts' is not required, skipping update.
[        ] Artifact Instance of 'IosUsbArtifacts' is not required, skipping update.
[        ] Artifact Instance of 'IosUsbArtifacts' is not required, skipping update.
[        ] Artifact Instance of 'FontSubsetArtifacts' is not required, skipping update.
[        ] Artifact Instance of 'PubDependencies' is not required, skipping update.
[        ] executing: [C:\flutter/] git -c log.showSignature=false log HEAD -n 1 --pretty=format:%ad --date=iso
[ +114 ms] Exit code 0 from: git -c log.showSignature=false log HEAD -n 1 --pretty=format:%ad --date=iso
[        ] 2026-03-25 16:21:00 -0700
[   +8 ms] Artifact Instance of 'AndroidGenSnapshotArtifacts' is not required, skipping update.
[        ] Artifact Instance of 'AndroidInternalBuildArtifacts' is not required, skipping update.
[        ] Artifact Instance of 'IOSEngineArtifacts' is not required, skipping update.
[        ] Artifact Instance of 'FlutterWebSdk' is not required, skipping update.
[        ] Artifact Instance of 'FlutterEngineStamp' is not required, skipping update.
[        ] Artifact Instance of 'LegacyCanvasKitRemover' is not required, skipping update.
[   +1 ms] Artifact Instance of 'WindowsEngineArtifacts' is not required, skipping update.
[        ] Artifact Instance of 'MacOSEngineArtifacts' is not required, skipping update.
[        ] Artifact Instance of 'LinuxEngineArtifacts' is not required, skipping update.
[        ] Artifact Instance of 'LinuxFuchsiaSDKArtifacts' is not required, skipping update.
[        ] Artifact Instance of 'MacOSFuchsiaSDKArtifacts' is not required, skipping update.
[        ] Artifact Instance of 'FlutterRunnerSDKArtifacts' is not required, skipping update.
[        ] Artifact Instance of 'FlutterRunnerDebugSymbols' is not required, skipping update.
[  +41 ms] Artifact Instance of 'MaterialFonts' is not required, skipping update.
[        ] Artifact Instance of 'GradleWrapper' is not required, skipping update.
[   +4 ms] Artifact Instance of 'AndroidInternalBuildArtifacts' is not required, skipping update.
[        ] Artifact Instance of 'IOSEngineArtifacts' is not required, skipping update.
[        ] Artifact Instance of 'FlutterWebSdk' is not required, skipping update.
[        ] Artifact Instance of 'FlutterEngineStamp' is not required, skipping update.
[        ] Artifact Instance of 'LegacyCanvasKitRemover' is not required, skipping update.
[        ] Artifact Instance of 'FlutterSdk' is not required, skipping update.
[        ] Artifact Instance of 'WindowsEngineArtifacts' is not required, skipping update.
[        ] Artifact Instance of 'MacOSEngineArtifacts' is not required, skipping update.
[        ] Artifact Instance of 'LinuxEngineArtifacts' is not required, skipping update.
[        ] Artifact Instance of 'LinuxFuchsiaSDKArtifacts' is not required, skipping update.
[        ] Artifact Instance of 'MacOSFuchsiaSDKArtifacts' is not required, skipping update.
[        ] Artifact Instance of 'FlutterRunnerSDKArtifacts' is not required, skipping update.
[        ] Artifact Instance of 'FlutterRunnerDebugSymbols' is not required, skipping update.
[        ] Artifact Instance of 'IosUsbArtifacts' is not required, skipping update.
[        ] Artifact Instance of 'IosUsbArtifacts' is not required, skipping update.
[        ] Artifact Instance of 'IosUsbArtifacts' is not required, skipping update.
[        ] Artifact Instance of 'IosUsbArtifacts' is not required, skipping update.
[        ] Artifact Instance of 'IosUsbArtifacts' is not required, skipping update.
[        ] Artifact Instance of 'IosUsbArtifacts' is not required, skipping update.
[        ] Artifact Instance of 'FontSubsetArtifacts' is not required, skipping update.
[        ] Artifact Instance of 'PubDependencies' is not required, skipping update.
[  +41 ms] Skipping pub get: version match.
[  +79 ms] Found plugin firebase_core at C:\.pub-cache\hosted\pub.dev\firebase_core-3.10.1\
[   +3 ms] Found plugin firebase_core_web at C:\.pub-cache\hosted\pub.dev\firebase_core_web-2.24.0\
[   +5 ms] Found plugin firebase_auth at C:\.pub-cache\hosted\pub.dev\firebase_auth-5.4.1\
[   +1 ms] Found plugin firebase_auth_web at C:\.pub-cache\hosted\pub.dev\firebase_auth_web-5.13.7\
[  +14 ms] Found plugin cloud_firestore at C:\.pub-cache\hosted\pub.dev\cloud_firestore-5.6.2\
[   +1 ms] Found plugin cloud_firestore_web at C:\.pub-cache\hosted\pub.dev\cloud_firestore_web-4.4.2\
[   +1 ms] Found plugin url_launcher at C:\.pub-cache\hosted\pub.dev\url_launcher-6.3.2\
[   +2 ms] Found plugin url_launcher_windows at C:\.pub-cache\hosted\pub.dev\url_launcher_windows-3.1.5\
[   +2 ms] Found plugin url_launcher_web at C:\.pub-cache\hosted\pub.dev\url_launcher_web-2.4.2\
[   +1 ms] Found plugin url_launcher_macos at C:\.pub-cache\hosted\pub.dev\url_launcher_macos-3.2.5\
[   +1 ms] Found plugin url_launcher_linux at C:\.pub-cache\hosted\pub.dev\url_launcher_linux-3.2.2\
[   +2 ms] Found plugin url_launcher_ios at C:\.pub-cache\hosted\pub.dev\url_launcher_ios-6.4.1\
[   +2 ms] Found plugin url_launcher_android at C:\.pub-cache\hosted\pub.dev\url_launcher_android-6.3.29\
[   +1 ms] Found plugin shared_preferences at C:\.pub-cache\hosted\pub.dev\shared_preferences-2.5.5\
[   +1 ms] Found plugin shared_preferences_windows at C:\.pub-cache\hosted\pub.dev\shared_preferences_windows-2.4.1\
[   +1 ms] Found plugin path_provider_windows at C:\.pub-cache\hosted\pub.dev\path_provider_windows-2.3.0\
[   +2 ms] Found plugin shared_preferences_web at C:\.pub-cache\hosted\pub.dev\shared_preferences_web-2.4.3\
[   +1 ms] Found plugin shared_preferences_linux at C:\.pub-cache\hosted\pub.dev\shared_preferences_linux-2.4.1\
[   +1 ms] Found plugin path_provider_linux at C:\.pub-cache\hosted\pub.dev\path_provider_linux-2.2.1\
[   +2 ms] Found plugin shared_preferences_foundation at C:\.pub-cache\hosted\pub.dev\shared_preferences_foundation-2.5.6\
[   +1 ms] Found plugin shared_preferences_android at C:\.pub-cache\hosted\pub.dev\shared_preferences_android-2.4.23\
[   +1 ms] Found plugin share_plus at C:\.pub-cache\hosted\pub.dev\share_plus-10.1.4\
[   +4 ms] Found plugin path_provider at C:\.pub-cache\hosted\pub.dev\path_provider-2.1.5\
[   +1 ms] Found plugin path_provider_foundation at C:\.pub-cache\hosted\pub.dev\path_provider_foundation-2.6.0\
[   +4 ms] Found plugin path_provider_android at C:\.pub-cache\hosted\pub.dev\path_provider_android-2.3.1\
[   +1 ms] Found plugin jni_flutter at C:\.pub-cache\hosted\pub.dev\jni_flutter-1.0.1\
[   +2 ms] Found plugin jni at C:\.pub-cache\hosted\pub.dev\jni-1.0.0\
[   +4 ms] Found plugin package_info_plus at C:\.pub-cache\hosted\pub.dev\package_info_plus-8.3.1\
[   +4 ms] Found plugin image_picker at C:\.pub-cache\hosted\pub.dev\image_picker-1.2.1\
[        ] Found plugin image_picker_windows at C:\.pub-cache\hosted\pub.dev\image_picker_windows-0.2.2\
[   +2 ms] Found plugin file_selector_windows at C:\.pub-cache\hosted\pub.dev\file_selector_windows-0.9.3+5\
[   +1 ms] Found plugin image_picker_macos at C:\.pub-cache\hosted\pub.dev\image_picker_macos-0.2.2+1\
[        ] Found plugin file_selector_macos at C:\.pub-cache\hosted\pub.dev\file_selector_macos-0.9.5\
[   +1 ms] Found plugin image_picker_linux at C:\.pub-cache\hosted\pub.dev\image_picker_linux-0.2.2\
[   +1 ms] Found plugin file_selector_linux at C:\.pub-cache\hosted\pub.dev\file_selector_linux-0.9.4\
[   +1 ms] Found plugin image_picker_ios at C:\.pub-cache\hosted\pub.dev\image_picker_ios-0.8.13+6\
[        ] Found plugin image_picker_for_web at C:\.pub-cache\hosted\pub.dev\image_picker_for_web-3.1.1\
[        ] Found plugin image_picker_android at C:\.pub-cache\hosted\pub.dev\image_picker_android-0.8.13+16\
[        ] Found plugin flutter_plugin_android_lifecycle at C:\.pub-cache\hosted\pub.dev\flutter_plugin_android_lifecycle-2.0.34\
[   +2 ms] Found plugin google_maps_flutter at C:\.pub-cache\hosted\pub.dev\google_maps_flutter-2.17.0\
[        ] Found plugin google_maps_flutter_web at C:\.pub-cache\hosted\pub.dev\google_maps_flutter_web-0.6.2\
[   +3 ms] Found plugin google_maps_flutter_ios at C:\.pub-cache\hosted\pub.dev\google_maps_flutter_ios-2.18.1\
[        ] Found plugin google_maps_flutter_android at C:\.pub-cache\hosted\pub.dev\google_maps_flutter_android-2.19.8\
[        ] Found plugin geolocator at C:\.pub-cache\hosted\pub.dev\geolocator-12.0.0\
[        ] Found plugin geolocator_windows at C:\.pub-cache\hosted\pub.dev\geolocator_windows-0.2.5\
[   +1 ms] Found plugin geolocator_web at C:\.pub-cache\hosted\pub.dev\geolocator_web-4.1.3\
[        ] Found plugin geolocator_apple at C:\.pub-cache\hosted\pub.dev\geolocator_apple-2.3.13\
[        ] Found plugin geolocator_android at C:\.pub-cache\hosted\pub.dev\geolocator_android-4.6.2\
[        ] Found plugin geocoding at C:\.pub-cache\hosted\pub.dev\geocoding-3.0.0\
[   +1 ms] Found plugin geocoding_ios at C:\.pub-cache\hosted\pub.dev\geocoding_ios-3.1.0\
[        ] Found plugin geocoding_android at C:\.pub-cache\hosted\pub.dev\geocoding_android-3.3.1\
[   +2 ms] Found plugin flutter_local_notifications at C:\.pub-cache\hosted\pub.dev\flutter_local_notifications-17.2.4\
[   +1 ms] Found plugin flutter_local_notifications_linux at C:\.pub-cache\hosted\pub.dev\flutter_local_notifications_linux-4.0.1\
[   +1 ms] Found plugin sqflite at C:\.pub-cache\hosted\pub.dev\sqflite-2.4.2\
[   +2 ms] Found plugin sqflite_darwin at C:\.pub-cache\hosted\pub.dev\sqflite_darwin-2.4.2\
[        ] Found plugin sqflite_android at C:\.pub-cache\hosted\pub.dev\sqflite_android-2.4.2+3\
[        ] Found plugin firebase_storage at C:\.pub-cache\hosted\pub.dev\firebase_storage-12.4.1\
[        ] Found plugin firebase_storage_web at C:\.pub-cache\hosted\pub.dev\firebase_storage_web-3.10.8\
[   +1 ms] Found plugin firebase_messaging at C:\.pub-cache\hosted\pub.dev\firebase_messaging-15.2.1\
[        ] Found plugin firebase_messaging_web at C:\.pub-cache\hosted\pub.dev\firebase_messaging_web-3.10.1\
[   +1 ms] Found plugin firebase_app_check at C:\.pub-cache\hosted\pub.dev\firebase_app_check-0.3.1\
[        ] Found plugin firebase_app_check_web at C:\.pub-cache\hosted\pub.dev\firebase_app_check_web-0.1.3+2\
[   +1 ms] Found plugin device_info_plus at C:\.pub-cache\hosted\pub.dev\device_info_plus-10.1.2\
[  +55 ms] Found plugin firebase_core at C:\.pub-cache\hosted\pub.dev\firebase_core-3.10.1\
[        ] Found plugin firebase_core_web at C:\.pub-cache\hosted\pub.dev\firebase_core_web-2.24.0\
[   +3 ms] Found plugin firebase_auth at C:\.pub-cache\hosted\pub.dev\firebase_auth-5.4.1\
[        ] Found plugin firebase_auth_web at C:\.pub-cache\hosted\pub.dev\firebase_auth_web-5.13.7\
[   +7 ms] Found plugin cloud_firestore at C:\.pub-cache\hosted\pub.dev\cloud_firestore-5.6.2\
[        ] Found plugin cloud_firestore_web at C:\.pub-cache\hosted\pub.dev\cloud_firestore_web-4.4.2\
[        ] Found plugin url_launcher at C:\.pub-cache\hosted\pub.dev\url_launcher-6.3.2\
[        ] Found plugin url_launcher_windows at C:\.pub-cache\hosted\pub.dev\url_launcher_windows-3.1.5\
[   +1 ms] Found plugin url_launcher_web at C:\.pub-cache\hosted\pub.dev\url_launcher_web-2.4.2\
[   +1 ms] Found plugin url_launcher_macos at C:\.pub-cache\hosted\pub.dev\url_launcher_macos-3.2.5\
[        ] Found plugin url_launcher_linux at C:\.pub-cache\hosted\pub.dev\url_launcher_linux-3.2.2\
[        ] Found plugin url_launcher_ios at C:\.pub-cache\hosted\pub.dev\url_launcher_ios-6.4.1\
[        ] Found plugin url_launcher_android at C:\.pub-cache\hosted\pub.dev\url_launcher_android-6.3.29\
[        ] Found plugin shared_preferences at C:\.pub-cache\hosted\pub.dev\shared_preferences-2.5.5\
[        ] Found plugin shared_preferences_windows at C:\.pub-cache\hosted\pub.dev\shared_preferences_windows-2.4.1\
[   +1 ms] Found plugin path_provider_windows at C:\.pub-cache\hosted\pub.dev\path_provider_windows-2.3.0\
[   +1 ms] Found plugin shared_preferences_web at C:\.pub-cache\hosted\pub.dev\shared_preferences_web-2.4.3\
[        ] Found plugin shared_preferences_linux at C:\.pub-cache\hosted\pub.dev\shared_preferences_linux-2.4.1\
[        ] Found plugin path_provider_linux at C:\.pub-cache\hosted\pub.dev\path_provider_linux-2.2.1\
[   +1 ms] Found plugin shared_preferences_foundation at C:\.pub-cache\hosted\pub.dev\shared_preferences_foundation-2.5.6\
[        ] Found plugin shared_preferences_android at C:\.pub-cache\hosted\pub.dev\shared_preferences_android-2.4.23\
[   +1 ms] Found plugin share_plus at C:\.pub-cache\hosted\pub.dev\share_plus-10.1.4\
[   +1 ms] Found plugin path_provider at C:\.pub-cache\hosted\pub.dev\path_provider-2.1.5\
[        ] Found plugin path_provider_foundation at C:\.pub-cache\hosted\pub.dev\path_provider_foundation-2.6.0\
[   +3 ms] Found plugin path_provider_android at C:\.pub-cache\hosted\pub.dev\path_provider_android-2.3.1\
[        ] Found plugin jni_flutter at C:\.pub-cache\hosted\pub.dev\jni_flutter-1.0.1\
[        ] Found plugin jni at C:\.pub-cache\hosted\pub.dev\jni-1.0.0\
[   +3 ms] Found plugin package_info_plus at C:\.pub-cache\hosted\pub.dev\package_info_plus-8.3.1\
[   +2 ms] Found plugin image_picker at C:\.pub-cache\hosted\pub.dev\image_picker-1.2.1\
[        ] Found plugin image_picker_windows at C:\.pub-cache\hosted\pub.dev\image_picker_windows-0.2.2\
[   +1 ms] Found plugin file_selector_windows at C:\.pub-cache\hosted\pub.dev\file_selector_windows-0.9.3+5\
[   +1 ms] Found plugin image_picker_macos at C:\.pub-cache\hosted\pub.dev\image_picker_macos-0.2.2+1\
[        ] Found plugin file_selector_macos at C:\.pub-cache\hosted\pub.dev\file_selector_macos-0.9.5\
[        ] Found plugin image_picker_linux at C:\.pub-cache\hosted\pub.dev\image_picker_linux-0.2.2\
[        ] Found plugin file_selector_linux at C:\.pub-cache\hosted\pub.dev\file_selector_linux-0.9.4\
[        ] Found plugin image_picker_ios at C:\.pub-cache\hosted\pub.dev\image_picker_ios-0.8.13+6\
[        ] Found plugin image_picker_for_web at C:\.pub-cache\hosted\pub.dev\image_picker_for_web-3.1.1\
[        ] Found plugin image_picker_android at C:\.pub-cache\hosted\pub.dev\image_picker_android-0.8.13+16\
[        ] Found plugin flutter_plugin_android_lifecycle at C:\.pub-cache\hosted\pub.dev\flutter_plugin_android_lifecycle-2.0.34\
[   +1 ms] Found plugin google_maps_flutter at C:\.pub-cache\hosted\pub.dev\google_maps_flutter-2.17.0\
[        ] Found plugin google_maps_flutter_web at C:\.pub-cache\hosted\pub.dev\google_maps_flutter_web-0.6.2\
[   +2 ms] Found plugin google_maps_flutter_ios at C:\.pub-cache\hosted\pub.dev\google_maps_flutter_ios-2.18.1\
[        ] Found plugin google_maps_flutter_android at C:\.pub-cache\hosted\pub.dev\google_maps_flutter_android-2.19.8\
[        ] Found plugin geolocator at C:\.pub-cache\hosted\pub.dev\geolocator-12.0.0\
[        ] Found plugin geolocator_windows at C:\.pub-cache\hosted\pub.dev\geolocator_windows-0.2.5\
[        ] Found plugin geolocator_web at C:\.pub-cache\hosted\pub.dev\geolocator_web-4.1.3\
[        ] Found plugin geolocator_apple at C:\.pub-cache\hosted\pub.dev\geolocator_apple-2.3.13\
[        ] Found plugin geolocator_android at C:\.pub-cache\hosted\pub.dev\geolocator_android-4.6.2\
[        ] Found plugin geocoding at C:\.pub-cache\hosted\pub.dev\geocoding-3.0.0\
[   +1 ms] Found plugin geocoding_ios at C:\.pub-cache\hosted\pub.dev\geocoding_ios-3.1.0\
[        ] Found plugin geocoding_android at C:\.pub-cache\hosted\pub.dev\geocoding_android-3.3.1\
[   +1 ms] Found plugin flutter_local_notifications at C:\.pub-cache\hosted\pub.dev\flutter_local_notifications-17.2.4\
[   +1 ms] Found plugin flutter_local_notifications_linux at C:\.pub-cache\hosted\pub.dev\flutter_local_notifications_linux-4.0.1\
[   +1 ms] Found plugin sqflite at C:\.pub-cache\hosted\pub.dev\sqflite-2.4.2\
[   +1 ms] Found plugin sqflite_darwin at C:\.pub-cache\hosted\pub.dev\sqflite_darwin-2.4.2\
[        ] Found plugin sqflite_android at C:\.pub-cache\hosted\pub.dev\sqflite_android-2.4.2+3\
[        ] Found plugin firebase_storage at C:\.pub-cache\hosted\pub.dev\firebase_storage-12.4.1\
[        ] Found plugin firebase_storage_web at C:\.pub-cache\hosted\pub.dev\firebase_storage_web-3.10.8\
[   +1 ms] Found plugin firebase_messaging at C:\.pub-cache\hosted\pub.dev\firebase_messaging-15.2.1\
[        ] Found plugin firebase_messaging_web at C:\.pub-cache\hosted\pub.dev\firebase_messaging_web-3.10.1\
[   +1 ms] Found plugin firebase_app_check at C:\.pub-cache\hosted\pub.dev\firebase_app_check-0.3.1\
[        ] Found plugin firebase_app_check_web at C:\.pub-cache\hosted\pub.dev\firebase_app_check_web-0.1.3+2\
[   +1 ms] Found plugin device_info_plus at C:\.pub-cache\hosted\pub.dev\device_info_plus-10.1.2\
[   +9 ms] Skipping generating web_plugin_registrant.dart because it is up-to-date.
[  +33 ms] Found plugin firebase_core at C:\.pub-cache\hosted\pub.dev\firebase_core-3.10.1\
[        ] Found plugin firebase_core_web at C:\.pub-cache\hosted\pub.dev\firebase_core_web-2.24.0\
[   +3 ms] Found plugin firebase_auth at C:\.pub-cache\hosted\pub.dev\firebase_auth-5.4.1\
[        ] Found plugin firebase_auth_web at C:\.pub-cache\hosted\pub.dev\firebase_auth_web-5.13.7\
[   +6 ms] Found plugin cloud_firestore at C:\.pub-cache\hosted\pub.dev\cloud_firestore-5.6.2\
[        ] Found plugin cloud_firestore_web at C:\.pub-cache\hosted\pub.dev\cloud_firestore_web-4.4.2\
[        ] Found plugin url_launcher at C:\.pub-cache\hosted\pub.dev\url_launcher-6.3.2\
[        ] Found plugin url_launcher_windows at C:\.pub-cache\hosted\pub.dev\url_launcher_windows-3.1.5\
[   +1 ms] Found plugin url_launcher_web at C:\.pub-cache\hosted\pub.dev\url_launcher_web-2.4.2\
[        ] Found plugin url_launcher_macos at C:\.pub-cache\hosted\pub.dev\url_launcher_macos-3.2.5\
[        ] Found plugin url_launcher_linux at C:\.pub-cache\hosted\pub.dev\url_launcher_linux-3.2.2\
[        ] Found plugin url_launcher_ios at C:\.pub-cache\hosted\pub.dev\url_launcher_ios-6.4.1\
[        ] Found plugin url_launcher_android at C:\.pub-cache\hosted\pub.dev\url_launcher_android-6.3.29\
[        ] Found plugin shared_preferences at C:\.pub-cache\hosted\pub.dev\shared_preferences-2.5.5\
[        ] Found plugin shared_preferences_windows at C:\.pub-cache\hosted\pub.dev\shared_preferences_windows-2.4.1\
[   +1 ms] Found plugin path_provider_windows at C:\.pub-cache\hosted\pub.dev\path_provider_windows-2.3.0\
[   +1 ms] Found plugin shared_preferences_web at C:\.pub-cache\hosted\pub.dev\shared_preferences_web-2.4.3\
[        ] Found plugin shared_preferences_linux at C:\.pub-cache\hosted\pub.dev\shared_preferences_linux-2.4.1\
[        ] Found plugin path_provider_linux at C:\.pub-cache\hosted\pub.dev\path_provider_linux-2.2.1\
[   +1 ms] Found plugin shared_preferences_foundation at C:\.pub-cache\hosted\pub.dev\shared_preferences_foundation-2.5.6\
[        ] Found plugin shared_preferences_android at C:\.pub-cache\hosted\pub.dev\shared_preferences_android-2.4.23\
[        ] Found plugin share_plus at C:\.pub-cache\hosted\pub.dev\share_plus-10.1.4\
[   +1 ms] Found plugin path_provider at C:\.pub-cache\hosted\pub.dev\path_provider-2.1.5\
[        ] Found plugin path_provider_foundation at C:\.pub-cache\hosted\pub.dev\path_provider_foundation-2.6.0\
[   +2 ms] Found plugin path_provider_android at C:\.pub-cache\hosted\pub.dev\path_provider_android-2.3.1\
[        ] Found plugin jni_flutter at C:\.pub-cache\hosted\pub.dev\jni_flutter-1.0.1\
[        ] Found plugin jni at C:\.pub-cache\hosted\pub.dev\jni-1.0.0\
[   +2 ms] Found plugin package_info_plus at C:\.pub-cache\hosted\pub.dev\package_info_plus-8.3.1\
[   +2 ms] Found plugin image_picker at C:\.pub-cache\hosted\pub.dev\image_picker-1.2.1\
[        ] Found plugin image_picker_windows at C:\.pub-cache\hosted\pub.dev\image_picker_windows-0.2.2\
[   +1 ms] Found plugin file_selector_windows at C:\.pub-cache\hosted\pub.dev\file_selector_windows-0.9.3+5\
[   +1 ms] Found plugin image_picker_macos at C:\.pub-cache\hosted\pub.dev\image_picker_macos-0.2.2+1\
[        ] Found plugin file_selector_macos at C:\.pub-cache\hosted\pub.dev\file_selector_macos-0.9.5\
[        ] Found plugin image_picker_linux at C:\.pub-cache\hosted\pub.dev\image_picker_linux-0.2.2\
[        ] Found plugin file_selector_linux at C:\.pub-cache\hosted\pub.dev\file_selector_linux-0.9.4\
[        ] Found plugin image_picker_ios at C:\.pub-cache\hosted\pub.dev\image_picker_ios-0.8.13+6\
[        ] Found plugin image_picker_for_web at C:\.pub-cache\hosted\pub.dev\image_picker_for_web-3.1.1\
[        ] Found plugin image_picker_android at C:\.pub-cache\hosted\pub.dev\image_picker_android-0.8.13+16\
[        ] Found plugin flutter_plugin_android_lifecycle at C:\.pub-cache\hosted\pub.dev\flutter_plugin_android_lifecycle-2.0.34\
[   +1 ms] Found plugin google_maps_flutter at C:\.pub-cache\hosted\pub.dev\google_maps_flutter-2.17.0\
[        ] Found plugin google_maps_flutter_web at C:\.pub-cache\hosted\pub.dev\google_maps_flutter_web-0.6.2\
[   +2 ms] Found plugin google_maps_flutter_ios at C:\.pub-cache\hosted\pub.dev\google_maps_flutter_ios-2.18.1\
[        ] Found plugin google_maps_flutter_android at C:\.pub-cache\hosted\pub.dev\google_maps_flutter_android-2.19.8\
[        ] Found plugin geolocator at C:\.pub-cache\hosted\pub.dev\geolocator-12.0.0\
[        ] Found plugin geolocator_windows at C:\.pub-cache\hosted\pub.dev\geolocator_windows-0.2.5\
[   +1 ms] Found plugin geolocator_web at C:\.pub-cache\hosted\pub.dev\geolocator_web-4.1.3\
[        ] Found plugin geolocator_apple at C:\.pub-cache\hosted\pub.dev\geolocator_apple-2.3.13\
[        ] Found plugin geolocator_android at C:\.pub-cache\hosted\pub.dev\geolocator_android-4.6.2\
[        ] Found plugin geocoding at C:\.pub-cache\hosted\pub.dev\geocoding-3.0.0\
[        ] Found plugin geocoding_ios at C:\.pub-cache\hosted\pub.dev\geocoding_ios-3.1.0\
[        ] Found plugin geocoding_android at C:\.pub-cache\hosted\pub.dev\geocoding_android-3.3.1\
[   +1 ms] Found plugin flutter_local_notifications at C:\.pub-cache\hosted\pub.dev\flutter_local_notifications-17.2.4\
[   +1 ms] Found plugin flutter_local_notifications_linux at C:\.pub-cache\hosted\pub.dev\flutter_local_notifications_linux-4.0.1\
[   +1 ms] Found plugin sqflite at C:\.pub-cache\hosted\pub.dev\sqflite-2.4.2\
[   +1 ms] Found plugin sqflite_darwin at C:\.pub-cache\hosted\pub.dev\sqflite_darwin-2.4.2\
[        ] Found plugin sqflite_android at C:\.pub-cache\hosted\pub.dev\sqflite_android-2.4.2+3\
[        ] Found plugin firebase_storage at C:\.pub-cache\hosted\pub.dev\firebase_storage-12.4.1\
[        ] Found plugin firebase_storage_web at C:\.pub-cache\hosted\pub.dev\firebase_storage_web-3.10.8\
[   +1 ms] Found plugin firebase_messaging at C:\.pub-cache\hosted\pub.dev\firebase_messaging-15.2.1\
[        ] Found plugin firebase_messaging_web at C:\.pub-cache\hosted\pub.dev\firebase_messaging_web-3.10.1\
[   +1 ms] Found plugin firebase_app_check at C:\.pub-cache\hosted\pub.dev\firebase_app_check-0.3.1\
[        ] Found plugin firebase_app_check_web at C:\.pub-cache\hosted\pub.dev\firebase_app_check_web-0.1.3+2\
[   +1 ms] Found plugin device_info_plus at C:\.pub-cache\hosted\pub.dev\device_info_plus-10.1.2\
[   +8 ms] Generating C:\eventful_app\android\app\src\main\java\io\flutter\plugins\GeneratedPluginRegistrant.java
[   +1 ms] Skipping generating GeneratedPluginRegistrant.java because it is up-to-date.
[   +3 ms] Skipping generating generated_plugin_registrant.h because it is up-to-date.
[        ] Skipping generating generated_plugin_registrant.cc because it is up-to-date.
[   +1 ms] Skipping generating generated_plugins.cmake because it is up-to-date.
[   +1 ms] Skipping generating generated_plugin_registrant.h because it is up-to-date.
[        ] Skipping generating generated_plugin_registrant.cc because it is up-to-date.
[   +1 ms] Skipping generating generated_plugins.cmake because it is up-to-date.
[   +1 ms] Skipping generating GeneratedPluginRegistrant.h because it is up-to-date.
[        ] Skipping generating GeneratedPluginRegistrant.m because it is up-to-date.
[        ] Skipping generating GeneratedPluginRegistrant.swift because it is up-to-date.
[  +73 ms] executing: C:\Program Files\Android\Android Studio\jbr\bin\java -version
[ +122 ms] Exit code 0 from: C:\Program Files\Android\Android Studio\jbr\bin\java -version
[        ] openjdk version "21.0.10" 2026-01-20
           OpenJDK Runtime Environment (build 21.0.10+-14961533-b1163.108)
           OpenJDK 64-Bit Server VM (build 21.0.10+-14961533-b1163.108, mixed mode)
[   +2 ms] executing: C:\Program Files\Android\Android Studio\jbr\bin\java -version
[  +96 ms] Exit code 0 from: C:\Program Files\Android\Android Studio\jbr\bin\java -version
[        ] openjdk version "21.0.10" 2026-01-20
           OpenJDK Runtime Environment (build 21.0.10+-14961533-b1163.108)
           OpenJDK 64-Bit Server VM (build 21.0.10+-14961533-b1163.108, mixed mode)
[   +5 ms] Top-level Gradle build file not found, skipping migration of task "clean".
[   +1 ms] executing: C:\Program Files\Android\Android Studio\jbr\bin\java --version
[  +97 ms] Exit code 0 from: C:\Program Files\Android\Android Studio\jbr\bin\java --version
[        ] openjdk 21.0.10 2026-01-20
           OpenJDK Runtime Environment (build 21.0.10+-14961533-b1163.108)
           OpenJDK 64-Bit Server VM (build 21.0.10+-14961533-b1163.108, mixed mode)
[   +1 ms] Version of Java is different than impacted version, no migration attempted.
[   +9 ms] CMake project not found, skipping support Android 15 16k page size migration.
[   +2 ms] Using gradle from C:\eventful_app\android\gradlew.bat.
[   +7 ms] LocalFile: 'C:\eventful_app\android\build.gradle.kts' doesn't provide an AGP version. Checking settings.
[   +1 ms] LocalFile: 'C:\eventful_app\android\settings.gradle.kts' provides AGP version: 8.11.1
[  +10 ms] Running Gradle task 'assembleDebug'...
[   +1 ms] executing: [C:\eventful_app\android/] C:\eventful_app\android\gradlew.bat --full-stacktrace --info -Pverbose=true -Ptarget-platform=android-arm,android-arm64,android-x64 -Ptarget=lib\main.dart -Pbase-application-name=android.app.Application -Pdart-defines=RkxVVFRFUl9WRVJTSU9OPTMuNDEuNg==,RkxVVFRFUl9DSEFOTkVMPXN0YWJsZQ==,RkxVVFRFUl9HSVRfVVJMPWh0dHBzOi8vZ2l0aHViLmNvbS9mbHV0dGVyL2ZsdXR0ZXIuZ2l0,RkxVVFRFUl9GUkFNRVdPUktfUkVWSVNJT049ZGI1MGUyMDE2OA==,RkxVVFRFUl9FTkdJTkVfUkVWSVNJT049NDI1Y2ZiNTRkMA==,RkxVVFRFUl9EQVJUX1ZFUlNJT049My4xMS40 -Pdart-obfuscation=false -Ptrack-widget-creation=true -Ptree-shake-icons=false assembleDebug
[ +828 ms] Initialized native services in: C:\Users\HAL´┐¢S\.gradle\native
[        ] Initialized jansi services in: C:\Users\HAL´┐¢S\.gradle\native
[ +421 ms] The client will now receive all logging from the daemon (pid: 15644). The daemon log file: C:\Users\HAL─░S\.gradle\daemon\8.14\daemon-15644.out.log
[   +3 ms] Starting 68th build in daemon [uptime: 7 hrs 41 mins 33.519 secs, performance: 99%, GC rate: 0.00/s, heap usage: 0% of 8 GiB, non-heap usage: 7% of 4 GiB]
[        ] Using 16 worker leases.
[        ] Now considering [C:\eventful_app\android, C:\flutter\packages\flutter_tools\gradle] as hierarchies to watch
[        ] Watching the file system is configured to be enabled if available
[        ] File system watching is active
[        ] Starting Build
[ +104 ms] Now considering [C:\flutter\packages\flutter_tools\gradle, C:\eventful_app\android] as hierarchies to watch
[ +289 ms] > Configure project :gradle
[        ] Evaluating project ':gradle' using build file 'C:\flutter\packages\flutter_tools\gradle\build.gradle.kts'.
[        ] Resolved plugin [id: 'org.gradle.java-gradle-plugin']
[        ] Resolved plugin [id: 'org.gradle.groovy']
[        ] Resolved plugin [id: 'org.gradle.kotlin.kotlin-dsl', version: '5.2.0']
[        ] Resolved plugin [id: 'org.jetbrains.kotlin.jvm', version: '1.9.20']
[        ] Using Kotlin Gradle Plugin gradle85 variant
[        ] kotlin scripting plugin: created the scripting discovery configuration: kotlinScriptDef
[        ] kotlin scripting plugin: created the scripting discovery configuration: testKotlinScriptDef
[        ] file or directory 'C:\flutter\packages\flutter_tools\gradle\src\main\java', not found
[        ] Resolved plugin [id: 'dev.flutter.flutter-plugin-loader', version: '1.0.0']
[        ] Resolved plugin [id: 'com.android.application', version: '8.11.1', apply: false]
[        ] Resolved plugin [id: 'org.jetbrains.kotlin.android', version: '2.2.20', apply: false]
[        ] Resolved plugin [id: 'com.google.gms.google-services', version: '4.4.1', apply: false]
[        ] Resolve mutations for :gradle:checkKotlinGradlePluginConfigurationErrors (Thread[#14561,Execution worker Thread 3,5,main]) started.
[        ] :gradle:checkKotlinGradlePluginConfigurationErrors (Thread[#14561,Execution worker Thread 3,5,main]) started.
[        ] > Task :gradle:checkKotlinGradlePluginConfigurationErrors SKIPPED
[        ] Skipping task ':gradle:checkKotlinGradlePluginConfigurationErrors' as task onlyIf 'errorDiagnostics are present' is false.
[        ] Resolve mutations for :gradle:compileKotlin (Thread[#14561,Execution worker Thread 3,5,main]) started.
[        ] :gradle:compileKotlin (Thread[#14561,Execution worker Thread 3,5,main]) started.
[ +108 ms] > Task :gradle:compileKotlin UP-TO-DATE
[        ] Caching disabled for task ':gradle:compileKotlin' because:
[        ]   Build cache is disabled
[        ] Skipping task ':gradle:compileKotlin' as it is up-to-date.
[        ] Resolve mutations for :gradle:compileJava (Thread[#14561,Execution worker Thread 3,5,main]) started.
[        ] :gradle:compileJava (Thread[#14561,Execution worker Thread 3,5,main]) started.
[        ] > Task :gradle:compileJava NO-SOURCE
[        ] Skipping task ':gradle:compileJava' as it has no source files and no previous output files.
[        ] Resolve mutations for :gradle:compileGroovy (Thread[#14561,Execution worker Thread 3,5,main]) started.
[        ] :gradle:compileGroovy (Thread[#14561,Execution worker Thread 3,5,main]) started.
[        ] > Task :gradle:compileGroovy NO-SOURCE
[        ] Skipping task ':gradle:compileGroovy' as it has no source files and no previous output files.
[        ] Resolve mutations for :gradle:pluginDescriptors (Thread[#14561,Execution worker Thread 3,5,main]) started.
[        ] :gradle:pluginDescriptors (Thread[#14574,Execution worker Thread 15,5,main]) started.
[        ] > Task :gradle:pluginDescriptors UP-TO-DATE
[        ] Caching disabled for task ':gradle:pluginDescriptors' because:
[        ]   Build cache is disabled
[        ]   Not worth caching
[        ] Skipping task ':gradle:pluginDescriptors' as it is up-to-date.
[        ] Resolve mutations for :gradle:processResources (Thread[#14574,Execution worker Thread 15,5,main]) started.
[        ] :gradle:processResources (Thread[#14574,Execution worker Thread 15,5,main]) started.
[        ] > Task :gradle:processResources UP-TO-DATE
[        ] Caching disabled for task ':gradle:processResources' because:
[        ]   Build cache is disabled
[        ]   Not worth caching
[        ] Skipping task ':gradle:processResources' as it is up-to-date.
[        ] Resolve mutations for :gradle:classes (Thread[#14574,Execution worker Thread 15,5,main]) started.
[        ] :gradle:classes (Thread[#14559,Execution worker,5,main]) started.
[        ] > Task :gradle:classes UP-TO-DATE
[        ] Skipping task ':gradle:classes' as it has no actions.
[        ] Resolve mutations for :gradle:jar (Thread[#14559,Execution worker,5,main]) started.
[        ] :gradle:jar (Thread[#14559,Execution worker,5,main]) started.
[        ] > Task :gradle:jar UP-TO-DATE
[        ] Caching disabled for task ':gradle:jar' because:
[        ]   Build cache is disabled
[        ]   Not worth caching
[        ] Skipping task ':gradle:jar' as it is up-to-date.
[ +397 ms] Settings evaluated using settings file 'C:\eventful_app\android\settings.gradle.kts'.
[        ] Projects loaded. Root project using build file 'C:\eventful_app\android\build.gradle.kts'.
[        ] Included projects: [root project 'android', project ':app', project ':cloud_firestore', project ':device_info_plus', project ':firebase_app_check', project ':firebase_auth', project ':firebase_core', project ':firebase_messaging', project ':firebase_storage', project ':flutter_local_notifications', project ':flutter_plugin_android_lifecycle', project ':geocoding_android', project ':geolocator_android', project ':google_maps_flutter_android', project ':image_picker_android', project ':jni', project ':jni_flutter', project ':package_info_plus', project ':share_plus', project ':shared_preferences_android', project ':sqflite_android', project ':url_launcher_android']
[ +190 ms] > Configure project :app
[        ] Evaluating project ':app' using build file 'C:\eventful_app\android\app\build.gradle.kts'.
[        ] Resolved plugin [id: 'com.android.application']
[        ] Resolved plugin [id: 'kotlin-android']
[        ] Resolved plugin [id: 'dev.flutter.flutter-gradle-plugin']
[        ] Resolved plugin [id: 'com.google.gms.google-services']
[        ] Using default execution profile
[        ] Build c246aee4-b37b-49e9-adf4-1958b502c0ae is started
[        ] Using Kotlin Gradle Plugin gradle813 variant
[        ] C/C++: android.ndkVersion from module build.gradle is [28.2.13676358]
[        ] C/C++: android.ndkPath from module build.gradle is not set
[        ] C/C++: ndk.dir in local.properties is not set
[        ] C/C++: Not considering ANDROID_NDK_HOME because support was removed after deprecation period.
[        ] C/C++: sdkFolder is C:\Users\HAL─░S\AppData\Local\Android\sdk
[        ] C/C++: android.ndkVersion from module build.gradle is [28.2.13676358]
[        ] C/C++: android.ndkPath from module build.gradle is not set
[        ] C/C++: ndk.dir in local.properties is not set
[        ] C/C++: Not considering ANDROID_NDK_HOME because support was removed after deprecation period.
[        ] C/C++: sdkFolder is C:\Users\HAL─░S\AppData\Local\Android\sdk
[        ] C/C++: android.ndkVersion from module build.gradle is [28.2.13676358]
[        ] C/C++: android.ndkPath from module build.gradle is not set
[        ] C/C++: ndk.dir in local.properties is not set
[        ] C/C++: Not considering ANDROID_NDK_HOME because support was removed after deprecation period.
[        ] C/C++: sdkFolder is C:\Users\HAL─░S\AppData\Local\Android\sdk
[        ] C/C++: android.ndkVersion from module build.gradle is [28.2.13676358]
[        ] C/C++: android.ndkPath from module build.gradle is not set
[        ] C/C++: ndk.dir in local.properties is not set
[        ] C/C++: Not considering ANDROID_NDK_HOME because support was removed after deprecation period.
[        ] C/C++: sdkFolder is C:\Users\HAL─░S\AppData\Local\Android\sdk
[        ] C/C++: android.ndkVersion from module build.gradle is [28.2.13676358]
[        ] C/C++: android.ndkPath from module build.gradle is not set
[        ] C/C++: ndk.dir in local.properties is not set
[        ] C/C++: Not considering ANDROID_NDK_HOME because support was removed after deprecation period.
[        ] C/C++: sdkFolder is C:\Users\HAL─░S\AppData\Local\Android\sdk
[        ] C/C++: android.ndkVersion from module build.gradle is [28.2.13676358]
[        ] C/C++: android.ndkPath from module build.gradle is not set
[        ] C/C++: ndk.dir in local.properties is not set
[        ] C/C++: Not considering ANDROID_NDK_HOME because support was removed after deprecation period.
[        ] C/C++: sdkFolder is C:\Users\HAL─░S\AppData\Local\Android\sdk
[        ] C/C++: android.ndkVersion from module build.gradle is [28.2.13676358]
[        ] C/C++: android.ndkPath from module build.gradle is not set
[        ] C/C++: ndk.dir in local.properties is not set
[        ] C/C++: Not considering ANDROID_NDK_HOME because support was removed after deprecation period.
[        ] C/C++: sdkFolder is C:\Users\HAL─░S\AppData\Local\Android\sdk
[        ] C/C++: android.ndkVersion from module build.gradle is [28.2.13676358]
[        ] C/C++: android.ndkPath from module build.gradle is not set
[        ] C/C++: ndk.dir in local.properties is not set
[        ] C/C++: Not considering ANDROID_NDK_HOME because support was removed after deprecation period.
[        ] C/C++: sdkFolder is C:\Users\HAL─░S\AppData\Local\Android\sdk
[        ] C/C++: android.ndkVersion from module build.gradle is [28.2.13676358]
[        ] C/C++: android.ndkPath from module build.gradle is not set
[        ] C/C++: ndk.dir in local.properties is not set
[        ] C/C++: Not considering ANDROID_NDK_HOME because support was removed after deprecation period.
[        ] C/C++: sdkFolder is C:\Users\HAL─░S\AppData\Local\Android\sdk
[        ] C/C++: android.ndkVersion from module build.gradle is [28.2.13676358]
[        ] C/C++: android.ndkPath from module build.gradle is not set
[        ] C/C++: ndk.dir in local.properties is not set
[        ] C/C++: Not considering ANDROID_NDK_HOME because support was removed after deprecation period.
[        ] C/C++: sdkFolder is C:\Users\HAL─░S\AppData\Local\Android\sdk
[        ] C/C++: android.ndkVersion from module build.gradle is [28.2.13676358]
[        ] C/C++: android.ndkPath from module build.gradle is not set
[        ] C/C++: ndk.dir in local.properties is not set
[        ] C/C++: Not considering ANDROID_NDK_HOME because support was removed after deprecation period.
[        ] C/C++: sdkFolder is C:\Users\HAL─░S\AppData\Local\Android\sdk
[        ] C/C++: android.ndkVersion from module build.gradle is [28.2.13676358]
[        ] C/C++: android.ndkPath from module build.gradle is not set
[        ] C/C++: ndk.dir in local.properties is not set
[        ] C/C++: Not considering ANDROID_NDK_HOME because support was removed after deprecation period.
[        ] C/C++: sdkFolder is C:\Users\HAL─░S\AppData\Local\Android\sdk
[        ] C/C++: android.ndkVersion from module build.gradle is [28.2.13676358]
[        ] C/C++: android.ndkPath from module build.gradle is not set
[        ] C/C++: ndk.dir in local.properties is not set
[        ] C/C++: Not considering ANDROID_NDK_HOME because support was removed after deprecation period.
[        ] C/C++: sdkFolder is C:\Users\HAL─░S\AppData\Local\Android\sdk
[        ] C/C++: android.ndkVersion from module build.gradle is [28.2.13676358]
[        ] C/C++: android.ndkPath from module build.gradle is not set
[        ] C/C++: ndk.dir in local.properties is not set
[        ] C/C++: Not considering ANDROID_NDK_HOME because support was removed after deprecation period.
[        ] C/C++: sdkFolder is C:\Users\HAL─░S\AppData\Local\Android\sdk
[        ] C/C++: android.ndkVersion from module build.gradle is [28.2.13676358]
[        ] C/C++: android.ndkPath from module build.gradle is not set
[        ] C/C++: ndk.dir in local.properties is not set
[        ] C/C++: Not considering ANDROID_NDK_HOME because support was removed after deprecation period.
[        ] C/C++: sdkFolder is C:\Users\HAL─░S\AppData\Local\Android\sdk
[        ] C/C++: android.ndkVersion from module build.gradle is [28.2.13676358]
[        ] C/C++: android.ndkPath from module build.gradle is not set
[        ] C/C++: ndk.dir in local.properties is not set
[        ] C/C++: Not considering ANDROID_NDK_HOME because support was removed after deprecation period.
[        ] C/C++: sdkFolder is C:\Users\HAL─░S\AppData\Local\Android\sdk
[        ] C/C++: android.ndkVersion from module build.gradle is [28.2.13676358]
[        ] C/C++: android.ndkPath from module build.gradle is not set
[        ] C/C++: ndk.dir in local.properties is not set
[        ] C/C++: Not considering ANDROID_NDK_HOME because support was removed after deprecation period.
[        ] C/C++: sdkFolder is C:\Users\HAL─░S\AppData\Local\Android\sdk
[        ] C/C++: android.ndkVersion from module build.gradle is [28.2.13676358]
[        ] C/C++: android.ndkPath from module build.gradle is not set
[        ] C/C++: ndk.dir in local.properties is not set
[        ] C/C++: Not considering ANDROID_NDK_HOME because support was removed after deprecation period.
[        ] C/C++: sdkFolder is C:\Users\HAL─░S\AppData\Local\Android\sdk
[        ] C/C++: android.ndkVersion from module build.gradle is [28.2.13676358]
[        ] C/C++: android.ndkPath from module build.gradle is not set
[        ] C/C++: ndk.dir in local.properties is not set
[        ] C/C++: Not considering ANDROID_NDK_HOME because support was removed after deprecation period.
[        ] C/C++: sdkFolder is C:\Users\HAL─░S\AppData\Local\Android\sdk
[        ] > Configure project :
[        ] Evaluating root project 'android' using build file 'C:\eventful_app\android\build.gradle.kts'.
[  +92 ms] > Configure project :cloud_firestore
[        ] Evaluating project ':cloud_firestore' using build file 'C:\.pub-cache\hosted\pub.dev\cloud_firestore-5.6.2\android\build.gradle'.
[        ] Using default execution profile
[ +201 ms] > Configure project :device_info_plus
[        ] Evaluating project ':device_info_plus' using build file 'C:\.pub-cache\hosted\pub.dev\device_info_plus-10.1.2\android\build.gradle'.
[        ] Using default execution profile
[        ] Using Kotlin Gradle Plugin gradle813 variant
[        ] > Configure project :firebase_app_check
[        ] Evaluating project ':firebase_app_check' using build file 'C:\.pub-cache\hosted\pub.dev\firebase_app_check-0.3.1\android\build.gradle'.
[        ] Using default execution profile
[  +88 ms] > Configure project :firebase_auth
[        ] Evaluating project ':firebase_auth' using build file 'C:\.pub-cache\hosted\pub.dev\firebase_auth-5.4.1\android\build.gradle'.
[        ] Using default execution profile
[ +111 ms] > Configure project :firebase_core
[        ] Evaluating project ':firebase_core' using build file 'C:\.pub-cache\hosted\pub.dev\firebase_core-3.10.1\android\build.gradle'.
[        ] Using default execution profile
[        ] > Configure project :firebase_messaging
[        ] Evaluating project ':firebase_messaging' using build file 'C:\.pub-cache\hosted\pub.dev\firebase_messaging-15.2.1\android\build.gradle'.
[        ] Using default execution profile
[        ] > Configure project :firebase_storage
[        ] Evaluating project ':firebase_storage' using build file 'C:\.pub-cache\hosted\pub.dev\firebase_storage-12.4.1\android\build.gradle'.
[        ] Using default execution profile
[  +96 ms] > Configure project :flutter_local_notifications
[        ] Evaluating project ':flutter_local_notifications' using build file 'C:\.pub-cache\hosted\pub.dev\flutter_local_notifications-17.2.4\android\build.gradle'.
[        ] Using default execution profile
[  +88 ms] > Configure project :flutter_plugin_android_lifecycle
[        ] Evaluating project ':flutter_plugin_android_lifecycle' using build file 'C:\.pub-cache\hosted\pub.dev\flutter_plugin_android_lifecycle-2.0.34\android\build.gradle.kts'.
[        ] Resolved plugin [id: 'com.android.library']
[        ] Using default execution profile
[ +109 ms] > Configure project :geocoding_android
[        ] Evaluating project ':geocoding_android' using build file 'C:\.pub-cache\hosted\pub.dev\geocoding_android-3.3.1\android\build.gradle'.
[        ] Using default execution profile
[ +103 ms] > Configure project :geolocator_android
[        ] Evaluating project ':geolocator_android' using build file 'C:\.pub-cache\hosted\pub.dev\geolocator_android-4.6.2\android\build.gradle'.
[        ] Using default execution profile
[ +106 ms] > Configure project :google_maps_flutter_android
[        ] Evaluating project ':google_maps_flutter_android' using build file 'C:\.pub-cache\hosted\pub.dev\google_maps_flutter_android-2.19.8\android\build.gradle.kts'.
[        ] Resolved plugin [id: 'com.android.library']
[        ] Resolved plugin [id: 'kotlin-android']
[        ] Using default execution profile
[        ] Using Kotlin Gradle Plugin gradle813 variant
[  +79 ms] > Configure project :image_picker_android
[        ] Evaluating project ':image_picker_android' using build file 'C:\.pub-cache\hosted\pub.dev\image_picker_android-0.8.13+16\android\build.gradle.kts'.
[        ] Resolved plugin [id: 'com.android.library']
[        ] Using default execution profile
[ +105 ms] > Configure project :jni
[        ] Evaluating project ':jni' using build file 'C:\.pub-cache\hosted\pub.dev\jni-1.0.0\android\build.gradle'.
[        ] Using default execution profile
[        ] C/C++: android.ndkVersion from module build.gradle is [28.2.13676358]
[        ] C/C++: android.ndkPath from module build.gradle is not set
[        ] C/C++: ndk.dir in local.properties is not set
[        ] C/C++: Not considering ANDROID_NDK_HOME because support was removed after deprecation period.
[        ] C/C++: sdkFolder is C:\Users\HAL─░S\AppData\Local\Android\sdk
[        ] C/C++: android.ndkVersion from module build.gradle is [28.2.13676358]
[        ] C/C++: android.ndkPath from module build.gradle is not set
[        ] C/C++: ndk.dir in local.properties is not set
[        ] C/C++: Not considering ANDROID_NDK_HOME because support was removed after deprecation period.
[        ] C/C++: sdkFolder is C:\Users\HAL─░S\AppData\Local\Android\sdk
[        ] C/C++: android.ndkVersion from module build.gradle is [28.2.13676358]
[        ] C/C++: android.ndkPath from module build.gradle is not set
[        ] C/C++: ndk.dir in local.properties is not set
[        ] C/C++: Not considering ANDROID_NDK_HOME because support was removed after deprecation period.
[        ] C/C++: sdkFolder is C:\Users\HAL─░S\AppData\Local\Android\sdk
[        ] C/C++: android.ndkVersion from module build.gradle is [28.2.13676358]
[        ] C/C++: android.ndkPath from module build.gradle is not set
[        ] C/C++: ndk.dir in local.properties is not set
[        ] C/C++: Not considering ANDROID_NDK_HOME because support was removed after deprecation period.
[        ] C/C++: sdkFolder is C:\Users\HAL─░S\AppData\Local\Android\sdk
[        ] C/C++: android.ndkVersion from module build.gradle is [28.2.13676358]
[        ] C/C++: android.ndkPath from module build.gradle is not set
[        ] C/C++: ndk.dir in local.properties is not set
[        ] C/C++: Not considering ANDROID_NDK_HOME because support was removed after deprecation period.
[        ] C/C++: sdkFolder is C:\Users\HAL─░S\AppData\Local\Android\sdk
[        ] C/C++: android.ndkVersion from module build.gradle is [28.2.13676358]
[        ] C/C++: android.ndkPath from module build.gradle is not set
[        ] C/C++: ndk.dir in local.properties is not set
[        ] C/C++: Not considering ANDROID_NDK_HOME because support was removed after deprecation period.
[        ] C/C++: sdkFolder is C:\Users\HAL─░S\AppData\Local\Android\sdk
[        ] C/C++: android.ndkVersion from module build.gradle is [28.2.13676358]
[        ] C/C++: android.ndkPath from module build.gradle is not set
[        ] C/C++: ndk.dir in local.properties is not set
[        ] C/C++: Not considering ANDROID_NDK_HOME because support was removed after deprecation period.
[        ] C/C++: sdkFolder is C:\Users\HAL─░S\AppData\Local\Android\sdk
[        ] C/C++: android.ndkVersion from module build.gradle is [28.2.13676358]
[        ] C/C++: android.ndkPath from module build.gradle is not set
[        ] C/C++: ndk.dir in local.properties is not set
[        ] C/C++: Not considering ANDROID_NDK_HOME because support was removed after deprecation period.
[        ] C/C++: sdkFolder is C:\Users\HAL─░S\AppData\Local\Android\sdk
[        ] C/C++: android.ndkVersion from module build.gradle is [28.2.13676358]
[        ] C/C++: android.ndkPath from module build.gradle is not set
[        ] C/C++: ndk.dir in local.properties is not set
[        ] C/C++: Not considering ANDROID_NDK_HOME because support was removed after deprecation period.
[        ] C/C++: sdkFolder is C:\Users\HAL─░S\AppData\Local\Android\sdk
[        ] C/C++: android.ndkVersion from module build.gradle is [28.2.13676358]
[        ] C/C++: android.ndkPath from module build.gradle is not set
[        ] C/C++: ndk.dir in local.properties is not set
[        ] C/C++: Not considering ANDROID_NDK_HOME because support was removed after deprecation period.
[        ] C/C++: sdkFolder is C:\Users\HAL─░S\AppData\Local\Android\sdk
[        ] C/C++: android.ndkVersion from module build.gradle is [28.2.13676358]
[        ] C/C++: android.ndkPath from module build.gradle is not set
[        ] C/C++: ndk.dir in local.properties is not set
[        ] C/C++: Not considering ANDROID_NDK_HOME because support was removed after deprecation period.
[        ] C/C++: sdkFolder is C:\Users\HAL─░S\AppData\Local\Android\sdk
[        ] C/C++: android.ndkVersion from module build.gradle is [28.2.13676358]
[        ] C/C++: android.ndkPath from module build.gradle is not set
[        ] C/C++: ndk.dir in local.properties is not set
[        ] C/C++: Not considering ANDROID_NDK_HOME because support was removed after deprecation period.
[        ] C/C++: sdkFolder is C:\Users\HAL─░S\AppData\Local\Android\sdk
[        ] C/C++: android.ndkVersion from module build.gradle is [28.2.13676358]
[        ] C/C++: android.ndkPath from module build.gradle is not set
[        ] C/C++: ndk.dir in local.properties is not set
[        ] C/C++: Not considering ANDROID_NDK_HOME because support was removed after deprecation period.
[        ] C/C++: sdkFolder is C:\Users\HAL─░S\AppData\Local\Android\sdk
[        ] C/C++: android.ndkVersion from module build.gradle is [28.2.13676358]
[        ] C/C++: android.ndkPath from module build.gradle is not set
[        ] C/C++: ndk.dir in local.properties is not set
[        ] C/C++: Not considering ANDROID_NDK_HOME because support was removed after deprecation period.
[        ] C/C++: sdkFolder is C:\Users\HAL─░S\AppData\Local\Android\sdk
[        ] C/C++: android.ndkVersion from module build.gradle is [28.2.13676358]
[        ] C/C++: android.ndkPath from module build.gradle is not set
[        ] C/C++: ndk.dir in local.properties is not set
[        ] C/C++: Not considering ANDROID_NDK_HOME because support was removed after deprecation period.
[        ] C/C++: sdkFolder is C:\Users\HAL─░S\AppData\Local\Android\sdk
[        ] C/C++: android.ndkVersion from module build.gradle is [28.2.13676358]
[        ] C/C++: android.ndkPath from module build.gradle is not set
[        ] C/C++: ndk.dir in local.properties is not set
[        ] C/C++: Not considering ANDROID_NDK_HOME because support was removed after deprecation period.
[        ] C/C++: sdkFolder is C:\Users\HAL─░S\AppData\Local\Android\sdk
[        ] C/C++: android.ndkVersion from module build.gradle is [28.2.13676358]
[        ] C/C++: android.ndkPath from module build.gradle is not set
[        ] C/C++: ndk.dir in local.properties is not set
[        ] C/C++: Not considering ANDROID_NDK_HOME because support was removed after deprecation period.
[        ] C/C++: sdkFolder is C:\Users\HAL─░S\AppData\Local\Android\sdk
[        ] C/C++: android.ndkVersion from module build.gradle is [28.2.13676358]
[        ] C/C++: android.ndkPath from module build.gradle is not set
[        ] C/C++: ndk.dir in local.properties is not set
[        ] C/C++: Not considering ANDROID_NDK_HOME because support was removed after deprecation period.
[        ] C/C++: sdkFolder is C:\Users\HAL─░S\AppData\Local\Android\sdk
[        ] C/C++: android.ndkVersion from module build.gradle is [28.2.13676358]
[        ] C/C++: android.ndkPath from module build.gradle is not set
[        ] C/C++: ndk.dir in local.properties is not set
[        ] C/C++: Not considering ANDROID_NDK_HOME because support was removed after deprecation period.
[        ] C/C++: sdkFolder is C:\Users\HAL─░S\AppData\Local\Android\sdk
[        ] > Configure project :jni_flutter
[        ] Evaluating project ':jni_flutter' using build file 'C:\.pub-cache\hosted\pub.dev\jni_flutter-1.0.1\android\build.gradle'.
[        ] Using default execution profile
[        ] > Configure project :package_info_plus
[        ] Evaluating project ':package_info_plus' using build file 'C:\.pub-cache\hosted\pub.dev\package_info_plus-8.3.1\android\build.gradle'.
[        ] Using default execution profile
[        ] Using Kotlin Gradle Plugin gradle813 variant
[ +197 ms] > Configure project :share_plus
[   +1 ms] Evaluating project ':share_plus' using build file 'C:\.pub-cache\hosted\pub.dev\share_plus-10.1.4\android\build.gradle'.
[        ] Using default execution profile
[        ] Using Kotlin Gradle Plugin gradle813 variant
[  +94 ms] > Configure project :shared_preferences_android
[        ] Evaluating project ':shared_preferences_android' using build file 'C:\.pub-cache\hosted\pub.dev\shared_preferences_android-2.4.23\android\build.gradle.kts'.
[        ] Resolved plugin [id: 'com.android.library']
[        ] Resolved plugin [id: 'kotlin-android']
[        ] Using default execution profile
[        ] Using Kotlin Gradle Plugin gradle813 variant
[        ] > Configure project :sqflite_android
[        ] Evaluating project ':sqflite_android' using build file 'C:\.pub-cache\hosted\pub.dev\sqflite_android-2.4.2+3\android\build.gradle'.
[        ] Using default execution profile
[  +94 ms] > Configure project :url_launcher_android
[        ] Evaluating project ':url_launcher_android' using build file 'C:\.pub-cache\hosted\pub.dev\url_launcher_android-6.3.29\android\build.gradle.kts'.
[        ] Resolved plugin [id: 'com.android.library']
[        ] Using default execution profile
[        ] All projects evaluated.
[        ] Task name matched 'assembleDebug'
[        ] Selected primary task 'assembleDebug' from project :
[        ] Adding -Xuse-inline-scopes-numbers Kotlin compiler flag for task :app:compileDebugKotlin
[ +300 ms] Tasks to be executed: [task ':app:DebugMinSdkCheck', task ':app:preBuild', task ':app:preDebugBuild', task ':app:mergeDebugNativeDebugMetadata', task ':app:checkKotlinGradlePluginConfigurationErrors', task ':app:compileFlutterBuildDebug', task ':app:packJniLibsflutterBuildDebug', task ':cloud_firestore:preBuild', task ':cloud_firestore:preDebugBuild', task ':cloud_firestore:writeDebugAarMetadata', task ':device_info_plus:preBuild', task ':device_info_plus:preDebugBuild', task ':device_info_plus:writeDebugAarMetadata', task ':firebase_app_check:preBuild', task ':firebase_app_check:preDebugBuild', task ':firebase_app_check:writeDebugAarMetadata', task ':firebase_auth:preBuild', task ':firebase_auth:preDebugBuild', task ':firebase_auth:writeDebugAarMetadata', task ':firebase_core:preBuild', task ':firebase_core:preDebugBuild', task ':firebase_core:writeDebugAarMetadata', task ':firebase_messaging:preBuild', task ':firebase_messaging:preDebugBuild', task ':firebase_messaging:writeDebugAarMetadata', task ':firebase_storage:preBuild', task ':firebase_storage:preDebugBuild', task ':firebase_storage:writeDebugAarMetadata', task ':flutter_local_notifications:preBuild', task ':flutter_local_notifications:preDebugBuild', task ':flutter_local_notifications:writeDebugAarMetadata', task ':flutter_plugin_android_lifecycle:preBuild', task ':flutter_plugin_android_lifecycle:preDebugBuild', task ':flutter_plugin_android_lifecycle:writeDebugAarMetadata', task ':geocoding_android:preBuild', task ':geocoding_android:preDebugBuild', task ':geocoding_android:writeDebugAarMetadata', task ':geolocator_android:preBuild', task ':geolocator_android:preDebugBuild', task ':geolocator_android:writeDebugAarMetadata', task ':google_maps_flutter_android:preBuild', task ':google_maps_flutter_android:preDebugBuild', task ':google_maps_flutter_android:writeDebugAarMetadata', task ':image_picker_android:preBuild', task ':image_picker_android:preDebugBuild', task ':image_picker_android:writeDebugAarMetadata', task ':jni:preBuild', task ':jni:preDebugBuild', task ':jni:writeDebugAarMetadata', task ':jni_flutter:preBuild', task ':jni_flutter:preDebugBuild', task ':jni_flutter:writeDebugAarMetadata', task ':package_info_plus:preBuild', task ':package_info_plus:preDebugBuild', task ':package_info_plus:writeDebugAarMetadata', task ':share_plus:preBuild', task ':share_plus:preDebugBuild', task ':share_plus:writeDebugAarMetadata', task ':shared_preferences_android:preBuild', task ':shared_preferences_android:preDebugBuild', task ':shared_preferences_android:writeDebugAarMetadata', task ':sqflite_android:preBuild', task ':sqflite_android:preDebugBuild', task ':sqflite_android:writeDebugAarMetadata', task ':url_launcher_android:preBuild', task ':url_launcher_android:preDebugBuild', task ':url_launcher_android:writeDebugAarMetadata', task ':app:checkDebugAarMetadata', task ':app:cleanMergeDebugAssets', task ':app:mergeDebugShaders', task ':app:compileDebugShaders', task ':app:generateDebugAssets', task ':cloud_firestore:mergeDebugShaders', task ':cloud_firestore:compileDebugShaders', task ':cloud_firestore:generateDebugAssets', task ':cloud_firestore:mergeDebugAssets', task ':device_info_plus:mergeDebugShaders', task ':device_info_plus:compileDebugShaders', task ':device_info_plus:generateDebugAssets', task ':device_info_plus:mergeDebugAssets', task ':firebase_app_check:mergeDebugShaders', task ':firebase_app_check:compileDebugShaders', task ':firebase_app_check:generateDebugAssets', task ':firebase_app_check:mergeDebugAssets', task ':firebase_auth:mergeDebugShaders', task ':firebase_auth:compileDebugShaders', task ':firebase_auth:generateDebugAssets', task ':firebase_auth:mergeDebugAssets', task ':firebase_core:mergeDebugShaders', task ':firebase_core:compileDebugShaders', task ':firebase_core:generateDebugAssets', task ':firebase_core:mergeDebugAssets', task ':firebase_messaging:mergeDebugShaders', task ':firebase_messaging:compileDebugShaders', task ':firebase_messaging:generateDebugAssets', task ':firebase_messaging:mergeDebugAssets', task ':firebase_storage:mergeDebugShaders', task ':firebase_storage:compileDebugShaders', task ':firebase_storage:generateDebugAssets', task ':firebase_storage:mergeDebugAssets', task ':flutter_local_notifications:mergeDebugShaders', task ':flutter_local_notifications:compileDebugShaders', task ':flutter_local_notifications:generateDebugAssets', task ':flutter_local_notifications:mergeDebugAssets', task ':flutter_plugin_android_lifecycle:mergeDebugShaders', task ':flutter_plugin_android_lifecycle:compileDebugShaders', task ':flutter_plugin_android_lifecycle:generateDebugAssets', task ':flutter_plugin_android_lifecycle:mergeDebugAssets', task ':geocoding_android:mergeDebugShaders', task ':geocoding_android:compileDebugShaders', task ':geocoding_android:generateDebugAssets', task ':geocoding_android:mergeDebugAssets', task ':geolocator_android:mergeDebugShaders', task ':geolocator_android:compileDebugShaders', task ':geolocator_android:generateDebugAssets', task ':geolocator_android:mergeDebugAssets', task ':google_maps_flutter_android:mergeDebugShaders', task ':google_maps_flutter_android:compileDebugShaders', task ':google_maps_flutter_android:generateDebugAssets', task ':google_maps_flutter_android:mergeDebugAssets', task ':image_picker_android:mergeDebugShaders', task ':image_picker_android:compileDebugShaders', task ':image_picker_android:generateDebugAssets', task ':image_picker_android:mergeDebugAssets', task ':jni:mergeDebugShaders', task ':jni:compileDebugShaders', task ':jni:generateDebugAssets', task ':jni:mergeDebugAssets', task ':jni_flutter:mergeDebugShaders', task ':jni_flutter:compileDebugShaders', task ':jni_flutter:generateDebugAssets', task ':jni_flutter:mergeDebugAssets', task ':package_info_plus:mergeDebugShaders', task ':package_info_plus:compileDebugShaders', task ':package_info_plus:generateDebugAssets', task ':package_info_plus:mergeDebugAssets', task ':share_plus:mergeDebugShaders', task ':share_plus:compileDebugShaders', task ':share_plus:generateDebugAssets', task ':share_plus:mergeDebugAssets', task ':shared_preferences_android:mergeDebugShaders', task ':shared_preferences_android:compileDebugShaders', task ':shared_preferences_android:generateDebugAssets', task ':shared_preferences_android:mergeDebugAssets', task ':sqflite_android:mergeDebugShaders', task ':sqflite_android:compileDebugShaders', task ':sqflite_android:generateDebugAssets', task ':sqflite_android:mergeDebugAssets', task ':url_launcher_android:mergeDebugShaders', task ':url_launcher_android:compileDebugShaders', task ':url_launcher_android:generateDebugAssets', task ':url_launcher_android:mergeDebugAssets', task ':app:mergeDebugAssets', task ':app:copyFlutterAssetsDebug', task ':app:generateDebugResValues', task ':app:processDebugGoogleServices', task ':cloud_firestore:generateDebugResValues', task ':cloud_firestore:generateDebugResources', task ':cloud_firestore:packageDebugResources', task ':device_info_plus:generateDebugResValues', task ':device_info_plus:generateDebugResources', task ':device_info_plus:packageDebugResources', task ':firebase_app_check:generateDebugResValues', task ':firebase_app_check:generateDebugResources', task ':firebase_app_check:packageDebugResources', task ':firebase_auth:generateDebugResValues', task ':firebase_auth:generateDebugResources', task ':firebase_auth:packageDebugResources', task ':firebase_core:generateDebugResValues', task ':firebase_core:generateDebugResources', task ':firebase_core:packageDebugResources', task ':firebase_messaging:generateDebugResValues', task ':firebase_messaging:generateDebugResources', task ':firebase_messaging:packageDebugResources', task ':firebase_storage:generateDebugResValues', task ':firebase_storage:generateDebugResources', task ':firebase_storage:packageDebugResources', task ':flutter_local_notifications:generateDebugResValues', task ':flutter_local_notifications:generateDebugResources', task ':flutter_local_notifications:packageDebugResources', task ':flutter_plugin_android_lifecycle:generateDebugResValues', task ':flutter_plugin_android_lifecycle:generateDebugResources', task ':flutter_plugin_android_lifecycle:packageDebugResources', task ':geocoding_android:generateDebugResValues', task ':geocoding_android:generateDebugResources', task ':geocoding_android:packageDebugResources', task ':geolocator_android:generateDebugResValues', task ':geolocator_android:generateDebugResources', task ':geolocator_android:packageDebugResources', task ':google_maps_flutter_android:generateDebugResValues', task ':google_maps_flutter_android:generateDebugResources', task ':google_maps_flutter_android:packageDebugResources', task ':image_picker_android:generateDebugResValues', task ':image_picker_android:generateDebugResources', task ':image_picker_android:packageDebugResources', task ':jni:generateDebugResValues', task ':jni:generateDebugResources', task ':jni:packageDebugResources', task ':jni_flutter:generateDebugResValues', task ':jni_flutter:generateDebugResources', task ':jni_flutter:packageDebugResources', task ':package_info_plus:generateDebugResValues', task ':package_info_plus:generateDebugResources', task ':package_info_plus:packageDebugResources', task ':share_plus:generateDebugResValues', task ':share_plus:generateDebugResources', task ':share_plus:packageDebugResources', task ':shared_preferences_android:generateDebugResValues', task ':shared_preferences_android:generateDebugResources', task ':shared_preferences_android:packageDebugResources', task ':sqflite_android:generateDebugResValues', task ':sqflite_android:generateDebugResources', task ':sqflite_android:packageDebugResources', task ':url_launcher_android:generateDebugResValues', task ':url_launcher_android:generateDebugResources', task ':url_launcher_android:packageDebugResources', task ':app:mapDebugSourceSetPaths', task ':app:generateDebugResources', task ':app:mergeDebugResources', task ':app:packageDebugResources', task ':app:parseDebugLocalResources', task ':app:createDebugCompatibleScreenManifests', task ':app:extractDeepLinksDebug', task ':cloud_firestore:extractDeepLinksDebug', task ':cloud_firestore:processDebugManifest', task ':device_info_plus:extractDeepLinksDebug', task ':device_info_plus:processDebugManifest', task ':firebase_app_check:extractDeepLinksDebug', task ':firebase_app_check:processDebugManifest', task ':firebase_auth:extractDeepLinksDebug', task ':firebase_auth:processDebugManifest', task ':firebase_core:extractDeepLinksDebug', task ':firebase_core:processDebugManifest', task ':firebase_messaging:extractDeepLinksDebug', task ':firebase_messaging:processDebugManifest', task ':firebase_storage:extractDeepLinksDebug', task ':firebase_storage:processDebugManifest', task ':flutter_local_notifications:extractDeepLinksDebug', task ':flutter_local_notifications:processDebugManifest', task ':flutter_plugin_android_lifecycle:extractDeepLinksDebug', task ':flutter_plugin_android_lifecycle:processDebugManifest', task ':geocoding_android:extractDeepLinksDebug', task ':geocoding_android:processDebugManifest', task ':geolocator_android:extractDeepLinksDebug', task ':geolocator_android:processDebugManifest', task ':google_maps_flutter_android:extractDeepLinksDebug', task ':google_maps_flutter_android:processDebugManifest', task ':image_picker_android:extractDeepLinksDebug', task ':image_picker_android:processDebugManifest', task ':jni:extractDeepLinksDebug', task ':jni:processDebugManifest', task ':jni_flutter:extractDeepLinksDebug', task ':jni_flutter:processDebugManifest', task ':package_info_plus:extractDeepLinksDebug', task ':package_info_plus:processDebugManifest', task ':share_plus:extractDeepLinksDebug', task ':share_plus:processDebugManifest', task ':shared_preferences_android:extractDeepLinksDebug', task ':shared_preferences_android:processDebugManifest', task ':sqflite_android:extractDeepLinksDebug', task ':sqflite_android:processDebugManifest', task ':url_launcher_android:extractDeepLinksDebug', task ':url_launcher_android:processDebugManifest', task ':app:processDebugMainManifest', task ':app:outputDebugAppLinkSettings', task ':app:processDebugManifest', task ':app:processDebugManifestForPackage', task ':cloud_firestore:compileDebugLibraryResources', task ':cloud_firestore:parseDebugLocalResources', task ':cloud_firestore:generateDebugRFile', task ':device_info_plus:compileDebugLibraryResources', task ':device_info_plus:parseDebugLocalResources', task ':device_info_plus:generateDebugRFile', task ':firebase_app_check:compileDebugLibraryResources', task ':firebase_app_check:parseDebugLocalResources', task ':firebase_app_check:generateDebugRFile', task ':firebase_auth:compileDebugLibraryResources', task ':firebase_auth:parseDebugLocalResources', task ':firebase_auth:generateDebugRFile', task ':firebase_core:compileDebugLibraryResources', task ':firebase_core:parseDebugLocalResources', task ':firebase_core:generateDebugRFile', task ':firebase_messaging:compileDebugLibraryResources', task ':firebase_messaging:parseDebugLocalResources', task ':firebase_messaging:generateDebugRFile', task ':firebase_storage:compileDebugLibraryResources', task ':firebase_storage:parseDebugLocalResources', task ':firebase_storage:generateDebugRFile', task ':flutter_local_notifications:compileDebugLibraryResources', task ':flutter_local_notifications:parseDebugLocalResources', task ':flutter_local_notifications:generateDebugRFile', task ':flutter_plugin_android_lifecycle:compileDebugLibraryResources', task ':flutter_plugin_android_lifecycle:parseDebugLocalResources', task ':flutter_plugin_android_lifecycle:generateDebugRFile', task ':geocoding_android:compileDebugLibraryResources', task ':geocoding_android:parseDebugLocalResources', task ':geocoding_android:generateDebugRFile', task ':geolocator_android:compileDebugLibraryResources', task ':geolocator_android:parseDebugLocalResources', task ':geolocator_android:generateDebugRFile', task ':google_maps_flutter_android:compileDebugLibraryResources', task ':google_maps_flutter_android:parseDebugLocalResources', task ':google_maps_flutter_android:generateDebugRFile', task ':image_picker_android:compileDebugLibraryResources', task ':image_picker_android:parseDebugLocalResources', task ':image_picker_android:generateDebugRFile', task ':jni:compileDebugLibraryResources', task ':jni:parseDebugLocalResources', task ':jni:generateDebugRFile', task ':jni_flutter:compileDebugLibraryResources', task ':jni_flutter:parseDebugLocalResources', task ':jni_flutter:generateDebugRFile', task ':package_info_plus:compileDebugLibraryResources', task ':package_info_plus:parseDebugLocalResources', task ':package_info_plus:generateDebugRFile', task ':share_plus:compileDebugLibraryResources', task ':share_plus:parseDebugLocalResources', task ':share_plus:generateDebugRFile', task ':shared_preferences_android:compileDebugLibraryResources', task ':shared_preferences_android:parseDebugLocalResources', task ':shared_preferences_android:generateDebugRFile', task ':sqflite_android:compileDebugLibraryResources', task ':sqflite_android:parseDebugLocalResources', task ':sqflite_android:generateDebugRFile', task ':url_launcher_android:compileDebugLibraryResources', task ':url_launcher_android:parseDebugLocalResources', task ':url_launcher_android:generateDebugRFile', task ':app:processDebugResources', task ':cloud_firestore:generateDebugBuildConfig', task ':cloud_firestore:javaPreCompileDebug', task ':firebase_core:generateDebugBuildConfig', task ':firebase_core:javaPreCompileDebug', task ':firebase_core:compileDebugJavaWithJavac', task ':firebase_core:bundleLibCompileToJarDebug', task ':cloud_firestore:compileDebugJavaWithJavac', task ':cloud_firestore:bundleLibCompileToJarDebug', task ':device_info_plus:checkKotlinGradlePluginConfigurationErrors', task ':device_info_plus:compileDebugKotlin', task ':device_info_plus:javaPreCompileDebug', task ':device_info_plus:compileDebugJavaWithJavac', task ':device_info_plus:bundleLibCompileToJarDebug', task ':firebase_app_check:generateDebugBuildConfig', task ':firebase_app_check:javaPreCompileDebug', task ':firebase_app_check:compileDebugJavaWithJavac', task ':firebase_app_check:bundleLibCompileToJarDebug', task ':firebase_auth:generateDebugBuildConfig', task ':firebase_auth:javaPreCompileDebug', task ':firebase_auth:compileDebugJavaWithJavac', task ':firebase_auth:bundleLibCompileToJarDebug', task ':firebase_messaging:generateDebugBuildConfig', task ':firebase_messaging:javaPreCompileDebug', task ':firebase_messaging:compileDebugJavaWithJavac', task ':firebase_messaging:bundleLibCompileToJarDebug', task ':firebase_storage:generateDebugBuildConfig', task ':firebase_storage:javaPreCompileDebug', task ':firebase_storage:compileDebugJavaWithJavac', task ':firebase_storage:bundleLibCompileToJarDebug', task ':flutter_local_notifications:javaPreCompileDebug', task ':flutter_local_notifications:compileDebugJavaWithJavac', task ':flutter_local_notifications:bundleLibCompileToJarDebug', task ':flutter_plugin_android_lifecycle:javaPreCompileDebug', task ':flutter_plugin_android_lifecycle:compileDebugJavaWithJavac', task ':flutter_plugin_android_lifecycle:bundleLibCompileToJarDebug', task ':geocoding_android:javaPreCompileDebug', task ':geocoding_android:compileDebugJavaWithJavac', task ':geocoding_android:bundleLibCompileToJarDebug', task ':geolocator_android:javaPreCompileDebug', task ':geolocator_android:compileDebugJavaWithJavac', task ':geolocator_android:bundleLibCompileToJarDebug', task ':google_maps_flutter_android:checkKotlinGradlePluginConfigurationErrors', task ':google_maps_flutter_android:compileDebugKotlin', task ':google_maps_flutter_android:javaPreCompileDebug', task ':google_maps_flutter_android:compileDebugJavaWithJavac', task ':google_maps_flutter_android:bundleLibCompileToJarDebug', task ':image_picker_android:javaPreCompileDebug', task ':image_picker_android:compileDebugJavaWithJavac', task ':image_picker_android:bundleLibCompileToJarDebug', task ':jni:javaPreCompileDebug', task ':jni:compileDebugJavaWithJavac', task ':jni:bundleLibCompileToJarDebug', task ':jni_flutter:javaPreCompileDebug', task ':jni_flutter:compileDebugJavaWithJavac', task ':jni_flutter:bundleLibCompileToJarDebug', task ':package_info_plus:checkKotlinGradlePluginConfigurationErrors', task ':package_info_plus:compileDebugKotlin', task ':package_info_plus:javaPreCompileDebug', task ':package_info_plus:compileDebugJavaWithJavac', task ':package_info_plus:bundleLibCompileToJarDebug', task ':share_plus:checkKotlinGradlePluginConfigurationErrors', task ':share_plus:compileDebugKotlin', task ':share_plus:javaPreCompileDebug', task ':share_plus:compileDebugJavaWithJavac', task ':share_plus:bundleLibCompileToJarDebug', task ':shared_preferences_android:checkKotlinGradlePluginConfigurationErrors', task ':shared_preferences_android:compileDebugKotlin', task ':shared_preferences_android:javaPreCompileDebug', task ':shared_preferences_android:compileDebugJavaWithJavac', task ':shared_preferences_android:bundleLibCompileToJarDebug', task ':sqflite_android:javaPreCompileDebug', task ':sqflite_android:compileDebugJavaWithJavac', task ':sqflite_android:bundleLibCompileToJarDebug', task ':url_launcher_android:generateDebugBuildConfig', task ':url_launcher_android:javaPreCompileDebug', task ':url_launcher_android:compileDebugJavaWithJavac', task ':url_launcher_android:bundleLibCompileToJarDebug', task ':app:compileDebugKotlin', task ':app:javaPreCompileDebug', task ':app:compileDebugJavaWithJavac', task ':app:compressDebugAssets', task ':app:l8DexDesugarLibDebug', task ':cloud_firestore:bundleLibRuntimeToJarDebug', task ':device_info_plus:bundleLibRuntimeToJarDebug', task ':firebase_app_check:bundleLibRuntimeToJarDebug', task ':firebase_auth:bundleLibRuntimeToJarDebug', task ':firebase_messaging:bundleLibRuntimeToJarDebug', task ':firebase_storage:bundleLibRuntimeToJarDebug', task ':firebase_core:bundleLibRuntimeToJarDebug', task ':flutter_local_notifications:bundleLibRuntimeToJarDebug', task ':google_maps_flutter_android:bundleLibRuntimeToJarDebug', task ':image_picker_android:bundleLibRuntimeToJarDebug', task ':flutter_plugin_android_lifecycle:bundleLibRuntimeToJarDebug', task ':geocoding_android:bundleLibRuntimeToJarDebug', task ':geolocator_android:bundleLibRuntimeToJarDebug', task ':jni_flutter:bundleLibRuntimeToJarDebug', task ':jni:bundleLibRuntimeToJarDebug', task ':package_info_plus:bundleLibRuntimeToJarDebug', task ':share_plus:bundleLibRuntimeToJarDebug', task ':shared_preferences_android:bundleLibRuntimeToJarDebug', task ':sqflite_android:bundleLibRuntimeToJarDebug', task ':url_launcher_android:bundleLibRuntimeToJarDebug', task ':app:desugarDebugFileDependencies', task ':app:dexBuilderDebug', task ':app:mergeDebugGlobalSynthetics', task ':app:processDebugJavaRes', task ':cloud_firestore:processDebugJavaRes', task ':device_info_plus:processDebugJavaRes', task ':firebase_app_check:processDebugJavaRes', task ':firebase_auth:processDebugJavaRes', task ':firebase_core:processDebugJavaRes', task ':firebase_messaging:processDebugJavaRes', task ':firebase_storage:processDebugJavaRes', task ':flutter_local_notifications:processDebugJavaRes', task ':flutter_plugin_android_lifecycle:processDebugJavaRes', task ':geocoding_android:processDebugJavaRes', task ':geolocator_android:processDebugJavaRes', task ':google_maps_flutter_android:processDebugJavaRes', task ':image_picker_android:processDebugJavaRes', task ':jni:processDebugJavaRes', task ':jni_flutter:processDebugJavaRes', task ':package_info_plus:processDebugJavaRes', task ':share_plus:processDebugJavaRes', task ':shared_preferences_android:processDebugJavaRes', task ':sqflite_android:processDebugJavaRes', task ':url_launcher_android:processDebugJavaRes', task ':app:mergeDebugJavaResource', task ':app:checkDebugDuplicateClasses', task ':app:mergeExtDexDebug', task ':cloud_firestore:bundleLibRuntimeToDirDebug', task ':device_info_plus:bundleLibRuntimeToDirDebug', task ':firebase_app_check:bundleLibRuntimeToDirDebug', task ':firebase_auth:bundleLibRuntimeToDirDebug', task ':firebase_messaging:bundleLibRuntimeToDirDebug', task ':firebase_storage:bundleLibRuntimeToDirDebug', task ':firebase_core:bundleLibRuntimeToDirDebug', task ':flutter_local_notifications:bundleLibRuntimeToDirDebug', task ':google_maps_flutter_android:bundleLibRuntimeToDirDebug', task ':image_picker_android:bundleLibRuntimeToDirDebug', task ':flutter_plugin_android_lifecycle:bundleLibRuntimeToDirDebug', task ':geocoding_android:bundleLibRuntimeToDirDebug', task ':geolocator_android:bundleLibRuntimeToDirDebug', task ':jni_flutter:bundleLibRuntimeToDirDebug', task ':jni:bundleLibRuntimeToDirDebug', task ':package_info_plus:bundleLibRuntimeToDirDebug', task ':share_plus:bundleLibRuntimeToDirDebug', task ':shared_preferences_android:bundleLibRuntimeToDirDebug', task ':sqflite_android:bundleLibRuntimeToDirDebug', task ':url_launcher_android:bundleLibRuntimeToDirDebug', task ':app:mergeLibDexDebug', task ':app:mergeProjectDexDebug', task ':app:configureCMakeDebug[arm64-v8a]', task ':app:buildCMakeDebug[arm64-v8a]', task ':app:configureCMakeDebug[armeabi-v7a]', task ':app:buildCMakeDebug[armeabi-v7a]', task ':app:configureCMakeDebug[x86_64]', task ':app:buildCMakeDebug[x86_64]', task ':app:mergeDebugJniLibFolders', task ':cloud_firestore:mergeDebugJniLibFolders', task ':cloud_firestore:mergeDebugNativeLibs', task ':cloud_firestore:copyDebugJniLibsProjectOnly', task ':device_info_plus:mergeDebugJniLibFolders', task ':device_info_plus:mergeDebugNativeLibs', task ':device_info_plus:copyDebugJniLibsProjectOnly', task ':firebase_app_check:mergeDebugJniLibFolders', task ':firebase_app_check:mergeDebugNativeLibs', task ':firebase_app_check:copyDebugJniLibsProjectOnly', task ':firebase_auth:mergeDebugJniLibFolders', task ':firebase_auth:mergeDebugNativeLibs', task ':firebase_auth:copyDebugJniLibsProjectOnly', task ':firebase_core:mergeDebugJniLibFolders', task ':firebase_core:mergeDebugNativeLibs', task ':firebase_core:copyDebugJniLibsProjectOnly', task ':firebase_messaging:mergeDebugJniLibFolders', task ':firebase_messaging:mergeDebugNativeLibs', task ':firebase_messaging:copyDebugJniLibsProjectOnly', task ':firebase_storage:mergeDebugJniLibFolders', task ':firebase_storage:mergeDebugNativeLibs', task ':firebase_storage:copyDebugJniLibsProjectOnly', task ':flutter_local_notifications:mergeDebugJniLibFolders', task ':flutter_local_notifications:mergeDebugNativeLibs', task ':flutter_local_notifications:copyDebugJniLibsProjectOnly', task ':flutter_plugin_android_lifecycle:mergeDebugJniLibFolders', task ':flutter_plugin_android_lifecycle:mergeDebugNativeLibs', task ':flutter_plugin_android_lifecycle:copyDebugJniLibsProjectOnly', task ':geocoding_android:mergeDebugJniLibFolders', task ':geocoding_android:mergeDebugNativeLibs', task ':geocoding_android:copyDebugJniLibsProjectOnly', task ':geolocator_android:mergeDebugJniLibFolders', task ':geolocator_android:mergeDebugNativeLibs', task ':geolocator_android:copyDebugJniLibsProjectOnly', task ':google_maps_flutter_android:mergeDebugJniLibFolders', task ':google_maps_flutter_android:mergeDebugNativeLibs', task ':google_maps_flutter_android:copyDebugJniLibsProjectOnly', task ':image_picker_android:mergeDebugJniLibFolders', task ':image_picker_android:mergeDebugNativeLibs', task ':image_picker_android:copyDebugJniLibsProjectOnly', task ':jni:preProfileBuild', task ':jni:configureCMakeDebug[arm64-v8a]', task ':jni:buildCMakeDebug[arm64-v8a]', task ':jni:configureCMakeDebug[armeabi-v7a]', task ':jni:buildCMakeDebug[armeabi-v7a]', task ':jni:configureCMakeDebug[x86]', task ':jni:buildCMakeDebug[x86]', task ':jni:configureCMakeDebug[x86_64]', task ':jni:buildCMakeDebug[x86_64]', task ':jni:mergeDebugJniLibFolders', task ':jni:mergeDebugNativeLibs', task ':jni:copyDebugJniLibsProjectOnly', task ':jni_flutter:mergeDebugJniLibFolders', task ':jni_flutter:mergeDebugNativeLibs', task ':jni_flutter:copyDebugJniLibsProjectOnly', task ':package_info_plus:mergeDebugJniLibFolders', task ':package_info_plus:mergeDebugNativeLibs', task ':package_info_plus:copyDebugJniLibsProjectOnly', task ':share_plus:mergeDebugJniLibFolders', task ':share_plus:mergeDebugNativeLibs', task ':share_plus:copyDebugJniLibsProjectOnly', task ':shared_preferences_android:mergeDebugJniLibFolders', task ':shared_preferences_android:mergeDebugNativeLibs', task ':shared_preferences_android:copyDebugJniLibsProjectOnly', task ':sqflite_android:mergeDebugJniLibFolders', task ':sqflite_android:mergeDebugNativeLibs', task ':sqflite_android:copyDebugJniLibsProjectOnly', task ':url_launcher_android:mergeDebugJniLibFolders', task ':url_launcher_android:mergeDebugNativeLibs', task ':url_launcher_android:copyDebugJniLibsProjectOnly', task ':app:mergeDebugNativeLibs', task ':app:stripDebugDebugSymbols', task ':app:validateSigningDebug', task ':app:writeDebugAppMetadata', task ':app:writeDebugSigningConfigVersions', task ':app:packageDebug', task ':app:createDebugApkListingFileRedirect', task ':app:assembleDebug', task ':cloud_firestore:stripDebugDebugSymbols', task ':cloud_firestore:copyDebugJniLibsProjectAndLocalJars', task ':cloud_firestore:extractDebugAnnotations', task ':cloud_firestore:extractDeepLinksForAarDebug', task ':cloud_firestore:mergeDebugGeneratedProguardFiles', task ':cloud_firestore:mergeDebugConsumerProguardFiles', task ':cloud_firestore:prepareDebugArtProfile', task ':cloud_firestore:prepareLintJarForPublish', task ':cloud_firestore:mergeDebugJavaResource', task ':cloud_firestore:syncDebugLibJars', task ':cloud_firestore:bundleDebugAar', task ':cloud_firestore:assembleDebug', task ':device_info_plus:stripDebugDebugSymbols', task ':device_info_plus:copyDebugJniLibsProjectAndLocalJars', task ':device_info_plus:extractDebugAnnotations', task ':device_info_plus:extractDeepLinksForAarDebug', task ':device_info_plus:mergeDebugGeneratedProguardFiles', task ':device_info_plus:mergeDebugConsumerProguardFiles', task ':device_info_plus:prepareDebugArtProfile', task ':device_info_plus:prepareLintJarForPublish', task ':device_info_plus:mergeDebugJavaResource', task ':device_info_plus:syncDebugLibJars', task ':device_info_plus:bundleDebugAar', task ':device_info_plus:assembleDebug', task ':firebase_app_check:stripDebugDebugSymbols', task ':firebase_app_check:copyDebugJniLibsProjectAndLocalJars', task ':firebase_app_check:extractDebugAnnotations', task ':firebase_app_check:extractDeepLinksForAarDebug', task ':firebase_app_check:mergeDebugGeneratedProguardFiles', task ':firebase_app_check:mergeDebugConsumerProguardFiles', task ':firebase_app_check:prepareDebugArtProfile', task ':firebase_app_check:prepareLintJarForPublish', task ':firebase_app_check:mergeDebugJavaResource', task ':firebase_app_check:syncDebugLibJars', task ':firebase_app_check:bundleDebugAar', task ':firebase_app_check:assembleDebug', task ':firebase_auth:stripDebugDebugSymbols', task ':firebase_auth:copyDebugJniLibsProjectAndLocalJars', task ':firebase_auth:extractDebugAnnotations', task ':firebase_auth:extractDeepLinksForAarDebug', task ':firebase_auth:mergeDebugGeneratedProguardFiles', task ':firebase_auth:mergeDebugConsumerProguardFiles', task ':firebase_auth:prepareDebugArtProfile', task ':firebase_auth:prepareLintJarForPublish', task ':firebase_auth:mergeDebugJavaResource', task ':firebase_auth:syncDebugLibJars', task ':firebase_auth:bundleDebugAar', task ':firebase_auth:assembleDebug', task ':firebase_core:stripDebugDebugSymbols', task ':firebase_core:copyDebugJniLibsProjectAndLocalJars', task ':firebase_core:extractDebugAnnotations', task ':firebase_core:extractDeepLinksForAarDebug', task ':firebase_core:mergeDebugGeneratedProguardFiles', task ':firebase_core:mergeDebugConsumerProguardFiles', task ':firebase_core:prepareDebugArtProfile', task ':firebase_core:prepareLintJarForPublish', task ':firebase_core:mergeDebugJavaResource', task ':firebase_core:syncDebugLibJars', task ':firebase_core:bundleDebugAar', task ':firebase_core:assembleDebug', task ':firebase_messaging:stripDebugDebugSymbols', task ':firebase_messaging:copyDebugJniLibsProjectAndLocalJars', task ':firebase_messaging:extractDebugAnnotations', task ':firebase_messaging:extractDeepLinksForAarDebug', task ':firebase_messaging:mergeDebugGeneratedProguardFiles', task ':firebase_messaging:mergeDebugConsumerProguardFiles', task ':firebase_messaging:prepareDebugArtProfile', task ':firebase_messaging:prepareLintJarForPublish', task ':firebase_messaging:mergeDebugJavaResource', task ':firebase_messaging:syncDebugLibJars', task ':firebase_messaging:bundleDebugAar', task ':firebase_messaging:assembleDebug', task ':firebase_storage:stripDebugDebugSymbols', task ':firebase_storage:copyDebugJniLibsProjectAndLocalJars', task ':firebase_storage:extractDebugAnnotations', task ':firebase_storage:extractDeepLinksForAarDebug', task ':firebase_storage:mergeDebugGeneratedProguardFiles', task ':firebase_storage:mergeDebugConsumerProguardFiles', task ':firebase_storage:prepareDebugArtProfile', task ':firebase_storage:prepareLintJarForPublish', task ':firebase_storage:mergeDebugJavaResource', task ':firebase_storage:syncDebugLibJars', task ':firebase_storage:bundleDebugAar', task ':firebase_storage:assembleDebug', task ':flutter_local_notifications:stripDebugDebugSymbols', task ':flutter_local_notifications:copyDebugJniLibsProjectAndLocalJars', task ':flutter_local_notifications:extractDebugAnnotations', task ':flutter_local_notifications:extractDeepLinksForAarDebug', task ':flutter_local_notifications:mergeDebugGeneratedProguardFiles', task ':flutter_local_notifications:mergeDebugConsumerProguardFiles', task ':flutter_local_notifications:prepareDebugArtProfile', task ':flutter_local_notifications:prepareLintJarForPublish', task ':flutter_local_notifications:mergeDebugJavaResource', task ':flutter_local_notifications:syncDebugLibJars', task ':flutter_local_notifications:bundleDebugAar', task ':flutter_local_notifications:assembleDebug', task ':flutter_plugin_android_lifecycle:stripDebugDebugSymbols', task ':flutter_plugin_android_lifecycle:copyDebugJniLibsProjectAndLocalJars', task ':flutter_plugin_android_lifecycle:extractDebugAnnotations', task ':flutter_plugin_android_lifecycle:extractDeepLinksForAarDebug', task ':flutter_plugin_android_lifecycle:mergeDebugGeneratedProguardFiles', task ':flutter_plugin_android_lifecycle:mergeDebugConsumerProguardFiles', task ':flutter_plugin_android_lifecycle:prepareDebugArtProfile', task ':flutter_plugin_android_lifecycle:prepareLintJarForPublish', task ':flutter_plugin_android_lifecycle:mergeDebugJavaResource', task ':flutter_plugin_android_lifecycle:syncDebugLibJars', task ':flutter_plugin_android_lifecycle:bundleDebugAar', task ':flutter_plugin_android_lifecycle:assembleDebug', task ':geocoding_android:stripDebugDebugSymbols', task ':geocoding_android:copyDebugJniLibsProjectAndLocalJars', task ':geocoding_android:extractDebugAnnotations', task ':geocoding_android:extractDeepLinksForAarDebug', task ':geocoding_android:mergeDebugGeneratedProguardFiles', task ':geocoding_android:mergeDebugConsumerProguardFiles', task ':geocoding_android:prepareDebugArtProfile', task ':geocoding_android:prepareLintJarForPublish', task ':geocoding_android:mergeDebugJavaResource', task ':geocoding_android:syncDebugLibJars', task ':geocoding_android:bundleDebugAar', task ':geocoding_android:assembleDebug', task ':geolocator_android:stripDebugDebugSymbols', task ':geolocator_android:copyDebugJniLibsProjectAndLocalJars', task ':geolocator_android:extractDebugAnnotations', task ':geolocator_android:extractDeepLinksForAarDebug', task ':geolocator_android:mergeDebugGeneratedProguardFiles', task ':geolocator_android:mergeDebugConsumerProguardFiles', task ':geolocator_android:prepareDebugArtProfile', task ':geolocator_android:prepareLintJarForPublish', task ':geolocator_android:mergeDebugJavaResource', task ':geolocator_android:syncDebugLibJars', task ':geolocator_android:bundleDebugAar', task ':geolocator_android:assembleDebug', task ':google_maps_flutter_android:stripDebugDebugSymbols', task ':google_maps_flutter_android:copyDebugJniLibsProjectAndLocalJars', task ':google_maps_flutter_android:extractDebugAnnotations', task ':google_maps_flutter_android:extractDeepLinksForAarDebug', task ':google_maps_flutter_android:mergeDebugGeneratedProguardFiles', task ':google_maps_flutter_android:mergeDebugConsumerProguardFiles', task ':google_maps_flutter_android:prepareDebugArtProfile', task ':google_maps_flutter_android:prepareLintJarForPublish', task ':google_maps_flutter_android:mergeDebugJavaResource', task ':google_maps_flutter_android:syncDebugLibJars', task ':google_maps_flutter_android:bundleDebugAar', task ':google_maps_flutter_android:assembleDebug', task ':image_picker_android:stripDebugDebugSymbols', task ':image_picker_android:copyDebugJniLibsProjectAndLocalJars', task ':image_picker_android:extractDebugAnnotations', task ':image_picker_android:extractDeepLinksForAarDebug', task ':image_picker_android:mergeDebugGeneratedProguardFiles', task ':image_picker_android:mergeDebugConsumerProguardFiles', task ':image_picker_android:prepareDebugArtProfile', task ':image_picker_android:prepareLintJarForPublish', task ':image_picker_android:mergeDebugJavaResource', task ':image_picker_android:syncDebugLibJars', task ':image_picker_android:bundleDebugAar', task ':image_picker_android:assembleDebug', task ':jni:stripDebugDebugSymbols', task ':jni:copyDebugJniLibsProjectAndLocalJars', task ':jni:extractDebugAnnotations', task ':jni:extractDeepLinksForAarDebug', task ':jni:mergeDebugGeneratedProguardFiles', task ':jni:mergeDebugConsumerProguardFiles', task ':jni:prepareDebugArtProfile', task ':jni:prepareLintJarForPublish', task ':jni:mergeDebugJavaResource', task ':jni:syncDebugLibJars', task ':jni:bundleDebugAar', task ':jni:assembleDebug', task ':jni_flutter:stripDebugDebugSymbols', task ':jni_flutter:copyDebugJniLibsProjectAndLocalJars', task ':jni_flutter:extractDebugAnnotations', task ':jni_flutter:extractDeepLinksForAarDebug', task ':jni_flutter:mergeDebugGeneratedProguardFiles', task ':jni_flutter:mergeDebugConsumerProguardFiles', task ':jni_flutter:prepareDebugArtProfile', task ':jni_flutter:prepareLintJarForPublish', task ':jni_flutter:mergeDebugJavaResource', task ':jni_flutter:syncDebugLibJars', task ':jni_flutter:bundleDebugAar', task ':jni_flutter:assembleDebug', task ':package_info_plus:stripDebugDebugSymbols', task ':package_info_plus:copyDebugJniLibsProjectAndLocalJars', task ':package_info_plus:extractDebugAnnotations', task ':package_info_plus:extractDeepLinksForAarDebug', task ':package_info_plus:mergeDebugGeneratedProguardFiles', task ':package_info_plus:mergeDebugConsumerProguardFiles', task ':package_info_plus:prepareDebugArtProfile', task ':package_info_plus:prepareLintJarForPublish', task ':package_info_plus:mergeDebugJavaResource', task ':package_info_plus:syncDebugLibJars', task ':package_info_plus:bundleDebugAar', task ':package_info_plus:assembleDebug', task ':share_plus:stripDebugDebugSymbols', task ':share_plus:copyDebugJniLibsProjectAndLocalJars', task ':share_plus:extractDebugAnnotations', task ':share_plus:extractDeepLinksForAarDebug', task ':share_plus:mergeDebugGeneratedProguardFiles', task ':share_plus:mergeDebugConsumerProguardFiles', task ':share_plus:prepareDebugArtProfile', task ':share_plus:prepareLintJarForPublish', task ':share_plus:mergeDebugJavaResource', task ':share_plus:syncDebugLibJars', task ':share_plus:bundleDebugAar', task ':share_plus:assembleDebug', task ':shared_preferences_android:stripDebugDebugSymbols', task ':shared_preferences_android:copyDebugJniLibsProjectAndLocalJars', task ':shared_preferences_android:extractDebugAnnotations', task ':shared_preferences_android:extractDeepLinksForAarDebug', task ':shared_preferences_android:mergeDebugGeneratedProguardFiles', task ':shared_preferences_android:mergeDebugConsumerProguardFiles', task ':shared_preferences_android:prepareDebugArtProfile', task ':shared_preferences_android:prepareLintJarForPublish', task ':shared_preferences_android:mergeDebugJavaResource', task ':shared_preferences_android:syncDebugLibJars', task ':shared_preferences_android:bundleDebugAar', task ':shared_preferences_android:assembleDebug', task ':sqflite_android:stripDebugDebugSymbols', task ':sqflite_android:copyDebugJniLibsProjectAndLocalJars', task ':sqflite_android:extractDebugAnnotations', task ':sqflite_android:extractDeepLinksForAarDebug', task ':sqflite_android:mergeDebugGeneratedProguardFiles', task ':sqflite_android:mergeDebugConsumerProguardFiles', task ':sqflite_android:prepareDebugArtProfile', task ':sqflite_android:prepareLintJarForPublish', task ':sqflite_android:mergeDebugJavaResource', task ':sqflite_android:syncDebugLibJars', task ':sqflite_android:bundleDebugAar', task ':sqflite_android:assembleDebug', task ':url_launcher_android:stripDebugDebugSymbols', task ':url_launcher_android:copyDebugJniLibsProjectAndLocalJars', task ':url_launcher_android:extractDebugAnnotations', task ':url_launcher_android:extractDeepLinksForAarDebug', task ':url_launcher_android:mergeDebugGeneratedProguardFiles', task ':url_launcher_android:mergeDebugConsumerProguardFiles', task ':url_launcher_android:prepareDebugArtProfile', task ':url_launcher_android:prepareLintJarForPublish', task ':url_launcher_android:mergeDebugJavaResource', task ':url_launcher_android:syncDebugLibJars', task ':url_launcher_android:bundleDebugAar', task ':url_launcher_android:assembleDebug']
[   +1 ms] Tasks that were excluded: []
[        ] work action Parameters of IdentityTransform (Thread[#14568,Execution worker Thread 9,5,main]) started.
[        ] work action Parameters of DexingNoClasspathTransform (Thread[#14568,Execution worker Thread 9,5,main]) started.
[        ] work action Parameters of DexingOutputSplitTransform (Thread[#14558,included builds,5,main]) started.
[        ] work action Parameters of ClassesDirToClassesTransform (Thread[#14558,included builds,5,main]) started.
[        ] work action Parameters of DexingOutputSplitTransform (Thread[#14558,included builds,5,main]) started.
[        ] Resolve mutations for :app:DebugMinSdkCheck (Thread[#14558,included builds,5,main]) started.
[        ] :app:DebugMinSdkCheck (Thread[#14558,included builds,5,main]) started.
[        ] > Task :app:DebugMinSdkCheck
[        ] Caching disabled for task ':app:DebugMinSdkCheck' because:
[        ]   Build cache is disabled
[        ] Task ':app:DebugMinSdkCheck' is not up-to-date because:
[        ]   Task has not declared any outputs despite executing actions.
[        ] Resolve mutations for :app:preBuild (Thread[#14558,included builds,5,main]) started.
[        ] :app:preBuild (Thread[#14558,included builds,5,main]) started.
[        ] > Task :app:preBuild UP-TO-DATE
[        ] Skipping task ':app:preBuild' as it has no actions.
[        ] Resolve mutations for :app:preDebugBuild (Thread[#14558,included builds,5,main]) started.
[        ] :app:preDebugBuild (Thread[#14558,included builds,5,main]) started.
[        ] > Task :app:preDebugBuild UP-TO-DATE
[        ] Skipping task ':app:preDebugBuild' as it has no actions.
[        ] Resolve mutations for :app:mergeDebugNativeDebugMetadata (Thread[#14558,included builds,5,main]) started.
[        ] :app:mergeDebugNativeDebugMetadata (Thread[#14558,included builds,5,main]) started.
[        ] > Task :app:mergeDebugNativeDebugMetadata NO-SOURCE
[        ] Skipping task ':app:mergeDebugNativeDebugMetadata' as it has no source files and no previous output files.
[        ] Resolve mutations for :app:checkKotlinGradlePluginConfigurationErrors (Thread[#14558,included builds,5,main]) started.
[        ] :app:checkKotlinGradlePluginConfigurationErrors (Thread[#14558,included builds,5,main]) started.
[        ] > Task :app:checkKotlinGradlePluginConfigurationErrors SKIPPED
[        ] Skipping task ':app:checkKotlinGradlePluginConfigurationErrors' as task onlyIf 'errorDiagnostics are present' is false.
[        ] Resolve mutations for :app:compileFlutterBuildDebug (Thread[#14558,included builds,5,main]) started.
[        ] :app:compileFlutterBuildDebug (Thread[#14558,included builds,5,main]) started.
[+2007 ms] > Task :app:compileFlutterBuildDebug
[        ] Caching disabled for task ':app:compileFlutterBuildDebug' because:
[        ]   Build cache is disabled
[        ]   Caching has not been enabled for the task
[        ] Task ':app:compileFlutterBuildDebug' is not up-to-date because:
[        ]   Value of input property 'dartDefines' has changed for task ':app:compileFlutterBuildDebug'
[        ]   Value of input property 'targetPath' has changed for task ':app:compileFlutterBuildDebug'
[        ]   Value of input property 'verbose' has changed for task ':app:compileFlutterBuildDebug'
[        ] Starting process 'command 'C:\flutter\bin\flutter.bat''. Working directory: C:\eventful_app Command: C:\flutter\bin\flutter.bat --verbose assemble --no-version-check --depfile C:\eventful_app\build\app\intermediates\flutter\debug/flutter_build.d --output C:\eventful_app\build\app\intermediates\flutter\debug -dTargetFile=lib\main.dart -dTargetPlatform=android -dBuildMode=debug -dTrackWidgetCreation=true --DartDefines=RkxVVFRFUl9WRVJTSU9OPTMuNDEuNg==,RkxVVFRFUl9DSEFOTkVMPXN0YWJsZQ==,RkxVVFRFUl9HSVRfVVJMPWh0dHBzOi8vZ2l0aHViLmNvbS9mbHV0dGVyL2ZsdXR0ZXIuZ2l0,RkxVVFRFUl9GUkFNRVdPUktfUkVWSVNJT049ZGI1MGUyMDE2OA==,RkxVVFRFUl9FTkdJTkVfUkVWSVNJT049NDI1Y2ZiNTRkMA==,RkxVVFRFUl9EQVJUX1ZFUlNJT049My4xMS40 -dFlavor= --ExtraGenSnapshotOptions=--no-strip -dAndroidArchs=android-arm android-arm64 android-x64 -dMinSdkVersion=24 debug_android_application
[        ] Successfully started process 'command 'C:\flutter\bin\flutter.bat''
[        ] [ +263 ms] Artifact Instance of 'MaterialFonts' is not required, skipping update.
[        ] [        ] Artifact Instance of 'GradleWrapper' is not required, skipping update.
[        ] [        ] Artifact Instance of 'AndroidGenSnapshotArtifacts' is not required, skipping update.
[        ] [        ] Artifact Instance of 'AndroidInternalBuildArtifacts' is not required, skipping update.
[        ] [        ] Artifact Instance of 'IOSEngineArtifacts' is not required, skipping update.
[        ] [        ] Artifact Instance of 'FlutterWebSdk' is not required, skipping update.
[        ] [   +1 ms] Artifact Instance of 'LegacyCanvasKitRemover' is not required, skipping update.
[        ] [        ] Artifact Instance of 'FlutterSdk' is not required, skipping update.
[        ] [        ] Artifact Instance of 'WindowsEngineArtifacts' is not required, skipping update.
[        ] [        ] Artifact Instance of 'MacOSEngineArtifacts' is not required, skipping update.
[        ] [        ] Artifact Instance of 'LinuxEngineArtifacts' is not required, skipping update.
[        ] [        ] Artifact Instance of 'LinuxFuchsiaSDKArtifacts' is not required, skipping update.
[        ] [        ] Artifact Instance of 'MacOSFuchsiaSDKArtifacts' is not required, skipping update.
[        ] [        ] Artifact Instance of 'FlutterRunnerSDKArtifacts' is not required, skipping update.
[        ] [        ] Artifact Instance of 'FlutterRunnerDebugSymbols' is not required, skipping update.
[        ] [        ] Artifact Instance of 'IosUsbArtifacts' is not required, skipping update.
[        ] [        ] Artifact Instance of 'IosUsbArtifacts' is not required, skipping update.
[        ] [        ] Artifact Instance of 'IosUsbArtifacts' is not required, skipping update.
[        ] [        ] Artifact Instance of 'IosUsbArtifacts' is not required, skipping update.
[        ] [        ] Artifact Instance of 'IosUsbArtifacts' is not required, skipping update.
[        ] [        ] Artifact Instance of 'IosUsbArtifacts' is not required, skipping update.
[        ] [        ] Artifact Instance of 'FontSubsetArtifacts' is not required, skipping update.
[        ] [        ] Artifact Instance of 'PubDependencies' is not required, skipping update.
[        ] [   +6 ms] Artifact Instance of 'AndroidGenSnapshotArtifacts' is not required, skipping update.
[        ] [        ] Artifact Instance of 'AndroidInternalBuildArtifacts' is not required, skipping update.
[        ] [        ] Artifact Instance of 'IOSEngineArtifacts' is not required, skipping update.
[        ] [        ] Artifact Instance of 'FlutterWebSdk' is not required, skipping update.
[        ] [        ] Artifact Instance of 'FlutterEngineStamp' is not required, skipping update.
[        ] [        ] Artifact Instance of 'LegacyCanvasKitRemover' is not required, skipping update.
[        ] [   +1 ms] Artifact Instance of 'WindowsEngineArtifacts' is not required, skipping update.
[        ] [        ] Artifact Instance of 'MacOSEngineArtifacts' is not required, skipping update.
[        ] [        ] Artifact Instance of 'LinuxEngineArtifacts' is not required, skipping update.
[        ] [        ] Artifact Instance of 'LinuxFuchsiaSDKArtifacts' is not required, skipping update.
[        ] [        ] Artifact Instance of 'MacOSFuchsiaSDKArtifacts' is not required, skipping update.
[        ] [        ] Artifact Instance of 'FlutterRunnerSDKArtifacts' is not required, skipping update.
[        ] [        ] Artifact Instance of 'FlutterRunnerDebugSymbols' is not required, skipping update.
[        ] [  +39 ms] Artifact Instance of 'MaterialFonts' is not required, skipping update.
[        ] [        ] Artifact Instance of 'GradleWrapper' is not required, skipping update.
[        ] [   +1 ms] Artifact Instance of 'AndroidInternalBuildArtifacts' is not required, skipping update.
[        ] [        ] Artifact Instance of 'IOSEngineArtifacts' is not required, skipping update.
[        ] [        ] Artifact Instance of 'FlutterWebSdk' is not required, skipping update.
[        ] [        ] Artifact Instance of 'FlutterEngineStamp' is not required, skipping update.
[        ] [        ] Artifact Instance of 'LegacyCanvasKitRemover' is not required, skipping update.
[        ] [        ] Artifact Instance of 'FlutterSdk' is not required, skipping update.
[        ] [        ] Artifact Instance of 'WindowsEngineArtifacts' is not required, skipping update.
[        ] [        ] Artifact Instance of 'MacOSEngineArtifacts' is not required, skipping update.
[        ] [        ] Artifact Instance of 'LinuxEngineArtifacts' is not required, skipping update.
[        ] [        ] Artifact Instance of 'LinuxFuchsiaSDKArtifacts' is not required, skipping update.
[        ] [        ] Artifact Instance of 'MacOSFuchsiaSDKArtifacts' is not required, skipping update.
[        ] [        ] Artifact Instance of 'FlutterRunnerSDKArtifacts' is not required, skipping update.
[        ] [        ] Artifact Instance of 'FlutterRunnerDebugSymbols' is not required, skipping update.
[        ] [        ] Artifact Instance of 'IosUsbArtifacts' is not required, skipping update.
[        ] [        ] Artifact Instance of 'IosUsbArtifacts' is not required, skipping update.
[        ] [        ] Artifact Instance of 'IosUsbArtifacts' is not required, skipping update.
[        ] [        ] Artifact Instance of 'IosUsbArtifacts' is not required, skipping update.
[        ] [        ] Artifact Instance of 'IosUsbArtifacts' is not required, skipping update.
[        ] [        ] Artifact Instance of 'IosUsbArtifacts' is not required, skipping update.
[        ] [        ] Artifact Instance of 'FontSubsetArtifacts' is not required, skipping update.
[        ] [        ] Artifact Instance of 'PubDependencies' is not required, skipping update.
[        ] [  +30 ms] Initializing file store
[        ] [  +16 ms] Done initializing file store
[        ] [  +53 ms] Skipping target: dart_build
[        ] [   +1 ms] Skipping target: gen_dart_plugin_registrant
[        ] [        ] Skipping target: install_code_assets
[        ] [        ] Skipping target: gen_localizations
[ +379 ms] [ +730 ms] kernel_snapshot_program: Starting due to {InvalidatedReasonKind.inputChanged: The following inputs have updated contents: C:\eventful_app\lib\screens\admin_panel_screen.dart,C:\eventful_app\lib\widgets\social_share_card.dart,C:\eventful_app\lib\screens\event_detail_screen.dart,C:\eventful_app\lib\screens\register_screen.dart,C:\eventful_app\lib\screens\home_screen.dart,C:\eventful_app\lib\screens\create_event_screen.dart}
[        ] [  +11 ms] C:\flutter\bin\cache\dart-sdk\bin\dartaotruntime.exe C:\flutter\bin\cache\dart-sdk\bin\snapshots\frontend_server_aot.dart.snapshot --sdk-root C:\flutter\bin\cache\artifacts\engine\common\flutter_patched_sdk/ --target=flutter --no-print-incremental-dependencies -DFLUTTER_VERSION=3.41.6 -DFLUTTER_CHANNEL=stable -DFLUTTER_GIT_URL=https://github.com/flutter/flutter.git -DFLUTTER_FRAMEWORK_REVISION=db50e20168 -DFLUTTER_ENGINE_REVISION=425cfb54d0 -DFLUTTER_DART_VERSION=3.11.4 -DFLUTTER_APP_FLAVOR= -Ddart.vm.profile=false -Ddart.vm.product=false --enable-asserts --track-widget-creation --no-link-platform --packages C:\eventful_app\.dart_tool\package_config.json --output-dill C:\eventful_app\.dart_tool\flutter_build\c4e03b1332e571784edb3586055abc51\app.dill --depfile C:\eventful_app\.dart_tool\flutter_build\c4e03b1332e571784edb3586055abc51\kernel_snapshot_program.d --incremental --initialize-from-dill C:\eventful_app\.dart_tool\flutter_build\c4e03b1332e571784edb3586055abc51\app.dill --source file:///C:/eventful_app/.dart_tool/flutter_build/dart_plugin_registrant.dart --source package:flutter/src/dart_plugin_registrant.dart -Dflutter.dart_plugin_registrant=file:///C:/eventful_app/.dart_tool/flutter_build/dart_plugin_registrant.dart --verbosity=error package:eventful_app/main.dart
[+2000 ms] [+2025 ms] kernel_snapshot_program: Complete
[+1007 ms] [ +942 ms] invalidated build due to missing files: C:\eventful_app\DOES_NOT_EXIST_RERUN_FOR_WILDCARD393089702
[ +596 ms] [ +639 ms] debug_android_application: Starting due to {InvalidatedReasonKind.inputChanged: The following inputs have updated contents: C:\eventful_app\.dart_tool\flutter_build\c4e03b1332e571784edb3586055abc51\app.dill,C:\eventful_app\build\app\intermediates\flutter\debug\flutter_assets\kernel_blob.bin, InvalidatedReasonKind.inputMissing: The following inputs were missing: C:\eventful_app\DOES_NOT_EXIST_RERUN_FOR_WILDCARD393089702}
[ +289 ms] [ +274 ms] Manifest contained wildcard assets. Inserting missing file into build graph to force rerun. for more information see #56466.
[        ] [   +5 ms] shaderc command: [C:\flutter\bin\cache\artifacts\engine\windows-x64\impellerc.exe, --sksl, --runtime-stage-gles, --runtime-stage-gles3, --runtime-stage-vulkan, --iplr, --sl=C:\eventful_app\build\app\intermediates\flutter\debug\flutter_assets\shaders/ink_sparkle.frag, --spirv=C:\eventful_app\build\app\intermediates\flutter\debug\flutter_assets\shaders/ink_sparkle.frag.spirv, --input=C:\flutter\packages\flutter\lib\src\material\shaders\ink_sparkle.frag, --input-type=frag, --include=C:\flutter\packages\flutter\lib\src\material\shaders, --include=C:\flutter\bin\cache\artifacts\engine\windows-x64\shader_lib]
[        ] [   +1 ms] shaderc command: [C:\flutter\bin\cache\artifacts\engine\windows-x64\impellerc.exe, --sksl, --runtime-stage-gles, --runtime-stage-gles3, --runtime-stage-vulkan, --iplr, --sl=C:\eventful_app\build\app\intermediates\flutter\debug\flutter_assets\shaders/stretch_effect.frag, --spirv=C:\eventful_app\build\app\intermediates\flutter\debug\flutter_assets\shaders/stretch_effect.frag.spirv, --input=C:\flutter\packages\flutter\lib\src\material\shaders\stretch_effect.frag, --input-type=frag, --include=C:\flutter\packages\flutter\lib\src\material\shaders, --include=C:\flutter\bin\cache\artifacts\engine\windows-x64\shader_lib]
[ +812 ms] [ +795 ms] debug_android_application: Complete
[ +386 ms] [ +375 ms] Persisting file store
[        ] [   +8 ms] Done persisting file store
[        ] [  +31 ms] build succeeded.
[        ] [   +6 ms] "flutter assemble" took 5.981ms.
[ +110 ms] [  +96 ms] Running 1 shutdown hook
[        ] [        ] Shutdown hooks complete
[ +204 ms] [ +208 ms] exiting with code 0
[ +200 ms] Resolve mutations for :app:packJniLibsflutterBuildDebug (Thread[#14558,included builds,5,main]) started.
[        ] :app:packJniLibsflutterBuildDebug (Thread[#14558,included builds,5,main]) started.
[        ] > Task :app:packJniLibsflutterBuildDebug UP-TO-DATE
[        ] Caching disabled for task ':app:packJniLibsflutterBuildDebug' because:
[        ]   Build cache is disabled
[        ]   Not worth caching
[        ] Skipping task ':app:packJniLibsflutterBuildDebug' as it is up-to-date.
[        ] Resolve mutations for :cloud_firestore:preBuild (Thread[#14558,included builds,5,main]) started.
[        ] :cloud_firestore:preBuild (Thread[#14558,included builds,5,main]) started.
[        ] > Task :cloud_firestore:preBuild UP-TO-DATE
[        ] Skipping task ':cloud_firestore:preBuild' as it has no actions.
[        ] Resolve mutations for :cloud_firestore:preDebugBuild (Thread[#14558,included builds,5,main]) started.
[        ] :cloud_firestore:preDebugBuild (Thread[#14558,included builds,5,main]) started.
[        ] > Task :cloud_firestore:preDebugBuild UP-TO-DATE
[        ] Skipping task ':cloud_firestore:preDebugBuild' as it has no actions.
[        ] Resolve mutations for :cloud_firestore:writeDebugAarMetadata (Thread[#14558,included builds,5,main]) started.
[        ] :cloud_firestore:writeDebugAarMetadata (Thread[#14558,included builds,5,main]) started.
[        ] > Task :cloud_firestore:writeDebugAarMetadata UP-TO-DATE
[        ] Caching disabled for task ':cloud_firestore:writeDebugAarMetadata' because:
[        ]   Build cache is disabled
[        ]   Caching has been disabled for the task
[        ] Skipping task ':cloud_firestore:writeDebugAarMetadata' as it is up-to-date.
[        ] work action resolve aar-metadata.properties (project :cloud_firestore) (Thread[#14558,included builds,5,main]) started.
[        ] Resolve mutations for :device_info_plus:preBuild (Thread[#14558,included builds,5,main]) started.
[        ] :device_info_plus:preBuild (Thread[#14558,included builds,5,main]) started.
[        ] > Task :device_info_plus:preBuild UP-TO-DATE
[        ] Skipping task ':device_info_plus:preBuild' as it has no actions.
[        ] Resolve mutations for :device_info_plus:preDebugBuild (Thread[#14558,included builds,5,main]) started.
[        ] :device_info_plus:preDebugBuild (Thread[#14558,included builds,5,main]) started.
[        ] > Task :device_info_plus:preDebugBuild UP-TO-DATE
[        ] Skipping task ':device_info_plus:preDebugBuild' as it has no actions.
[        ] Resolve mutations for :device_info_plus:writeDebugAarMetadata (Thread[#14558,included builds,5,main]) started.
[        ] :device_info_plus:writeDebugAarMetadata (Thread[#14558,included builds,5,main]) started.
[        ] > Task :device_info_plus:writeDebugAarMetadata UP-TO-DATE
[        ] Caching disabled for task ':device_info_plus:writeDebugAarMetadata' because:
[        ]   Build cache is disabled
[        ]   Caching has been disabled for the task
[        ] Skipping task ':device_info_plus:writeDebugAarMetadata' as it is up-to-date.
[        ] work action resolve aar-metadata.properties (project :device_info_plus) (Thread[#14558,included builds,5,main]) started.
[        ] Resolve mutations for :firebase_app_check:preBuild (Thread[#14558,included builds,5,main]) started.
[        ] :firebase_app_check:preBuild (Thread[#14558,included builds,5,main]) started.
[        ] > Task :firebase_app_check:preBuild UP-TO-DATE
[        ] Skipping task ':firebase_app_check:preBuild' as it has no actions.
[        ] Resolve mutations for :firebase_app_check:preDebugBuild (Thread[#14558,included builds,5,main]) started.
[        ] :firebase_app_check:preDebugBuild (Thread[#14558,included builds,5,main]) started.
[        ] > Task :firebase_app_check:preDebugBuild UP-TO-DATE
[        ] Skipping task ':firebase_app_check:preDebugBuild' as it has no actions.
[        ] Resolve mutations for :firebase_app_check:writeDebugAarMetadata (Thread[#14558,included builds,5,main]) started.
[        ] :firebase_app_check:writeDebugAarMetadata (Thread[#14558,included builds,5,main]) started.
[        ] > Task :firebase_app_check:writeDebugAarMetadata UP-TO-DATE
[        ] Caching disabled for task ':firebase_app_check:writeDebugAarMetadata' because:
[        ]   Build cache is disabled
[        ]   Caching has been disabled for the task
[        ] Skipping task ':firebase_app_check:writeDebugAarMetadata' as it is up-to-date.
[        ] work action resolve aar-metadata.properties (project :firebase_app_check) (Thread[#14558,included builds,5,main]) started.
[        ] Resolve mutations for :firebase_auth:preBuild (Thread[#14558,included builds,5,main]) started.
[        ] :firebase_auth:preBuild (Thread[#14558,included builds,5,main]) started.
[        ] > Task :firebase_auth:preBuild UP-TO-DATE
[        ] Skipping task ':firebase_auth:preBuild' as it has no actions.
[        ] Resolve mutations for :firebase_auth:preDebugBuild (Thread[#14558,included builds,5,main]) started.
[        ] :firebase_auth:preDebugBuild (Thread[#14558,included builds,5,main]) started.
[        ] > Task :firebase_auth:preDebugBuild UP-TO-DATE
[        ] Skipping task ':firebase_auth:preDebugBuild' as it has no actions.
[        ] Resolve mutations for :firebase_auth:writeDebugAarMetadata (Thread[#14558,included builds,5,main]) started.
[        ] :firebase_auth:writeDebugAarMetadata (Thread[#14558,included builds,5,main]) started.
[        ] > Task :firebase_auth:writeDebugAarMetadata UP-TO-DATE
[        ] Caching disabled for task ':firebase_auth:writeDebugAarMetadata' because:
[        ]   Build cache is disabled
[        ]   Caching has been disabled for the task
[        ] Skipping task ':firebase_auth:writeDebugAarMetadata' as it is up-to-date.
[        ] work action resolve aar-metadata.properties (project :firebase_auth) (Thread[#14558,included builds,5,main]) started.
[        ] Resolve mutations for :firebase_core:preBuild (Thread[#14558,included builds,5,main]) started.
[        ] :firebase_core:preBuild (Thread[#14558,included builds,5,main]) started.
[        ] > Task :firebase_core:preBuild UP-TO-DATE
[        ] Skipping task ':firebase_core:preBuild' as it has no actions.
[        ] Resolve mutations for :firebase_core:preDebugBuild (Thread[#14558,included builds,5,main]) started.
[        ] :firebase_core:preDebugBuild (Thread[#14558,included builds,5,main]) started.
[        ] > Task :firebase_core:preDebugBuild UP-TO-DATE
[        ] Skipping task ':firebase_core:preDebugBuild' as it has no actions.
[        ] Resolve mutations for :firebase_core:writeDebugAarMetadata (Thread[#14558,included builds,5,main]) started.
[        ] :firebase_core:writeDebugAarMetadata (Thread[#14558,included builds,5,main]) started.
[        ] > Task :firebase_core:writeDebugAarMetadata UP-TO-DATE
[        ] Caching disabled for task ':firebase_core:writeDebugAarMetadata' because:
[        ]   Build cache is disabled
[        ]   Caching has been disabled for the task
[        ] Skipping task ':firebase_core:writeDebugAarMetadata' as it is up-to-date.
[        ] work action resolve aar-metadata.properties (project :firebase_core) (Thread[#14558,included builds,5,main]) started.
[        ] Resolve mutations for :firebase_messaging:preBuild (Thread[#14558,included builds,5,main]) started.
[        ] :firebase_messaging:preBuild (Thread[#14558,included builds,5,main]) started.
[        ] > Task :firebase_messaging:preBuild UP-TO-DATE
[        ] Skipping task ':firebase_messaging:preBuild' as it has no actions.
[        ] Resolve mutations for :firebase_messaging:preDebugBuild (Thread[#14558,included builds,5,main]) started.
[        ] :firebase_messaging:preDebugBuild (Thread[#14558,included builds,5,main]) started.
[        ] > Task :firebase_messaging:preDebugBuild UP-TO-DATE
[        ] Skipping task ':firebase_messaging:preDebugBuild' as it has no actions.
[        ] Resolve mutations for :firebase_messaging:writeDebugAarMetadata (Thread[#14558,included builds,5,main]) started.
[        ] :firebase_messaging:writeDebugAarMetadata (Thread[#14558,included builds,5,main]) started.
[        ] > Task :firebase_messaging:writeDebugAarMetadata UP-TO-DATE
[        ] Caching disabled for task ':firebase_messaging:writeDebugAarMetadata' because:
[        ]   Build cache is disabled
[        ]   Caching has been disabled for the task
[        ] Skipping task ':firebase_messaging:writeDebugAarMetadata' as it is up-to-date.
[        ] work action resolve aar-metadata.properties (project :firebase_messaging) (Thread[#14558,included builds,5,main]) started.
[        ] Resolve mutations for :firebase_storage:preBuild (Thread[#14558,included builds,5,main]) started.
[        ] :firebase_storage:preBuild (Thread[#14558,included builds,5,main]) started.
[        ] > Task :firebase_storage:preBuild UP-TO-DATE
[        ] Skipping task ':firebase_storage:preBuild' as it has no actions.
[        ] Resolve mutations for :firebase_storage:preDebugBuild (Thread[#14558,included builds,5,main]) started.
[        ] :firebase_storage:preDebugBuild (Thread[#14558,included builds,5,main]) started.
[        ] > Task :firebase_storage:preDebugBuild UP-TO-DATE
[        ] Skipping task ':firebase_storage:preDebugBuild' as it has no actions.
[        ] Resolve mutations for :firebase_storage:writeDebugAarMetadata (Thread[#14558,included builds,5,main]) started.
[        ] :firebase_storage:writeDebugAarMetadata (Thread[#14558,included builds,5,main]) started.
[        ] > Task :firebase_storage:writeDebugAarMetadata UP-TO-DATE
[        ] Caching disabled for task ':firebase_storage:writeDebugAarMetadata' because:
[        ]   Build cache is disabled
[        ]   Caching has been disabled for the task
[        ] Skipping task ':firebase_storage:writeDebugAarMetadata' as it is up-to-date.
[        ] work action resolve aar-metadata.properties (project :firebase_storage) (Thread[#14558,included builds,5,main]) started.
[        ] Resolve mutations for :flutter_local_notifications:preBuild (Thread[#14558,included builds,5,main]) started.
[        ] :flutter_local_notifications:preBuild (Thread[#14558,included builds,5,main]) started.
[        ] > Task :flutter_local_notifications:preBuild UP-TO-DATE
[        ] Skipping task ':flutter_local_notifications:preBuild' as it has no actions.
[        ] Resolve mutations for :flutter_local_notifications:preDebugBuild (Thread[#14558,included builds,5,main]) started.
[        ] :flutter_local_notifications:preDebugBuild (Thread[#14558,included builds,5,main]) started.
[        ] > Task :flutter_local_notifications:preDebugBuild UP-TO-DATE
[        ] Skipping task ':flutter_local_notifications:preDebugBuild' as it has no actions.
[        ] Resolve mutations for :flutter_local_notifications:writeDebugAarMetadata (Thread[#14558,included builds,5,main]) started.
[        ] :flutter_local_notifications:writeDebugAarMetadata (Thread[#14558,included builds,5,main]) started.
[        ] > Task :flutter_local_notifications:writeDebugAarMetadata UP-TO-DATE
[        ] Caching disabled for task ':flutter_local_notifications:writeDebugAarMetadata' because:
[        ]   Build cache is disabled
[        ]   Caching has been disabled for the task
[        ] Skipping task ':flutter_local_notifications:writeDebugAarMetadata' as it is up-to-date.
[        ] work action resolve aar-metadata.properties (project :flutter_local_notifications) (Thread[#14558,included builds,5,main]) started.
[        ] Resolve mutations for :flutter_plugin_android_lifecycle:preBuild (Thread[#14558,included builds,5,main]) started.
[        ] :flutter_plugin_android_lifecycle:preBuild (Thread[#14558,included builds,5,main]) started.
[        ] > Task :flutter_plugin_android_lifecycle:preBuild UP-TO-DATE
[        ] Skipping task ':flutter_plugin_android_lifecycle:preBuild' as it has no actions.
[        ] Resolve mutations for :flutter_plugin_android_lifecycle:preDebugBuild (Thread[#14558,included builds,5,main]) started.
[        ] :flutter_plugin_android_lifecycle:preDebugBuild (Thread[#14558,included builds,5,main]) started.
[        ] > Task :flutter_plugin_android_lifecycle:preDebugBuild UP-TO-DATE
[        ] Skipping task ':flutter_plugin_android_lifecycle:preDebugBuild' as it has no actions.
[        ] Resolve mutations for :flutter_plugin_android_lifecycle:writeDebugAarMetadata (Thread[#14558,included builds,5,main]) started.
[        ] :flutter_plugin_android_lifecycle:writeDebugAarMetadata (Thread[#14558,included builds,5,main]) started.
[        ] > Task :flutter_plugin_android_lifecycle:writeDebugAarMetadata UP-TO-DATE
[        ] Caching disabled for task ':flutter_plugin_android_lifecycle:writeDebugAarMetadata' because:
[        ]   Build cache is disabled
[        ]   Caching has been disabled for the task
[        ] Skipping task ':flutter_plugin_android_lifecycle:writeDebugAarMetadata' as it is up-to-date.
[        ] work action resolve aar-metadata.properties (project :flutter_plugin_android_lifecycle) (Thread[#14558,included builds,5,main]) started.
[        ] Resolve mutations for :geocoding_android:preBuild (Thread[#14558,included builds,5,main]) started.
[        ] :geocoding_android:preBuild (Thread[#14567,Execution worker Thread 8,5,main]) started.
[        ] > Task :geocoding_android:preBuild UP-TO-DATE
[        ] Skipping task ':geocoding_android:preBuild' as it has no actions.
[        ] Resolve mutations for :geocoding_android:preDebugBuild (Thread[#14567,Execution worker Thread 8,5,main]) started.
[        ] :geocoding_android:preDebugBuild (Thread[#14561,Execution worker Thread 3,5,main]) started.
[        ] > Task :geocoding_android:preDebugBuild UP-TO-DATE
[        ] Skipping task ':geocoding_android:preDebugBuild' as it has no actions.
[        ] Resolve mutations for :geocoding_android:writeDebugAarMetadata (Thread[#14561,Execution worker Thread 3,5,main]) started.
[        ] :geocoding_android:writeDebugAarMetadata (Thread[#14561,Execution worker Thread 3,5,main]) started.
[        ] > Task :geocoding_android:writeDebugAarMetadata UP-TO-DATE
[        ] Caching disabled for task ':geocoding_android:writeDebugAarMetadata' because:
[        ]   Build cache is disabled
[        ]   Caching has been disabled for the task
[        ] Skipping task ':geocoding_android:writeDebugAarMetadata' as it is up-to-date.
[        ] work action resolve aar-metadata.properties (project :geocoding_android) (Thread[#14561,Execution worker Thread 3,5,main]) started.
[        ] Resolve mutations for :geolocator_android:preBuild (Thread[#14561,Execution worker Thread 3,5,main]) started.
[        ] :geolocator_android:preBuild (Thread[#14561,Execution worker Thread 3,5,main]) started.
[        ] > Task :geolocator_android:preBuild UP-TO-DATE
[        ] Skipping task ':geolocator_android:preBuild' as it has no actions.
[        ] Resolve mutations for :geolocator_android:preDebugBuild (Thread[#14561,Execution worker Thread 3,5,main]) started.
[        ] :geolocator_android:preDebugBuild (Thread[#14563,Execution worker Thread 5,5,main]) started.
[        ] > Task :geolocator_android:preDebugBuild UP-TO-DATE
[        ] Skipping task ':geolocator_android:preDebugBuild' as it has no actions.
[        ] Resolve mutations for :geolocator_android:writeDebugAarMetadata (Thread[#14563,Execution worker Thread 5,5,main]) started.
[        ] :geolocator_android:writeDebugAarMetadata (Thread[#14563,Execution worker Thread 5,5,main]) started.
[        ] > Task :geolocator_android:writeDebugAarMetadata UP-TO-DATE
[        ] Caching disabled for task ':geolocator_android:writeDebugAarMetadata' because:
[        ]   Build cache is disabled
[        ]   Caching has been disabled for the task
[        ] Skipping task ':geolocator_android:writeDebugAarMetadata' as it is up-to-date.
[        ] work action resolve aar-metadata.properties (project :geolocator_android) (Thread[#14563,Execution worker Thread 5,5,main]) started.
[        ] Resolve mutations for :google_maps_flutter_android:preBuild (Thread[#14563,Execution worker Thread 5,5,main]) started.
[        ] :google_maps_flutter_android:preBuild (Thread[#14563,Execution worker Thread 5,5,main]) started.
[        ] > Task :google_maps_flutter_android:preBuild UP-TO-DATE
[        ] Skipping task ':google_maps_flutter_android:preBuild' as it has no actions.
[        ] Resolve mutations for :google_maps_flutter_android:preDebugBuild (Thread[#14563,Execution worker Thread 5,5,main]) started.
[        ] :google_maps_flutter_android:preDebugBuild (Thread[#14563,Execution worker Thread 5,5,main]) started.
[        ] > Task :google_maps_flutter_android:preDebugBuild UP-TO-DATE
[        ] Skipping task ':google_maps_flutter_android:preDebugBuild' as it has no actions.
[        ] Resolve mutations for :google_maps_flutter_android:writeDebugAarMetadata (Thread[#14563,Execution worker Thread 5,5,main]) started.
[        ] :google_maps_flutter_android:writeDebugAarMetadata (Thread[#14563,Execution worker Thread 5,5,main]) started.
[        ] > Task :google_maps_flutter_android:writeDebugAarMetadata UP-TO-DATE
[        ] Caching disabled for task ':google_maps_flutter_android:writeDebugAarMetadata' because:
[        ]   Build cache is disabled
[        ]   Caching has been disabled for the task
[        ] Skipping task ':google_maps_flutter_android:writeDebugAarMetadata' as it is up-to-date.
[        ] work action resolve aar-metadata.properties (project :google_maps_flutter_android) (Thread[#14563,Execution worker Thread 5,5,main]) started.
[        ] Resolve mutations for :image_picker_android:preBuild (Thread[#14563,Execution worker Thread 5,5,main]) started.
[        ] :image_picker_android:preBuild (Thread[#14563,Execution worker Thread 5,5,main]) started.
[        ] > Task :image_picker_android:preBuild UP-TO-DATE
[        ] Skipping task ':image_picker_android:preBuild' as it has no actions.
[        ] Resolve mutations for :image_picker_android:preDebugBuild (Thread[#14563,Execution worker Thread 5,5,main]) started.
[        ] :image_picker_android:preDebugBuild (Thread[#14563,Execution worker Thread 5,5,main]) started.
[        ] > Task :image_picker_android:preDebugBuild UP-TO-DATE
[        ] Skipping task ':image_picker_android:preDebugBuild' as it has no actions.
[        ] Resolve mutations for :image_picker_android:writeDebugAarMetadata (Thread[#14563,Execution worker Thread 5,5,main]) started.
[        ] :image_picker_android:writeDebugAarMetadata (Thread[#14563,Execution worker Thread 5,5,main]) started.
[        ] > Task :image_picker_android:writeDebugAarMetadata UP-TO-DATE
[        ] Caching disabled for task ':image_picker_android:writeDebugAarMetadata' because:
[        ]   Build cache is disabled
[        ]   Caching has been disabled for the task
[        ] Skipping task ':image_picker_android:writeDebugAarMetadata' as it is up-to-date.
[        ] work action resolve aar-metadata.properties (project :image_picker_android) (Thread[#14563,Execution worker Thread 5,5,main]) started.
[        ] Resolve mutations for :jni:preBuild (Thread[#14563,Execution worker Thread 5,5,main]) started.
[        ] :jni:preBuild (Thread[#14563,Execution worker Thread 5,5,main]) started.
[        ] > Task :jni:preBuild UP-TO-DATE
[        ] Skipping task ':jni:preBuild' as it has no actions.
[        ] Resolve mutations for :jni:preDebugBuild (Thread[#14563,Execution worker Thread 5,5,main]) started.
[        ] :jni:preDebugBuild (Thread[#14563,Execution worker Thread 5,5,main]) started.
[        ] > Task :jni:preDebugBuild UP-TO-DATE
[        ] Skipping task ':jni:preDebugBuild' as it has no actions.
[        ] Resolve mutations for :jni:writeDebugAarMetadata (Thread[#14563,Execution worker Thread 5,5,main]) started.
[        ] :jni:writeDebugAarMetadata (Thread[#14563,Execution worker Thread 5,5,main]) started.
[        ] > Task :jni:writeDebugAarMetadata UP-TO-DATE
[        ] Caching disabled for task ':jni:writeDebugAarMetadata' because:
[        ]   Build cache is disabled
[        ]   Caching has been disabled for the task
[        ] Skipping task ':jni:writeDebugAarMetadata' as it is up-to-date.
[        ] work action resolve aar-metadata.properties (project :jni) (Thread[#14563,Execution worker Thread 5,5,main]) started.
[        ] Resolve mutations for :jni_flutter:preBuild (Thread[#14563,Execution worker Thread 5,5,main]) started.
[        ] :jni_flutter:preBuild (Thread[#14563,Execution worker Thread 5,5,main]) started.
[        ] > Task :jni_flutter:preBuild UP-TO-DATE
[        ] Skipping task ':jni_flutter:preBuild' as it has no actions.
[        ] Resolve mutations for :jni_flutter:preDebugBuild (Thread[#14563,Execution worker Thread 5,5,main]) started.
[        ] :jni_flutter:preDebugBuild (Thread[#14563,Execution worker Thread 5,5,main]) started.
[        ] > Task :jni_flutter:preDebugBuild UP-TO-DATE
[        ] Skipping task ':jni_flutter:preDebugBuild' as it has no actions.
[        ] Resolve mutations for :jni_flutter:writeDebugAarMetadata (Thread[#14563,Execution worker Thread 5,5,main]) started.
[        ] :jni_flutter:writeDebugAarMetadata (Thread[#14564,Execution worker Thread 6,5,main]) started.
[        ] > Task :jni_flutter:writeDebugAarMetadata UP-TO-DATE
[        ] Caching disabled for task ':jni_flutter:writeDebugAarMetadata' because:
[        ]   Build cache is disabled
[        ]   Caching has been disabled for the task
[        ] Skipping task ':jni_flutter:writeDebugAarMetadata' as it is up-to-date.
[        ] work action resolve aar-metadata.properties (project :jni_flutter) (Thread[#14564,Execution worker Thread 6,5,main]) started.
[        ] Resolve mutations for :package_info_plus:preBuild (Thread[#14564,Execution worker Thread 6,5,main]) started.
[        ] :package_info_plus:preBuild (Thread[#14564,Execution worker Thread 6,5,main]) started.
[        ] > Task :package_info_plus:preBuild UP-TO-DATE
[        ] Skipping task ':package_info_plus:preBuild' as it has no actions.
[        ] Resolve mutations for :package_info_plus:preDebugBuild (Thread[#14564,Execution worker Thread 6,5,main]) started.
[        ] :package_info_plus:preDebugBuild (Thread[#14564,Execution worker Thread 6,5,main]) started.
[        ] > Task :package_info_plus:preDebugBuild UP-TO-DATE
[        ] Skipping task ':package_info_plus:preDebugBuild' as it has no actions.
[        ] Resolve mutations for :package_info_plus:writeDebugAarMetadata (Thread[#14564,Execution worker Thread 6,5,main]) started.
[        ] :package_info_plus:writeDebugAarMetadata (Thread[#14564,Execution worker Thread 6,5,main]) started.
[        ] > Task :package_info_plus:writeDebugAarMetadata UP-TO-DATE
[        ] Caching disabled for task ':package_info_plus:writeDebugAarMetadata' because:
[        ]   Build cache is disabled
[        ]   Caching has been disabled for the task
[        ] Skipping task ':package_info_plus:writeDebugAarMetadata' as it is up-to-date.
[        ] work action resolve aar-metadata.properties (project :package_info_plus) (Thread[#14564,Execution worker Thread 6,5,main]) started.
[        ] Resolve mutations for :share_plus:preBuild (Thread[#14564,Execution worker Thread 6,5,main]) started.
[        ] :share_plus:preBuild (Thread[#14559,Execution worker,5,main]) started.
[        ] > Task :share_plus:preBuild UP-TO-DATE
[        ] Skipping task ':share_plus:preBuild' as it has no actions.
[        ] Resolve mutations for :share_plus:preDebugBuild (Thread[#14559,Execution worker,5,main]) started.
[        ] :share_plus:preDebugBuild (Thread[#14559,Execution worker,5,main]) started.
[        ] > Task :share_plus:preDebugBuild UP-TO-DATE
[        ] Skipping task ':share_plus:preDebugBuild' as it has no actions.
[        ] Resolve mutations for :share_plus:writeDebugAarMetadata (Thread[#14559,Execution worker,5,main]) started.
[        ] :share_plus:writeDebugAarMetadata (Thread[#14559,Execution worker,5,main]) started.
[        ] > Task :share_plus:writeDebugAarMetadata UP-TO-DATE
[        ] Caching disabled for task ':share_plus:writeDebugAarMetadata' because:
[        ]   Build cache is disabled
[        ]   Caching has been disabled for the task
[        ] Skipping task ':share_plus:writeDebugAarMetadata' as it is up-to-date.
[        ] work action resolve aar-metadata.properties (project :share_plus) (Thread[#14559,Execution worker,5,main]) started.
[        ] Resolve mutations for :shared_preferences_android:preBuild (Thread[#14559,Execution worker,5,main]) started.
[        ] :shared_preferences_android:preBuild (Thread[#14559,Execution worker,5,main]) started.
[        ] > Task :shared_preferences_android:preBuild UP-TO-DATE
[        ] Skipping task ':shared_preferences_android:preBuild' as it has no actions.
[        ] Resolve mutations for :shared_preferences_android:preDebugBuild (Thread[#14559,Execution worker,5,main]) started.
[        ] :shared_preferences_android:preDebugBuild (Thread[#14559,Execution worker,5,main]) started.
[        ] > Task :shared_preferences_android:preDebugBuild UP-TO-DATE
[        ] Skipping task ':shared_preferences_android:preDebugBuild' as it has no actions.
[        ] Resolve mutations for :shared_preferences_android:writeDebugAarMetadata (Thread[#14559,Execution worker,5,main]) started.
[        ] :shared_preferences_android:writeDebugAarMetadata (Thread[#14559,Execution worker,5,main]) started.
[        ] > Task :shared_preferences_android:writeDebugAarMetadata UP-TO-DATE
[        ] Caching disabled for task ':shared_preferences_android:writeDebugAarMetadata' because:
[        ]   Build cache is disabled
[        ]   Caching has been disabled for the task
[        ] Skipping task ':shared_preferences_android:writeDebugAarMetadata' as it is up-to-date.
[        ] work action resolve aar-metadata.properties (project :shared_preferences_android) (Thread[#14559,Execution worker,5,main]) started.
[        ] Resolve mutations for :sqflite_android:preBuild (Thread[#14559,Execution worker,5,main]) started.
[        ] :sqflite_android:preBuild (Thread[#14559,Execution worker,5,main]) started.
[        ] > Task :sqflite_android:preBuild UP-TO-DATE
[        ] Skipping task ':sqflite_android:preBuild' as it has no actions.
[        ] Resolve mutations for :sqflite_android:preDebugBuild (Thread[#14559,Execution worker,5,main]) started.
[        ] :sqflite_android:preDebugBuild (Thread[#14563,Execution worker Thread 5,5,main]) started.
[        ] > Task :sqflite_android:preDebugBuild UP-TO-DATE
[        ] Skipping task ':sqflite_android:preDebugBuild' as it has no actions.
[        ] Resolve mutations for :sqflite_android:writeDebugAarMetadata (Thread[#14563,Execution worker Thread 5,5,main]) started.
[        ] :sqflite_android:writeDebugAarMetadata (Thread[#14563,Execution worker Thread 5,5,main]) started.
[        ] > Task :sqflite_android:writeDebugAarMetadata UP-TO-DATE
[        ] Caching disabled for task ':sqflite_android:writeDebugAarMetadata' because:
[        ]   Build cache is disabled
[        ]   Caching has been disabled for the task
[        ] Skipping task ':sqflite_android:writeDebugAarMetadata' as it is up-to-date.
[        ] work action resolve aar-metadata.properties (project :sqflite_android) (Thread[#14563,Execution worker Thread 5,5,main]) started.
[        ] Resolve mutations for :url_launcher_android:preBuild (Thread[#14563,Execution worker Thread 5,5,main]) started.
[        ] :url_launcher_android:preBuild (Thread[#14563,Execution worker Thread 5,5,main]) started.
[        ] > Task :url_launcher_android:preBuild UP-TO-DATE
[        ] Skipping task ':url_launcher_android:preBuild' as it has no actions.
[        ] Resolve mutations for :url_launcher_android:preDebugBuild (Thread[#14563,Execution worker Thread 5,5,main]) started.
[        ] :url_launcher_android:preDebugBuild (Thread[#14563,Execution worker Thread 5,5,main]) started.
[        ] > Task :url_launcher_android:preDebugBuild UP-TO-DATE
[        ] Skipping task ':url_launcher_android:preDebugBuild' as it has no actions.
[        ] Resolve mutations for :url_launcher_android:writeDebugAarMetadata (Thread[#14563,Execution worker Thread 5,5,main]) started.
[        ] :url_launcher_android:writeDebugAarMetadata (Thread[#14563,Execution worker Thread 5,5,main]) started.
[        ] > Task :url_launcher_android:writeDebugAarMetadata UP-TO-DATE
[        ] Caching disabled for task ':url_launcher_android:writeDebugAarMetadata' because:
[        ]   Build cache is disabled
[        ]   Caching has been disabled for the task
[        ] Skipping task ':url_launcher_android:writeDebugAarMetadata' as it is up-to-date.
[        ] work action resolve aar-metadata.properties (project :url_launcher_android) (Thread[#14563,Execution worker Thread 5,5,main]) started.
[        ] Resolve mutations for :app:checkDebugAarMetadata (Thread[#14563,Execution worker Thread 5,5,main]) started.
[        ] :app:checkDebugAarMetadata (Thread[#14563,Execution worker Thread 5,5,main]) started.
[ +266 ms] > Task :app:checkDebugAarMetadata UP-TO-DATE
[        ] Caching disabled for task ':app:checkDebugAarMetadata' because:
[        ]   Build cache is disabled
[        ]   Caching has been disabled for the task
[        ] Skipping task ':app:checkDebugAarMetadata' as it is up-to-date.
[        ] Resolve mutations for :app:cleanMergeDebugAssets (Thread[#14563,Execution worker Thread 5,5,main]) started.
[        ] :app:cleanMergeDebugAssets (Thread[#14563,Execution worker Thread 5,5,main]) started.
[        ] > Task :app:cleanMergeDebugAssets UP-TO-DATE
[        ] Caching disabled for task ':app:cleanMergeDebugAssets' because:
[        ]   Build cache is disabled
[        ] Task ':app:cleanMergeDebugAssets' is not up-to-date because:
[        ]   Task has not declared any outputs despite executing actions.
[        ] Resolve mutations for :app:mergeDebugShaders (Thread[#14563,Execution worker Thread 5,5,main]) started.
[        ] :app:mergeDebugShaders (Thread[#14563,Execution worker Thread 5,5,main]) started.
[        ] > Task :app:mergeDebugShaders UP-TO-DATE
[        ] Caching disabled for task ':app:mergeDebugShaders' because:
[        ]   Build cache is disabled
[        ]   Simple merging task
[        ] Skipping task ':app:mergeDebugShaders' as it is up-to-date.
[        ] Resolve mutations for :app:compileDebugShaders (Thread[#14563,Execution worker Thread 5,5,main]) started.
[        ] :app:compileDebugShaders (Thread[#14563,Execution worker Thread 5,5,main]) started.
[        ] > Task :app:compileDebugShaders NO-SOURCE
[        ] Skipping task ':app:compileDebugShaders' as it has no source files and no previous output files.
[        ] Resolve mutations for :app:generateDebugAssets (Thread[#14563,Execution worker Thread 5,5,main]) started.
[        ] :app:generateDebugAssets (Thread[#14563,Execution worker Thread 5,5,main]) started.
[        ] > Task :app:generateDebugAssets UP-TO-DATE
[        ] Skipping task ':app:generateDebugAssets' as it has no actions.
[        ] Resolve mutations for :cloud_firestore:mergeDebugShaders (Thread[#14563,Execution worker Thread 5,5,main]) started.
[        ] :cloud_firestore:mergeDebugShaders (Thread[#14572,Execution worker Thread 13,5,main]) started.
[        ] > Task :cloud_firestore:mergeDebugShaders UP-TO-DATE
[        ] Caching disabled for task ':cloud_firestore:mergeDebugShaders' because:
[        ]   Build cache is disabled
[        ]   Simple merging task
[        ] Skipping task ':cloud_firestore:mergeDebugShaders' as it is up-to-date.
[        ] Resolve mutations for :cloud_firestore:compileDebugShaders (Thread[#14572,Execution worker Thread 13,5,main]) started.
[        ] :cloud_firestore:compileDebugShaders (Thread[#14572,Execution worker Thread 13,5,main]) started.
[        ] > Task :cloud_firestore:compileDebugShaders NO-SOURCE
[        ] Skipping task ':cloud_firestore:compileDebugShaders' as it has no source files and no previous output files.
[        ] Resolve mutations for :cloud_firestore:generateDebugAssets (Thread[#14572,Execution worker Thread 13,5,main]) started.
[        ] :cloud_firestore:generateDebugAssets (Thread[#14572,Execution worker Thread 13,5,main]) started.
[        ] > Task :cloud_firestore:generateDebugAssets UP-TO-DATE
[        ] Skipping task ':cloud_firestore:generateDebugAssets' as it has no actions.
[        ] Resolve mutations for :cloud_firestore:mergeDebugAssets (Thread[#14572,Execution worker Thread 13,5,main]) started.
[        ] :cloud_firestore:mergeDebugAssets (Thread[#14572,Execution worker Thread 13,5,main]) started.
[        ] > Task :cloud_firestore:mergeDebugAssets UP-TO-DATE
[        ] Caching disabled for task ':cloud_firestore:mergeDebugAssets' because:
[        ]   Build cache is disabled
[        ]   Simple merging task
[        ] Skipping task ':cloud_firestore:mergeDebugAssets' as it is up-to-date.
[        ] work action resolve mergeDebugAssets (project :cloud_firestore) (Thread[#14572,Execution worker Thread 13,5,main]) started.
[        ] Resolve mutations for :device_info_plus:mergeDebugShaders (Thread[#14572,Execution worker Thread 13,5,main]) started.
[        ] :device_info_plus:mergeDebugShaders (Thread[#14572,Execution worker Thread 13,5,main]) started.
[        ] > Task :device_info_plus:mergeDebugShaders UP-TO-DATE
[        ] Caching disabled for task ':device_info_plus:mergeDebugShaders' because:
[        ]   Build cache is disabled
[        ]   Simple merging task
[        ] Skipping task ':device_info_plus:mergeDebugShaders' as it is up-to-date.
[        ] Resolve mutations for :device_info_plus:compileDebugShaders (Thread[#14572,Execution worker Thread 13,5,main]) started.
[        ] :device_info_plus:compileDebugShaders (Thread[#14572,Execution worker Thread 13,5,main]) started.
[        ] > Task :device_info_plus:compileDebugShaders NO-SOURCE
[        ] Skipping task ':device_info_plus:compileDebugShaders' as it has no source files and no previous output files.
[        ] Resolve mutations for :device_info_plus:generateDebugAssets (Thread[#14572,Execution worker Thread 13,5,main]) started.
[        ] :device_info_plus:generateDebugAssets (Thread[#14572,Execution worker Thread 13,5,main]) started.
[        ] > Task :device_info_plus:generateDebugAssets UP-TO-DATE
[        ] Skipping task ':device_info_plus:generateDebugAssets' as it has no actions.
[        ] Resolve mutations for :device_info_plus:mergeDebugAssets (Thread[#14572,Execution worker Thread 13,5,main]) started.
[        ] :device_info_plus:mergeDebugAssets (Thread[#14572,Execution worker Thread 13,5,main]) started.
[        ] > Task :device_info_plus:mergeDebugAssets UP-TO-DATE
[        ] Caching disabled for task ':device_info_plus:mergeDebugAssets' because:
[        ]   Build cache is disabled
[        ]   Simple merging task
[        ] Skipping task ':device_info_plus:mergeDebugAssets' as it is up-to-date.
[        ] work action resolve mergeDebugAssets (project :device_info_plus) (Thread[#14572,Execution worker Thread 13,5,main]) started.
[        ] Resolve mutations for :firebase_app_check:mergeDebugShaders (Thread[#14572,Execution worker Thread 13,5,main]) started.
[        ] :firebase_app_check:mergeDebugShaders (Thread[#14572,Execution worker Thread 13,5,main]) started.
[        ] > Task :firebase_app_check:mergeDebugShaders UP-TO-DATE
[        ] Caching disabled for task ':firebase_app_check:mergeDebugShaders' because:
[        ]   Build cache is disabled
[        ]   Simple merging task
[        ] Skipping task ':firebase_app_check:mergeDebugShaders' as it is up-to-date.
[        ] Resolve mutations for :firebase_app_check:compileDebugShaders (Thread[#14572,Execution worker Thread 13,5,main]) started.
[        ] :firebase_app_check:compileDebugShaders (Thread[#14572,Execution worker Thread 13,5,main]) started.
[        ] > Task :firebase_app_check:compileDebugShaders NO-SOURCE
[        ] Skipping task ':firebase_app_check:compileDebugShaders' as it has no source files and no previous output files.
[        ] Resolve mutations for :firebase_app_check:generateDebugAssets (Thread[#14572,Execution worker Thread 13,5,main]) started.
[        ] :firebase_app_check:generateDebugAssets (Thread[#14572,Execution worker Thread 13,5,main]) started.
[        ] > Task :firebase_app_check:generateDebugAssets UP-TO-DATE
[        ] Skipping task ':firebase_app_check:generateDebugAssets' as it has no actions.
[        ] Resolve mutations for :firebase_app_check:mergeDebugAssets (Thread[#14572,Execution worker Thread 13,5,main]) started.
[        ] :firebase_app_check:mergeDebugAssets (Thread[#14572,Execution worker Thread 13,5,main]) started.
[        ] > Task :firebase_app_check:mergeDebugAssets UP-TO-DATE
[        ] Caching disabled for task ':firebase_app_check:mergeDebugAssets' because:
[        ]   Build cache is disabled
[        ]   Simple merging task
[        ] Skipping task ':firebase_app_check:mergeDebugAssets' as it is up-to-date.
[        ] work action resolve mergeDebugAssets (project :firebase_app_check) (Thread[#14572,Execution worker Thread 13,5,main]) started.
[        ] Resolve mutations for :firebase_auth:mergeDebugShaders (Thread[#14572,Execution worker Thread 13,5,main]) started.
[        ] :firebase_auth:mergeDebugShaders (Thread[#14572,Execution worker Thread 13,5,main]) started.
[        ] > Task :firebase_auth:mergeDebugShaders UP-TO-DATE
[        ] Caching disabled for task ':firebase_auth:mergeDebugShaders' because:
[        ]   Build cache is disabled
[        ]   Simple merging task
[        ] Skipping task ':firebase_auth:mergeDebugShaders' as it is up-to-date.
[        ] Resolve mutations for :firebase_auth:compileDebugShaders (Thread[#14572,Execution worker Thread 13,5,main]) started.
[        ] :firebase_auth:compileDebugShaders (Thread[#14572,Execution worker Thread 13,5,main]) started.
[        ] > Task :firebase_auth:compileDebugShaders NO-SOURCE
[        ] Skipping task ':firebase_auth:compileDebugShaders' as it has no source files and no previous output files.
[        ] Resolve mutations for :firebase_auth:generateDebugAssets (Thread[#14572,Execution worker Thread 13,5,main]) started.
[        ] :firebase_auth:generateDebugAssets (Thread[#14572,Execution worker Thread 13,5,main]) started.
[        ] > Task :firebase_auth:generateDebugAssets UP-TO-DATE
[        ] Skipping task ':firebase_auth:generateDebugAssets' as it has no actions.
[        ] Resolve mutations for :firebase_auth:mergeDebugAssets (Thread[#14572,Execution worker Thread 13,5,main]) started.
[        ] :firebase_auth:mergeDebugAssets (Thread[#14572,Execution worker Thread 13,5,main]) started.
[        ] > Task :firebase_auth:mergeDebugAssets UP-TO-DATE
[        ] Caching disabled for task ':firebase_auth:mergeDebugAssets' because:
[        ]   Build cache is disabled
[        ]   Simple merging task
[        ] Skipping task ':firebase_auth:mergeDebugAssets' as it is up-to-date.
[        ] work action resolve mergeDebugAssets (project :firebase_auth) (Thread[#14572,Execution worker Thread 13,5,main]) started.
[        ] Resolve mutations for :firebase_core:mergeDebugShaders (Thread[#14572,Execution worker Thread 13,5,main]) started.
[        ] :firebase_core:mergeDebugShaders (Thread[#14572,Execution worker Thread 13,5,main]) started.
[        ] > Task :firebase_core:mergeDebugShaders UP-TO-DATE
[        ] Caching disabled for task ':firebase_core:mergeDebugShaders' because:
[        ]   Build cache is disabled
[        ]   Simple merging task
[        ] Skipping task ':firebase_core:mergeDebugShaders' as it is up-to-date.
[        ] Resolve mutations for :firebase_core:compileDebugShaders (Thread[#14572,Execution worker Thread 13,5,main]) started.
[        ] :firebase_core:compileDebugShaders (Thread[#14572,Execution worker Thread 13,5,main]) started.
[        ] > Task :firebase_core:compileDebugShaders NO-SOURCE
[        ] Skipping task ':firebase_core:compileDebugShaders' as it has no source files and no previous output files.
[        ] Resolve mutations for :firebase_core:generateDebugAssets (Thread[#14572,Execution worker Thread 13,5,main]) started.
[        ] :firebase_core:generateDebugAssets (Thread[#14572,Execution worker Thread 13,5,main]) started.
[        ] > Task :firebase_core:generateDebugAssets UP-TO-DATE
[        ] Skipping task ':firebase_core:generateDebugAssets' as it has no actions.
[        ] Resolve mutations for :firebase_core:mergeDebugAssets (Thread[#14572,Execution worker Thread 13,5,main]) started.
[        ] :firebase_core:mergeDebugAssets (Thread[#14572,Execution worker Thread 13,5,main]) started.
[        ] > Task :firebase_core:mergeDebugAssets UP-TO-DATE
[        ] Caching disabled for task ':firebase_core:mergeDebugAssets' because:
[        ]   Build cache is disabled
[        ]   Simple merging task
[        ] Skipping task ':firebase_core:mergeDebugAssets' as it is up-to-date.
[        ] work action resolve mergeDebugAssets (project :firebase_core) (Thread[#14572,Execution worker Thread 13,5,main]) started.
[        ] Resolve mutations for :firebase_messaging:mergeDebugShaders (Thread[#14572,Execution worker Thread 13,5,main]) started.
[        ] :firebase_messaging:mergeDebugShaders (Thread[#14572,Execution worker Thread 13,5,main]) started.
[        ] > Task :firebase_messaging:mergeDebugShaders UP-TO-DATE
[        ] Caching disabled for task ':firebase_messaging:mergeDebugShaders' because:
[        ]   Build cache is disabled
[        ]   Simple merging task
[        ] Skipping task ':firebase_messaging:mergeDebugShaders' as it is up-to-date.
[        ] Resolve mutations for :firebase_messaging:compileDebugShaders (Thread[#14572,Execution worker Thread 13,5,main]) started.
[        ] :firebase_messaging:compileDebugShaders (Thread[#14572,Execution worker Thread 13,5,main]) started.
[        ] > Task :firebase_messaging:compileDebugShaders NO-SOURCE
[        ] Skipping task ':firebase_messaging:compileDebugShaders' as it has no source files and no previous output files.
[        ] Resolve mutations for :firebase_messaging:generateDebugAssets (Thread[#14572,Execution worker Thread 13,5,main]) started.
[        ] :firebase_messaging:generateDebugAssets (Thread[#14572,Execution worker Thread 13,5,main]) started.
[        ] > Task :firebase_messaging:generateDebugAssets UP-TO-DATE
[        ] Skipping task ':firebase_messaging:generateDebugAssets' as it has no actions.
[        ] Resolve mutations for :firebase_messaging:mergeDebugAssets (Thread[#14572,Execution worker Thread 13,5,main]) started.
[        ] :firebase_messaging:mergeDebugAssets (Thread[#14572,Execution worker Thread 13,5,main]) started.
[        ] > Task :firebase_messaging:mergeDebugAssets UP-TO-DATE
[        ] Caching disabled for task ':firebase_messaging:mergeDebugAssets' because:
[        ]   Build cache is disabled
[        ]   Simple merging task
[        ] Skipping task ':firebase_messaging:mergeDebugAssets' as it is up-to-date.
[        ] work action resolve mergeDebugAssets (project :firebase_messaging) (Thread[#14572,Execution worker Thread 13,5,main]) started.
[        ] Resolve mutations for :firebase_storage:mergeDebugShaders (Thread[#14572,Execution worker Thread 13,5,main]) started.
[        ] :firebase_storage:mergeDebugShaders (Thread[#14572,Execution worker Thread 13,5,main]) started.
[        ] > Task :firebase_storage:mergeDebugShaders UP-TO-DATE
[        ] Caching disabled for task ':firebase_storage:mergeDebugShaders' because:
[        ]   Build cache is disabled
[        ]   Simple merging task
[        ] Skipping task ':firebase_storage:mergeDebugShaders' as it is up-to-date.
[        ] Resolve mutations for :firebase_storage:compileDebugShaders (Thread[#14572,Execution worker Thread 13,5,main]) started.
[        ] :firebase_storage:compileDebugShaders (Thread[#14573,Execution worker Thread 14,5,main]) started.
[        ] > Task :firebase_storage:compileDebugShaders NO-SOURCE
[        ] Skipping task ':firebase_storage:compileDebugShaders' as it has no source files and no previous output files.
[        ] Resolve mutations for :firebase_storage:generateDebugAssets (Thread[#14573,Execution worker Thread 14,5,main]) started.
[        ] :firebase_storage:generateDebugAssets (Thread[#14573,Execution worker Thread 14,5,main]) started.
[        ] > Task :firebase_storage:generateDebugAssets UP-TO-DATE
[        ] Skipping task ':firebase_storage:generateDebugAssets' as it has no actions.
[        ] Resolve mutations for :firebase_storage:mergeDebugAssets (Thread[#14573,Execution worker Thread 14,5,main]) started.
[        ] :firebase_storage:mergeDebugAssets (Thread[#14573,Execution worker Thread 14,5,main]) started.
[        ] > Task :firebase_storage:mergeDebugAssets UP-TO-DATE
[        ] Caching disabled for task ':firebase_storage:mergeDebugAssets' because:
[        ]   Build cache is disabled
[        ]   Simple merging task
[        ] Skipping task ':firebase_storage:mergeDebugAssets' as it is up-to-date.
[        ] work action resolve mergeDebugAssets (project :firebase_storage) (Thread[#14573,Execution worker Thread 14,5,main]) started.
[        ] Resolve mutations for :flutter_local_notifications:mergeDebugShaders (Thread[#14573,Execution worker Thread 14,5,main]) started.
[        ] :flutter_local_notifications:mergeDebugShaders (Thread[#14573,Execution worker Thread 14,5,main]) started.
[        ] > Task :flutter_local_notifications:mergeDebugShaders UP-TO-DATE
[        ] Caching disabled for task ':flutter_local_notifications:mergeDebugShaders' because:
[        ]   Build cache is disabled
[        ]   Simple merging task
[        ] Skipping task ':flutter_local_notifications:mergeDebugShaders' as it is up-to-date.
[        ] Resolve mutations for :flutter_local_notifications:compileDebugShaders (Thread[#14573,Execution worker Thread 14,5,main]) started.
[        ] :flutter_local_notifications:compileDebugShaders (Thread[#14573,Execution worker Thread 14,5,main]) started.
[        ] > Task :flutter_local_notifications:compileDebugShaders NO-SOURCE
[        ] Skipping task ':flutter_local_notifications:compileDebugShaders' as it has no source files and no previous output files.
[        ] Resolve mutations for :flutter_local_notifications:generateDebugAssets (Thread[#14573,Execution worker Thread 14,5,main]) started.
[        ] :flutter_local_notifications:generateDebugAssets (Thread[#14573,Execution worker Thread 14,5,main]) started.
[        ] > Task :flutter_local_notifications:generateDebugAssets UP-TO-DATE
[        ] Skipping task ':flutter_local_notifications:generateDebugAssets' as it has no actions.
[        ] Resolve mutations for :flutter_local_notifications:mergeDebugAssets (Thread[#14573,Execution worker Thread 14,5,main]) started.
[        ] :flutter_local_notifications:mergeDebugAssets (Thread[#14573,Execution worker Thread 14,5,main]) started.
[        ] > Task :flutter_local_notifications:mergeDebugAssets UP-TO-DATE
[        ] Caching disabled for task ':flutter_local_notifications:mergeDebugAssets' because:
[        ]   Build cache is disabled
[        ]   Simple merging task
[        ] Skipping task ':flutter_local_notifications:mergeDebugAssets' as it is up-to-date.
[        ] work action resolve mergeDebugAssets (project :flutter_local_notifications) (Thread[#14573,Execution worker Thread 14,5,main]) started.
[        ] Resolve mutations for :flutter_plugin_android_lifecycle:mergeDebugShaders (Thread[#14573,Execution worker Thread 14,5,main]) started.
[        ] :flutter_plugin_android_lifecycle:mergeDebugShaders (Thread[#14573,Execution worker Thread 14,5,main]) started.
[        ] > Task :flutter_plugin_android_lifecycle:mergeDebugShaders UP-TO-DATE
[        ] Caching disabled for task ':flutter_plugin_android_lifecycle:mergeDebugShaders' because:
[        ]   Build cache is disabled
[        ]   Simple merging task
[        ] Skipping task ':flutter_plugin_android_lifecycle:mergeDebugShaders' as it is up-to-date.
[        ] Resolve mutations for :flutter_plugin_android_lifecycle:compileDebugShaders (Thread[#14573,Execution worker Thread 14,5,main]) started.
[        ] :flutter_plugin_android_lifecycle:compileDebugShaders (Thread[#14573,Execution worker Thread 14,5,main]) started.
[        ] > Task :flutter_plugin_android_lifecycle:compileDebugShaders NO-SOURCE
[        ] Skipping task ':flutter_plugin_android_lifecycle:compileDebugShaders' as it has no source files and no previous output files.
[        ] Resolve mutations for :flutter_plugin_android_lifecycle:generateDebugAssets (Thread[#14573,Execution worker Thread 14,5,main]) started.
[        ] :flutter_plugin_android_lifecycle:generateDebugAssets (Thread[#14573,Execution worker Thread 14,5,main]) started.
[        ] > Task :flutter_plugin_android_lifecycle:generateDebugAssets UP-TO-DATE
[        ] Skipping task ':flutter_plugin_android_lifecycle:generateDebugAssets' as it has no actions.
[        ] Resolve mutations for :flutter_plugin_android_lifecycle:mergeDebugAssets (Thread[#14573,Execution worker Thread 14,5,main]) started.
[        ] :flutter_plugin_android_lifecycle:mergeDebugAssets (Thread[#14573,Execution worker Thread 14,5,main]) started.
[        ] > Task :flutter_plugin_android_lifecycle:mergeDebugAssets UP-TO-DATE
[        ] Caching disabled for task ':flutter_plugin_android_lifecycle:mergeDebugAssets' because:
[        ]   Build cache is disabled
[        ]   Simple merging task
[        ] Skipping task ':flutter_plugin_android_lifecycle:mergeDebugAssets' as it is up-to-date.
[        ] work action resolve mergeDebugAssets (project :flutter_plugin_android_lifecycle) (Thread[#14573,Execution worker Thread 14,5,main]) started.
[        ] Resolve mutations for :geocoding_android:mergeDebugShaders (Thread[#14573,Execution worker Thread 14,5,main]) started.
[        ] :geocoding_android:mergeDebugShaders (Thread[#14573,Execution worker Thread 14,5,main]) started.
[        ] > Task :geocoding_android:mergeDebugShaders UP-TO-DATE
[        ] Caching disabled for task ':geocoding_android:mergeDebugShaders' because:
[        ]   Build cache is disabled
[        ]   Simple merging task
[        ] Skipping task ':geocoding_android:mergeDebugShaders' as it is up-to-date.
[        ] Resolve mutations for :geocoding_android:compileDebugShaders (Thread[#14573,Execution worker Thread 14,5,main]) started.
[        ] :geocoding_android:compileDebugShaders (Thread[#14573,Execution worker Thread 14,5,main]) started.
[        ] > Task :geocoding_android:compileDebugShaders NO-SOURCE
[        ] Skipping task ':geocoding_android:compileDebugShaders' as it has no source files and no previous output files.
[        ] Resolve mutations for :geocoding_android:generateDebugAssets (Thread[#14573,Execution worker Thread 14,5,main]) started.
[        ] :geocoding_android:generateDebugAssets (Thread[#14573,Execution worker Thread 14,5,main]) started.
[        ] > Task :geocoding_android:generateDebugAssets UP-TO-DATE
[        ] Skipping task ':geocoding_android:generateDebugAssets' as it has no actions.
[        ] Resolve mutations for :geocoding_android:mergeDebugAssets (Thread[#14573,Execution worker Thread 14,5,main]) started.
[        ] :geocoding_android:mergeDebugAssets (Thread[#14573,Execution worker Thread 14,5,main]) started.
[        ] > Task :geocoding_android:mergeDebugAssets UP-TO-DATE
[        ] Caching disabled for task ':geocoding_android:mergeDebugAssets' because:
[        ]   Build cache is disabled
[        ]   Simple merging task
[        ] Skipping task ':geocoding_android:mergeDebugAssets' as it is up-to-date.
[        ] work action resolve mergeDebugAssets (project :geocoding_android) (Thread[#14573,Execution worker Thread 14,5,main]) started.
[        ] Resolve mutations for :geolocator_android:mergeDebugShaders (Thread[#14573,Execution worker Thread 14,5,main]) started.
[        ] :geolocator_android:mergeDebugShaders (Thread[#14573,Execution worker Thread 14,5,main]) started.
[        ] > Task :geolocator_android:mergeDebugShaders UP-TO-DATE
[        ] Caching disabled for task ':geolocator_android:mergeDebugShaders' because:
[        ]   Build cache is disabled
[        ]   Simple merging task
[        ] Skipping task ':geolocator_android:mergeDebugShaders' as it is up-to-date.
[        ] Resolve mutations for :geolocator_android:compileDebugShaders (Thread[#14573,Execution worker Thread 14,5,main]) started.
[        ] :geolocator_android:compileDebugShaders (Thread[#14573,Execution worker Thread 14,5,main]) started.
[        ] > Task :geolocator_android:compileDebugShaders NO-SOURCE
[        ] Skipping task ':geolocator_android:compileDebugShaders' as it has no source files and no previous output files.
[        ] Resolve mutations for :geolocator_android:generateDebugAssets (Thread[#14573,Execution worker Thread 14,5,main]) started.
[        ] :geolocator_android:generateDebugAssets (Thread[#14573,Execution worker Thread 14,5,main]) started.
[        ] > Task :geolocator_android:generateDebugAssets UP-TO-DATE
[        ] Skipping task ':geolocator_android:generateDebugAssets' as it has no actions.
[        ] Resolve mutations for :geolocator_android:mergeDebugAssets (Thread[#14573,Execution worker Thread 14,5,main]) started.
[        ] :geolocator_android:mergeDebugAssets (Thread[#14563,Execution worker Thread 5,5,main]) started.
[        ] > Task :geolocator_android:mergeDebugAssets UP-TO-DATE
[        ] Caching disabled for task ':geolocator_android:mergeDebugAssets' because:
[        ]   Build cache is disabled
[        ]   Simple merging task
[        ] Skipping task ':geolocator_android:mergeDebugAssets' as it is up-to-date.
[        ] work action resolve mergeDebugAssets (project :geolocator_android) (Thread[#14563,Execution worker Thread 5,5,main]) started.
[        ] Resolve mutations for :google_maps_flutter_android:mergeDebugShaders (Thread[#14573,Execution worker Thread 14,5,main]) started.
[        ] :google_maps_flutter_android:mergeDebugShaders (Thread[#14573,Execution worker Thread 14,5,main]) started.
[        ] > Task :google_maps_flutter_android:mergeDebugShaders UP-TO-DATE
[        ] Caching disabled for task ':google_maps_flutter_android:mergeDebugShaders' because:
[        ]   Build cache is disabled
[        ]   Simple merging task
[        ] Skipping task ':google_maps_flutter_android:mergeDebugShaders' as it is up-to-date.
[        ] Resolve mutations for :google_maps_flutter_android:compileDebugShaders (Thread[#14573,Execution worker Thread 14,5,main]) started.
[        ] :google_maps_flutter_android:compileDebugShaders (Thread[#14573,Execution worker Thread 14,5,main]) started.
[        ] > Task :google_maps_flutter_android:compileDebugShaders NO-SOURCE
[        ] Skipping task ':google_maps_flutter_android:compileDebugShaders' as it has no source files and no previous output files.
[        ] Resolve mutations for :google_maps_flutter_android:generateDebugAssets (Thread[#14573,Execution worker Thread 14,5,main]) started.
[        ] :google_maps_flutter_android:generateDebugAssets (Thread[#14573,Execution worker Thread 14,5,main]) started.
[        ] > Task :google_maps_flutter_android:generateDebugAssets UP-TO-DATE
[        ] Skipping task ':google_maps_flutter_android:generateDebugAssets' as it has no actions.
[        ] Resolve mutations for :google_maps_flutter_android:mergeDebugAssets (Thread[#14573,Execution worker Thread 14,5,main]) started.
[        ] :google_maps_flutter_android:mergeDebugAssets (Thread[#14573,Execution worker Thread 14,5,main]) started.
[        ] > Task :google_maps_flutter_android:mergeDebugAssets UP-TO-DATE
[        ] Caching disabled for task ':google_maps_flutter_android:mergeDebugAssets' because:
[        ]   Build cache is disabled
[        ]   Simple merging task
[        ] Skipping task ':google_maps_flutter_android:mergeDebugAssets' as it is up-to-date.
[        ] work action resolve mergeDebugAssets (project :google_maps_flutter_android) (Thread[#14573,Execution worker Thread 14,5,main]) started.
[        ] Resolve mutations for :image_picker_android:mergeDebugShaders (Thread[#14573,Execution worker Thread 14,5,main]) started.
[        ] :image_picker_android:mergeDebugShaders (Thread[#14573,Execution worker Thread 14,5,main]) started.
[        ] > Task :image_picker_android:mergeDebugShaders UP-TO-DATE
[        ] Caching disabled for task ':image_picker_android:mergeDebugShaders' because:
[        ]   Build cache is disabled
[        ]   Simple merging task
[        ] Skipping task ':image_picker_android:mergeDebugShaders' as it is up-to-date.
[        ] Resolve mutations for :image_picker_android:compileDebugShaders (Thread[#14573,Execution worker Thread 14,5,main]) started.
[        ] :image_picker_android:compileDebugShaders (Thread[#14573,Execution worker Thread 14,5,main]) started.
[        ] > Task :image_picker_android:compileDebugShaders NO-SOURCE
[        ] Skipping task ':image_picker_android:compileDebugShaders' as it has no source files and no previous output files.
[        ] Resolve mutations for :image_picker_android:generateDebugAssets (Thread[#14573,Execution worker Thread 14,5,main]) started.
[        ] :image_picker_android:generateDebugAssets (Thread[#14573,Execution worker Thread 14,5,main]) started.
[        ] > Task :image_picker_android:generateDebugAssets UP-TO-DATE
[        ] Skipping task ':image_picker_android:generateDebugAssets' as it has no actions.
[        ] Resolve mutations for :image_picker_android:mergeDebugAssets (Thread[#14573,Execution worker Thread 14,5,main]) started.
[        ] :image_picker_android:mergeDebugAssets (Thread[#14573,Execution worker Thread 14,5,main]) started.
[        ] > Task :image_picker_android:mergeDebugAssets UP-TO-DATE
[        ] Caching disabled for task ':image_picker_android:mergeDebugAssets' because:
[        ]   Build cache is disabled
[        ]   Simple merging task
[        ] Skipping task ':image_picker_android:mergeDebugAssets' as it is up-to-date.
[        ] work action resolve mergeDebugAssets (project :image_picker_android) (Thread[#14573,Execution worker Thread 14,5,main]) started.
[        ] Resolve mutations for :jni:mergeDebugShaders (Thread[#14573,Execution worker Thread 14,5,main]) started.
[        ] :jni:mergeDebugShaders (Thread[#14573,Execution worker Thread 14,5,main]) started.
[        ] > Task :jni:mergeDebugShaders UP-TO-DATE
[        ] Caching disabled for task ':jni:mergeDebugShaders' because:
[        ]   Build cache is disabled
[        ]   Simple merging task
[        ] Skipping task ':jni:mergeDebugShaders' as it is up-to-date.
[        ] Resolve mutations for :jni:compileDebugShaders (Thread[#14573,Execution worker Thread 14,5,main]) started.
[        ] :jni:compileDebugShaders (Thread[#14573,Execution worker Thread 14,5,main]) started.
[        ] > Task :jni:compileDebugShaders NO-SOURCE
[        ] Skipping task ':jni:compileDebugShaders' as it has no source files and no previous output files.
[        ] Resolve mutations for :jni:generateDebugAssets (Thread[#14573,Execution worker Thread 14,5,main]) started.
[        ] :jni:generateDebugAssets (Thread[#14573,Execution worker Thread 14,5,main]) started.
[        ] > Task :jni:generateDebugAssets UP-TO-DATE
[        ] Skipping task ':jni:generateDebugAssets' as it has no actions.
[        ] Resolve mutations for :jni:mergeDebugAssets (Thread[#14573,Execution worker Thread 14,5,main]) started.
[        ] :jni:mergeDebugAssets (Thread[#14558,included builds,5,main]) started.
[        ] > Task :jni:mergeDebugAssets UP-TO-DATE
[        ] Caching disabled for task ':jni:mergeDebugAssets' because:
[        ]   Build cache is disabled
[        ]   Simple merging task
[        ] Skipping task ':jni:mergeDebugAssets' as it is up-to-date.
[        ] work action resolve mergeDebugAssets (project :jni) (Thread[#14558,included builds,5,main]) started.
[        ] Resolve mutations for :jni_flutter:mergeDebugShaders (Thread[#14558,included builds,5,main]) started.
[        ] :jni_flutter:mergeDebugShaders (Thread[#14558,included builds,5,main]) started.
[        ] > Task :jni_flutter:mergeDebugShaders UP-TO-DATE
[        ] Caching disabled for task ':jni_flutter:mergeDebugShaders' because:
[        ]   Build cache is disabled
[        ]   Simple merging task
[        ] Skipping task ':jni_flutter:mergeDebugShaders' as it is up-to-date.
[        ] Resolve mutations for :jni_flutter:compileDebugShaders (Thread[#14558,included builds,5,main]) started.
[        ] :jni_flutter:compileDebugShaders (Thread[#14558,included builds,5,main]) started.
[        ] > Task :jni_flutter:compileDebugShaders NO-SOURCE
[        ] Skipping task ':jni_flutter:compileDebugShaders' as it has no source files and no previous output files.
[        ] Resolve mutations for :jni_flutter:generateDebugAssets (Thread[#14558,included builds,5,main]) started.
[        ] :jni_flutter:generateDebugAssets (Thread[#14558,included builds,5,main]) started.
[        ] > Task :jni_flutter:generateDebugAssets UP-TO-DATE
[        ] Skipping task ':jni_flutter:generateDebugAssets' as it has no actions.
[        ] Resolve mutations for :jni_flutter:mergeDebugAssets (Thread[#14558,included builds,5,main]) started.
[        ] :jni_flutter:mergeDebugAssets (Thread[#14558,included builds,5,main]) started.
[        ] > Task :jni_flutter:mergeDebugAssets UP-TO-DATE
[        ] Caching disabled for task ':jni_flutter:mergeDebugAssets' because:
[        ]   Build cache is disabled
[        ]   Simple merging task
[        ] Skipping task ':jni_flutter:mergeDebugAssets' as it is up-to-date.
[        ] work action resolve mergeDebugAssets (project :jni_flutter) (Thread[#14558,included builds,5,main]) started.
[        ] Resolve mutations for :package_info_plus:mergeDebugShaders (Thread[#14558,included builds,5,main]) started.
[        ] :package_info_plus:mergeDebugShaders (Thread[#14558,included builds,5,main]) started.
[        ] > Task :package_info_plus:mergeDebugShaders UP-TO-DATE
[        ] Caching disabled for task ':package_info_plus:mergeDebugShaders' because:
[        ]   Build cache is disabled
[        ]   Simple merging task
[        ] Skipping task ':package_info_plus:mergeDebugShaders' as it is up-to-date.
[        ] Resolve mutations for :package_info_plus:compileDebugShaders (Thread[#14558,included builds,5,main]) started.
[        ] :package_info_plus:compileDebugShaders (Thread[#14558,included builds,5,main]) started.
[        ] > Task :package_info_plus:compileDebugShaders NO-SOURCE
[        ] Skipping task ':package_info_plus:compileDebugShaders' as it has no source files and no previous output files.
[        ] Resolve mutations for :package_info_plus:generateDebugAssets (Thread[#14558,included builds,5,main]) started.
[        ] :package_info_plus:generateDebugAssets (Thread[#14558,included builds,5,main]) started.
[        ] > Task :package_info_plus:generateDebugAssets UP-TO-DATE
[        ] Skipping task ':package_info_plus:generateDebugAssets' as it has no actions.
[        ] Resolve mutations for :package_info_plus:mergeDebugAssets (Thread[#14558,included builds,5,main]) started.
[        ] :package_info_plus:mergeDebugAssets (Thread[#14558,included builds,5,main]) started.
[        ] > Task :package_info_plus:mergeDebugAssets UP-TO-DATE
[        ] Caching disabled for task ':package_info_plus:mergeDebugAssets' because:
[        ]   Build cache is disabled
[        ]   Simple merging task
[        ] Skipping task ':package_info_plus:mergeDebugAssets' as it is up-to-date.
[        ] work action resolve mergeDebugAssets (project :package_info_plus) (Thread[#14558,included builds,5,main]) started.
[        ] Resolve mutations for :share_plus:mergeDebugShaders (Thread[#14558,included builds,5,main]) started.
[        ] :share_plus:mergeDebugShaders (Thread[#14558,included builds,5,main]) started.
[        ] > Task :share_plus:mergeDebugShaders UP-TO-DATE
[        ] Caching disabled for task ':share_plus:mergeDebugShaders' because:
[        ]   Build cache is disabled
[        ]   Simple merging task
[        ] Skipping task ':share_plus:mergeDebugShaders' as it is up-to-date.
[        ] Resolve mutations for :share_plus:compileDebugShaders (Thread[#14558,included builds,5,main]) started.
[        ] :share_plus:compileDebugShaders (Thread[#14558,included builds,5,main]) started.
[        ] > Task :share_plus:compileDebugShaders NO-SOURCE
[        ] Skipping task ':share_plus:compileDebugShaders' as it has no source files and no previous output files.
[        ] Resolve mutations for :share_plus:generateDebugAssets (Thread[#14558,included builds,5,main]) started.
[        ] :share_plus:generateDebugAssets (Thread[#14558,included builds,5,main]) started.
[        ] > Task :share_plus:generateDebugAssets UP-TO-DATE
[        ] Skipping task ':share_plus:generateDebugAssets' as it has no actions.
[        ] Resolve mutations for :share_plus:mergeDebugAssets (Thread[#14558,included builds,5,main]) started.
[        ] :share_plus:mergeDebugAssets (Thread[#14558,included builds,5,main]) started.
[        ] > Task :share_plus:mergeDebugAssets UP-TO-DATE
[        ] Caching disabled for task ':share_plus:mergeDebugAssets' because:
[        ]   Build cache is disabled
[        ]   Simple merging task
[        ] Skipping task ':share_plus:mergeDebugAssets' as it is up-to-date.
[        ] work action resolve mergeDebugAssets (project :share_plus) (Thread[#14558,included builds,5,main]) started.
[        ] Resolve mutations for :shared_preferences_android:mergeDebugShaders (Thread[#14558,included builds,5,main]) started.
[        ] :shared_preferences_android:mergeDebugShaders (Thread[#14558,included builds,5,main]) started.
[        ] > Task :shared_preferences_android:mergeDebugShaders UP-TO-DATE
[        ] Caching disabled for task ':shared_preferences_android:mergeDebugShaders' because:
[        ]   Build cache is disabled
[        ]   Simple merging task
[        ] Skipping task ':shared_preferences_android:mergeDebugShaders' as it is up-to-date.
[        ] Resolve mutations for :shared_preferences_android:compileDebugShaders (Thread[#14558,included builds,5,main]) started.
[        ] :shared_preferences_android:compileDebugShaders (Thread[#14558,included builds,5,main]) started.
[        ] > Task :shared_preferences_android:compileDebugShaders NO-SOURCE
[        ] Skipping task ':shared_preferences_android:compileDebugShaders' as it has no source files and no previous output files.
[        ] Resolve mutations for :shared_preferences_android:generateDebugAssets (Thread[#14558,included builds,5,main]) started.
[        ] :shared_preferences_android:generateDebugAssets (Thread[#14558,included builds,5,main]) started.
[        ] > Task :shared_preferences_android:generateDebugAssets UP-TO-DATE
[        ] Skipping task ':shared_preferences_android:generateDebugAssets' as it has no actions.
[        ] Resolve mutations for :shared_preferences_android:mergeDebugAssets (Thread[#14558,included builds,5,main]) started.
[        ] :shared_preferences_android:mergeDebugAssets (Thread[#14562,Execution worker Thread 4,5,main]) started.
[        ] > Task :shared_preferences_android:mergeDebugAssets UP-TO-DATE
[        ] Caching disabled for task ':shared_preferences_android:mergeDebugAssets' because:
[        ]   Build cache is disabled
[        ]   Simple merging task
[        ] Skipping task ':shared_preferences_android:mergeDebugAssets' as it is up-to-date.
[        ] work action resolve mergeDebugAssets (project :shared_preferences_android) (Thread[#14562,Execution worker Thread 4,5,main]) started.
[        ] Resolve mutations for :sqflite_android:mergeDebugShaders (Thread[#14562,Execution worker Thread 4,5,main]) started.
[        ] :sqflite_android:mergeDebugShaders (Thread[#14562,Execution worker Thread 4,5,main]) started.
[        ] > Task :sqflite_android:mergeDebugShaders UP-TO-DATE
[        ] Caching disabled for task ':sqflite_android:mergeDebugShaders' because:
[        ]   Build cache is disabled
[        ]   Simple merging task
[        ] Skipping task ':sqflite_android:mergeDebugShaders' as it is up-to-date.
[        ] Resolve mutations for :sqflite_android:compileDebugShaders (Thread[#14562,Execution worker Thread 4,5,main]) started.
[        ] :sqflite_android:compileDebugShaders (Thread[#14562,Execution worker Thread 4,5,main]) started.
[        ] > Task :sqflite_android:compileDebugShaders NO-SOURCE
[        ] Skipping task ':sqflite_android:compileDebugShaders' as it has no source files and no previous output files.
[        ] Resolve mutations for :sqflite_android:generateDebugAssets (Thread[#14562,Execution worker Thread 4,5,main]) started.
[        ] :sqflite_android:generateDebugAssets (Thread[#14562,Execution worker Thread 4,5,main]) started.
[        ] > Task :sqflite_android:generateDebugAssets UP-TO-DATE
[        ] Skipping task ':sqflite_android:generateDebugAssets' as it has no actions.
[        ] Resolve mutations for :sqflite_android:mergeDebugAssets (Thread[#14562,Execution worker Thread 4,5,main]) started.
[        ] :sqflite_android:mergeDebugAssets (Thread[#14562,Execution worker Thread 4,5,main]) started.
[        ] > Task :sqflite_android:mergeDebugAssets UP-TO-DATE
[        ] Caching disabled for task ':sqflite_android:mergeDebugAssets' because:
[        ]   Build cache is disabled
[        ]   Simple merging task
[        ] Skipping task ':sqflite_android:mergeDebugAssets' as it is up-to-date.
[        ] work action resolve mergeDebugAssets (project :sqflite_android) (Thread[#14562,Execution worker Thread 4,5,main]) started.
[        ] Resolve mutations for :url_launcher_android:mergeDebugShaders (Thread[#14562,Execution worker Thread 4,5,main]) started.
[        ] :url_launcher_android:mergeDebugShaders (Thread[#14562,Execution worker Thread 4,5,main]) started.
[        ] > Task :url_launcher_android:mergeDebugShaders UP-TO-DATE
[        ] Caching disabled for task ':url_launcher_android:mergeDebugShaders' because:
[        ]   Build cache is disabled
[        ]   Simple merging task
[        ] Skipping task ':url_launcher_android:mergeDebugShaders' as it is up-to-date.
[        ] Resolve mutations for :url_launcher_android:compileDebugShaders (Thread[#14562,Execution worker Thread 4,5,main]) started.
[        ] :url_launcher_android:compileDebugShaders (Thread[#14562,Execution worker Thread 4,5,main]) started.
[        ] > Task :url_launcher_android:compileDebugShaders NO-SOURCE
[        ] Skipping task ':url_launcher_android:compileDebugShaders' as it has no source files and no previous output files.
[        ] Resolve mutations for :url_launcher_android:generateDebugAssets (Thread[#14562,Execution worker Thread 4,5,main]) started.
[        ] :url_launcher_android:generateDebugAssets (Thread[#14562,Execution worker Thread 4,5,main]) started.
[        ] > Task :url_launcher_android:generateDebugAssets UP-TO-DATE
[        ] Skipping task ':url_launcher_android:generateDebugAssets' as it has no actions.
[        ] Resolve mutations for :url_launcher_android:mergeDebugAssets (Thread[#14562,Execution worker Thread 4,5,main]) started.
[        ] :url_launcher_android:mergeDebugAssets (Thread[#14562,Execution worker Thread 4,5,main]) started.
[        ] > Task :url_launcher_android:mergeDebugAssets UP-TO-DATE
[        ] Caching disabled for task ':url_launcher_android:mergeDebugAssets' because:
[        ]   Build cache is disabled
[        ]   Simple merging task
[        ] Skipping task ':url_launcher_android:mergeDebugAssets' as it is up-to-date.
[        ] work action resolve mergeDebugAssets (project :url_launcher_android) (Thread[#14562,Execution worker Thread 4,5,main]) started.
[        ] Resolve mutations for :app:mergeDebugAssets (Thread[#14562,Execution worker Thread 4,5,main]) started.
[        ] :app:mergeDebugAssets (Thread[#14562,Execution worker Thread 4,5,main]) started.
[  +77 ms] > Task :app:mergeDebugAssets
[        ] Caching disabled for task ':app:mergeDebugAssets' because:
[        ]   Build cache is disabled
[        ]   Simple merging task
[        ] Task ':app:mergeDebugAssets' is not up-to-date because:
[        ]   Output property 'outputDir' file C:\eventful_app\build\app\intermediates\assets\debug\mergeDebugAssets has been removed.
[        ] The input changes require a full rebuild for incremental task ':app:mergeDebugAssets'.
[        ] Resolve mutations for :app:copyFlutterAssetsDebug (Thread[#14562,Execution worker Thread 4,5,main]) started.
[        ] :app:copyFlutterAssetsDebug (Thread[#14562,Execution worker Thread 4,5,main]) started.
[ +288 ms] > Task :app:copyFlutterAssetsDebug
[        ] Caching disabled for task ':app:copyFlutterAssetsDebug' because:
[        ]   Build cache is disabled
[        ]   Not worth caching
[        ] Task ':app:copyFlutterAssetsDebug' is not up-to-date because:
[        ]   Output property 'destinationDir' file C:\eventful_app\build\app\intermediates\assets\debug\mergeDebugAssets\flutter_assets has been removed.
[        ]   Output property 'destinationDir' file C:\eventful_app\build\app\intermediates\assets\debug\mergeDebugAssets\flutter_assets\AssetManifest.bin has been removed.
[        ]   Output property 'destinationDir' file C:\eventful_app\build\app\intermediates\assets\debug\mergeDebugAssets\flutter_assets\FontManifest.json has been removed.
[        ]   and more...
[        ] Resolve mutations for :app:generateDebugResValues (Thread[#14562,Execution worker Thread 4,5,main]) started.
[        ] :app:generateDebugResValues (Thread[#14562,Execution worker Thread 4,5,main]) started.
[        ] > Task :app:generateDebugResValues UP-TO-DATE
[        ] Caching disabled for task ':app:generateDebugResValues' because:
[        ]   Build cache is disabled
[        ] Skipping task ':app:generateDebugResValues' as it is up-to-date.
[        ] Resolve mutations for :app:processDebugGoogleServices (Thread[#14562,Execution worker Thread 4,5,main]) started.
[        ] :app:processDebugGoogleServices (Thread[#14562,Execution worker Thread 4,5,main]) started.
[        ] > Task :app:processDebugGoogleServices UP-TO-DATE
[        ] Caching disabled for task ':app:processDebugGoogleServices' because:
[        ]   Build cache is disabled
[        ] Skipping task ':app:processDebugGoogleServices' as it is up-to-date.
[        ] Resolve mutations for :cloud_firestore:generateDebugResValues (Thread[#14562,Execution worker Thread 4,5,main]) started.
[        ] :cloud_firestore:generateDebugResValues (Thread[#14562,Execution worker Thread 4,5,main]) started.
[        ] > Task :cloud_firestore:generateDebugResValues UP-TO-DATE
[        ] Caching disabled for task ':cloud_firestore:generateDebugResValues' because:
[        ]   Build cache is disabled
[        ] Skipping task ':cloud_firestore:generateDebugResValues' as it is up-to-date.
[        ] Resolve mutations for :cloud_firestore:generateDebugResources (Thread[#14562,Execution worker Thread 4,5,main]) started.
[        ] :cloud_firestore:generateDebugResources (Thread[#14562,Execution worker Thread 4,5,main]) started.
[        ] > Task :cloud_firestore:generateDebugResources UP-TO-DATE
[        ] Caching disabled for task ':cloud_firestore:generateDebugResources' because:
[        ]   Build cache is disabled
[        ] Skipping task ':cloud_firestore:generateDebugResources' as it is up-to-date.
[        ] Resolve mutations for :cloud_firestore:packageDebugResources (Thread[#14562,Execution worker Thread 4,5,main]) started.
[        ] :cloud_firestore:packageDebugResources (Thread[#14562,Execution worker Thread 4,5,main]) started.
[        ] > Task :cloud_firestore:packageDebugResources UP-TO-DATE
[        ] Caching disabled for task ':cloud_firestore:packageDebugResources' because:
[        ]   Build cache is disabled
[        ] Skipping task ':cloud_firestore:packageDebugResources' as it is up-to-date.
[        ] work action resolve packageDebugResources (project :cloud_firestore) (Thread[#14562,Execution worker Thread 4,5,main]) started.
[        ] Resolve mutations for :device_info_plus:generateDebugResValues (Thread[#14562,Execution worker Thread 4,5,main]) started.
[        ] :device_info_plus:generateDebugResValues (Thread[#14562,Execution worker Thread 4,5,main]) started.
[        ] > Task :device_info_plus:generateDebugResValues UP-TO-DATE
[        ] Caching disabled for task ':device_info_plus:generateDebugResValues' because:
[        ]   Build cache is disabled
[        ] Skipping task ':device_info_plus:generateDebugResValues' as it is up-to-date.
[        ] Resolve mutations for :device_info_plus:generateDebugResources (Thread[#14562,Execution worker Thread 4,5,main]) started.
[        ] :device_info_plus:generateDebugResources (Thread[#14562,Execution worker Thread 4,5,main]) started.
[        ] > Task :device_info_plus:generateDebugResources UP-TO-DATE
[        ] Caching disabled for task ':device_info_plus:generateDebugResources' because:
[        ]   Build cache is disabled
[        ] Skipping task ':device_info_plus:generateDebugResources' as it is up-to-date.
[        ] Resolve mutations for :device_info_plus:packageDebugResources (Thread[#14562,Execution worker Thread 4,5,main]) started.
[        ] :device_info_plus:packageDebugResources (Thread[#14562,Execution worker Thread 4,5,main]) started.
[        ] > Task :device_info_plus:packageDebugResources UP-TO-DATE
[        ] Caching disabled for task ':device_info_plus:packageDebugResources' because:
[        ]   Build cache is disabled
[        ] Skipping task ':device_info_plus:packageDebugResources' as it is up-to-date.
[        ] work action resolve packageDebugResources (project :device_info_plus) (Thread[#14562,Execution worker Thread 4,5,main]) started.
[        ] Resolve mutations for :firebase_app_check:generateDebugResValues (Thread[#14562,Execution worker Thread 4,5,main]) started.
[        ] :firebase_app_check:generateDebugResValues (Thread[#14562,Execution worker Thread 4,5,main]) started.
[        ] > Task :firebase_app_check:generateDebugResValues UP-TO-DATE
[        ] Caching disabled for task ':firebase_app_check:generateDebugResValues' because:
[        ]   Build cache is disabled
[        ] Skipping task ':firebase_app_check:generateDebugResValues' as it is up-to-date.
[        ] Resolve mutations for :firebase_app_check:generateDebugResources (Thread[#14562,Execution worker Thread 4,5,main]) started.
[        ] :firebase_app_check:generateDebugResources (Thread[#14562,Execution worker Thread 4,5,main]) started.
[        ] > Task :firebase_app_check:generateDebugResources UP-TO-DATE
[        ] Caching disabled for task ':firebase_app_check:generateDebugResources' because:
[        ]   Build cache is disabled
[        ] Skipping task ':firebase_app_check:generateDebugResources' as it is up-to-date.
[        ] Resolve mutations for :firebase_app_check:packageDebugResources (Thread[#14562,Execution worker Thread 4,5,main]) started.
[        ] :firebase_app_check:packageDebugResources (Thread[#14562,Execution worker Thread 4,5,main]) started.
[        ] > Task :firebase_app_check:packageDebugResources UP-TO-DATE
[        ] Caching disabled for task ':firebase_app_check:packageDebugResources' because:
[        ]   Build cache is disabled
[        ] Skipping task ':firebase_app_check:packageDebugResources' as it is up-to-date.
[        ] work action resolve packageDebugResources (project :firebase_app_check) (Thread[#14562,Execution worker Thread 4,5,main]) started.
[        ] Resolve mutations for :firebase_auth:generateDebugResValues (Thread[#14562,Execution worker Thread 4,5,main]) started.
[        ] :firebase_auth:generateDebugResValues (Thread[#14562,Execution worker Thread 4,5,main]) started.
[        ] > Task :firebase_auth:generateDebugResValues UP-TO-DATE
[        ] Caching disabled for task ':firebase_auth:generateDebugResValues' because:
[        ]   Build cache is disabled
[        ] Skipping task ':firebase_auth:generateDebugResValues' as it is up-to-date.
[        ] Resolve mutations for :firebase_auth:generateDebugResources (Thread[#14562,Execution worker Thread 4,5,main]) started.
[        ] :firebase_auth:generateDebugResources (Thread[#14562,Execution worker Thread 4,5,main]) started.
[        ] > Task :firebase_auth:generateDebugResources UP-TO-DATE
[        ] Caching disabled for task ':firebase_auth:generateDebugResources' because:
[        ]   Build cache is disabled
[        ] Skipping task ':firebase_auth:generateDebugResources' as it is up-to-date.
[        ] Resolve mutations for :firebase_auth:packageDebugResources (Thread[#14562,Execution worker Thread 4,5,main]) started.
[        ] :firebase_auth:packageDebugResources (Thread[#14562,Execution worker Thread 4,5,main]) started.
[        ] > Task :firebase_auth:packageDebugResources UP-TO-DATE
[        ] Caching disabled for task ':firebase_auth:packageDebugResources' because:
[        ]   Build cache is disabled
[        ] Skipping task ':firebase_auth:packageDebugResources' as it is up-to-date.
[        ] work action resolve packageDebugResources (project :firebase_auth) (Thread[#14562,Execution worker Thread 4,5,main]) started.
[        ] Resolve mutations for :firebase_core:generateDebugResValues (Thread[#14562,Execution worker Thread 4,5,main]) started.
[        ] :firebase_core:generateDebugResValues (Thread[#14562,Execution worker Thread 4,5,main]) started.
[        ] > Task :firebase_core:generateDebugResValues UP-TO-DATE
[        ] Caching disabled for task ':firebase_core:generateDebugResValues' because:
[        ]   Build cache is disabled
[        ] Skipping task ':firebase_core:generateDebugResValues' as it is up-to-date.
[        ] Resolve mutations for :firebase_core:generateDebugResources (Thread[#14562,Execution worker Thread 4,5,main]) started.
[        ] :firebase_core:generateDebugResources (Thread[#14562,Execution worker Thread 4,5,main]) started.
[        ] > Task :firebase_core:generateDebugResources UP-TO-DATE
[        ] Caching disabled for task ':firebase_core:generateDebugResources' because:
[        ]   Build cache is disabled
[        ] Skipping task ':firebase_core:generateDebugResources' as it is up-to-date.
[        ] Resolve mutations for :firebase_core:packageDebugResources (Thread[#14562,Execution worker Thread 4,5,main]) started.
[        ] :firebase_core:packageDebugResources (Thread[#14563,Execution worker Thread 5,5,main]) started.
[        ] > Task :firebase_core:packageDebugResources UP-TO-DATE
[        ] Caching disabled for task ':firebase_core:packageDebugResources' because:
[        ]   Build cache is disabled
[        ] Skipping task ':firebase_core:packageDebugResources' as it is up-to-date.
[        ] work action resolve packageDebugResources (project :firebase_core) (Thread[#14563,Execution worker Thread 5,5,main]) started.
[        ] Resolve mutations for :firebase_messaging:generateDebugResValues (Thread[#14563,Execution worker Thread 5,5,main]) started.
[        ] :firebase_messaging:generateDebugResValues (Thread[#14563,Execution worker Thread 5,5,main]) started.
[        ] > Task :firebase_messaging:generateDebugResValues UP-TO-DATE
[        ] Caching disabled for task ':firebase_messaging:generateDebugResValues' because:
[        ]   Build cache is disabled
[        ] Skipping task ':firebase_messaging:generateDebugResValues' as it is up-to-date.
[        ] Resolve mutations for :firebase_messaging:generateDebugResources (Thread[#14563,Execution worker Thread 5,5,main]) started.
[        ] :firebase_messaging:generateDebugResources (Thread[#14563,Execution worker Thread 5,5,main]) started.
[        ] > Task :firebase_messaging:generateDebugResources UP-TO-DATE
[        ] Caching disabled for task ':firebase_messaging:generateDebugResources' because:
[        ]   Build cache is disabled
[        ] Skipping task ':firebase_messaging:generateDebugResources' as it is up-to-date.
[        ] Resolve mutations for :firebase_messaging:packageDebugResources (Thread[#14563,Execution worker Thread 5,5,main]) started.
[        ] :firebase_messaging:packageDebugResources (Thread[#14563,Execution worker Thread 5,5,main]) started.
[        ] > Task :firebase_messaging:packageDebugResources UP-TO-DATE
[        ] Caching disabled for task ':firebase_messaging:packageDebugResources' because:
[        ]   Build cache is disabled
[        ] Skipping task ':firebase_messaging:packageDebugResources' as it is up-to-date.
[        ] work action resolve packageDebugResources (project :firebase_messaging) (Thread[#14563,Execution worker Thread 5,5,main]) started.
[        ] Resolve mutations for :firebase_storage:generateDebugResValues (Thread[#14563,Execution worker Thread 5,5,main]) started.
[        ] :firebase_storage:generateDebugResValues (Thread[#14563,Execution worker Thread 5,5,main]) started.
[        ] > Task :firebase_storage:generateDebugResValues UP-TO-DATE
[        ] Caching disabled for task ':firebase_storage:generateDebugResValues' because:
[        ]   Build cache is disabled
[        ] Skipping task ':firebase_storage:generateDebugResValues' as it is up-to-date.
[        ] Resolve mutations for :firebase_storage:generateDebugResources (Thread[#14563,Execution worker Thread 5,5,main]) started.
[        ] :firebase_storage:generateDebugResources (Thread[#14563,Execution worker Thread 5,5,main]) started.
[        ] > Task :firebase_storage:generateDebugResources UP-TO-DATE
[        ] Caching disabled for task ':firebase_storage:generateDebugResources' because:
[        ]   Build cache is disabled
[        ] Skipping task ':firebase_storage:generateDebugResources' as it is up-to-date.
[        ] Resolve mutations for :firebase_storage:packageDebugResources (Thread[#14563,Execution worker Thread 5,5,main]) started.
[        ] :firebase_storage:packageDebugResources (Thread[#14563,Execution worker Thread 5,5,main]) started.
[        ] > Task :firebase_storage:packageDebugResources UP-TO-DATE
[        ] Caching disabled for task ':firebase_storage:packageDebugResources' because:
[        ]   Build cache is disabled
[        ] Skipping task ':firebase_storage:packageDebugResources' as it is up-to-date.
[        ] work action resolve packageDebugResources (project :firebase_storage) (Thread[#14563,Execution worker Thread 5,5,main]) started.
[        ] Resolve mutations for :flutter_local_notifications:generateDebugResValues (Thread[#14563,Execution worker Thread 5,5,main]) started.
[        ] :flutter_local_notifications:generateDebugResValues (Thread[#14563,Execution worker Thread 5,5,main]) started.
[        ] > Task :flutter_local_notifications:generateDebugResValues UP-TO-DATE
[        ] Caching disabled for task ':flutter_local_notifications:generateDebugResValues' because:
[        ]   Build cache is disabled
[        ] Skipping task ':flutter_local_notifications:generateDebugResValues' as it is up-to-date.
[        ] Resolve mutations for :flutter_local_notifications:generateDebugResources (Thread[#14563,Execution worker Thread 5,5,main]) started.
[        ] :flutter_local_notifications:generateDebugResources (Thread[#14563,Execution worker Thread 5,5,main]) started.
[        ] > Task :flutter_local_notifications:generateDebugResources UP-TO-DATE
[        ] Caching disabled for task ':flutter_local_notifications:generateDebugResources' because:
[        ]   Build cache is disabled
[        ] Skipping task ':flutter_local_notifications:generateDebugResources' as it is up-to-date.
[        ] Resolve mutations for :flutter_local_notifications:packageDebugResources (Thread[#14563,Execution worker Thread 5,5,main]) started.
[        ] :flutter_local_notifications:packageDebugResources (Thread[#14563,Execution worker Thread 5,5,main]) started.
[        ] > Task :flutter_local_notifications:packageDebugResources UP-TO-DATE
[        ] Caching disabled for task ':flutter_local_notifications:packageDebugResources' because:
[        ]   Build cache is disabled
[        ] Skipping task ':flutter_local_notifications:packageDebugResources' as it is up-to-date.
[        ] work action resolve packageDebugResources (project :flutter_local_notifications) (Thread[#14563,Execution worker Thread 5,5,main]) started.
[        ] Resolve mutations for :flutter_plugin_android_lifecycle:generateDebugResValues (Thread[#14563,Execution worker Thread 5,5,main]) started.
[        ] :flutter_plugin_android_lifecycle:generateDebugResValues (Thread[#14563,Execution worker Thread 5,5,main]) started.
[        ] > Task :flutter_plugin_android_lifecycle:generateDebugResValues UP-TO-DATE
[        ] Caching disabled for task ':flutter_plugin_android_lifecycle:generateDebugResValues' because:
[        ]   Build cache is disabled
[        ] Skipping task ':flutter_plugin_android_lifecycle:generateDebugResValues' as it is up-to-date.
[        ] Resolve mutations for :flutter_plugin_android_lifecycle:generateDebugResources (Thread[#14563,Execution worker Thread 5,5,main]) started.
[        ] :flutter_plugin_android_lifecycle:generateDebugResources (Thread[#14563,Execution worker Thread 5,5,main]) started.
[        ] > Task :flutter_plugin_android_lifecycle:generateDebugResources UP-TO-DATE
[        ] Caching disabled for task ':flutter_plugin_android_lifecycle:generateDebugResources' because:
[        ]   Build cache is disabled
[        ] Skipping task ':flutter_plugin_android_lifecycle:generateDebugResources' as it is up-to-date.
[        ] Resolve mutations for :flutter_plugin_android_lifecycle:packageDebugResources (Thread[#14563,Execution worker Thread 5,5,main]) started.
[        ] :flutter_plugin_android_lifecycle:packageDebugResources (Thread[#14563,Execution worker Thread 5,5,main]) started.
[        ] > Task :flutter_plugin_android_lifecycle:packageDebugResources UP-TO-DATE
[        ] Caching disabled for task ':flutter_plugin_android_lifecycle:packageDebugResources' because:
[        ]   Build cache is disabled
[        ] Skipping task ':flutter_plugin_android_lifecycle:packageDebugResources' as it is up-to-date.
[        ] work action resolve packageDebugResources (project :flutter_plugin_android_lifecycle) (Thread[#14563,Execution worker Thread 5,5,main]) started.
[        ] Resolve mutations for :geocoding_android:generateDebugResValues (Thread[#14563,Execution worker Thread 5,5,main]) started.
[        ] :geocoding_android:generateDebugResValues (Thread[#14563,Execution worker Thread 5,5,main]) started.
[        ] > Task :geocoding_android:generateDebugResValues UP-TO-DATE
[        ] Caching disabled for task ':geocoding_android:generateDebugResValues' because:
[        ]   Build cache is disabled
[        ] Skipping task ':geocoding_android:generateDebugResValues' as it is up-to-date.
[        ] Resolve mutations for :geocoding_android:generateDebugResources (Thread[#14563,Execution worker Thread 5,5,main]) started.
[        ] :geocoding_android:generateDebugResources (Thread[#14563,Execution worker Thread 5,5,main]) started.
[        ] > Task :geocoding_android:generateDebugResources UP-TO-DATE
[        ] Caching disabled for task ':geocoding_android:generateDebugResources' because:
[        ]   Build cache is disabled
[        ] Skipping task ':geocoding_android:generateDebugResources' as it is up-to-date.
[        ] Resolve mutations for :geocoding_android:packageDebugResources (Thread[#14563,Execution worker Thread 5,5,main]) started.
[        ] :geocoding_android:packageDebugResources (Thread[#14563,Execution worker Thread 5,5,main]) started.
[        ] > Task :geocoding_android:packageDebugResources UP-TO-DATE
[        ] Caching disabled for task ':geocoding_android:packageDebugResources' because:
[        ]   Build cache is disabled
[        ] Skipping task ':geocoding_android:packageDebugResources' as it is up-to-date.
[        ] work action resolve packageDebugResources (project :geocoding_android) (Thread[#14563,Execution worker Thread 5,5,main]) started.
[        ] Resolve mutations for :geolocator_android:generateDebugResValues (Thread[#14563,Execution worker Thread 5,5,main]) started.
[        ] :geolocator_android:generateDebugResValues (Thread[#14563,Execution worker Thread 5,5,main]) started.
[        ] > Task :geolocator_android:generateDebugResValues UP-TO-DATE
[        ] Caching disabled for task ':geolocator_android:generateDebugResValues' because:
[        ]   Build cache is disabled
[        ] Skipping task ':geolocator_android:generateDebugResValues' as it is up-to-date.
[        ] Resolve mutations for :geolocator_android:generateDebugResources (Thread[#14563,Execution worker Thread 5,5,main]) started.
[        ] :geolocator_android:generateDebugResources (Thread[#14563,Execution worker Thread 5,5,main]) started.
[        ] > Task :geolocator_android:generateDebugResources UP-TO-DATE
[        ] Caching disabled for task ':geolocator_android:generateDebugResources' because:
[        ]   Build cache is disabled
[        ] Skipping task ':geolocator_android:generateDebugResources' as it is up-to-date.
[        ] Resolve mutations for :geolocator_android:packageDebugResources (Thread[#14563,Execution worker Thread 5,5,main]) started.
[        ] :geolocator_android:packageDebugResources (Thread[#14563,Execution worker Thread 5,5,main]) started.
[        ] > Task :geolocator_android:packageDebugResources UP-TO-DATE
[        ] Caching disabled for task ':geolocator_android:packageDebugResources' because:
[        ]   Build cache is disabled
[        ] Skipping task ':geolocator_android:packageDebugResources' as it is up-to-date.
[        ] work action resolve packageDebugResources (project :geolocator_android) (Thread[#14563,Execution worker Thread 5,5,main]) started.
[        ] Resolve mutations for :google_maps_flutter_android:generateDebugResValues (Thread[#14563,Execution worker Thread 5,5,main]) started.
[        ] :google_maps_flutter_android:generateDebugResValues (Thread[#14563,Execution worker Thread 5,5,main]) started.
[        ] > Task :google_maps_flutter_android:generateDebugResValues UP-TO-DATE
[        ] Caching disabled for task ':google_maps_flutter_android:generateDebugResValues' because:
[        ]   Build cache is disabled
[        ] Skipping task ':google_maps_flutter_android:generateDebugResValues' as it is up-to-date.
[        ] Resolve mutations for :google_maps_flutter_android:generateDebugResources (Thread[#14563,Execution worker Thread 5,5,main]) started.
[        ] :google_maps_flutter_android:generateDebugResources (Thread[#14563,Execution worker Thread 5,5,main]) started.
[        ] > Task :google_maps_flutter_android:generateDebugResources UP-TO-DATE
[        ] Caching disabled for task ':google_maps_flutter_android:generateDebugResources' because:
[        ]   Build cache is disabled
[        ] Skipping task ':google_maps_flutter_android:generateDebugResources' as it is up-to-date.
[        ] Resolve mutations for :google_maps_flutter_android:packageDebugResources (Thread[#14563,Execution worker Thread 5,5,main]) started.
[        ] :google_maps_flutter_android:packageDebugResources (Thread[#14563,Execution worker Thread 5,5,main]) started.
[        ] > Task :google_maps_flutter_android:packageDebugResources UP-TO-DATE
[        ] Caching disabled for task ':google_maps_flutter_android:packageDebugResources' because:
[        ]   Build cache is disabled
[        ] Skipping task ':google_maps_flutter_android:packageDebugResources' as it is up-to-date.
[        ] work action resolve packageDebugResources (project :google_maps_flutter_android) (Thread[#14563,Execution worker Thread 5,5,main]) started.
[        ] Resolve mutations for :image_picker_android:generateDebugResValues (Thread[#14563,Execution worker Thread 5,5,main]) started.
[        ] :image_picker_android:generateDebugResValues (Thread[#14563,Execution worker Thread 5,5,main]) started.
[        ] > Task :image_picker_android:generateDebugResValues UP-TO-DATE
[        ] Caching disabled for task ':image_picker_android:generateDebugResValues' because:
[        ]   Build cache is disabled
[        ] Skipping task ':image_picker_android:generateDebugResValues' as it is up-to-date.
[        ] Resolve mutations for :image_picker_android:generateDebugResources (Thread[#14563,Execution worker Thread 5,5,main]) started.
[        ] :image_picker_android:generateDebugResources (Thread[#14573,Execution worker Thread 14,5,main]) started.
[        ] > Task :image_picker_android:generateDebugResources UP-TO-DATE
[        ] Caching disabled for task ':image_picker_android:generateDebugResources' because:
[        ]   Build cache is disabled
[        ] Skipping task ':image_picker_android:generateDebugResources' as it is up-to-date.
[        ] Resolve mutations for :image_picker_android:packageDebugResources (Thread[#14573,Execution worker Thread 14,5,main]) started.
[        ] :image_picker_android:packageDebugResources (Thread[#14573,Execution worker Thread 14,5,main]) started.
[        ] > Task :image_picker_android:packageDebugResources UP-TO-DATE
[        ] Caching disabled for task ':image_picker_android:packageDebugResources' because:
[        ]   Build cache is disabled
[        ] Skipping task ':image_picker_android:packageDebugResources' as it is up-to-date.
[        ] work action resolve packageDebugResources (project :image_picker_android) (Thread[#14573,Execution worker Thread 14,5,main]) started.
[        ] Resolve mutations for :jni:generateDebugResValues (Thread[#14573,Execution worker Thread 14,5,main]) started.
[        ] :jni:generateDebugResValues (Thread[#14573,Execution worker Thread 14,5,main]) started.
[        ] > Task :jni:generateDebugResValues UP-TO-DATE
[        ] Caching disabled for task ':jni:generateDebugResValues' because:
[        ]   Build cache is disabled
[        ] Skipping task ':jni:generateDebugResValues' as it is up-to-date.
[        ] Resolve mutations for :jni:generateDebugResources (Thread[#14573,Execution worker Thread 14,5,main]) started.
[        ] :jni:generateDebugResources (Thread[#14573,Execution worker Thread 14,5,main]) started.
[        ] > Task :jni:generateDebugResources UP-TO-DATE
[        ] Caching disabled for task ':jni:generateDebugResources' because:
[        ]   Build cache is disabled
[        ] Skipping task ':jni:generateDebugResources' as it is up-to-date.
[        ] Resolve mutations for :jni:packageDebugResources (Thread[#14573,Execution worker Thread 14,5,main]) started.
[        ] :jni:packageDebugResources (Thread[#14573,Execution worker Thread 14,5,main]) started.
[        ] > Task :jni:packageDebugResources UP-TO-DATE
[        ] Caching disabled for task ':jni:packageDebugResources' because:
[        ]   Build cache is disabled
[        ] Skipping task ':jni:packageDebugResources' as it is up-to-date.
[        ] work action resolve packageDebugResources (project :jni) (Thread[#14573,Execution worker Thread 14,5,main]) started.
[        ] Resolve mutations for :jni_flutter:generateDebugResValues (Thread[#14573,Execution worker Thread 14,5,main]) started.
[        ] :jni_flutter:generateDebugResValues (Thread[#14573,Execution worker Thread 14,5,main]) started.
[        ] > Task :jni_flutter:generateDebugResValues UP-TO-DATE
[        ] Caching disabled for task ':jni_flutter:generateDebugResValues' because:
[        ]   Build cache is disabled
[        ] Skipping task ':jni_flutter:generateDebugResValues' as it is up-to-date.
[        ] Resolve mutations for :jni_flutter:generateDebugResources (Thread[#14573,Execution worker Thread 14,5,main]) started.
[        ] :jni_flutter:generateDebugResources (Thread[#14573,Execution worker Thread 14,5,main]) started.
[        ] > Task :jni_flutter:generateDebugResources UP-TO-DATE
[        ] Caching disabled for task ':jni_flutter:generateDebugResources' because:
[        ]   Build cache is disabled
[        ] Skipping task ':jni_flutter:generateDebugResources' as it is up-to-date.
[        ] Resolve mutations for :jni_flutter:packageDebugResources (Thread[#14573,Execution worker Thread 14,5,main]) started.
[        ] :jni_flutter:packageDebugResources (Thread[#14573,Execution worker Thread 14,5,main]) started.
[        ] > Task :jni_flutter:packageDebugResources UP-TO-DATE
[        ] Caching disabled for task ':jni_flutter:packageDebugResources' because:
[        ]   Build cache is disabled
[        ] Skipping task ':jni_flutter:packageDebugResources' as it is up-to-date.
[        ] work action resolve packageDebugResources (project :jni_flutter) (Thread[#14573,Execution worker Thread 14,5,main]) started.
[        ] Resolve mutations for :package_info_plus:generateDebugResValues (Thread[#14573,Execution worker Thread 14,5,main]) started.
[        ] :package_info_plus:generateDebugResValues (Thread[#14573,Execution worker Thread 14,5,main]) started.
[        ] > Task :package_info_plus:generateDebugResValues UP-TO-DATE
[        ] Caching disabled for task ':package_info_plus:generateDebugResValues' because:
[        ]   Build cache is disabled
[        ] Skipping task ':package_info_plus:generateDebugResValues' as it is up-to-date.
[        ] Resolve mutations for :package_info_plus:generateDebugResources (Thread[#14573,Execution worker Thread 14,5,main]) started.
[        ] :package_info_plus:generateDebugResources (Thread[#14573,Execution worker Thread 14,5,main]) started.
[        ] > Task :package_info_plus:generateDebugResources UP-TO-DATE
[        ] Caching disabled for task ':package_info_plus:generateDebugResources' because:
[        ]   Build cache is disabled
[        ] Skipping task ':package_info_plus:generateDebugResources' as it is up-to-date.
[        ] Resolve mutations for :package_info_plus:packageDebugResources (Thread[#14573,Execution worker Thread 14,5,main]) started.
[        ] :package_info_plus:packageDebugResources (Thread[#14573,Execution worker Thread 14,5,main]) started.
[        ] > Task :package_info_plus:packageDebugResources UP-TO-DATE
[        ] Caching disabled for task ':package_info_plus:packageDebugResources' because:
[        ]   Build cache is disabled
[        ] Skipping task ':package_info_plus:packageDebugResources' as it is up-to-date.
[        ] work action resolve packageDebugResources (project :package_info_plus) (Thread[#14573,Execution worker Thread 14,5,main]) started.
[        ] Resolve mutations for :share_plus:generateDebugResValues (Thread[#14573,Execution worker Thread 14,5,main]) started.
[        ] :share_plus:generateDebugResValues (Thread[#14573,Execution worker Thread 14,5,main]) started.
[        ] > Task :share_plus:generateDebugResValues UP-TO-DATE
[        ] Caching disabled for task ':share_plus:generateDebugResValues' because:
[        ]   Build cache is disabled
[        ] Skipping task ':share_plus:generateDebugResValues' as it is up-to-date.
[        ] Resolve mutations for :share_plus:generateDebugResources (Thread[#14573,Execution worker Thread 14,5,main]) started.
[        ] :share_plus:generateDebugResources (Thread[#14573,Execution worker Thread 14,5,main]) started.
[        ] > Task :share_plus:generateDebugResources UP-TO-DATE
[        ] Caching disabled for task ':share_plus:generateDebugResources' because:
[        ]   Build cache is disabled
[        ] Skipping task ':share_plus:generateDebugResources' as it is up-to-date.
[        ] Resolve mutations for :share_plus:packageDebugResources (Thread[#14573,Execution worker Thread 14,5,main]) started.
[        ] :share_plus:packageDebugResources (Thread[#14573,Execution worker Thread 14,5,main]) started.
[        ] > Task :share_plus:packageDebugResources UP-TO-DATE
[        ] Caching disabled for task ':share_plus:packageDebugResources' because:
[        ]   Build cache is disabled
[        ] Skipping task ':share_plus:packageDebugResources' as it is up-to-date.
[        ] work action resolve packageDebugResources (project :share_plus) (Thread[#14573,Execution worker Thread 14,5,main]) started.
[        ] Resolve mutations for :shared_preferences_android:generateDebugResValues (Thread[#14573,Execution worker Thread 14,5,main]) started.
[        ] :shared_preferences_android:generateDebugResValues (Thread[#14573,Execution worker Thread 14,5,main]) started.
[        ] > Task :shared_preferences_android:generateDebugResValues UP-TO-DATE
[        ] Caching disabled for task ':shared_preferences_android:generateDebugResValues' because:
[        ]   Build cache is disabled
[        ] Skipping task ':shared_preferences_android:generateDebugResValues' as it is up-to-date.
[        ] Resolve mutations for :shared_preferences_android:generateDebugResources (Thread[#14573,Execution worker Thread 14,5,main]) started.
[        ] :shared_preferences_android:generateDebugResources (Thread[#14573,Execution worker Thread 14,5,main]) started.
[        ] > Task :shared_preferences_android:generateDebugResources UP-TO-DATE
[        ] Caching disabled for task ':shared_preferences_android:generateDebugResources' because:
[        ]   Build cache is disabled
[        ] Skipping task ':shared_preferences_android:generateDebugResources' as it is up-to-date.
[        ] Resolve mutations for :shared_preferences_android:packageDebugResources (Thread[#14573,Execution worker Thread 14,5,main]) started.
[        ] :shared_preferences_android:packageDebugResources (Thread[#14573,Execution worker Thread 14,5,main]) started.
[        ] > Task :shared_preferences_android:packageDebugResources UP-TO-DATE
[        ] Caching disabled for task ':shared_preferences_android:packageDebugResources' because:
[        ]   Build cache is disabled
[        ] Skipping task ':shared_preferences_android:packageDebugResources' as it is up-to-date.
[        ] work action resolve packageDebugResources (project :shared_preferences_android) (Thread[#14573,Execution worker Thread 14,5,main]) started.
[        ] Resolve mutations for :sqflite_android:generateDebugResValues (Thread[#14573,Execution worker Thread 14,5,main]) started.
[        ] :sqflite_android:generateDebugResValues (Thread[#14573,Execution worker Thread 14,5,main]) started.
[        ] > Task :sqflite_android:generateDebugResValues UP-TO-DATE
[        ] Caching disabled for task ':sqflite_android:generateDebugResValues' because:
[        ]   Build cache is disabled
[        ] Skipping task ':sqflite_android:generateDebugResValues' as it is up-to-date.
[        ] Resolve mutations for :sqflite_android:generateDebugResources (Thread[#14573,Execution worker Thread 14,5,main]) started.
[        ] :sqflite_android:generateDebugResources (Thread[#14573,Execution worker Thread 14,5,main]) started.
[        ] > Task :sqflite_android:generateDebugResources UP-TO-DATE
[        ] Caching disabled for task ':sqflite_android:generateDebugResources' because:
[        ]   Build cache is disabled
[        ] Skipping task ':sqflite_android:generateDebugResources' as it is up-to-date.
[        ] Resolve mutations for :sqflite_android:packageDebugResources (Thread[#14573,Execution worker Thread 14,5,main]) started.
[        ] :sqflite_android:packageDebugResources (Thread[#14573,Execution worker Thread 14,5,main]) started.
[        ] > Task :sqflite_android:packageDebugResources UP-TO-DATE
[        ] Caching disabled for task ':sqflite_android:packageDebugResources' because:
[        ]   Build cache is disabled
[        ] Skipping task ':sqflite_android:packageDebugResources' as it is up-to-date.
[        ] work action resolve packageDebugResources (project :sqflite_android) (Thread[#14573,Execution worker Thread 14,5,main]) started.
[        ] Resolve mutations for :url_launcher_android:generateDebugResValues (Thread[#14573,Execution worker Thread 14,5,main]) started.
[        ] :url_launcher_android:generateDebugResValues (Thread[#14573,Execution worker Thread 14,5,main]) started.
[        ] > Task :url_launcher_android:generateDebugResValues UP-TO-DATE
[        ] Caching disabled for task ':url_launcher_android:generateDebugResValues' because:
[        ]   Build cache is disabled
[        ] Skipping task ':url_launcher_android:generateDebugResValues' as it is up-to-date.
[        ] Resolve mutations for :url_launcher_android:generateDebugResources (Thread[#14573,Execution worker Thread 14,5,main]) started.
[        ] :url_launcher_android:generateDebugResources (Thread[#14573,Execution worker Thread 14,5,main]) started.
[        ] > Task :url_launcher_android:generateDebugResources UP-TO-DATE
[        ] Caching disabled for task ':url_launcher_android:generateDebugResources' because:
[        ]   Build cache is disabled
[        ] Skipping task ':url_launcher_android:generateDebugResources' as it is up-to-date.
[        ] Resolve mutations for :url_launcher_android:packageDebugResources (Thread[#14573,Execution worker Thread 14,5,main]) started.
[        ] :url_launcher_android:packageDebugResources (Thread[#14573,Execution worker Thread 14,5,main]) started.
[        ] > Task :url_launcher_android:packageDebugResources UP-TO-DATE
[        ] Caching disabled for task ':url_launcher_android:packageDebugResources' because:
[        ]   Build cache is disabled
[        ] Skipping task ':url_launcher_android:packageDebugResources' as it is up-to-date.
[        ] work action resolve packageDebugResources (project :url_launcher_android) (Thread[#14573,Execution worker Thread 14,5,main]) started.
[        ] Resolve mutations for :app:mapDebugSourceSetPaths (Thread[#14573,Execution worker Thread 14,5,main]) started.
[        ] :app:mapDebugSourceSetPaths (Thread[#14573,Execution worker Thread 14,5,main]) started.
[        ] > Task :app:mapDebugSourceSetPaths UP-TO-DATE
[        ] Caching disabled for task ':app:mapDebugSourceSetPaths' because:
[        ]   Build cache is disabled
[        ]   Caching has been disabled for the task
[        ] Skipping task ':app:mapDebugSourceSetPaths' as it is up-to-date.
[        ] Resolve mutations for :app:generateDebugResources (Thread[#14573,Execution worker Thread 14,5,main]) started.
[        ] :app:generateDebugResources (Thread[#14573,Execution worker Thread 14,5,main]) started.
[        ] > Task :app:generateDebugResources UP-TO-DATE
[        ] Caching disabled for task ':app:generateDebugResources' because:
[        ]   Build cache is disabled
[        ] Skipping task ':app:generateDebugResources' as it is up-to-date.
[        ] Resolve mutations for :app:mergeDebugResources (Thread[#14573,Execution worker Thread 14,5,main]) started.
[        ] :app:mergeDebugResources (Thread[#14573,Execution worker Thread 14,5,main]) started.
[  +72 ms] > Task :app:mergeDebugResources UP-TO-DATE
[        ] Caching disabled for task ':app:mergeDebugResources' because:
[        ]   Build cache is disabled
[        ] Skipping task ':app:mergeDebugResources' as it is up-to-date.
[        ] Resolve mutations for :app:packageDebugResources (Thread[#14573,Execution worker Thread 14,5,main]) started.
[        ] :app:packageDebugResources (Thread[#14573,Execution worker Thread 14,5,main]) started.
[        ] > Task :app:packageDebugResources UP-TO-DATE
[        ] Caching disabled for task ':app:packageDebugResources' because:
[        ]   Build cache is disabled
[        ] Skipping task ':app:packageDebugResources' as it is up-to-date.
[        ] Resolve mutations for :app:parseDebugLocalResources (Thread[#14573,Execution worker Thread 14,5,main]) started.
[        ] :app:parseDebugLocalResources (Thread[#14573,Execution worker Thread 14,5,main]) started.
[        ] > Task :app:parseDebugLocalResources UP-TO-DATE
[        ] Caching disabled for task ':app:parseDebugLocalResources' because:
[        ]   Build cache is disabled
[        ] Skipping task ':app:parseDebugLocalResources' as it is up-to-date.
[        ] Resolve mutations for :app:createDebugCompatibleScreenManifests (Thread[#14573,Execution worker Thread 14,5,main]) started.
[        ] :app:createDebugCompatibleScreenManifests (Thread[#14573,Execution worker Thread 14,5,main]) started.
[        ] > Task :app:createDebugCompatibleScreenManifests UP-TO-DATE
[        ] Caching disabled for task ':app:createDebugCompatibleScreenManifests' because:
[        ]   Build cache is disabled
[        ]   Caching has been disabled for the task
[        ] Skipping task ':app:createDebugCompatibleScreenManifests' as it is up-to-date.
[        ] Resolve mutations for :app:extractDeepLinksDebug (Thread[#14573,Execution worker Thread 14,5,main]) started.
[        ] :app:extractDeepLinksDebug (Thread[#14573,Execution worker Thread 14,5,main]) started.
[        ] > Task :app:extractDeepLinksDebug UP-TO-DATE
[        ] Caching disabled for task ':app:extractDeepLinksDebug' because:
[        ]   Build cache is disabled
[        ] Skipping task ':app:extractDeepLinksDebug' as it is up-to-date.
[        ] Resolve mutations for :cloud_firestore:extractDeepLinksDebug (Thread[#14573,Execution worker Thread 14,5,main]) started.
[        ] :cloud_firestore:extractDeepLinksDebug (Thread[#14573,Execution worker Thread 14,5,main]) started.
[        ] > Task :cloud_firestore:extractDeepLinksDebug UP-TO-DATE
[        ] Caching disabled for task ':cloud_firestore:extractDeepLinksDebug' because:
[        ]   Build cache is disabled
[        ] Skipping task ':cloud_firestore:extractDeepLinksDebug' as it is up-to-date.
[        ] work action resolve navigation.json (project :cloud_firestore) (Thread[#14573,Execution worker Thread 14,5,main]) started.
[        ] Resolve mutations for :cloud_firestore:processDebugManifest (Thread[#14573,Execution worker Thread 14,5,main]) started.
[        ] :cloud_firestore:processDebugManifest (Thread[#14573,Execution worker Thread 14,5,main]) started.
[        ] > Task :cloud_firestore:processDebugManifest UP-TO-DATE
[        ] Caching disabled for task ':cloud_firestore:processDebugManifest' because:
[        ]   Build cache is disabled
[        ] Skipping task ':cloud_firestore:processDebugManifest' as it is up-to-date.
[        ] work action resolve AndroidManifest.xml (project :cloud_firestore) (Thread[#14573,Execution worker Thread 14,5,main]) started.
[        ] Resolve mutations for :device_info_plus:extractDeepLinksDebug (Thread[#14573,Execution worker Thread 14,5,main]) started.
[        ] :device_info_plus:extractDeepLinksDebug (Thread[#14573,Execution worker Thread 14,5,main]) started.
[        ] > Task :device_info_plus:extractDeepLinksDebug UP-TO-DATE
[        ] Caching disabled for task ':device_info_plus:extractDeepLinksDebug' because:
[        ]   Build cache is disabled
[        ] Skipping task ':device_info_plus:extractDeepLinksDebug' as it is up-to-date.
[        ] work action resolve navigation.json (project :device_info_plus) (Thread[#14573,Execution worker Thread 14,5,main]) started.
[        ] Resolve mutations for :device_info_plus:processDebugManifest (Thread[#14573,Execution worker Thread 14,5,main]) started.
[        ] :device_info_plus:processDebugManifest (Thread[#14573,Execution worker Thread 14,5,main]) started.
[        ] > Task :device_info_plus:processDebugManifest UP-TO-DATE
[        ] Caching disabled for task ':device_info_plus:processDebugManifest' because:
[        ]   Build cache is disabled
[        ] Skipping task ':device_info_plus:processDebugManifest' as it is up-to-date.
[        ] work action resolve AndroidManifest.xml (project :device_info_plus) (Thread[#14573,Execution worker Thread 14,5,main]) started.
[        ] Resolve mutations for :firebase_app_check:extractDeepLinksDebug (Thread[#14573,Execution worker Thread 14,5,main]) started.
[        ] :firebase_app_check:extractDeepLinksDebug (Thread[#14573,Execution worker Thread 14,5,main]) started.
[        ] > Task :firebase_app_check:extractDeepLinksDebug UP-TO-DATE
[        ] Caching disabled for task ':firebase_app_check:extractDeepLinksDebug' because:
[        ]   Build cache is disabled
[        ] Skipping task ':firebase_app_check:extractDeepLinksDebug' as it is up-to-date.
[        ] work action resolve navigation.json (project :firebase_app_check) (Thread[#14573,Execution worker Thread 14,5,main]) started.
[        ] Resolve mutations for :firebase_app_check:processDebugManifest (Thread[#14573,Execution worker Thread 14,5,main]) started.
[        ] :firebase_app_check:processDebugManifest (Thread[#14562,Execution worker Thread 4,5,main]) started.
[        ] > Task :firebase_app_check:processDebugManifest UP-TO-DATE
[        ] Caching disabled for task ':firebase_app_check:processDebugManifest' because:
[        ]   Build cache is disabled
[        ] Skipping task ':firebase_app_check:processDebugManifest' as it is up-to-date.
[        ] work action resolve AndroidManifest.xml (project :firebase_app_check) (Thread[#14562,Execution worker Thread 4,5,main]) started.
[        ] Resolve mutations for :firebase_auth:extractDeepLinksDebug (Thread[#14562,Execution worker Thread 4,5,main]) started.
[        ] :firebase_auth:extractDeepLinksDebug (Thread[#14562,Execution worker Thread 4,5,main]) started.
[        ] > Task :firebase_auth:extractDeepLinksDebug UP-TO-DATE
[        ] Caching disabled for task ':firebase_auth:extractDeepLinksDebug' because:
[        ]   Build cache is disabled
[        ] Skipping task ':firebase_auth:extractDeepLinksDebug' as it is up-to-date.
[        ] work action resolve navigation.json (project :firebase_auth) (Thread[#14562,Execution worker Thread 4,5,main]) started.
[        ] Resolve mutations for :firebase_auth:processDebugManifest (Thread[#14562,Execution worker Thread 4,5,main]) started.
[        ] :firebase_auth:processDebugManifest (Thread[#14562,Execution worker Thread 4,5,main]) started.
[        ] > Task :firebase_auth:processDebugManifest UP-TO-DATE
[        ] Caching disabled for task ':firebase_auth:processDebugManifest' because:
[        ]   Build cache is disabled
[        ] Skipping task ':firebase_auth:processDebugManifest' as it is up-to-date.
[        ] work action resolve AndroidManifest.xml (project :firebase_auth) (Thread[#14562,Execution worker Thread 4,5,main]) started.
[        ] Resolve mutations for :firebase_core:extractDeepLinksDebug (Thread[#14562,Execution worker Thread 4,5,main]) started.
[        ] :firebase_core:extractDeepLinksDebug (Thread[#14562,Execution worker Thread 4,5,main]) started.
[        ] > Task :firebase_core:extractDeepLinksDebug UP-TO-DATE
[        ] Caching disabled for task ':firebase_core:extractDeepLinksDebug' because:
[        ]   Build cache is disabled
[        ] Skipping task ':firebase_core:extractDeepLinksDebug' as it is up-to-date.
[        ] work action resolve navigation.json (project :firebase_core) (Thread[#14562,Execution worker Thread 4,5,main]) started.
[        ] Resolve mutations for :firebase_core:processDebugManifest (Thread[#14562,Execution worker Thread 4,5,main]) started.
[        ] :firebase_core:processDebugManifest (Thread[#14562,Execution worker Thread 4,5,main]) started.
[        ] > Task :firebase_core:processDebugManifest UP-TO-DATE
[        ] Caching disabled for task ':firebase_core:processDebugManifest' because:
[        ]   Build cache is disabled
[        ] Skipping task ':firebase_core:processDebugManifest' as it is up-to-date.
[        ] work action resolve AndroidManifest.xml (project :firebase_core) (Thread[#14562,Execution worker Thread 4,5,main]) started.
[        ] Resolve mutations for :firebase_messaging:extractDeepLinksDebug (Thread[#14562,Execution worker Thread 4,5,main]) started.
[        ] :firebase_messaging:extractDeepLinksDebug (Thread[#14562,Execution worker Thread 4,5,main]) started.
[        ] > Task :firebase_messaging:extractDeepLinksDebug UP-TO-DATE
[        ] Caching disabled for task ':firebase_messaging:extractDeepLinksDebug' because:
[        ]   Build cache is disabled
[        ] Skipping task ':firebase_messaging:extractDeepLinksDebug' as it is up-to-date.
[        ] work action resolve navigation.json (project :firebase_messaging) (Thread[#14562,Execution worker Thread 4,5,main]) started.
[        ] Resolve mutations for :firebase_messaging:processDebugManifest (Thread[#14562,Execution worker Thread 4,5,main]) started.
[        ] :firebase_messaging:processDebugManifest (Thread[#14562,Execution worker Thread 4,5,main]) started.
[        ] > Task :firebase_messaging:processDebugManifest UP-TO-DATE
[        ] Caching disabled for task ':firebase_messaging:processDebugManifest' because:
[        ]   Build cache is disabled
[        ] Skipping task ':firebase_messaging:processDebugManifest' as it is up-to-date.
[        ] work action resolve AndroidManifest.xml (project :firebase_messaging) (Thread[#14562,Execution worker Thread 4,5,main]) started.
[        ] Resolve mutations for :firebase_storage:extractDeepLinksDebug (Thread[#14562,Execution worker Thread 4,5,main]) started.
[        ] :firebase_storage:extractDeepLinksDebug (Thread[#14562,Execution worker Thread 4,5,main]) started.
[        ] > Task :firebase_storage:extractDeepLinksDebug UP-TO-DATE
[        ] Caching disabled for task ':firebase_storage:extractDeepLinksDebug' because:
[        ]   Build cache is disabled
[        ] Skipping task ':firebase_storage:extractDeepLinksDebug' as it is up-to-date.
[        ] work action resolve navigation.json (project :firebase_storage) (Thread[#14562,Execution worker Thread 4,5,main]) started.
[        ] Resolve mutations for :firebase_storage:processDebugManifest (Thread[#14562,Execution worker Thread 4,5,main]) started.
[        ] :firebase_storage:processDebugManifest (Thread[#14562,Execution worker Thread 4,5,main]) started.
[        ] > Task :firebase_storage:processDebugManifest UP-TO-DATE
[        ] Caching disabled for task ':firebase_storage:processDebugManifest' because:
[        ]   Build cache is disabled
[        ] Skipping task ':firebase_storage:processDebugManifest' as it is up-to-date.
[        ] work action resolve AndroidManifest.xml (project :firebase_storage) (Thread[#14562,Execution worker Thread 4,5,main]) started.
[        ] Resolve mutations for :flutter_local_notifications:extractDeepLinksDebug (Thread[#14562,Execution worker Thread 4,5,main]) started.
[        ] :flutter_local_notifications:extractDeepLinksDebug (Thread[#14562,Execution worker Thread 4,5,main]) started.
[        ] > Task :flutter_local_notifications:extractDeepLinksDebug UP-TO-DATE
[        ] Caching disabled for task ':flutter_local_notifications:extractDeepLinksDebug' because:
[        ]   Build cache is disabled
[        ] Skipping task ':flutter_local_notifications:extractDeepLinksDebug' as it is up-to-date.
[        ] work action resolve navigation.json (project :flutter_local_notifications) (Thread[#14562,Execution worker Thread 4,5,main]) started.
[        ] Resolve mutations for :flutter_local_notifications:processDebugManifest (Thread[#14562,Execution worker Thread 4,5,main]) started.
[        ] :flutter_local_notifications:processDebugManifest (Thread[#14562,Execution worker Thread 4,5,main]) started.
[        ] > Task :flutter_local_notifications:processDebugManifest UP-TO-DATE
[        ] Caching disabled for task ':flutter_local_notifications:processDebugManifest' because:
[        ]   Build cache is disabled
[        ] Skipping task ':flutter_local_notifications:processDebugManifest' as it is up-to-date.
[        ] work action resolve AndroidManifest.xml (project :flutter_local_notifications) (Thread[#14562,Execution worker Thread 4,5,main]) started.
[        ] Resolve mutations for :flutter_plugin_android_lifecycle:extractDeepLinksDebug (Thread[#14562,Execution worker Thread 4,5,main]) started.
[        ] :flutter_plugin_android_lifecycle:extractDeepLinksDebug (Thread[#14562,Execution worker Thread 4,5,main]) started.
[        ] > Task :flutter_plugin_android_lifecycle:extractDeepLinksDebug UP-TO-DATE
[        ] Caching disabled for task ':flutter_plugin_android_lifecycle:extractDeepLinksDebug' because:
[        ]   Build cache is disabled
[        ] Skipping task ':flutter_plugin_android_lifecycle:extractDeepLinksDebug' as it is up-to-date.
[        ] work action resolve navigation.json (project :flutter_plugin_android_lifecycle) (Thread[#14562,Execution worker Thread 4,5,main]) started.
[        ] Resolve mutations for :flutter_plugin_android_lifecycle:processDebugManifest (Thread[#14562,Execution worker Thread 4,5,main]) started.
[        ] :flutter_plugin_android_lifecycle:processDebugManifest (Thread[#14562,Execution worker Thread 4,5,main]) started.
[        ] > Task :flutter_plugin_android_lifecycle:processDebugManifest UP-TO-DATE
[        ] Caching disabled for task ':flutter_plugin_android_lifecycle:processDebugManifest' because:
[        ]   Build cache is disabled
[        ] Skipping task ':flutter_plugin_android_lifecycle:processDebugManifest' as it is up-to-date.
[        ] work action resolve AndroidManifest.xml (project :flutter_plugin_android_lifecycle) (Thread[#14562,Execution worker Thread 4,5,main]) started.
[        ] Resolve mutations for :geocoding_android:extractDeepLinksDebug (Thread[#14562,Execution worker Thread 4,5,main]) started.
[        ] :geocoding_android:extractDeepLinksDebug (Thread[#14562,Execution worker Thread 4,5,main]) started.
[        ] > Task :geocoding_android:extractDeepLinksDebug UP-TO-DATE
[        ] Caching disabled for task ':geocoding_android:extractDeepLinksDebug' because:
[        ]   Build cache is disabled
[        ] Skipping task ':geocoding_android:extractDeepLinksDebug' as it is up-to-date.
[        ] work action resolve navigation.json (project :geocoding_android) (Thread[#14562,Execution worker Thread 4,5,main]) started.
[        ] Resolve mutations for :geocoding_android:processDebugManifest (Thread[#14562,Execution worker Thread 4,5,main]) started.
[        ] :geocoding_android:processDebugManifest (Thread[#14567,Execution worker Thread 8,5,main]) started.
[        ] > Task :geocoding_android:processDebugManifest UP-TO-DATE
[        ] Caching disabled for task ':geocoding_android:processDebugManifest' because:
[        ]   Build cache is disabled
[        ] Skipping task ':geocoding_android:processDebugManifest' as it is up-to-date.
[        ] work action resolve AndroidManifest.xml (project :geocoding_android) (Thread[#14567,Execution worker Thread 8,5,main]) started.
[        ] Resolve mutations for :geolocator_android:extractDeepLinksDebug (Thread[#14567,Execution worker Thread 8,5,main]) started.
[        ] :geolocator_android:extractDeepLinksDebug (Thread[#14567,Execution worker Thread 8,5,main]) started.
[        ] > Task :geolocator_android:extractDeepLinksDebug UP-TO-DATE
[        ] Caching disabled for task ':geolocator_android:extractDeepLinksDebug' because:
[        ]   Build cache is disabled
[        ] Skipping task ':geolocator_android:extractDeepLinksDebug' as it is up-to-date.
[        ] work action resolve navigation.json (project :geolocator_android) (Thread[#14567,Execution worker Thread 8,5,main]) started.
[        ] Resolve mutations for :geolocator_android:processDebugManifest (Thread[#14567,Execution worker Thread 8,5,main]) started.
[        ] :geolocator_android:processDebugManifest (Thread[#14567,Execution worker Thread 8,5,main]) started.
[        ] > Task :geolocator_android:processDebugManifest UP-TO-DATE
[        ] Caching disabled for task ':geolocator_android:processDebugManifest' because:
[        ]   Build cache is disabled
[        ] Skipping task ':geolocator_android:processDebugManifest' as it is up-to-date.
[        ] work action resolve AndroidManifest.xml (project :geolocator_android) (Thread[#14567,Execution worker Thread 8,5,main]) started.
[        ] Resolve mutations for :google_maps_flutter_android:extractDeepLinksDebug (Thread[#14567,Execution worker Thread 8,5,main]) started.
[        ] :google_maps_flutter_android:extractDeepLinksDebug (Thread[#14567,Execution worker Thread 8,5,main]) started.
[        ] > Task :google_maps_flutter_android:extractDeepLinksDebug UP-TO-DATE
[        ] Caching disabled for task ':google_maps_flutter_android:extractDeepLinksDebug' because:
[        ]   Build cache is disabled
[        ] Skipping task ':google_maps_flutter_android:extractDeepLinksDebug' as it is up-to-date.
[        ] work action resolve navigation.json (project :google_maps_flutter_android) (Thread[#14567,Execution worker Thread 8,5,main]) started.
[        ] Resolve mutations for :google_maps_flutter_android:processDebugManifest (Thread[#14567,Execution worker Thread 8,5,main]) started.
[        ] :google_maps_flutter_android:processDebugManifest (Thread[#14567,Execution worker Thread 8,5,main]) started.
[        ] > Task :google_maps_flutter_android:processDebugManifest UP-TO-DATE
[        ] Caching disabled for task ':google_maps_flutter_android:processDebugManifest' because:
[        ]   Build cache is disabled
[        ] Skipping task ':google_maps_flutter_android:processDebugManifest' as it is up-to-date.
[        ] work action resolve AndroidManifest.xml (project :google_maps_flutter_android) (Thread[#14567,Execution worker Thread 8,5,main]) started.
[        ] Resolve mutations for :image_picker_android:extractDeepLinksDebug (Thread[#14567,Execution worker Thread 8,5,main]) started.
[        ] :image_picker_android:extractDeepLinksDebug (Thread[#14567,Execution worker Thread 8,5,main]) started.
[        ] > Task :image_picker_android:extractDeepLinksDebug UP-TO-DATE
[        ] Caching disabled for task ':image_picker_android:extractDeepLinksDebug' because:
[        ]   Build cache is disabled
[        ] Skipping task ':image_picker_android:extractDeepLinksDebug' as it is up-to-date.
[        ] work action resolve navigation.json (project :image_picker_android) (Thread[#14567,Execution worker Thread 8,5,main]) started.
[        ] Resolve mutations for :image_picker_android:processDebugManifest (Thread[#14567,Execution worker Thread 8,5,main]) started.
[        ] :image_picker_android:processDebugManifest (Thread[#14567,Execution worker Thread 8,5,main]) started.
[        ] > Task :image_picker_android:processDebugManifest UP-TO-DATE
[        ] Caching disabled for task ':image_picker_android:processDebugManifest' because:
[        ]   Build cache is disabled
[        ] Skipping task ':image_picker_android:processDebugManifest' as it is up-to-date.
[        ] work action resolve AndroidManifest.xml (project :image_picker_android) (Thread[#14567,Execution worker Thread 8,5,main]) started.
[        ] Resolve mutations for :jni:extractDeepLinksDebug (Thread[#14567,Execution worker Thread 8,5,main]) started.
[        ] :jni:extractDeepLinksDebug (Thread[#14567,Execution worker Thread 8,5,main]) started.
[        ] > Task :jni:extractDeepLinksDebug UP-TO-DATE
[        ] Caching disabled for task ':jni:extractDeepLinksDebug' because:
[        ]   Build cache is disabled
[        ] Skipping task ':jni:extractDeepLinksDebug' as it is up-to-date.
[        ] work action resolve navigation.json (project :jni) (Thread[#14567,Execution worker Thread 8,5,main]) started.
[        ] Resolve mutations for :jni:processDebugManifest (Thread[#14567,Execution worker Thread 8,5,main]) started.
[        ] :jni:processDebugManifest (Thread[#14567,Execution worker Thread 8,5,main]) started.
[        ] > Task :jni:processDebugManifest UP-TO-DATE
[        ] Caching disabled for task ':jni:processDebugManifest' because:
[        ]   Build cache is disabled
[        ] Skipping task ':jni:processDebugManifest' as it is up-to-date.
[        ] work action resolve AndroidManifest.xml (project :jni) (Thread[#14567,Execution worker Thread 8,5,main]) started.
[        ] Resolve mutations for :jni_flutter:extractDeepLinksDebug (Thread[#14567,Execution worker Thread 8,5,main]) started.
[        ] :jni_flutter:extractDeepLinksDebug (Thread[#14567,Execution worker Thread 8,5,main]) started.
[        ] > Task :jni_flutter:extractDeepLinksDebug UP-TO-DATE
[        ] Caching disabled for task ':jni_flutter:extractDeepLinksDebug' because:
[        ]   Build cache is disabled
[        ] Skipping task ':jni_flutter:extractDeepLinksDebug' as it is up-to-date.
[        ] work action resolve navigation.json (project :jni_flutter) (Thread[#14567,Execution worker Thread 8,5,main]) started.
[        ] Resolve mutations for :jni_flutter:processDebugManifest (Thread[#14567,Execution worker Thread 8,5,main]) started.
[        ] :jni_flutter:processDebugManifest (Thread[#14567,Execution worker Thread 8,5,main]) started.
[        ] > Task :jni_flutter:processDebugManifest UP-TO-DATE
[        ] Caching disabled for task ':jni_flutter:processDebugManifest' because:
[        ]   Build cache is disabled
[        ] Skipping task ':jni_flutter:processDebugManifest' as it is up-to-date.
[        ] work action resolve AndroidManifest.xml (project :jni_flutter) (Thread[#14567,Execution worker Thread 8,5,main]) started.
[        ] Resolve mutations for :package_info_plus:extractDeepLinksDebug (Thread[#14567,Execution worker Thread 8,5,main]) started.
[        ] :package_info_plus:extractDeepLinksDebug (Thread[#14567,Execution worker Thread 8,5,main]) started.
[        ] > Task :package_info_plus:extractDeepLinksDebug UP-TO-DATE
[        ] Caching disabled for task ':package_info_plus:extractDeepLinksDebug' because:
[        ]   Build cache is disabled
[        ] Skipping task ':package_info_plus:extractDeepLinksDebug' as it is up-to-date.
[        ] work action resolve navigation.json (project :package_info_plus) (Thread[#14567,Execution worker Thread 8,5,main]) started.
[        ] Resolve mutations for :package_info_plus:processDebugManifest (Thread[#14567,Execution worker Thread 8,5,main]) started.
[        ] :package_info_plus:processDebugManifest (Thread[#14567,Execution worker Thread 8,5,main]) started.
[        ] > Task :package_info_plus:processDebugManifest UP-TO-DATE
[        ] Caching disabled for task ':package_info_plus:processDebugManifest' because:
[        ]   Build cache is disabled
[        ] Skipping task ':package_info_plus:processDebugManifest' as it is up-to-date.
[        ] work action resolve AndroidManifest.xml (project :package_info_plus) (Thread[#14567,Execution worker Thread 8,5,main]) started.
[        ] Resolve mutations for :share_plus:extractDeepLinksDebug (Thread[#14567,Execution worker Thread 8,5,main]) started.
[        ] :share_plus:extractDeepLinksDebug (Thread[#14567,Execution worker Thread 8,5,main]) started.
[        ] > Task :share_plus:extractDeepLinksDebug UP-TO-DATE
[        ] Caching disabled for task ':share_plus:extractDeepLinksDebug' because:
[        ]   Build cache is disabled
[        ] Skipping task ':share_plus:extractDeepLinksDebug' as it is up-to-date.
[        ] work action resolve navigation.json (project :share_plus) (Thread[#14567,Execution worker Thread 8,5,main]) started.
[        ] Resolve mutations for :share_plus:processDebugManifest (Thread[#14567,Execution worker Thread 8,5,main]) started.
[        ] :share_plus:processDebugManifest (Thread[#14567,Execution worker Thread 8,5,main]) started.
[        ] > Task :share_plus:processDebugManifest UP-TO-DATE
[        ] Caching disabled for task ':share_plus:processDebugManifest' because:
[        ]   Build cache is disabled
[        ] Skipping task ':share_plus:processDebugManifest' as it is up-to-date.
[        ] work action resolve AndroidManifest.xml (project :share_plus) (Thread[#14567,Execution worker Thread 8,5,main]) started.
[        ] Resolve mutations for :shared_preferences_android:extractDeepLinksDebug (Thread[#14567,Execution worker Thread 8,5,main]) started.
[        ] :shared_preferences_android:extractDeepLinksDebug (Thread[#14567,Execution worker Thread 8,5,main]) started.
[        ] > Task :shared_preferences_android:extractDeepLinksDebug UP-TO-DATE
[        ] Caching disabled for task ':shared_preferences_android:extractDeepLinksDebug' because:
[        ]   Build cache is disabled
[        ] Skipping task ':shared_preferences_android:extractDeepLinksDebug' as it is up-to-date.
[        ] work action resolve navigation.json (project :shared_preferences_android) (Thread[#14567,Execution worker Thread 8,5,main]) started.
[        ] Resolve mutations for :shared_preferences_android:processDebugManifest (Thread[#14567,Execution worker Thread 8,5,main]) started.
[        ] :shared_preferences_android:processDebugManifest (Thread[#14567,Execution worker Thread 8,5,main]) started.
[        ] > Task :shared_preferences_android:processDebugManifest UP-TO-DATE
[        ] Caching disabled for task ':shared_preferences_android:processDebugManifest' because:
[        ]   Build cache is disabled
[        ] Skipping task ':shared_preferences_android:processDebugManifest' as it is up-to-date.
[        ] work action resolve AndroidManifest.xml (project :shared_preferences_android) (Thread[#14567,Execution worker Thread 8,5,main]) started.
[        ] Resolve mutations for :sqflite_android:extractDeepLinksDebug (Thread[#14567,Execution worker Thread 8,5,main]) started.
[        ] :sqflite_android:extractDeepLinksDebug (Thread[#14567,Execution worker Thread 8,5,main]) started.
[        ] > Task :sqflite_android:extractDeepLinksDebug UP-TO-DATE
[        ] Caching disabled for task ':sqflite_android:extractDeepLinksDebug' because:
[        ]   Build cache is disabled
[        ] Skipping task ':sqflite_android:extractDeepLinksDebug' as it is up-to-date.
[        ] work action resolve navigation.json (project :sqflite_android) (Thread[#14567,Execution worker Thread 8,5,main]) started.
[        ] Resolve mutations for :sqflite_android:processDebugManifest (Thread[#14567,Execution worker Thread 8,5,main]) started.
[        ] :sqflite_android:processDebugManifest (Thread[#14567,Execution worker Thread 8,5,main]) started.
[        ] > Task :sqflite_android:processDebugManifest UP-TO-DATE
[        ] Caching disabled for task ':sqflite_android:processDebugManifest' because:
[        ]   Build cache is disabled
[        ] Skipping task ':sqflite_android:processDebugManifest' as it is up-to-date.
[        ] work action resolve AndroidManifest.xml (project :sqflite_android) (Thread[#14567,Execution worker Thread 8,5,main]) started.
[        ] Resolve mutations for :url_launcher_android:extractDeepLinksDebug (Thread[#14567,Execution worker Thread 8,5,main]) started.
[        ] :url_launcher_android:extractDeepLinksDebug (Thread[#14567,Execution worker Thread 8,5,main]) started.
[        ] > Task :url_launcher_android:extractDeepLinksDebug UP-TO-DATE
[        ] Caching disabled for task ':url_launcher_android:extractDeepLinksDebug' because:
[        ]   Build cache is disabled
[        ] Skipping task ':url_launcher_android:extractDeepLinksDebug' as it is up-to-date.
[        ] work action resolve navigation.json (project :url_launcher_android) (Thread[#14567,Execution worker Thread 8,5,main]) started.
[        ] Resolve mutations for :url_launcher_android:processDebugManifest (Thread[#14567,Execution worker Thread 8,5,main]) started.
[        ] :url_launcher_android:processDebugManifest (Thread[#14567,Execution worker Thread 8,5,main]) started.
[        ] > Task :url_launcher_android:processDebugManifest UP-TO-DATE
[        ] Caching disabled for task ':url_launcher_android:processDebugManifest' because:
[        ]   Build cache is disabled
[        ] Skipping task ':url_launcher_android:processDebugManifest' as it is up-to-date.
[        ] work action resolve AndroidManifest.xml (project :url_launcher_android) (Thread[#14567,Execution worker Thread 8,5,main]) started.
[        ] Resolve mutations for :app:processDebugMainManifest (Thread[#14567,Execution worker Thread 8,5,main]) started.
[        ] :app:processDebugMainManifest (Thread[#14567,Execution worker Thread 8,5,main]) started.
[ +386 ms] > Task :app:processDebugMainManifest
[        ] Caching disabled for task ':app:processDebugMainManifest' because:
[        ]   Build cache is disabled
[        ] Task ':app:processDebugMainManifest' is not up-to-date because:
[        ]   Value of input property 'optionalFeatures' has changed for task ':app:processDebugMainManifest'
[        ] Loading library manifest C:\eventful_app\build\device_info_plus\intermediates\merged_manifest\debug\processDebugManifest\AndroidManifest.xml
[        ] Loading library manifest C:\eventful_app\build\google_maps_flutter_android\intermediates\merged_manifest\debug\processDebugManifest\AndroidManifest.xml
[        ] Loading library manifest C:\eventful_app\build\package_info_plus\intermediates\merged_manifest\debug\processDebugManifest\AndroidManifest.xml
[        ] Loading library manifest C:\eventful_app\build\share_plus\intermediates\merged_manifest\debug\processDebugManifest\AndroidManifest.xml
[        ] Loading library manifest C:\eventful_app\build\shared_preferences_android\intermediates\merged_manifest\debug\processDebugManifest\AndroidManifest.xml
[        ] Loading library manifest C:\eventful_app\build\cloud_firestore\intermediates\merged_manifest\debug\processDebugManifest\AndroidManifest.xml
[        ] Loading library manifest C:\eventful_app\build\firebase_app_check\intermediates\merged_manifest\debug\processDebugManifest\AndroidManifest.xml
[        ] Loading library manifest C:\eventful_app\build\firebase_auth\intermediates\merged_manifest\debug\processDebugManifest\AndroidManifest.xml
[        ] Loading library manifest C:\eventful_app\build\firebase_messaging\intermediates\merged_manifest\debug\processDebugManifest\AndroidManifest.xml
[        ] Loading library manifest C:\eventful_app\build\firebase_storage\intermediates\merged_manifest\debug\processDebugManifest\AndroidManifest.xml
[        ] Loading library manifest C:\eventful_app\build\firebase_core\intermediates\merged_manifest\debug\processDebugManifest\AndroidManifest.xml
[        ] Loading library manifest C:\Users\HAL─░S\.gradle\caches\8.14\transforms\a0eb3346dd29451b3bfa8424c142a20a\transformed\jetified-firebase-firestore-25.1.2\AndroidManifest.xml
[        ] Loading library manifest C:\Users\HAL─░S\.gradle\caches\8.14\transforms\a6235d70ce85d22c75b02ca751ad0d26\transformed\jetified-firebase-auth-23.2.0\AndroidManifest.xml
[        ] Loading library manifest C:\Users\HAL─░S\.gradle\caches\8.14\transforms\bfeef031da400c23dd6a4cfc85c5eb47\transformed\jetified-firebase-appcheck-safetynet-16.1.2\AndroidManifest.xml
[        ] Loading library manifest C:\Users\HAL─░S\.gradle\caches\8.14\transforms\62c4a0415c46f385484e9d03b06dd990\transformed\jetified-firebase-appcheck-debug-18.0.0\AndroidManifest.xml
[        ] Loading library manifest C:\Users\HAL─░S\.gradle\caches\8.14\transforms\d37fb5267bde3f1475d82345cbbd952c\transformed\jetified-firebase-appcheck-playintegrity-18.0.0\AndroidManifest.xml
[        ] Loading library manifest C:\Users\HAL─░S\.gradle\caches\8.14\transforms\2362eda35eca2d27fac3f216af266e8d\transformed\jetified-firebase-messaging-24.1.0\AndroidManifest.xml
[        ] Loading library manifest C:\Users\HAL─░S\.gradle\caches\8.14\transforms\6c033edc2981ed854b79067fab2714b1\transformed\jetified-firebase-storage-21.0.1\AndroidManifest.xml
[        ] Loading library manifest C:\Users\HAL─░S\.gradle\caches\8.14\transforms\dbda65d0b1af059c805f5554ed61034b\transformed\jetified-firebase-analytics-22.2.0\AndroidManifest.xml
[        ] Loading library manifest C:\Users\HAL─░S\.gradle\caches\8.14\transforms\b3afe062d8e09d03de75fdac7fb11662\transformed\jetified-play-services-measurement-api-22.2.0\AndroidManifest.xml
[        ] Loading library manifest C:\Users\HAL─░S\.gradle\caches\8.14\transforms\3755f3b68924ebed0a8c04a2bde9d757\transformed\jetified-firebase-appcheck-18.0.0\AndroidManifest.xml
[        ] Loading library manifest C:\Users\HAL─░S\.gradle\caches\8.14\transforms\c8bbc64bbd988aa25859d68d96ca4f3a\transformed\jetified-firebase-installations-18.0.0\AndroidManifest.xml
[        ] Loading library manifest C:\Users\HAL─░S\.gradle\caches\8.14\transforms\4e70611356acaed29407a9e897d5bbe7\transformed\jetified-firebase-common-ktx-21.0.0\AndroidManifest.xml
[        ] Loading library manifest C:\Users\HAL─░S\.gradle\caches\8.14\transforms\1d6d97d34509f4cd516a408a922f82cc\transformed\jetified-firebase-auth-interop-20.0.0\AndroidManifest.xml
[        ] Loading library manifest C:\Users\HAL─░S\.gradle\caches\8.14\transforms\d276726f77ec453d1ff70781e8777ef8\transformed\jetified-firebase-common-21.0.0\AndroidManifest.xml
[        ] Loading library manifest C:\eventful_app\build\geolocator_android\intermediates\merged_manifest\debug\processDebugManifest\AndroidManifest.xml
[        ] Loading library manifest C:\Users\HAL─░S\.gradle\caches\8.14\transforms\468271615775d4dfe411358c86dd0391\transformed\jetified-play-services-location-21.2.0\AndroidManifest.xml
[        ] Loading library manifest C:\eventful_app\build\flutter_local_notifications\intermediates\merged_manifest\debug\processDebugManifest\AndroidManifest.xml
[        ] Loading library manifest C:\eventful_app\build\image_picker_android\intermediates\merged_manifest\debug\processDebugManifest\AndroidManifest.xml
[        ] Loading library manifest C:\eventful_app\build\url_launcher_android\intermediates\merged_manifest\debug\processDebugManifest\AndroidManifest.xml
[        ] Loading library manifest C:\eventful_app\build\flutter_plugin_android_lifecycle\intermediates\merged_manifest\debug\processDebugManifest\AndroidManifest.xml
[        ] Loading library manifest C:\eventful_app\build\geocoding_android\intermediates\merged_manifest\debug\processDebugManifest\AndroidManifest.xml
[        ] Loading library manifest C:\eventful_app\build\jni_flutter\intermediates\merged_manifest\debug\processDebugManifest\AndroidManifest.xml
[        ] Loading library manifest C:\eventful_app\build\jni\intermediates\merged_manifest\debug\processDebugManifest\AndroidManifest.xml
[        ] Loading library manifest C:\eventful_app\build\sqflite_android\intermediates\merged_manifest\debug\processDebugManifest\AndroidManifest.xml
[        ] Loading library manifest C:\Users\HAL─░S\.gradle\caches\8.14\transforms\6cd7ec17c348040064c605272813833e\transformed\media-1.1.0\AndroidManifest.xml
[        ] Loading library manifest C:\Users\HAL─░S\.gradle\caches\8.14\transforms\01af06cd38670f71367db591f9c95247\transformed\preference-1.2.1\AndroidManifest.xml
[        ] Loading library manifest C:\Users\HAL─░S\.gradle\caches\8.14\transforms\2433354ee5510b2dd4d8e0807a038f90\transformed\browser-1.9.0\AndroidManifest.xml
[        ] Loading library manifest C:\Users\HAL─░S\.gradle\caches\8.14\transforms\b739d677f7f123ccc8b031d6c581911f\transformed\recyclerview-1.0.0\AndroidManifest.xml
[        ] Loading library manifest C:\Users\HAL─░S\.gradle\caches\8.14\transforms\751617efae20731e49646fd4a845f964\transformed\legacy-support-core-ui-1.0.0\AndroidManifest.xml
[        ] Loading library manifest C:\Users\HAL─░S\.gradle\caches\8.14\transforms\a57617140ed65f6edc02fa3892481439\transformed\slidingpanelayout-1.2.0\AndroidManifest.xml
[        ] Loading library manifest C:\Users\HAL─░S\.gradle\caches\8.14\transforms\7cd3444222774ff62087027a73014ab3\transformed\jetified-window-1.2.0\AndroidManifest.xml
[        ] Loading library manifest C:\Users\HAL─░S\.gradle\caches\8.14\transforms\0179db3556163303526a908cbbf97c76\transformed\jetified-window-java-1.2.0\AndroidManifest.xml
[        ] Loading library manifest C:\Users\HAL─░S\.gradle\caches\8.14\transforms\392a4c1ce9fea49965d7f6b2b82e1f26\transformed\jetified-android-maps-utils-4.1.0\AndroidManifest.xml
[        ] Loading library manifest C:\Users\HAL─░S\.gradle\caches\8.14\transforms\5afc63e7e053ce24d3de195f800ca394\transformed\jetified-play-services-maps-20.0.0\AndroidManifest.xml
[        ] Loading library manifest C:\Users\HAL─░S\.gradle\caches\8.14\transforms\bc814a9f009fa28ae7de845543c9cc7d\transformed\jetified-firebase-database-collection-18.0.1\AndroidManifest.xml
[        ] Loading library manifest C:\Users\HAL─░S\.gradle\caches\8.14\transforms\21843b764fd4577f6052ec73ff6e94b1\transformed\jetified-play-services-safetynet-18.0.0\AndroidManifest.xml
[        ] Loading library manifest C:\Users\HAL─░S\.gradle\caches\8.14\transforms\c2b8f833d34f5df17e5b86e7e4dc324e\transformed\jetified-credentials-1.2.0-rc01\AndroidManifest.xml
[        ] Loading library manifest C:\Users\HAL─░S\.gradle\caches\8.14\transforms\77216936745cad7f41bd07a8d3a8cdef\transformed\jetified-credentials-play-services-auth-1.2.0-rc01\AndroidManifest.xml
[        ] Loading library manifest C:\Users\HAL─░S\.gradle\caches\8.14\transforms\218402ef31b474dd33b1a2da78f6ac66\transformed\jetified-play-services-auth-20.7.0\AndroidManifest.xml
[        ] Loading library manifest C:\Users\HAL─░S\.gradle\caches\8.14\transforms\dce4c49776874b3da67785a6dba12f71\transformed\jetified-play-services-auth-api-phone-18.0.2\AndroidManifest.xml
[        ] Loading library manifest C:\Users\HAL─░S\.gradle\caches\8.14\transforms\a13b82e27e1e7af92fbfd5e5aadd2b93\transformed\jetified-firebase-appcheck-interop-17.1.0\AndroidManifest.xml
[        ] Loading library manifest C:\Users\HAL─░S\.gradle\caches\8.14\transforms\0b2483d0404b6207ab1f29029d545d4d\transformed\jetified-play-services-measurement-22.2.0\AndroidManifest.xml
[        ] Loading library manifest C:\Users\HAL─░S\.gradle\caches\8.14\transforms\64bc7ef82491b9a6c46f4e36355ce286\transformed\jetified-play-services-measurement-sdk-22.2.0\AndroidManifest.xml
[        ] Loading library manifest C:\Users\HAL─░S\.gradle\caches\8.14\transforms\92f5b0d4a6abfa2774b77902632c5b36\transformed\jetified-play-services-measurement-impl-22.2.0\AndroidManifest.xml
[        ] Loading library manifest C:\Users\HAL─░S\.gradle\caches\8.14\transforms\334bd892cf763cf72d1000face234fb4\transformed\jetified-play-services-fido-20.1.0\AndroidManifest.xml
[        ] Loading library manifest C:\Users\HAL─░S\.gradle\caches\8.14\transforms\4167535a55bf199b93191a5ea070a8b6\transformed\jetified-play-services-auth-base-18.0.4\AndroidManifest.xml
[        ] Loading library manifest C:\Users\HAL─░S\.gradle\caches\8.14\transforms\b2fe9d7521553f82b9f200ee6dde3932\transformed\jetified-play-services-base-18.5.0\AndroidManifest.xml
[        ] Loading library manifest C:\Users\HAL─░S\.gradle\caches\8.14\transforms\d889dae0ae048297bf364fb93db47080\transformed\jetified-recaptcha-18.6.1\AndroidManifest.xml
[        ] Loading library manifest C:\Users\HAL─░S\.gradle\caches\8.14\transforms\86e1dbe95a7c7bc4499747f0e0bd08dd\transformed\jetified-integrity-1.3.0\AndroidManifest.xml
[        ] Loading library manifest C:\Users\HAL─░S\.gradle\caches\8.14\transforms\147801842aadbd621d757aaa15e87afd\transformed\jetified-firebase-iid-interop-17.1.0\AndroidManifest.xml
[        ] Loading library manifest C:\Users\HAL─░S\.gradle\caches\8.14\transforms\4ffc4840729bdd664bd4effdab6ec830\transformed\jetified-play-services-cloud-messaging-17.2.0\AndroidManifest.xml
[        ] Loading library manifest C:\Users\HAL─░S\.gradle\caches\8.14\transforms\43e3e9f3b1d7e657ec56f0ad861d548a\transformed\jetified-firebase-installations-interop-17.1.1\AndroidManifest.xml
[        ] Loading library manifest C:\Users\HAL─░S\.gradle\caches\8.14\transforms\11089541031daa924b536ab7c13f4b65\transformed\jetified-appcompat-resources-1.7.1\AndroidManifest.xml
[        ] Loading library manifest C:\Users\HAL─░S\.gradle\caches\8.14\transforms\b18859d400924feda90eeceb1fcb3c1d\transformed\appcompat-1.7.1\AndroidManifest.xml
[        ] Loading library manifest C:\Users\HAL─░S\.gradle\caches\8.14\transforms\3ae97f563c739a3c4986425dbce24e53\transformed\jetified-fragment-ktx-1.7.1\AndroidManifest.xml
[        ] Loading library manifest C:\Users\HAL─░S\.gradle\caches\8.14\transforms\4641c6b85c34d688c4930045c226adf9\transformed\fragment-1.7.1\AndroidManifest.xml
[        ] Loading library manifest C:\Users\HAL─░S\.gradle\caches\8.14\transforms\27bc40ee5af7e87a364b25dd4a846859\transformed\jetified-activity-ktx-1.12.4\AndroidManifest.xml
[        ] Loading library manifest C:\Users\HAL─░S\.gradle\caches\8.14\transforms\5478cf4994f219b212f05972f8b754b3\transformed\jetified-activity-1.12.4\AndroidManifest.xml
[        ] Loading library manifest C:\Users\HAL─░S\.gradle\caches\8.14\transforms\3e1bdf3bdd2899f76ccd26faf5646581\transformed\jetified-play-services-stats-17.0.2\AndroidManifest.xml
[        ] Loading library manifest C:\Users\HAL─░S\.gradle\caches\8.14\transforms\6a853619b8a83bb139b535457b405775\transformed\legacy-support-core-utils-1.0.0\AndroidManifest.xml
[        ] Loading library manifest C:\Users\HAL─░S\.gradle\caches\8.14\transforms\04f7a9394a64ee1751e50d8962565e10\transformed\loader-1.0.0\AndroidManifest.xml
[        ] Loading library manifest C:\Users\HAL─░S\.gradle\caches\8.14\transforms\da300630a8fbc99d422a96a43e81bb5e\transformed\lifecycle-livedata-2.7.0\AndroidManifest.xml
[        ] Loading library manifest C:\Users\HAL─░S\.gradle\caches\8.14\transforms\c9c70185ef4f7a2b888975c0b103d6c5\transformed\jetified-lifecycle-livedata-core-ktx-2.7.0\AndroidManifest.xml
[        ] Loading library manifest C:\Users\HAL─░S\.gradle\caches\8.14\transforms\f1798ac45679cd15e152b08526447769\transformed\jetified-lifecycle-viewmodel-ktx-2.7.0\AndroidManifest.xml
[        ] Loading library manifest C:\Users\HAL─░S\.gradle\caches\8.14\transforms\3f53be61097a62675cd46d998ec0e98c\transformed\jetified-lifecycle-runtime-ktx-2.7.0\AndroidManifest.xml
[        ] Loading library manifest C:\Users\HAL─░S\.gradle\caches\8.14\transforms\3a8ba3a5a803ecb4e861d1c369df9373\transformed\lifecycle-livedata-core-2.7.0\AndroidManifest.xml
[        ] Loading library manifest C:\Users\HAL─░S\.gradle\caches\8.14\transforms\1843159cf7cc62062ca93a68ab4b5fa1\transformed\jetified-lifecycle-viewmodel-savedstate-2.7.0\AndroidManifest.xml
[        ] Loading library manifest C:\Users\HAL─░S\.gradle\caches\8.14\transforms\2da0691f1f9f837438b5e0e44446c97e\transformed\lifecycle-viewmodel-2.7.0\AndroidManifest.xml
[        ] Loading library manifest C:\Users\HAL─░S\.gradle\caches\8.14\transforms\df7046b02453f228f4651f2d2746760f\transformed\lifecycle-runtime-2.7.0\AndroidManifest.xml
[        ] Loading library manifest C:\Users\HAL─░S\.gradle\caches\8.14\transforms\2c125c4e03a3552dad46f2ff0e2d783f\transformed\jetified-emoji2-views-helper-1.3.0\AndroidManifest.xml
[        ] Loading library manifest C:\Users\HAL─░S\.gradle\caches\8.14\transforms\5b5da6b3d7aa615633874735f6bc64aa\transformed\jetified-emoji2-1.3.0\AndroidManifest.xml
[        ] Loading library manifest C:\Users\HAL─░S\.gradle\caches\8.14\transforms\434c2ece89dc9c26269ca6f282d29b28\transformed\jetified-lifecycle-process-2.7.0\AndroidManifest.xml
[        ] Loading library manifest C:\Users\HAL─░S\.gradle\caches\8.14\transforms\013a5e358c7947af4ef5318d86ad32d4\transformed\jetified-savedstate-ktx-1.2.1\AndroidManifest.xml
[        ] Loading library manifest C:\Users\HAL─░S\.gradle\caches\8.14\transforms\c76a05e4b69322948125ac54d73fc7c3\transformed\jetified-savedstate-1.2.1\AndroidManifest.xml
[        ] Loading library manifest C:\Users\HAL─░S\.gradle\caches\8.14\transforms\af1eaeaa4c2a29e9ef6c0b74634a26fd\transformed\jetified-navigationevent\AndroidManifest.xml
[        ] Loading library manifest C:\Users\HAL─░S\.gradle\caches\8.14\transforms\8a4010c58198efb3b43f343c17a5dda3\transformed\jetified-datastore-preferences-core-release\AndroidManifest.xml
[        ] Loading library manifest C:\Users\HAL─░S\.gradle\caches\8.14\transforms\b0ac74c45c8fcefae4e832a58f38e094\transformed\jetified-datastore-core-release\AndroidManifest.xml
[        ] Loading library manifest C:\Users\HAL─░S\.gradle\caches\8.14\transforms\3ade76d9c3f27a14f84869eec0d2efc3\transformed\jetified-datastore-preferences-release\AndroidManifest.xml
[        ] Loading library manifest C:\Users\HAL─░S\.gradle\caches\8.14\transforms\70eb130d4e040277ef95a2657c19daad\transformed\jetified-datastore-release\AndroidManifest.xml
[        ] Loading library manifest C:\Users\HAL─░S\.gradle\caches\8.14\transforms\d35ee55c3fbeca56d42b9357603cc2b5\transformed\jetified-ads-adservices-java-1.0.0-beta05\AndroidManifest.xml
[        ] Loading library manifest C:\Users\HAL─░S\.gradle\caches\8.14\transforms\22023b639f8f55b7d87ab4a8d326aabc\transformed\jetified-ads-adservices-1.0.0-beta05\AndroidManifest.xml
[        ] Loading library manifest C:\Users\HAL─░S\.gradle\caches\8.14\transforms\2417d2f6aec006cd1ac0679690ac3a7d\transformed\jetified-play-services-tasks-18.2.0\AndroidManifest.xml
[        ] Loading library manifest C:\Users\HAL─░S\.gradle\caches\8.14\transforms\65b1cc57026f4aba80fab34cfaef2538\transformed\jetified-firebase-measurement-connector-19.0.0\AndroidManifest.xml
[        ] Loading library manifest C:\Users\HAL─░S\.gradle\caches\8.14\transforms\dabda461a0094bdd290e7f99aed1c2f7\transformed\jetified-play-services-ads-identifier-18.0.0\AndroidManifest.xml
[        ] Loading library manifest C:\Users\HAL─░S\.gradle\caches\8.14\transforms\ac1706efdc15ac550d32ed5a76e631a0\transformed\jetified-play-services-measurement-sdk-api-22.2.0\AndroidManifest.xml
[        ] Loading library manifest C:\Users\HAL─░S\.gradle\caches\8.14\transforms\986483e6d3e4efd7764160650873fccf\transformed\jetified-play-services-measurement-base-22.2.0\AndroidManifest.xml
[        ] Loading library manifest C:\Users\HAL─░S\.gradle\caches\8.14\transforms\8c20d120952ee8d85da136eb9de2d36e\transformed\jetified-play-services-basement-18.9.0\AndroidManifest.xml
[        ] Loading library manifest C:\Users\HAL─░S\.gradle\caches\8.14\transforms\5096e14bdb1226054258684c5a78288c\transformed\jetified-core-ktx-1.18.0\AndroidManifest.xml
[        ] Loading library manifest C:\Users\HAL─░S\.gradle\caches\8.14\transforms\bdefcf2bcf6f891503bb9300992508b2\transformed\viewpager-1.0.0\AndroidManifest.xml
[        ] Loading library manifest C:\Users\HAL─░S\.gradle\caches\8.14\transforms\570922326520ed5656571abde569aec5\transformed\drawerlayout-1.0.0\AndroidManifest.xml
[        ] Loading library manifest C:\Users\HAL─░S\.gradle\caches\8.14\transforms\f336c14b453fffc882ba3858ef14a3bc\transformed\coordinatorlayout-1.0.0\AndroidManifest.xml
[        ] Loading library manifest C:\Users\HAL─░S\.gradle\caches\8.14\transforms\1ff5d8528e65755fce24e28e4ae2f806\transformed\customview-1.1.0\AndroidManifest.xml
[        ] Loading library manifest C:\Users\HAL─░S\.gradle\caches\8.14\transforms\b97d297cda22a06afdff286093396d0b\transformed\transition-1.4.1\AndroidManifest.xml
[        ] Loading library manifest C:\Users\HAL─░S\.gradle\caches\8.14\transforms\10736537709714aed29a60e27c46cfc0\transformed\vectordrawable-animated-1.1.0\AndroidManifest.xml
[        ] Loading library manifest C:\Users\HAL─░S\.gradle\caches\8.14\transforms\fe195c41943677be490d4c183aa67b5c\transformed\vectordrawable-1.1.0\AndroidManifest.xml
[        ] Loading library manifest C:\Users\HAL─░S\.gradle\caches\8.14\transforms\f0d30f2b89ed0c2171a5801d10ef98a5\transformed\swiperefreshlayout-1.0.0\AndroidManifest.xml
[        ] Loading library manifest C:\Users\HAL─░S\.gradle\caches\8.14\transforms\01ba53bae0bb6c843a9472b98a056041\transformed\asynclayoutinflater-1.0.0\AndroidManifest.xml
[        ] Loading library manifest C:\Users\HAL─░S\.gradle\caches\8.14\transforms\05bcee298d42c54882d365e0aa39e269\transformed\core-1.18.0\AndroidManifest.xml
[        ] Loading library manifest C:\Users\HAL─░S\.gradle\caches\8.14\transforms\770cb67eba17283872b9735c64e625b3\transformed\localbroadcastmanager-1.1.0\AndroidManifest.xml
[        ] Loading library manifest C:\Users\HAL─░S\.gradle\caches\8.14\transforms\815a8ad81826ed3c37c43d62b2261a40\transformed\exifinterface-1.4.2\AndroidManifest.xml
[        ] Loading library manifest C:\Users\HAL─░S\.gradle\caches\8.14\transforms\425e2d269f5135c1c3621876384e8430\transformed\jetified-profileinstaller-1.4.0\AndroidManifest.xml
[        ] Loading library manifest C:\Users\HAL─░S\.gradle\caches\8.14\transforms\b9e8ea8df303015a19ec55bf8973008e\transformed\jetified-startup-runtime-1.2.0\AndroidManifest.xml
[        ] Loading library manifest C:\Users\HAL─░S\.gradle\caches\8.14\transforms\f69eb1247ac3cc48b5157079c3f45aea\transformed\jetified-tracing-1.2.0\AndroidManifest.xml
[        ] Loading library manifest C:\Users\HAL─░S\.gradle\caches\8.14\transforms\ed0640c46b315e2fbcf8b45d3a6f287f\transformed\jetified-firebase-components-18.0.0\AndroidManifest.xml
[        ] Loading library manifest C:\Users\HAL─░S\.gradle\caches\8.14\transforms\5923289918c4800042eac202e0f487f3\transformed\jetified-firebase-datatransport-18.2.0\AndroidManifest.xml
[        ] Loading library manifest C:\Users\HAL─░S\.gradle\caches\8.14\transforms\e1f52fadf623a015e646455b0bbec3f7\transformed\jetified-transport-backend-cct-3.1.9\AndroidManifest.xml
[        ] Loading library manifest C:\Users\HAL─░S\.gradle\caches\8.14\transforms\f762061fc1d3c66d487b5604238ec651\transformed\jetified-firebase-encoders-json-18.0.0\AndroidManifest.xml
[        ] Loading library manifest C:\Users\HAL─░S\.gradle\caches\8.14\transforms\7cdab3cf557167752a250bfecb67e16e\transformed\jetified-transport-runtime-3.1.9\AndroidManifest.xml
[   +7 ms] Loading library manifest C:\Users\HAL─░S\.gradle\caches\8.14\transforms\f60a69599beeb285e84f85783d7516dc\transformed\jetified-transport-api-3.1.0\AndroidManifest.xml
[        ] Loading library manifest C:\Users\HAL─░S\.gradle\caches\8.14\transforms\d72efcd1f6a811a644f3c2c2b98506f8\transformed\interpolator-1.0.0\AndroidManifest.xml
[        ] Loading library manifest C:\Users\HAL─░S\.gradle\caches\8.14\transforms\e3d8609504964db0797faa4f841a4470\transformed\versionedparcelable-1.1.1\AndroidManifest.xml
[        ] Loading library manifest C:\Users\HAL─░S\.gradle\caches\8.14\transforms\97a1f129b56588bedc93cccafac7db3b\transformed\core-runtime-2.2.0\AndroidManifest.xml
[        ] Loading library manifest C:\Users\HAL─░S\.gradle\caches\8.14\transforms\1ea7f41a544b481eafdedf368a183dbd\transformed\cursoradapter-1.0.0\AndroidManifest.xml
[        ] Loading library manifest C:\Users\HAL─░S\.gradle\caches\8.14\transforms\9442e6043f52b3b66a275b2494099717\transformed\documentfile-1.0.0\AndroidManifest.xml
[        ] Loading library manifest C:\Users\HAL─░S\.gradle\caches\8.14\transforms\54485ff708138abd73c69ba52e2b2930\transformed\print-1.0.0\AndroidManifest.xml
[        ] Loading library manifest C:\Users\HAL─░S\.gradle\caches\8.14\transforms\8e2efec120d7068012d1b5fe74c476e7\transformed\jetified-core-1.0.0\AndroidManifest.xml
[        ] Loading library manifest C:\Users\HAL─░S\.gradle\caches\8.14\transforms\683c18efd53ebc8e82c336fb39b89260\transformed\jetified-annotation-experimental-1.4.1\AndroidManifest.xml
[        ] Loading library manifest C:\Users\HAL─░S\.gradle\caches\8.14\transforms\dd0b3918b02c34468327b052d7d00327\transformed\jetified-core-viewtree-1.0.0\AndroidManifest.xml
[        ] Loading library manifest C:\Users\HAL─░S\.gradle\caches\8.14\transforms\5bff8430c8e167f2f58ba76e9b6a3c9a\transformed\jetified-googleid-1.1.0\AndroidManifest.xml
[        ] Loading library manifest C:\Users\HAL─░S\.gradle\caches\8.14\transforms\2b030ea365d6697664af28e4addd14f2\transformed\jetified-runtime-annotation\AndroidManifest.xml
[        ] Loading library manifest C:\Users\HAL─░S\.gradle\caches\8.14\transforms\a8f899afbbf3777ad4cc8fdb8a840fb8\transformed\multidex-2.0.1\AndroidManifest.xml
[        ] Loading library manifest C:\Users\HAL─░S\.gradle\caches\8.14\transforms\135ead84b75ef7a2a53e58ece7ff7a41\transformed\jetified-grpc-android-1.62.2\AndroidManifest.xml
[        ] Loading library manifest C:\Users\HAL─░S\.gradle\caches\8.14\transforms\1842cff021a320f8eb6cecb126471b06\transformed\jetified-relinker-1.4.5\AndroidManifest.xml
[        ] Loading library manifest C:\Users\HAL─░S\.gradle\caches\8.14\transforms\3ec361adba8569c04da641e0d3123230\transformed\jetified-protolite-well-known-types-18.0.0\AndroidManifest.xml
[        ] Loading library manifest C:\Users\HAL─░S\.gradle\caches\8.14\transforms\b9605bb5a8daf94a55f97eea5ad56425\transformed\jetified-core-common-2.0.3\AndroidManifest.xml
[        ] Merging flavors and build manifest C:\eventful_app\android\app\src\debug\AndroidManifest.xml 
[        ] Merging main manifest C:\eventful_app\android\app\src\main\AndroidManifest.xml
[        ] Merging manifest with lower AndroidManifest.xml:1:1-101:12
[        ] Adopted [uses-permission: null]
[        ] Adopted [uses-permission: null]
[        ] uses-permission#android.permission.INTERNET defined in both files...
[        ] Merging uses-permission#android.permission.INTERNET with lower AndroidManifest.xml:5:5-67
[        ] Adopted [uses-permission: null]
[        ] Adopted [application: null]
[        ] Adopted [queries: null]
[        ] Merging library manifest C:\eventful_app\build\device_info_plus\intermediates\merged_manifest\debug\processDebugManifest\AndroidManifest.xml
[        ] Merging manifest with lower [:device_info_plus] AndroidManifest.xml:2:1-7:12
[        ] uses-sdk defined in both files...
[        ] Merging uses-sdk with lower [:device_info_plus] AndroidManifest.xml:5:5-44
[        ] Merging library manifest C:\eventful_app\build\google_maps_flutter_android\intermediates\merged_manifest\debug\processDebugManifest\AndroidManifest.xml
[        ] Merging manifest with lower [:google_maps_flutter_android] AndroidManifest.xml:2:1-13:12
[        ] uses-sdk defined in both files...
[        ] Merging uses-sdk with lower [:google_maps_flutter_android] AndroidManifest.xml:5:5-44
[        ] application defined in both files...
[        ] Merging application with lower [:google_maps_flutter_android] AndroidManifest.xml:7:5-11:19
[        ] Adopted [uses-library: null]
[        ] Merging library manifest C:\eventful_app\build\package_info_plus\intermediates\merged_manifest\debug\processDebugManifest\AndroidManifest.xml
[        ] Merging manifest with lower [:package_info_plus] AndroidManifest.xml:2:1-7:12
[        ] uses-sdk defined in both files...
[        ] Merging uses-sdk with lower [:package_info_plus] AndroidManifest.xml:5:5-44
[        ] Merging library manifest C:\eventful_app\build\share_plus\intermediates\merged_manifest\debug\processDebugManifest\AndroidManifest.xml
[        ] Merging manifest with lower [:share_plus] AndroidManifest.xml:2:1-35:12
[        ] uses-sdk defined in both files...
[        ] Merging uses-sdk with lower [:share_plus] AndroidManifest.xml:5:5-44
[        ] application defined in both files...
[        ] Merging application with lower [:share_plus] AndroidManifest.xml:7:5-33:19
[        ] Adopted [provider: null]
[        ] Adopted [receiver: null]
[        ] Merging library manifest C:\eventful_app\build\shared_preferences_android\intermediates\merged_manifest\debug\processDebugManifest\AndroidManifest.xml
[        ] Merging manifest with lower [:shared_preferences_android] AndroidManifest.xml:2:1-7:12
[        ] uses-sdk defined in both files...
[        ] Merging uses-sdk with lower [:shared_preferences_android] AndroidManifest.xml:5:5-44
[        ] Merging library manifest C:\eventful_app\build\cloud_firestore\intermediates\merged_manifest\debug\processDebugManifest\AndroidManifest.xml
[        ] Merging manifest with lower [:cloud_firestore] AndroidManifest.xml:2:1-15:12
[        ] uses-sdk defined in both files...
[        ] Merging uses-sdk with lower [:cloud_firestore] AndroidManifest.xml:5:5-44
[        ] application defined in both files...
[        ] Merging application with lower [:cloud_firestore] AndroidManifest.xml:7:5-13:19
[        ] Adopted [service: null]
[        ] Merging library manifest C:\eventful_app\build\firebase_app_check\intermediates\merged_manifest\debug\processDebugManifest\AndroidManifest.xml
[        ] Merging manifest with lower [:firebase_app_check] AndroidManifest.xml:2:1-15:12
[        ] uses-sdk defined in both files...
[        ] Merging uses-sdk with lower [:firebase_app_check] AndroidManifest.xml:5:5-44
[        ] application defined in both files...
[        ] Merging application with lower [:firebase_app_check] AndroidManifest.xml:7:5-13:19
[        ] service#com.google.firebase.components.ComponentDiscoveryService defined in both files...
[        ] Merging service#com.google.firebase.components.ComponentDiscoveryService with lower [:firebase_app_check] AndroidManifest.xml:8:9-12:19
[        ] Adopted [meta-data: null]
[        ] Merging library manifest C:\eventful_app\build\firebase_auth\intermediates\merged_manifest\debug\processDebugManifest\AndroidManifest.xml
[        ] Merging manifest with lower [:firebase_auth] AndroidManifest.xml:2:1-15:12
[        ] uses-sdk defined in both files...
[        ] Merging uses-sdk with lower [:firebase_auth] AndroidManifest.xml:5:5-44
[        ] application defined in both files...
[        ] Merging application with lower [:firebase_auth] AndroidManifest.xml:7:5-13:19
[        ] service#com.google.firebase.components.ComponentDiscoveryService defined in both files...
[        ] Merging service#com.google.firebase.components.ComponentDiscoveryService with lower [:firebase_auth] AndroidManifest.xml:8:9-12:19
[        ] Adopted [meta-data: null]
[        ] Merging library manifest C:\eventful_app\build\firebase_messaging\intermediates\merged_manifest\debug\processDebugManifest\AndroidManifest.xml
[        ] Merging manifest with lower [:firebase_messaging] AndroidManifest.xml:2:1-48:12
[        ] uses-sdk defined in both files...
[        ] Merging uses-sdk with lower [:firebase_messaging] AndroidManifest.xml:5:5-44
[        ] uses-permission#android.permission.INTERNET defined in both files...
[        ] Merging uses-permission#android.permission.INTERNET with lower [:firebase_messaging] AndroidManifest.xml:7:5-67
[        ] Adopted [uses-permission: null]
[        ] Adopted [uses-permission: null]
[        ] uses-permission#android.permission.POST_NOTIFICATIONS defined in both files...
[        ] Merging uses-permission#android.permission.POST_NOTIFICATIONS with lower [:firebase_messaging] AndroidManifest.xml:11:5-77
[        ] application defined in both files...
[        ] Merging application with lower [:firebase_messaging] AndroidManifest.xml:13:5-46:19
[        ] Adopted [service: null]
[        ] Adopted [service: null]
[        ] Adopted [receiver: null]
[        ] service#com.google.firebase.components.ComponentDiscoveryService defined in both files...
[        ] Merging service#com.google.firebase.components.ComponentDiscoveryService with lower [:firebase_messaging] AndroidManifest.xml:35:9-39:19
[        ] Adopted [meta-data: null]
[        ] Adopted [provider: null]
[        ] Merging library manifest C:\eventful_app\build\firebase_storage\intermediates\merged_manifest\debug\processDebugManifest\AndroidManifest.xml
[        ] Merging manifest with lower [:firebase_storage] AndroidManifest.xml:2:1-15:12
[        ] uses-sdk defined in both files...
[        ] Merging uses-sdk with lower [:firebase_storage] AndroidManifest.xml:5:5-44
[        ] application defined in both files...
[        ] Merging application with lower [:firebase_storage] AndroidManifest.xml:7:5-13:19
[        ] service#com.google.firebase.components.ComponentDiscoveryService defined in both files...
[        ] Merging service#com.google.firebase.components.ComponentDiscoveryService with lower [:firebase_storage] AndroidManifest.xml:8:9-12:19
[        ] Adopted [meta-data: null]
[        ] Merging library manifest C:\eventful_app\build\firebase_core\intermediates\merged_manifest\debug\processDebugManifest\AndroidManifest.xml
[        ] Merging manifest with lower [:firebase_core] AndroidManifest.xml:2:1-15:12
[        ] uses-sdk defined in both files...
[        ] Merging uses-sdk with lower [:firebase_core] AndroidManifest.xml:5:5-44
[        ] application defined in both files...
[        ] Merging application with lower [:firebase_core] AndroidManifest.xml:7:5-13:19
[        ] service#com.google.firebase.components.ComponentDiscoveryService defined in both files...
[        ] Merging service#com.google.firebase.components.ComponentDiscoveryService with lower [:firebase_core] AndroidManifest.xml:8:9-12:19
[        ] Adopted [meta-data: null]
[        ] Merging library manifest C:\Users\HAL─░S\.gradle\caches\8.14\transforms\a0eb3346dd29451b3bfa8424c142a20a\transformed\jetified-firebase-firestore-25.1.2\AndroidManifest.xml
[        ] Merging manifest with lower [com.google.firebase:firebase-firestore:25.1.2] AndroidManifest.xml:2:1-26:12
[        ] uses-sdk defined in both files...
[        ] Merging uses-sdk with lower [com.google.firebase:firebase-firestore:25.1.2] AndroidManifest.xml:6:5-44
[        ] uses-permission#android.permission.ACCESS_NETWORK_STATE defined in both files...
[        ] Merging uses-permission#android.permission.ACCESS_NETWORK_STATE with lower [com.google.firebase:firebase-firestore:25.1.2] AndroidManifest.xml:10:5-79
[        ] uses-permission#android.permission.INTERNET defined in both files...
[        ] Merging uses-permission#android.permission.INTERNET with lower [com.google.firebase:firebase-firestore:25.1.2] AndroidManifest.xml:11:5-67
[        ] application defined in both files...
[        ] Merging application with lower [com.google.firebase:firebase-firestore:25.1.2] AndroidManifest.xml:13:5-24:19
[        ] service#com.google.firebase.components.ComponentDiscoveryService defined in both files...
[        ] Merging service#com.google.firebase.components.ComponentDiscoveryService with lower [com.google.firebase:firebase-firestore:25.1.2] AndroidManifest.xml:14:9-23:19
[        ] Adopted [meta-data: null]
[        ] Adopted [meta-data: null]
[        ] Merging library manifest C:\Users\HAL─░S\.gradle\caches\8.14\transforms\a6235d70ce85d22c75b02ca751ad0d26\transformed\jetified-firebase-auth-23.2.0\AndroidManifest.xml
[        ] Merging manifest with lower [com.google.firebase:firebase-auth:23.2.0] AndroidManifest.xml:17:1-75:12
[        ] uses-sdk defined in both files...
[        ] Merging uses-sdk with lower [com.google.firebase:firebase-auth:23.2.0] AndroidManifest.xml:21:5-23:151
[        ] uses-permission#android.permission.INTERNET defined in both files...
[        ] Merging uses-permission#android.permission.INTERNET with lower [com.google.firebase:firebase-auth:23.2.0] AndroidManifest.xml:25:5-67
[        ] uses-permission#android.permission.ACCESS_NETWORK_STATE defined in both files...
[        ] Merging uses-permission#android.permission.ACCESS_NETWORK_STATE with lower [com.google.firebase:firebase-auth:23.2.0] AndroidManifest.xml:26:5-79
[        ] application defined in both files...
[        ] Merging application with lower [com.google.firebase:firebase-auth:23.2.0] AndroidManifest.xml:28:5-73:19
[        ] Adopted [activity: null]
[        ] Adopted [activity: null]
[        ] service#com.google.firebase.components.ComponentDiscoveryService defined in both files...
[        ] Merging service#com.google.firebase.components.ComponentDiscoveryService with lower [com.google.firebase:firebase-auth:23.2.0] AndroidManifest.xml:66:9-72:19
[        ] Adopted [meta-data: null]
[        ] Merging library manifest C:\Users\HAL─░S\.gradle\caches\8.14\transforms\bfeef031da400c23dd6a4cfc85c5eb47\transformed\jetified-firebase-appcheck-safetynet-16.1.2\AndroidManifest.xml
[        ] Merging manifest with lower [com.google.firebase:firebase-appcheck-safetynet:16.1.2] AndroidManifest.xml:15:1-33:12
[        ] uses-sdk defined in both files...
[        ] Merging uses-sdk with lower [com.google.firebase:firebase-appcheck-safetynet:16.1.2] AndroidManifest.xml:18:5-20:41
[        ] application defined in both files...
[        ] Merging application with lower [com.google.firebase:firebase-appcheck-safetynet:16.1.2] AndroidManifest.xml:23:5-31:19
[        ] service#com.google.firebase.components.ComponentDiscoveryService defined in both files...
[        ] Merging service#com.google.firebase.components.ComponentDiscoveryService with lower [com.google.firebase:firebase-appcheck-safetynet:16.1.2] AndroidManifest.xml:24:9-30:19
[        ] Adopted [meta-data: null]
[        ] Merging library manifest C:\Users\HAL─░S\.gradle\caches\8.14\transforms\62c4a0415c46f385484e9d03b06dd990\transformed\jetified-firebase-appcheck-debug-18.0.0\AndroidManifest.xml
[        ] Merging manifest with lower [com.google.firebase:firebase-appcheck-debug:18.0.0] AndroidManifest.xml:15:1-31:12
[        ] uses-sdk defined in both files...
[        ] Merging uses-sdk with lower [com.google.firebase:firebase-appcheck-debug:18.0.0] AndroidManifest.xml:18:5-44
[        ] application defined in both files...
[        ] Merging application with lower [com.google.firebase:firebase-appcheck-debug:18.0.0] AndroidManifest.xml:21:5-29:19
[        ] service#com.google.firebase.components.ComponentDiscoveryService defined in both files...
[        ] Merging service#com.google.firebase.components.ComponentDiscoveryService with lower [com.google.firebase:firebase-appcheck-debug:18.0.0] AndroidManifest.xml:22:9-28:19
[        ] Adopted [meta-data: null]
[        ] Merging library manifest C:\Users\HAL─░S\.gradle\caches\8.14\transforms\d37fb5267bde3f1475d82345cbbd952c\transformed\jetified-firebase-appcheck-playintegrity-18.0.0\AndroidManifest.xml
[        ] Merging manifest with lower [com.google.firebase:firebase-appcheck-playintegrity:18.0.0] AndroidManifest.xml:15:1-31:12
[        ] uses-sdk defined in both files...
[        ] Merging uses-sdk with lower [com.google.firebase:firebase-appcheck-playintegrity:18.0.0] AndroidManifest.xml:18:5-44
[        ] application defined in both files...
[        ] Merging application with lower [com.google.firebase:firebase-appcheck-playintegrity:18.0.0] AndroidManifest.xml:21:5-29:19
[        ] service#com.google.firebase.components.ComponentDiscoveryService defined in both files...
[        ] Merging service#com.google.firebase.components.ComponentDiscoveryService with lower [com.google.firebase:firebase-appcheck-playintegrity:18.0.0] AndroidManifest.xml:22:9-28:19
[        ] Adopted [meta-data: null]
[        ] Merging library manifest C:\Users\HAL─░S\.gradle\caches\8.14\transforms\2362eda35eca2d27fac3f216af266e8d\transformed\jetified-firebase-messaging-24.1.0\AndroidManifest.xml
[        ] Merging manifest with lower [com.google.firebase:firebase-messaging:24.1.0] AndroidManifest.xml:17:1-66:12
[        ] uses-sdk defined in both files...
[        ] Merging uses-sdk with lower [com.google.firebase:firebase-messaging:24.1.0] AndroidManifest.xml:20:5-44
[        ] uses-permission#android.permission.ACCESS_NETWORK_STATE defined in both files...
[        ] Merging uses-permission#android.permission.ACCESS_NETWORK_STATE with lower [com.google.firebase:firebase-messaging:24.1.0] AndroidManifest.xml:22:5-79
[        ] uses-permission#android.permission.POST_NOTIFICATIONS defined in both files...
[        ] Merging uses-permission#android.permission.POST_NOTIFICATIONS with lower [com.google.firebase:firebase-messaging:24.1.0] AndroidManifest.xml:23:5-77
[        ] uses-permission#android.permission.WAKE_LOCK defined in both files...
[        ] Merging uses-permission#android.permission.WAKE_LOCK with lower [com.google.firebase:firebase-messaging:24.1.0] AndroidManifest.xml:24:5-68
[        ] Adopted [uses-permission: null]
[        ] application defined in both files...
[        ] Merging application with lower [com.google.firebase:firebase-messaging:24.1.0] AndroidManifest.xml:28:5-64:19
[        ] Adopted [receiver: null]
[        ] Adopted [service: null]
[        ] service#com.google.firebase.components.ComponentDiscoveryService defined in both files...
[        ] Merging service#com.google.firebase.components.ComponentDiscoveryService with lower [com.google.firebase:firebase-messaging:24.1.0] AndroidManifest.xml:54:9-63:19
[        ] Adopted [meta-data: null]
[        ] Adopted [meta-data: null]
[        ] Merging library manifest C:\Users\HAL─░S\.gradle\caches\8.14\transforms\6c033edc2981ed854b79067fab2714b1\transformed\jetified-firebase-storage-21.0.1\AndroidManifest.xml
[        ] Merging manifest with lower [com.google.firebase:firebase-storage:21.0.1] AndroidManifest.xml:15:1-39:12
[        ] uses-sdk defined in both files...
[        ] Merging uses-sdk with lower [com.google.firebase:firebase-storage:21.0.1] AndroidManifest.xml:19:5-44
[        ] uses-permission#android.permission.ACCESS_NETWORK_STATE defined in both files...
[        ] Merging uses-permission#android.permission.ACCESS_NETWORK_STATE with lower [com.google.firebase:firebase-storage:21.0.1] AndroidManifest.xml:23:5-79
[        ] uses-permission#android.permission.INTERNET defined in both files...
[        ] Merging uses-permission#android.permission.INTERNET with lower [com.google.firebase:firebase-storage:21.0.1] AndroidManifest.xml:24:5-67
[        ] application defined in both files...
[        ] Merging application with lower [com.google.firebase:firebase-storage:21.0.1] AndroidManifest.xml:26:5-37:19
[        ] service#com.google.firebase.components.ComponentDiscoveryService defined in both files...
[        ] Merging service#com.google.firebase.components.ComponentDiscoveryService with lower [com.google.firebase:firebase-storage:21.0.1] AndroidManifest.xml:27:9-36:19
[        ] Adopted [meta-data: null]
[        ] Adopted [meta-data: null]
[        ] Merging library manifest C:\Users\HAL─░S\.gradle\caches\8.14\transforms\dbda65d0b1af059c805f5554ed61034b\transformed\jetified-firebase-analytics-22.2.0\AndroidManifest.xml
[        ] Merging manifest with lower [com.google.firebase:firebase-analytics:22.2.0] AndroidManifest.xml:2:1-9:12
[        ] uses-sdk defined in both files...
[        ] Merging uses-sdk with lower [com.google.firebase:firebase-analytics:22.2.0] AndroidManifest.xml:5:5-44
[        ] application defined in both files...
[        ] Merging application with lower [com.google.firebase:firebase-analytics:22.2.0] AndroidManifest.xml:7:5-20
[        ] Merging library manifest C:\Users\HAL─░S\.gradle\caches\8.14\transforms\b3afe062d8e09d03de75fdac7fb11662\transformed\jetified-play-services-measurement-api-22.2.0\AndroidManifest.xml
[        ] Merging manifest with lower [com.google.android.gms:play-services-measurement-api:22.2.0] AndroidManifest.xml:17:1-39:12
[        ] uses-sdk defined in both files...
[        ] Merging uses-sdk with lower [com.google.android.gms:play-services-measurement-api:22.2.0] AndroidManifest.xml:20:5-44
[        ] uses-permission#android.permission.INTERNET defined in both files...
[        ] Merging uses-permission#android.permission.INTERNET with lower [com.google.android.gms:play-services-measurement-api:22.2.0] AndroidManifest.xml:22:5-67
[        ] uses-permission#android.permission.ACCESS_NETWORK_STATE defined in both files...
[        ] Merging uses-permission#android.permission.ACCESS_NETWORK_STATE with lower [com.google.android.gms:play-services-measurement-api:22.2.0] AndroidManifest.xml:23:5-79
[        ] uses-permission#android.permission.WAKE_LOCK defined in both files...
[        ] Merging uses-permission#android.permission.WAKE_LOCK with lower [com.google.android.gms:play-services-measurement-api:22.2.0] AndroidManifest.xml:24:5-68
[        ] Adopted [uses-permission: null]
[        ] Adopted [uses-permission: null]
[        ] Adopted [uses-permission: null]
[        ] application defined in both files...
[        ] Merging application with lower [com.google.android.gms:play-services-measurement-api:22.2.0] AndroidManifest.xml:29:5-37:19
[        ] service#com.google.firebase.components.ComponentDiscoveryService defined in both files...
[        ] Merging service#com.google.firebase.components.ComponentDiscoveryService with lower [com.google.android.gms:play-services-measurement-api:22.2.0] AndroidManifest.xml:30:9-36:19
[        ] Adopted [meta-data: null]
[        ] Merging library manifest C:\Users\HAL─░S\.gradle\caches\8.14\transforms\3755f3b68924ebed0a8c04a2bde9d757\transformed\jetified-firebase-appcheck-18.0.0\AndroidManifest.xml
[        ] Merging manifest with lower [com.google.firebase:firebase-appcheck:18.0.0] AndroidManifest.xml:15:1-34:12
[        ] uses-sdk defined in both files...
[        ] Merging uses-sdk with lower [com.google.firebase:firebase-appcheck:18.0.0] AndroidManifest.xml:18:5-44
[        ] application defined in both files...
[        ] Merging application with lower [com.google.firebase:firebase-appcheck:18.0.0] AndroidManifest.xml:21:5-32:19
[        ] service#com.google.firebase.components.ComponentDiscoveryService defined in both files...
[        ] Merging service#com.google.firebase.components.ComponentDiscoveryService with lower [com.google.firebase:firebase-appcheck:18.0.0] AndroidManifest.xml:22:9-31:19
[        ] Adopted [meta-data: null]
[        ] Adopted [meta-data: null]
[        ] Merging library manifest C:\Users\HAL─░S\.gradle\caches\8.14\transforms\c8bbc64bbd988aa25859d68d96ca4f3a\transformed\jetified-firebase-installations-18.0.0\AndroidManifest.xml
[        ] Merging manifest with lower [com.google.firebase:firebase-installations:18.0.0] AndroidManifest.xml:2:1-24:12
[        ] uses-sdk defined in both files...
[        ] Merging uses-sdk with lower [com.google.firebase:firebase-installations:18.0.0] AndroidManifest.xml:5:5-44
[        ] uses-permission#android.permission.ACCESS_NETWORK_STATE defined in both files...
[        ] Merging uses-permission#android.permission.ACCESS_NETWORK_STATE with lower [com.google.firebase:firebase-installations:18.0.0] AndroidManifest.xml:7:5-79
[        ] uses-permission#android.permission.INTERNET defined in both files...
[        ] Merging uses-permission#android.permission.INTERNET with lower [com.google.firebase:firebase-installations:18.0.0] AndroidManifest.xml:8:5-67
[        ] application defined in both files...
[        ] Merging application with lower [com.google.firebase:firebase-installations:18.0.0] AndroidManifest.xml:11:5-22:19
[        ] service#com.google.firebase.components.ComponentDiscoveryService defined in both files...
[        ] Merging service#com.google.firebase.components.ComponentDiscoveryService with lower [com.google.firebase:firebase-installations:18.0.0] AndroidManifest.xml:12:9-21:19
[        ] Adopted [meta-data: null]
[        ] Adopted [meta-data: null]
[        ] Merging library manifest C:\Users\HAL─░S\.gradle\caches\8.14\transforms\4e70611356acaed29407a9e897d5bbe7\transformed\jetified-firebase-common-ktx-21.0.0\AndroidManifest.xml
[        ] Merging manifest with lower [com.google.firebase:firebase-common-ktx:21.0.0] AndroidManifest.xml:2:1-18:12
[        ] uses-sdk defined in both files...
[        ] Merging uses-sdk with lower [com.google.firebase:firebase-common-ktx:21.0.0] AndroidManifest.xml:5:5-44
[        ] application defined in both files...
[        ] Merging application with lower [com.google.firebase:firebase-common-ktx:21.0.0] AndroidManifest.xml:8:5-16:19
[        ] service#com.google.firebase.components.ComponentDiscoveryService defined in both files...
[        ] Merging service#com.google.firebase.components.ComponentDiscoveryService with lower [com.google.firebase:firebase-common-ktx:21.0.0] AndroidManifest.xml:9:9-15:19
[        ] Adopted [meta-data: null]
[        ] Merging library manifest C:\Users\HAL─░S\.gradle\caches\8.14\transforms\1d6d97d34509f4cd516a408a922f82cc\transformed\jetified-firebase-auth-interop-20.0.0\AndroidManifest.xml
[        ] Merging manifest with lower [com.google.firebase:firebase-auth-interop:20.0.0] AndroidManifest.xml:2:1-10:12
[        ] uses-sdk defined in both files...
[        ] Merging uses-sdk with lower [com.google.firebase:firebase-auth-interop:20.0.0] AndroidManifest.xml:5:5-44
[        ] application defined in both files...
[        ] Merging application with lower [com.google.firebase:firebase-auth-interop:20.0.0] AndroidManifest.xml:7:5-8:19
[        ] Merging library manifest C:\Users\HAL─░S\.gradle\caches\8.14\transforms\d276726f77ec453d1ff70781e8777ef8\transformed\jetified-firebase-common-21.0.0\AndroidManifest.xml
[        ] Merging manifest with lower [com.google.firebase:firebase-common:21.0.0] AndroidManifest.xml:15:1-41:12
[        ] uses-sdk defined in both files...
[        ] Merging uses-sdk with lower [com.google.firebase:firebase-common:21.0.0] AndroidManifest.xml:19:5-44
[        ] application defined in both files...
[        ] Merging application with lower [com.google.firebase:firebase-common:21.0.0] AndroidManifest.xml:22:5-39:19
[        ] Adopted [provider: null]
[        ] service#com.google.firebase.components.ComponentDiscoveryService defined in both files...
[        ] Merging service#com.google.firebase.components.ComponentDiscoveryService with lower [com.google.firebase:firebase-common:21.0.0] AndroidManifest.xml:30:9-38:19
[        ] Adopted [meta-data: null]
[        ] Merging library manifest C:\eventful_app\build\geolocator_android\intermediates\merged_manifest\debug\processDebugManifest\AndroidManifest.xml
[        ] Merging manifest with lower [:geolocator_android] AndroidManifest.xml:2:1-15:12
[        ] uses-sdk defined in both files...
[        ] Merging uses-sdk with lower [:geolocator_android] AndroidManifest.xml:5:5-44
[        ] application defined in both files...
[        ] Merging application with lower [:geolocator_android] AndroidManifest.xml:7:5-13:19
[        ] Adopted [service: null]
[        ] Merging library manifest C:\Users\HAL─░S\.gradle\caches\8.14\transforms\468271615775d4dfe411358c86dd0391\transformed\jetified-play-services-location-21.2.0\AndroidManifest.xml
[        ] Merging manifest with lower [com.google.android.gms:play-services-location:21.2.0] AndroidManifest.xml:2:1-9:12
[        ] uses-sdk defined in both files...
[        ] Merging uses-sdk with lower [com.google.android.gms:play-services-location:21.2.0] AndroidManifest.xml:5:5-44
[        ] application defined in both files...
[        ] Merging application with lower [com.google.android.gms:play-services-location:21.2.0] AndroidManifest.xml:7:5-20
[        ] Merging library manifest C:\eventful_app\build\flutter_local_notifications\intermediates\merged_manifest\debug\processDebugManifest\AndroidManifest.xml
[        ] Merging manifest with lower [:flutter_local_notifications] AndroidManifest.xml:2:1-10:12
[        ] uses-sdk defined in both files...
[        ] Merging uses-sdk with lower [:flutter_local_notifications] AndroidManifest.xml:5:5-44
[        ] Adopted [uses-permission: null]
[        ] uses-permission#android.permission.POST_NOTIFICATIONS defined in both files...
[        ] Merging uses-permission#android.permission.POST_NOTIFICATIONS with lower [:flutter_local_notifications] AndroidManifest.xml:8:5-77
[        ] Merging library manifest C:\eventful_app\build\image_picker_android\intermediates\merged_manifest\debug\processDebugManifest\AndroidManifest.xml
[        ] Merging manifest with lower [:image_picker_android] AndroidManifest.xml:2:1-34:12
[        ] uses-sdk defined in both files...
[        ] Merging uses-sdk with lower [:image_picker_android] AndroidManifest.xml:6:5-44
[        ] application defined in both files...
[        ] Merging application with lower [:image_picker_android] AndroidManifest.xml:8:5-32:19
[        ] Adopted [provider: null]
[        ] Adopted [service: null]
[        ] Merging library manifest C:\eventful_app\build\url_launcher_android\intermediates\merged_manifest\debug\processDebugManifest\AndroidManifest.xml
[        ] Merging manifest with lower [:url_launcher_android] AndroidManifest.xml:2:1-14:12
[        ] uses-sdk defined in both files...
[        ] Merging uses-sdk with lower [:url_launcher_android] AndroidManifest.xml:5:5-44
[        ] application defined in both files...
[        ] Merging application with lower [:url_launcher_android] AndroidManifest.xml:7:5-12:19
[        ] Adopted [activity: null]
[        ] Merging library manifest C:\eventful_app\build\flutter_plugin_android_lifecycle\intermediates\merged_manifest\debug\processDebugManifest\AndroidManifest.xml
[        ] Merging manifest with lower [:flutter_plugin_android_lifecycle] AndroidManifest.xml:2:1-7:12
[        ] uses-sdk defined in both files...
[        ] Merging uses-sdk with lower [:flutter_plugin_android_lifecycle] AndroidManifest.xml:5:5-44
[        ] Merging library manifest C:\eventful_app\build\geocoding_android\intermediates\merged_manifest\debug\processDebugManifest\AndroidManifest.xml
[        ] Merging manifest with lower [:geocoding_android] AndroidManifest.xml:2:1-7:12
[        ] uses-sdk defined in both files...
[        ] Merging uses-sdk with lower [:geocoding_android] AndroidManifest.xml:5:5-44
[        ] Merging library manifest C:\eventful_app\build\jni_flutter\intermediates\merged_manifest\debug\processDebugManifest\AndroidManifest.xml
[        ] Merging manifest with lower [:jni_flutter] AndroidManifest.xml:2:1-7:12
[        ] uses-sdk defined in both files...
[        ] Merging uses-sdk with lower [:jni_flutter] AndroidManifest.xml:5:5-44
[        ] Merging library manifest C:\eventful_app\build\jni\intermediates\merged_manifest\debug\processDebugManifest\AndroidManifest.xml
[        ] Merging manifest with lower [:jni] AndroidManifest.xml:2:1-7:12
[        ] uses-sdk defined in both files...
[        ] Merging uses-sdk with lower [:jni] AndroidManifest.xml:5:5-44
[        ] Merging library manifest C:\eventful_app\build\sqflite_android\intermediates\merged_manifest\debug\processDebugManifest\AndroidManifest.xml
[        ] Merging manifest with lower [:sqflite_android] AndroidManifest.xml:2:1-7:12
[        ] uses-sdk defined in both files...
[        ] Merging uses-sdk with lower [:sqflite_android] AndroidManifest.xml:5:5-44
[        ] Merging library manifest C:\Users\HAL─░S\.gradle\caches\8.14\transforms\6cd7ec17c348040064c605272813833e\transformed\media-1.1.0\AndroidManifest.xml
[        ] Merging manifest with lower [androidx.media:media:1.1.0] AndroidManifest.xml:17:1-24:12
[        ] uses-sdk defined in both files...
[        ] Merging uses-sdk with lower [androidx.media:media:1.1.0] AndroidManifest.xml:20:5-22:41
[        ] Merging library manifest C:\Users\HAL─░S\.gradle\caches\8.14\transforms\01af06cd38670f71367db591f9c95247\transformed\preference-1.2.1\AndroidManifest.xml
[        ] Merging manifest with lower [androidx.preference:preference:1.2.1] AndroidManifest.xml:17:1-24:12
[        ] uses-sdk defined in both files...
[        ] Merging uses-sdk with lower [androidx.preference:preference:1.2.1] AndroidManifest.xml:20:5-22:41
[        ] Merging library manifest C:\Users\HAL─░S\.gradle\caches\8.14\transforms\2433354ee5510b2dd4d8e0807a038f90\transformed\browser-1.9.0\AndroidManifest.xml
[        ] Merging manifest with lower [androidx.browser:browser:1.9.0] AndroidManifest.xml:2:1-7:12
[        ] uses-sdk defined in both files...
[        ] Merging uses-sdk with lower [androidx.browser:browser:1.9.0] AndroidManifest.xml:5:5-44
[        ] Merging library manifest C:\Users\HAL─░S\.gradle\caches\8.14\transforms\b739d677f7f123ccc8b031d6c581911f\transformed\recyclerview-1.0.0\AndroidManifest.xml
[        ] Merging manifest with lower [androidx.recyclerview:recyclerview:1.0.0] AndroidManifest.xml:17:1-22:12
[        ] uses-sdk defined in both files...
[        ] Merging uses-sdk with lower [androidx.recyclerview:recyclerview:1.0.0] AndroidManifest.xml:20:5-44
[        ] Merging library manifest C:\Users\HAL─░S\.gradle\caches\8.14\transforms\751617efae20731e49646fd4a845f964\transformed\legacy-support-core-ui-1.0.0\AndroidManifest.xml
[        ] Merging manifest with lower [androidx.legacy:legacy-support-core-ui:1.0.0] AndroidManifest.xml:17:1-22:12
[        ] uses-sdk defined in both files...
[        ] Merging uses-sdk with lower [androidx.legacy:legacy-support-core-ui:1.0.0] AndroidManifest.xml:20:5-44
[        ] Merging library manifest C:\Users\HAL─░S\.gradle\caches\8.14\transforms\a57617140ed65f6edc02fa3892481439\transformed\slidingpanelayout-1.2.0\AndroidManifest.xml
[        ] Merging manifest with lower [androidx.slidingpanelayout:slidingpanelayout:1.2.0] AndroidManifest.xml:17:1-24:12
[        ] uses-sdk defined in both files...
[        ] Merging uses-sdk with lower [androidx.slidingpanelayout:slidingpanelayout:1.2.0] AndroidManifest.xml:20:5-22:41
[        ] Merging library manifest C:\Users\HAL─░S\.gradle\caches\8.14\transforms\7cd3444222774ff62087027a73014ab3\transformed\jetified-window-1.2.0\AndroidManifest.xml
[        ] Merging manifest with lower [androidx.window:window:1.2.0] AndroidManifest.xml:17:1-31:12
[        ] uses-sdk defined in both files...
[        ] Merging uses-sdk with lower [androidx.window:window:1.2.0] AndroidManifest.xml:20:5-44
[        ] application defined in both files...
[        ] Merging application with lower [androidx.window:window:1.2.0] AndroidManifest.xml:22:5-29:19
[        ] Adopted [uses-library: null]
[        ] Adopted [uses-library: null]
[        ] Merging library manifest C:\Users\HAL─░S\.gradle\caches\8.14\transforms\0179db3556163303526a908cbbf97c76\transformed\jetified-window-java-1.2.0\AndroidManifest.xml
[        ] Merging manifest with lower [androidx.window:window-java:1.2.0] AndroidManifest.xml:17:1-21:12
[        ] uses-sdk defined in both files...
[        ] Merging uses-sdk with lower [androidx.window:window-java:1.2.0] AndroidManifest.xml:19:5-44
[        ] Merging library manifest C:\Users\HAL─░S\.gradle\caches\8.14\transforms\392a4c1ce9fea49965d7f6b2b82e1f26\transformed\jetified-android-maps-utils-4.1.0\AndroidManifest.xml
[        ] Merging manifest with lower [com.google.maps.android:android-maps-utils:4.1.0] AndroidManifest.xml:17:1-39:12
[        ] uses-sdk defined in both files...
[        ] Merging uses-sdk with lower [com.google.maps.android:android-maps-utils:4.1.0] AndroidManifest.xml:21:5-44
[        ] application defined in both files...
[        ] Merging application with lower [com.google.maps.android:android-maps-utils:4.1.0] AndroidManifest.xml:23:5-37:19
[        ] meta-data#com.google.android.gms.version defined in both files...
[        ] Merging meta-data#com.google.android.gms.version with lower [com.google.maps.android:android-maps-utils:4.1.0] AndroidManifest.xml:24:9-26:69
[        ] Adopted [provider: null]
[        ] Merging library manifest C:\Users\HAL─░S\.gradle\caches\8.14\transforms\5afc63e7e053ce24d3de195f800ca394\transformed\jetified-play-services-maps-20.0.0\AndroidManifest.xml
[        ] Merging manifest with lower [com.google.android.gms:play-services-maps:20.0.0] AndroidManifest.xml:16:1-33:12
[        ] uses-permission#android.permission.ACCESS_NETWORK_STATE defined in both files...
[        ] Merging uses-permission#android.permission.ACCESS_NETWORK_STATE with lower [com.google.android.gms:play-services-maps:20.0.0] AndroidManifest.xml:20:5-78
[        ] uses-permission#android.permission.INTERNET defined in both files...
[        ] Merging uses-permission#android.permission.INTERNET with lower [com.google.android.gms:play-services-maps:20.0.0] AndroidManifest.xml:21:5-66
[        ] Adopted [uses-feature: null]
[        ] uses-sdk defined in both files...
[        ] Merging uses-sdk with lower [com.google.android.gms:play-services-maps:20.0.0] AndroidManifest.xml:26:5-43
[        ] queries defined in both files...
[        ] Merging queries with lower [com.google.android.gms:play-services-maps:20.0.0] AndroidManifest.xml:27:5-30:15
[        ] Adopted [package: null]
[        ] application defined in both files...
[        ] Merging application with lower [com.google.android.gms:play-services-maps:20.0.0] AndroidManifest.xml:31:5-32:19
[        ] Merging library manifest C:\Users\HAL─░S\.gradle\caches\8.14\transforms\bc814a9f009fa28ae7de845543c9cc7d\transformed\jetified-firebase-database-collection-18.0.1\AndroidManifest.xml
[        ] Merging manifest with lower [com.google.firebase:firebase-database-collection:18.0.1] AndroidManifest.xml:2:1-9:12
[        ] uses-sdk defined in both files...
[        ] Merging uses-sdk with lower [com.google.firebase:firebase-database-collection:18.0.1] AndroidManifest.xml:5:5-7:41
[        ] Merging library manifest C:\Users\HAL─░S\.gradle\caches\8.14\transforms\21843b764fd4577f6052ec73ff6e94b1\transformed\jetified-play-services-safetynet-18.0.0\AndroidManifest.xml
[        ] Merging manifest with lower [com.google.android.gms:play-services-safetynet:18.0.0] AndroidManifest.xml:17:1-24:12
[        ] uses-sdk defined in both files...
[        ] Merging uses-sdk with lower [com.google.android.gms:play-services-safetynet:18.0.0] AndroidManifest.xml:20:5-44
[        ] application defined in both files...
[        ] Merging application with lower [com.google.android.gms:play-services-safetynet:18.0.0] AndroidManifest.xml:22:5-20
[        ] Merging library manifest C:\Users\HAL─░S\.gradle\caches\8.14\transforms\c2b8f833d34f5df17e5b86e7e4dc324e\transformed\jetified-credentials-1.2.0-rc01\AndroidManifest.xml
[        ] Merging manifest with lower [androidx.credentials:credentials:1.2.0-rc01] AndroidManifest.xml:2:1-7:12
[        ] uses-sdk defined in both files...
[        ] Merging uses-sdk with lower [androidx.credentials:credentials:1.2.0-rc01] AndroidManifest.xml:5:5-44
[        ] Merging library manifest C:\Users\HAL─░S\.gradle\caches\8.14\transforms\77216936745cad7f41bd07a8d3a8cdef\transformed\jetified-credentials-play-services-auth-1.2.0-rc01\AndroidManifest.xml
[        ] Merging manifest with lower [androidx.credentials:credentials-play-services-auth:1.2.0-rc01] AndroidManifest.xml:17:1-44:12
[        ] uses-sdk defined in both files...
[        ] Merging uses-sdk with lower [androidx.credentials:credentials-play-services-auth:1.2.0-rc01] AndroidManifest.xml:21:5-44
[        ] application defined in both files...
[        ] Merging application with lower [androidx.credentials:credentials-play-services-auth:1.2.0-rc01] AndroidManifest.xml:23:5-42:19
[        ] Adopted [service: null]
[        ] Adopted [activity: null]
[        ] Merging library manifest C:\Users\HAL─░S\.gradle\caches\8.14\transforms\218402ef31b474dd33b1a2da78f6ac66\transformed\jetified-play-services-auth-20.7.0\AndroidManifest.xml
[        ] Merging manifest with lower [com.google.android.gms:play-services-auth:20.7.0] AndroidManifest.xml:17:1-40:12
[        ] uses-sdk defined in both files...
[        ] Merging uses-sdk with lower [com.google.android.gms:play-services-auth:20.7.0] AndroidManifest.xml:20:5-44
[        ] application defined in both files...
[        ] Merging application with lower [com.google.android.gms:play-services-auth:20.7.0] AndroidManifest.xml:22:5-38:19
[        ] Adopted [activity: null]
[        ] Adopted [service: null]
[        ] Merging library manifest C:\Users\HAL─░S\.gradle\caches\8.14\transforms\dce4c49776874b3da67785a6dba12f71\transformed\jetified-play-services-auth-api-phone-18.0.2\AndroidManifest.xml
[        ] Merging manifest with lower [com.google.android.gms:play-services-auth-api-phone:18.0.2] AndroidManifest.xml:2:1-7:12
[        ] uses-sdk defined in both files...
[        ] Merging uses-sdk with lower [com.google.android.gms:play-services-auth-api-phone:18.0.2] AndroidManifest.xml:5:5-44
[        ] Merging library manifest C:\Users\HAL─░S\.gradle\caches\8.14\transforms\a13b82e27e1e7af92fbfd5e5aadd2b93\transformed\jetified-firebase-appcheck-interop-17.1.0\AndroidManifest.xml
[        ] Merging manifest with lower [com.google.firebase:firebase-appcheck-interop:17.1.0] AndroidManifest.xml:15:1-23:12
[        ] uses-sdk defined in both files...
[        ] Merging uses-sdk with lower [com.google.firebase:firebase-appcheck-interop:17.1.0] AndroidManifest.xml:18:5-44
[        ] application defined in both files...
[        ] Merging application with lower [com.google.firebase:firebase-appcheck-interop:17.1.0] AndroidManifest.xml:21:5-20
[        ] Merging library manifest C:\Users\HAL─░S\.gradle\caches\8.14\transforms\0b2483d0404b6207ab1f29029d545d4d\transformed\jetified-play-services-measurement-22.2.0\AndroidManifest.xml
[        ] Merging manifest with lower [com.google.android.gms:play-services-measurement:22.2.0] AndroidManifest.xml:17:1-46:12
[        ] uses-sdk defined in both files...
[        ] Merging uses-sdk with lower [com.google.android.gms:play-services-measurement:22.2.0] AndroidManifest.xml:20:5-44
[        ] uses-permission#android.permission.INTERNET defined in both files...
[        ] Merging uses-permission#android.permission.INTERNET with lower [com.google.android.gms:play-services-measurement:22.2.0] AndroidManifest.xml:23:5-67
[        ] uses-permission#android.permission.ACCESS_NETWORK_STATE defined in both files...
[        ] Merging uses-permission#android.permission.ACCESS_NETWORK_STATE with lower [com.google.android.gms:play-services-measurement:22.2.0] AndroidManifest.xml:24:5-79
[        ] uses-permission#android.permission.WAKE_LOCK defined in both files...
[        ] Merging uses-permission#android.permission.WAKE_LOCK with lower [com.google.android.gms:play-services-measurement:22.2.0] AndroidManifest.xml:25:5-68
[        ] Adopted [uses-permission: null]
[        ] application defined in both files...
[        ] Merging application with lower [com.google.android.gms:play-services-measurement:22.2.0] AndroidManifest.xml:28:5-44:19
[        ] Adopted [receiver: null]
[        ] Adopted [service: null]
[        ] Adopted [service: null]
[        ] Merging library manifest C:\Users\HAL─░S\.gradle\caches\8.14\transforms\64bc7ef82491b9a6c46f4e36355ce286\transformed\jetified-play-services-measurement-sdk-22.2.0\AndroidManifest.xml
[        ] Merging manifest with lower [com.google.android.gms:play-services-measurement-sdk:22.2.0] AndroidManifest.xml:17:1-25:12
[        ] uses-sdk defined in both files...
[        ] Merging uses-sdk with lower [com.google.android.gms:play-services-measurement-sdk:22.2.0] AndroidManifest.xml:20:5-44
[        ] application defined in both files...
[        ] Merging application with lower [com.google.android.gms:play-services-measurement-sdk:22.2.0] AndroidManifest.xml:22:5-23:19
[        ] Merging library manifest C:\Users\HAL─░S\.gradle\caches\8.14\transforms\92f5b0d4a6abfa2774b77902632c5b36\transformed\jetified-play-services-measurement-impl-22.2.0\AndroidManifest.xml
[        ] Merging manifest with lower [com.google.android.gms:play-services-measurement-impl:22.2.0] AndroidManifest.xml:17:1-32:12
[        ] uses-sdk defined in both files...
[        ] Merging uses-sdk with lower [com.google.android.gms:play-services-measurement-impl:22.2.0] AndroidManifest.xml:20:5-44
[        ] uses-permission#android.permission.INTERNET defined in both files...
[        ] Merging uses-permission#android.permission.INTERNET with lower [com.google.android.gms:play-services-measurement-impl:22.2.0] AndroidManifest.xml:23:5-67
[        ] uses-permission#android.permission.ACCESS_NETWORK_STATE defined in both files...
[        ] Merging uses-permission#android.permission.ACCESS_NETWORK_STATE with lower [com.google.android.gms:play-services-measurement-impl:22.2.0] AndroidManifest.xml:24:5-79
[        ] uses-permission#android.permission.WAKE_LOCK defined in both files...
[        ] Merging uses-permission#android.permission.WAKE_LOCK with lower [com.google.android.gms:play-services-measurement-impl:22.2.0] AndroidManifest.xml:25:5-68
[        ] uses-permission#com.google.android.finsky.permission.BIND_GET_INSTALL_REFERRER_SERVICE defined in both files...
[        ] Merging uses-permission#com.google.android.finsky.permission.BIND_GET_INSTALL_REFERRER_SERVICE with lower [com.google.android.gms:play-services-measurement-impl:22.2.0] AndroidManifest.xml:26:5-110
[        ] uses-permission#com.google.android.gms.permission.AD_ID defined in both files...
[        ] Merging uses-permission#com.google.android.gms.permission.AD_ID with lower [com.google.android.gms:play-services-measurement-impl:22.2.0] AndroidManifest.xml:27:5-79
[        ] application defined in both files...
[        ] Merging application with lower [com.google.android.gms:play-services-measurement-impl:22.2.0] AndroidManifest.xml:29:5-30:19
[        ] Merging library manifest C:\Users\HAL─░S\.gradle\caches\8.14\transforms\334bd892cf763cf72d1000face234fb4\transformed\jetified-play-services-fido-20.1.0\AndroidManifest.xml
[        ] Merging manifest with lower [com.google.android.gms:play-services-fido:20.1.0] AndroidManifest.xml:2:1-10:12
[        ] uses-sdk defined in both files...
[        ] Merging uses-sdk with lower [com.google.android.gms:play-services-fido:20.1.0] AndroidManifest.xml:5:5-44
[        ] application defined in both files...
[        ] Merging application with lower [com.google.android.gms:play-services-fido:20.1.0] AndroidManifest.xml:7:5-8:19
[        ] Merging library manifest C:\Users\HAL─░S\.gradle\caches\8.14\transforms\4167535a55bf199b93191a5ea070a8b6\transformed\jetified-play-services-auth-base-18.0.4\AndroidManifest.xml
[        ] Merging manifest with lower [com.google.android.gms:play-services-auth-base:18.0.4] AndroidManifest.xml:2:1-7:12
[        ] uses-sdk defined in both files...
[        ] Merging uses-sdk with lower [com.google.android.gms:play-services-auth-base:18.0.4] AndroidManifest.xml:5:5-44
[        ] Merging library manifest C:\Users\HAL─░S\.gradle\caches\8.14\transforms\b2fe9d7521553f82b9f200ee6dde3932\transformed\jetified-play-services-base-18.5.0\AndroidManifest.xml
[        ] Merging manifest with lower [com.google.android.gms:play-services-base:18.5.0] AndroidManifest.xml:2:1-7:12
[        ] uses-sdk defined in both files...
[        ] Merging uses-sdk with lower [com.google.android.gms:play-services-base:18.5.0] AndroidManifest.xml:3:5-44
[        ] application defined in both files...
[        ] Merging application with lower [com.google.android.gms:play-services-base:18.5.0] AndroidManifest.xml:4:5-6:19
[        ] Adopted [activity: null]
[        ] Merging library manifest C:\Users\HAL─░S\.gradle\caches\8.14\transforms\d889dae0ae048297bf364fb93db47080\transformed\jetified-recaptcha-18.6.1\AndroidManifest.xml
[        ] Merging manifest with lower [com.google.android.recaptcha:recaptcha:18.6.1] AndroidManifest.xml:2:1-11:12
[        ] uses-sdk defined in both files...
[        ] Merging uses-sdk with lower [com.google.android.recaptcha:recaptcha:18.6.1] AndroidManifest.xml:5:5-44
[        ] uses-permission#android.permission.INTERNET defined in both files...
[        ] Merging uses-permission#android.permission.INTERNET with lower [com.google.android.recaptcha:recaptcha:18.6.1] AndroidManifest.xml:7:5-67
[        ] uses-permission#android.permission.ACCESS_NETWORK_STATE defined in both files...
[        ] Merging uses-permission#android.permission.ACCESS_NETWORK_STATE with lower [com.google.android.recaptcha:recaptcha:18.6.1] AndroidManifest.xml:8:5-79
[        ] Adopted [uses-permission: null]
[        ] Merging library manifest C:\Users\HAL─░S\.gradle\caches\8.14\transforms\86e1dbe95a7c7bc4499747f0e0bd08dd\transformed\jetified-integrity-1.3.0\AndroidManifest.xml
[        ] Merging manifest with lower [com.google.android.play:integrity:1.3.0] AndroidManifest.xml:2:1-7:12
[        ] uses-sdk defined in both files...
[        ] Merging uses-sdk with lower [com.google.android.play:integrity:1.3.0] AndroidManifest.xml:4:5-44
[        ] application defined in both files...
[        ] Merging application with lower [com.google.android.play:integrity:1.3.0] AndroidManifest.xml:5:5-6:19
[        ] Merging library manifest C:\Users\HAL─░S\.gradle\caches\8.14\transforms\147801842aadbd621d757aaa15e87afd\transformed\jetified-firebase-iid-interop-17.1.0\AndroidManifest.xml
[        ] Merging manifest with lower [com.google.firebase:firebase-iid-interop:17.1.0] AndroidManifest.xml:2:1-10:12
[        ] uses-sdk defined in both files...
[        ] Merging uses-sdk with lower [com.google.firebase:firebase-iid-interop:17.1.0] AndroidManifest.xml:5:5-44
[        ] application defined in both files...
[        ] Merging application with lower [com.google.firebase:firebase-iid-interop:17.1.0] AndroidManifest.xml:7:5-8:19
[        ] Merging library manifest C:\Users\HAL─░S\.gradle\caches\8.14\transforms\4ffc4840729bdd664bd4effdab6ec830\transformed\jetified-play-services-cloud-messaging-17.2.0\AndroidManifest.xml
[        ] Merging manifest with lower [com.google.android.gms:play-services-cloud-messaging:17.2.0] AndroidManifest.xml:2:1-13:12
[        ] uses-sdk defined in both files...
[        ] Merging uses-sdk with lower [com.google.android.gms:play-services-cloud-messaging:17.2.0] AndroidManifest.xml:5:5-44
[        ] uses-permission#android.permission.ACCESS_NETWORK_STATE defined in both files...
[        ] Merging uses-permission#android.permission.ACCESS_NETWORK_STATE with lower [com.google.android.gms:play-services-cloud-messaging:17.2.0] AndroidManifest.xml:7:5-79
[        ] uses-permission#android.permission.INTERNET defined in both files...
[        ] Merging uses-permission#android.permission.INTERNET with lower [com.google.android.gms:play-services-cloud-messaging:17.2.0] AndroidManifest.xml:8:5-67
[        ] uses-permission#android.permission.WAKE_LOCK defined in both files...
[        ] Merging uses-permission#android.permission.WAKE_LOCK with lower [com.google.android.gms:play-services-cloud-messaging:17.2.0] AndroidManifest.xml:9:5-68
[        ] uses-permission#com.google.android.c2dm.permission.RECEIVE defined in both files...
[        ] Merging uses-permission#com.google.android.c2dm.permission.RECEIVE with lower [com.google.android.gms:play-services-cloud-messaging:17.2.0] AndroidManifest.xml:11:5-82
[        ] Merging library manifest C:\Users\HAL─░S\.gradle\caches\8.14\transforms\43e3e9f3b1d7e657ec56f0ad861d548a\transformed\jetified-firebase-installations-interop-17.1.1\AndroidManifest.xml
[        ] Merging manifest with lower [com.google.firebase:firebase-installations-interop:17.1.1] AndroidManifest.xml:15:1-19:12
[        ] uses-sdk defined in both files...
[        ] Merging uses-sdk with lower [com.google.firebase:firebase-installations-interop:17.1.1] AndroidManifest.xml:17:5-44
[        ] Merging library manifest C:\Users\HAL─░S\.gradle\caches\8.14\transforms\11089541031daa924b536ab7c13f4b65\transformed\jetified-appcompat-resources-1.7.1\AndroidManifest.xml
[        ] Merging manifest with lower [androidx.appcompat:appcompat-resources:1.7.1] AndroidManifest.xml:2:1-7:12
[        ] uses-sdk defined in both files...
[        ] Merging uses-sdk with lower [androidx.appcompat:appcompat-resources:1.7.1] AndroidManifest.xml:5:5-44
[        ] Merging library manifest C:\Users\HAL─░S\.gradle\caches\8.14\transforms\b18859d400924feda90eeceb1fcb3c1d\transformed\appcompat-1.7.1\AndroidManifest.xml
[        ] Merging manifest with lower [androidx.appcompat:appcompat:1.7.1] AndroidManifest.xml:2:1-7:12
[        ] uses-sdk defined in both files...
[        ] Merging uses-sdk with lower [androidx.appcompat:appcompat:1.7.1] AndroidManifest.xml:5:5-44
[        ] Merging library manifest C:\Users\HAL─░S\.gradle\caches\8.14\transforms\3ae97f563c739a3c4986425dbce24e53\transformed\jetified-fragment-ktx-1.7.1\AndroidManifest.xml
[        ] Merging manifest with lower [androidx.fragment:fragment-ktx:1.7.1] AndroidManifest.xml:2:1-7:12
[        ] uses-sdk defined in both files...
[        ] Merging uses-sdk with lower [androidx.fragment:fragment-ktx:1.7.1] AndroidManifest.xml:5:5-44
[        ] Merging library manifest C:\Users\HAL─░S\.gradle\caches\8.14\transforms\4641c6b85c34d688c4930045c226adf9\transformed\fragment-1.7.1\AndroidManifest.xml
[        ] Merging manifest with lower [androidx.fragment:fragment:1.7.1] AndroidManifest.xml:2:1-7:12
[        ] uses-sdk defined in both files...
[        ] Merging uses-sdk with lower [androidx.fragment:fragment:1.7.1] AndroidManifest.xml:5:5-44
[        ] Merging library manifest C:\Users\HAL─░S\.gradle\caches\8.14\transforms\27bc40ee5af7e87a364b25dd4a846859\transformed\jetified-activity-ktx-1.12.4\AndroidManifest.xml
[        ] Merging manifest with lower [androidx.activity:activity-ktx:1.12.4] AndroidManifest.xml:2:1-7:12
[        ] uses-sdk defined in both files...
[        ] Merging uses-sdk with lower [androidx.activity:activity-ktx:1.12.4] AndroidManifest.xml:5:5-44
[        ] Merging library manifest C:\Users\HAL─░S\.gradle\caches\8.14\transforms\5478cf4994f219b212f05972f8b754b3\transformed\jetified-activity-1.12.4\AndroidManifest.xml
[        ] Merging manifest with lower [androidx.activity:activity:1.12.4] AndroidManifest.xml:17:1-22:12
[        ] uses-sdk defined in both files...
[        ] Merging uses-sdk with lower [androidx.activity:activity:1.12.4] AndroidManifest.xml:20:5-44
[        ] Merging library manifest C:\Users\HAL─░S\.gradle\caches\8.14\transforms\3e1bdf3bdd2899f76ccd26faf5646581\transformed\jetified-play-services-stats-17.0.2\AndroidManifest.xml
[        ] Merging manifest with lower [com.google.android.gms:play-services-stats:17.0.2] AndroidManifest.xml:2:1-9:12
[        ] uses-sdk defined in both files...
[        ] Merging uses-sdk with lower [com.google.android.gms:play-services-stats:17.0.2] AndroidManifest.xml:5:5-44
[        ] application defined in both files...
[        ] Merging application with lower [com.google.android.gms:play-services-stats:17.0.2] AndroidManifest.xml:7:5-20
[        ] Merging library manifest C:\Users\HAL─░S\.gradle\caches\8.14\transforms\6a853619b8a83bb139b535457b405775\transformed\legacy-support-core-utils-1.0.0\AndroidManifest.xml
[        ] Merging manifest with lower [androidx.legacy:legacy-support-core-utils:1.0.0] AndroidManifest.xml:17:1-22:12
[        ] uses-sdk defined in both files...
[        ] Merging uses-sdk with lower [androidx.legacy:legacy-support-core-utils:1.0.0] AndroidManifest.xml:20:5-44
[        ] Merging library manifest C:\Users\HAL─░S\.gradle\caches\8.14\transforms\04f7a9394a64ee1751e50d8962565e10\transformed\loader-1.0.0\AndroidManifest.xml
[        ] Merging manifest with lower [androidx.loader:loader:1.0.0] AndroidManifest.xml:17:1-22:12
[        ] uses-sdk defined in both files...
[        ] Merging uses-sdk with lower [androidx.loader:loader:1.0.0] AndroidManifest.xml:20:5-44
[        ] Merging library manifest C:\Users\HAL─░S\.gradle\caches\8.14\transforms\da300630a8fbc99d422a96a43e81bb5e\transformed\lifecycle-livedata-2.7.0\AndroidManifest.xml
[        ] Merging manifest with lower [androidx.lifecycle:lifecycle-livedata:2.7.0] AndroidManifest.xml:17:1-22:12
[        ] uses-sdk defined in both files...
[        ] Merging uses-sdk with lower [androidx.lifecycle:lifecycle-livedata:2.7.0] AndroidManifest.xml:20:5-44
[        ] Merging library manifest C:\Users\HAL─░S\.gradle\caches\8.14\transforms\c9c70185ef4f7a2b888975c0b103d6c5\transformed\jetified-lifecycle-livedata-core-ktx-2.7.0\AndroidManifest.xml
[        ] Merging manifest with lower [androidx.lifecycle:lifecycle-livedata-core-ktx:2.7.0] AndroidManifest.xml:2:1-7:12
[        ] uses-sdk defined in both files...
[        ] Merging uses-sdk with lower [androidx.lifecycle:lifecycle-livedata-core-ktx:2.7.0] AndroidManifest.xml:5:5-44
[        ] Merging library manifest C:\Users\HAL─░S\.gradle\caches\8.14\transforms\f1798ac45679cd15e152b08526447769\transformed\jetified-lifecycle-viewmodel-ktx-2.7.0\AndroidManifest.xml
[        ] Merging manifest with lower [androidx.lifecycle:lifecycle-viewmodel-ktx:2.7.0] AndroidManifest.xml:2:1-7:12
[        ] uses-sdk defined in both files...
[        ] Merging uses-sdk with lower [androidx.lifecycle:lifecycle-viewmodel-ktx:2.7.0] AndroidManifest.xml:5:5-44
[        ] Merging library manifest C:\Users\HAL─░S\.gradle\caches\8.14\transforms\3f53be61097a62675cd46d998ec0e98c\transformed\jetified-lifecycle-runtime-ktx-2.7.0\AndroidManifest.xml
[        ] Merging manifest with lower [androidx.lifecycle:lifecycle-runtime-ktx:2.7.0] AndroidManifest.xml:17:1-22:12
[        ] uses-sdk defined in both files...
[        ] Merging uses-sdk with lower [androidx.lifecycle:lifecycle-runtime-ktx:2.7.0] AndroidManifest.xml:20:5-44
[        ] Merging library manifest C:\Users\HAL─░S\.gradle\caches\8.14\transforms\3a8ba3a5a803ecb4e861d1c369df9373\transformed\lifecycle-livedata-core-2.7.0\AndroidManifest.xml
[        ] Merging manifest with lower [androidx.lifecycle:lifecycle-livedata-core:2.7.0] AndroidManifest.xml:17:1-22:12
[        ] uses-sdk defined in both files...
[        ] Merging uses-sdk with lower [androidx.lifecycle:lifecycle-livedata-core:2.7.0] AndroidManifest.xml:20:5-44
[        ] Merging library manifest C:\Users\HAL─░S\.gradle\caches\8.14\transforms\1843159cf7cc62062ca93a68ab4b5fa1\transformed\jetified-lifecycle-viewmodel-savedstate-2.7.0\AndroidManifest.xml
[        ] Merging manifest with lower [androidx.lifecycle:lifecycle-viewmodel-savedstate:2.7.0] AndroidManifest.xml:17:1-22:12
[        ] uses-sdk defined in both files...
[        ] Merging uses-sdk with lower [androidx.lifecycle:lifecycle-viewmodel-savedstate:2.7.0] AndroidManifest.xml:20:5-44
[        ] Merging library manifest C:\Users\HAL─░S\.gradle\caches\8.14\transforms\2da0691f1f9f837438b5e0e44446c97e\transformed\lifecycle-viewmodel-2.7.0\AndroidManifest.xml
[        ] Merging manifest with lower [androidx.lifecycle:lifecycle-viewmodel:2.7.0] AndroidManifest.xml:17:1-22:12
[        ] uses-sdk defined in both files...
[        ] Merging uses-sdk with lower [androidx.lifecycle:lifecycle-viewmodel:2.7.0] AndroidManifest.xml:20:5-44
[        ] Merging library manifest C:\Users\HAL─░S\.gradle\caches\8.14\transforms\df7046b02453f228f4651f2d2746760f\transformed\lifecycle-runtime-2.7.0\AndroidManifest.xml
[        ] Merging manifest with lower [androidx.lifecycle:lifecycle-runtime:2.7.0] AndroidManifest.xml:2:1-7:12
[        ] uses-sdk defined in both files...
[        ] Merging uses-sdk with lower [androidx.lifecycle:lifecycle-runtime:2.7.0] AndroidManifest.xml:5:5-44
[        ] Merging library manifest C:\Users\HAL─░S\.gradle\caches\8.14\transforms\2c125c4e03a3552dad46f2ff0e2d783f\transformed\jetified-emoji2-views-helper-1.3.0\AndroidManifest.xml
[        ] Merging manifest with lower [androidx.emoji2:emoji2-views-helper:1.3.0] AndroidManifest.xml:2:1-7:12
[        ] uses-sdk defined in both files...
[        ] Merging uses-sdk with lower [androidx.emoji2:emoji2-views-helper:1.3.0] AndroidManifest.xml:5:5-44
[        ] Merging library manifest C:\Users\HAL─░S\.gradle\caches\8.14\transforms\5b5da6b3d7aa615633874735f6bc64aa\transformed\jetified-emoji2-1.3.0\AndroidManifest.xml
[        ] Merging manifest with lower [androidx.emoji2:emoji2:1.3.0] AndroidManifest.xml:17:1-35:12
[        ] uses-sdk defined in both files...
[        ] Merging uses-sdk with lower [androidx.emoji2:emoji2:1.3.0] AndroidManifest.xml:21:5-44
[        ] application defined in both files...
[        ] Merging application with lower [androidx.emoji2:emoji2:1.3.0] AndroidManifest.xml:23:5-33:19
[        ] provider#androidx.startup.InitializationProvider defined in both files...
[        ] Merging provider#androidx.startup.InitializationProvider with lower [androidx.emoji2:emoji2:1.3.0] AndroidManifest.xml:24:9-32:20
[        ] Adopted [meta-data: null]
[        ] Merging library manifest C:\Users\HAL─░S\.gradle\caches\8.14\transforms\434c2ece89dc9c26269ca6f282d29b28\transformed\jetified-lifecycle-process-2.7.0\AndroidManifest.xml
[        ] Merging manifest with lower [androidx.lifecycle:lifecycle-process:2.7.0] AndroidManifest.xml:17:1-35:12
[        ] uses-sdk defined in both files...
[        ] Merging uses-sdk with lower [androidx.lifecycle:lifecycle-process:2.7.0] AndroidManifest.xml:21:5-44
[        ] application defined in both files...
[        ] Merging application with lower [androidx.lifecycle:lifecycle-process:2.7.0] AndroidManifest.xml:23:5-33:19
[        ] provider#androidx.startup.InitializationProvider defined in both files...
[        ] Merging provider#androidx.startup.InitializationProvider with lower [androidx.lifecycle:lifecycle-process:2.7.0] AndroidManifest.xml:24:9-32:20
[        ] Adopted [meta-data: null]
[        ] Merging library manifest C:\Users\HAL─░S\.gradle\caches\8.14\transforms\013a5e358c7947af4ef5318d86ad32d4\transformed\jetified-savedstate-ktx-1.2.1\AndroidManifest.xml
[        ] Merging manifest with lower [androidx.savedstate:savedstate-ktx:1.2.1] AndroidManifest.xml:17:1-22:12
[        ] uses-sdk defined in both files...
[        ] Merging uses-sdk with lower [androidx.savedstate:savedstate-ktx:1.2.1] AndroidManifest.xml:20:5-44
[        ] Merging library manifest C:\Users\HAL─░S\.gradle\caches\8.14\transforms\c76a05e4b69322948125ac54d73fc7c3\transformed\jetified-savedstate-1.2.1\AndroidManifest.xml
[        ] Merging manifest with lower [androidx.savedstate:savedstate:1.2.1] AndroidManifest.xml:17:1-22:12
[        ] uses-sdk defined in both files...
[        ] Merging uses-sdk with lower [androidx.savedstate:savedstate:1.2.1] AndroidManifest.xml:20:5-44
[        ] Merging library manifest C:\Users\HAL─░S\.gradle\caches\8.14\transforms\af1eaeaa4c2a29e9ef6c0b74634a26fd\transformed\jetified-navigationevent\AndroidManifest.xml
[        ] Merging manifest with lower [androidx.navigationevent:navigationevent-android:1.0.2] AndroidManifest.xml:2:1-7:12
[        ] uses-sdk defined in both files...
[        ] Merging uses-sdk with lower [androidx.navigationevent:navigationevent-android:1.0.2] AndroidManifest.xml:5:5-44
[        ] Merging library manifest C:\Users\HAL─░S\.gradle\caches\8.14\transforms\8a4010c58198efb3b43f343c17a5dda3\transformed\jetified-datastore-preferences-core-release\AndroidManifest.xml
[        ] Merging manifest with lower [androidx.datastore:datastore-preferences-core-android:1.1.7] AndroidManifest.xml:2:1-7:12
[        ] uses-sdk defined in both files...
[        ] Merging uses-sdk with lower [androidx.datastore:datastore-preferences-core-android:1.1.7] AndroidManifest.xml:5:5-44
[        ] Merging library manifest C:\Users\HAL─░S\.gradle\caches\8.14\transforms\b0ac74c45c8fcefae4e832a58f38e094\transformed\jetified-datastore-core-release\AndroidManifest.xml
[        ] Merging manifest with lower [androidx.datastore:datastore-core-android:1.1.7] AndroidManifest.xml:2:1-7:12
[        ] uses-sdk defined in both files...
[        ] Merging uses-sdk with lower [androidx.datastore:datastore-core-android:1.1.7] AndroidManifest.xml:5:5-44
[        ] Merging library manifest C:\Users\HAL─░S\.gradle\caches\8.14\transforms\3ade76d9c3f27a14f84869eec0d2efc3\transformed\jetified-datastore-preferences-release\AndroidManifest.xml
[        ] Merging manifest with lower [androidx.datastore:datastore-preferences-android:1.1.7] AndroidManifest.xml:17:1-22:12
[        ] uses-sdk defined in both files...
[        ] Merging uses-sdk with lower [androidx.datastore:datastore-preferences-android:1.1.7] AndroidManifest.xml:20:5-44
[        ] Merging library manifest C:\Users\HAL─░S\.gradle\caches\8.14\transforms\70eb130d4e040277ef95a2657c19daad\transformed\jetified-datastore-release\AndroidManifest.xml
[        ] Merging manifest with lower [androidx.datastore:datastore-android:1.1.7] AndroidManifest.xml:17:1-22:12
[        ] uses-sdk defined in both files...
[        ] Merging uses-sdk with lower [androidx.datastore:datastore-android:1.1.7] AndroidManifest.xml:20:5-44
[        ] Merging library manifest C:\Users\HAL─░S\.gradle\caches\8.14\transforms\d35ee55c3fbeca56d42b9357603cc2b5\transformed\jetified-ads-adservices-java-1.0.0-beta05\AndroidManifest.xml
[        ] Merging manifest with lower [androidx.privacysandbox.ads:ads-adservices-java:1.0.0-beta05] AndroidManifest.xml:2:1-7:12
[        ] uses-sdk defined in both files...
[        ] Merging uses-sdk with lower [androidx.privacysandbox.ads:ads-adservices-java:1.0.0-beta05] AndroidManifest.xml:5:5-44
[        ] Merging library manifest C:\Users\HAL─░S\.gradle\caches\8.14\transforms\22023b639f8f55b7d87ab4a8d326aabc\transformed\jetified-ads-adservices-1.0.0-beta05\AndroidManifest.xml
[        ] Merging manifest with lower [androidx.privacysandbox.ads:ads-adservices:1.0.0-beta05] AndroidManifest.xml:17:1-28:12
[        ] uses-sdk defined in both files...
[        ] Merging uses-sdk with lower [androidx.privacysandbox.ads:ads-adservices:1.0.0-beta05] AndroidManifest.xml:20:5-44
[        ] application defined in both files...
[        ] Merging application with lower [androidx.privacysandbox.ads:ads-adservices:1.0.0-beta05] AndroidManifest.xml:22:5-26:19
[        ] Adopted [uses-library: null]
[        ] Merging library manifest C:\Users\HAL─░S\.gradle\caches\8.14\transforms\2417d2f6aec006cd1ac0679690ac3a7d\transformed\jetified-play-services-tasks-18.2.0\AndroidManifest.xml
[        ] Merging manifest with lower [com.google.android.gms:play-services-tasks:18.2.0] AndroidManifest.xml:2:1-5:12
[        ] uses-sdk defined in both files...
[        ] Merging uses-sdk with lower [com.google.android.gms:play-services-tasks:18.2.0] AndroidManifest.xml:3:5-44
[        ] application defined in both files...
[        ] Merging application with lower [com.google.android.gms:play-services-tasks:18.2.0] AndroidManifest.xml:4:5-20
[        ] Merging library manifest C:\Users\HAL─░S\.gradle\caches\8.14\transforms\65b1cc57026f4aba80fab34cfaef2538\transformed\jetified-firebase-measurement-connector-19.0.0\AndroidManifest.xml
[        ] Merging manifest with lower [com.google.firebase:firebase-measurement-connector:19.0.0] AndroidManifest.xml:17:1-25:12
[        ] uses-sdk defined in both files...
[        ] Merging uses-sdk with lower [com.google.firebase:firebase-measurement-connector:19.0.0] AndroidManifest.xml:20:5-44
[        ] application defined in both files...
[        ] Merging application with lower [com.google.firebase:firebase-measurement-connector:19.0.0] AndroidManifest.xml:22:5-23:19
[        ] Merging library manifest C:\Users\HAL─░S\.gradle\caches\8.14\transforms\dabda461a0094bdd290e7f99aed1c2f7\transformed\jetified-play-services-ads-identifier-18.0.0\AndroidManifest.xml
[        ] Merging manifest with lower [com.google.android.gms:play-services-ads-identifier:18.0.0] AndroidManifest.xml:17:1-27:12
[        ] uses-sdk defined in both files...
[        ] Merging uses-sdk with lower [com.google.android.gms:play-services-ads-identifier:18.0.0] AndroidManifest.xml:20:5-44
[        ] uses-permission#com.google.android.gms.permission.AD_ID defined in both files...
[        ] Merging uses-permission#com.google.android.gms.permission.AD_ID with lower [com.google.android.gms:play-services-ads-identifier:18.0.0] AndroidManifest.xml:23:5-79
[        ] application defined in both files...
[        ] Merging application with lower [com.google.android.gms:play-services-ads-identifier:18.0.0] AndroidManifest.xml:25:5-20
[        ] Merging library manifest C:\Users\HAL─░S\.gradle\caches\8.14\transforms\ac1706efdc15ac550d32ed5a76e631a0\transformed\jetified-play-services-measurement-sdk-api-22.2.0\AndroidManifest.xml
[        ] Merging manifest with lower [com.google.android.gms:play-services-measurement-sdk-api:22.2.0] AndroidManifest.xml:17:1-30:12
[        ] uses-sdk defined in both files...
[        ] Merging uses-sdk with lower [com.google.android.gms:play-services-measurement-sdk-api:22.2.0] AndroidManifest.xml:20:5-44
[        ] uses-permission#android.permission.INTERNET defined in both files...
[        ] Merging uses-permission#android.permission.INTERNET with lower [com.google.android.gms:play-services-measurement-sdk-api:22.2.0] AndroidManifest.xml:23:5-67
[        ] uses-permission#android.permission.ACCESS_NETWORK_STATE defined in both files...
[        ] Merging uses-permission#android.permission.ACCESS_NETWORK_STATE with lower [com.google.android.gms:play-services-measurement-sdk-api:22.2.0] AndroidManifest.xml:24:5-79
[        ] uses-permission#android.permission.WAKE_LOCK defined in both files...
[        ] Merging uses-permission#android.permission.WAKE_LOCK with lower [com.google.android.gms:play-services-measurement-sdk-api:22.2.0] AndroidManifest.xml:25:5-68
[        ] uses-permission#com.google.android.gms.permission.AD_ID defined in both files...
[        ] Merging uses-permission#com.google.android.gms.permission.AD_ID with lower [com.google.android.gms:play-services-measurement-sdk-api:22.2.0] AndroidManifest.xml:26:5-79
[        ] uses-permission#android.permission.ACCESS_ADSERVICES_ATTRIBUTION defined in both files...
[        ] Merging uses-permission#android.permission.ACCESS_ADSERVICES_ATTRIBUTION with lower [com.google.android.gms:play-services-measurement-sdk-api:22.2.0] AndroidManifest.xml:27:5-88
[        ] uses-permission#android.permission.ACCESS_ADSERVICES_AD_ID defined in both files...
[        ] Merging uses-permission#android.permission.ACCESS_ADSERVICES_AD_ID with lower [com.google.android.gms:play-services-measurement-sdk-api:22.2.0] AndroidManifest.xml:28:5-82
[        ] Merging library manifest C:\Users\HAL─░S\.gradle\caches\8.14\transforms\986483e6d3e4efd7764160650873fccf\transformed\jetified-play-services-measurement-base-22.2.0\AndroidManifest.xml
[        ] Merging manifest with lower [com.google.android.gms:play-services-measurement-base:22.2.0] AndroidManifest.xml:2:1-9:12
[        ] uses-sdk defined in both files...
[        ] Merging uses-sdk with lower [com.google.android.gms:play-services-measurement-base:22.2.0] AndroidManifest.xml:5:5-44
[        ] application defined in both files...
[        ] Merging application with lower [com.google.android.gms:play-services-measurement-base:22.2.0] AndroidManifest.xml:7:5-20
[        ] Merging library manifest C:\Users\HAL─░S\.gradle\caches\8.14\transforms\8c20d120952ee8d85da136eb9de2d36e\transformed\jetified-play-services-basement-18.9.0\AndroidManifest.xml
[        ] Merging manifest with lower [com.google.android.gms:play-services-basement:18.9.0] AndroidManifest.xml:16:1-26:12
[        ] uses-sdk defined in both files...
[        ] Merging uses-sdk with lower [com.google.android.gms:play-services-basement:18.9.0] AndroidManifest.xml:18:5-43
[        ] application defined in both files...
[        ] Merging application with lower [com.google.android.gms:play-services-basement:18.9.0] AndroidManifest.xml:20:5-24:19
[        ] meta-data#com.google.android.gms.version defined in both files...
[        ] Merging meta-data#com.google.android.gms.version with lower [com.google.android.gms:play-services-basement:18.9.0] AndroidManifest.xml:21:9-23:69
[        ] Merging library manifest C:\Users\HAL─░S\.gradle\caches\8.14\transforms\5096e14bdb1226054258684c5a78288c\transformed\jetified-core-ktx-1.18.0\AndroidManifest.xml
[        ] Merging manifest with lower [androidx.core:core-ktx:1.18.0] AndroidManifest.xml:2:1-7:12
[        ] uses-sdk defined in both files...
[        ] Merging uses-sdk with lower [androidx.core:core-ktx:1.18.0] AndroidManifest.xml:5:5-44
[        ] Merging library manifest C:\Users\HAL─░S\.gradle\caches\8.14\transforms\bdefcf2bcf6f891503bb9300992508b2\transformed\viewpager-1.0.0\AndroidManifest.xml
[        ] Merging manifest with lower [androidx.viewpager:viewpager:1.0.0] AndroidManifest.xml:17:1-22:12
[        ] uses-sdk defined in both files...
[        ] Merging uses-sdk with lower [androidx.viewpager:viewpager:1.0.0] AndroidManifest.xml:20:5-44
[        ] Merging library manifest C:\Users\HAL─░S\.gradle\caches\8.14\transforms\570922326520ed5656571abde569aec5\transformed\drawerlayout-1.0.0\AndroidManifest.xml
[        ] Merging manifest with lower [androidx.drawerlayout:drawerlayout:1.0.0] AndroidManifest.xml:17:1-22:12
[        ] uses-sdk defined in both files...
[        ] Merging uses-sdk with lower [androidx.drawerlayout:drawerlayout:1.0.0] AndroidManifest.xml:20:5-44
[        ] Merging library manifest C:\Users\HAL─░S\.gradle\caches\8.14\transforms\f336c14b453fffc882ba3858ef14a3bc\transformed\coordinatorlayout-1.0.0\AndroidManifest.xml
[        ] Merging manifest with lower [androidx.coordinatorlayout:coordinatorlayout:1.0.0] AndroidManifest.xml:17:1-22:12
[        ] uses-sdk defined in both files...
[        ] Merging uses-sdk with lower [androidx.coordinatorlayout:coordinatorlayout:1.0.0] AndroidManifest.xml:20:5-44
[        ] Merging library manifest C:\Users\HAL─░S\.gradle\caches\8.14\transforms\1ff5d8528e65755fce24e28e4ae2f806\transformed\customview-1.1.0\AndroidManifest.xml
[        ] Merging manifest with lower [androidx.customview:customview:1.1.0] AndroidManifest.xml:17:1-24:12
[        ] uses-sdk defined in both files...
[        ] Merging uses-sdk with lower [androidx.customview:customview:1.1.0] AndroidManifest.xml:20:5-22:41
[        ] Merging library manifest C:\Users\HAL─░S\.gradle\caches\8.14\transforms\b97d297cda22a06afdff286093396d0b\transformed\transition-1.4.1\AndroidManifest.xml
[        ] Merging manifest with lower [androidx.transition:transition:1.4.1] AndroidManifest.xml:17:1-24:12
[        ] uses-sdk defined in both files...
[        ] Merging uses-sdk with lower [androidx.transition:transition:1.4.1] AndroidManifest.xml:20:5-22:41
[        ] Merging library manifest C:\Users\HAL─░S\.gradle\caches\8.14\transforms\10736537709714aed29a60e27c46cfc0\transformed\vectordrawable-animated-1.1.0\AndroidManifest.xml
[        ] Merging manifest with lower [androidx.vectordrawable:vectordrawable-animated:1.1.0] AndroidManifest.xml:17:1-24:12
[        ] uses-sdk defined in both files...
[        ] Merging uses-sdk with lower [androidx.vectordrawable:vectordrawable-animated:1.1.0] AndroidManifest.xml:20:5-22:41
[        ] Merging library manifest C:\Users\HAL─░S\.gradle\caches\8.14\transforms\fe195c41943677be490d4c183aa67b5c\transformed\vectordrawable-1.1.0\AndroidManifest.xml
[        ] Merging manifest with lower [androidx.vectordrawable:vectordrawable:1.1.0] AndroidManifest.xml:17:1-24:12
[        ] uses-sdk defined in both files...
[        ] Merging uses-sdk with lower [androidx.vectordrawable:vectordrawable:1.1.0] AndroidManifest.xml:20:5-22:41
[        ] Merging library manifest C:\Users\HAL─░S\.gradle\caches\8.14\transforms\f0d30f2b89ed0c2171a5801d10ef98a5\transformed\swiperefreshlayout-1.0.0\AndroidManifest.xml
[        ] Merging manifest with lower [androidx.swiperefreshlayout:swiperefreshlayout:1.0.0] AndroidManifest.xml:17:1-22:12
[        ] uses-sdk defined in both files...
[        ] Merging uses-sdk with lower [androidx.swiperefreshlayout:swiperefreshlayout:1.0.0] AndroidManifest.xml:20:5-44
[        ] Merging library manifest C:\Users\HAL─░S\.gradle\caches\8.14\transforms\01ba53bae0bb6c843a9472b98a056041\transformed\asynclayoutinflater-1.0.0\AndroidManifest.xml
[        ] Merging manifest with lower [androidx.asynclayoutinflater:asynclayoutinflater:1.0.0] AndroidManifest.xml:17:1-22:12
[        ] uses-sdk defined in both files...
[        ] Merging uses-sdk with lower [androidx.asynclayoutinflater:asynclayoutinflater:1.0.0] AndroidManifest.xml:20:5-44
[        ] Merging library manifest C:\Users\HAL─░S\.gradle\caches\8.14\transforms\05bcee298d42c54882d365e0aa39e269\transformed\core-1.18.0\AndroidManifest.xml
[        ] Merging manifest with lower [androidx.core:core:1.18.0] AndroidManifest.xml:17:1-30:12
[        ] uses-sdk defined in both files...
[        ] Merging uses-sdk with lower [androidx.core:core:1.18.0] AndroidManifest.xml:20:5-44
[        ] Adopted [permission: null]
[        ] Adopted [uses-permission: null]
[        ] application defined in both files...
[        ] Merging application with lower [androidx.core:core:1.18.0] AndroidManifest.xml:28:5-89
[        ] Merging library manifest C:\Users\HAL─░S\.gradle\caches\8.14\transforms\770cb67eba17283872b9735c64e625b3\transformed\localbroadcastmanager-1.1.0\AndroidManifest.xml
[        ] Merging manifest with lower [androidx.localbroadcastmanager:localbroadcastmanager:1.1.0] AndroidManifest.xml:17:1-24:12
[        ] uses-sdk defined in both files...
[        ] Merging uses-sdk with lower [androidx.localbroadcastmanager:localbroadcastmanager:1.1.0] AndroidManifest.xml:20:5-22:41
[        ] Merging library manifest C:\Users\HAL─░S\.gradle\caches\8.14\transforms\815a8ad81826ed3c37c43d62b2261a40\transformed\exifinterface-1.4.2\AndroidManifest.xml
[        ] Merging manifest with lower [androidx.exifinterface:exifinterface:1.4.2] AndroidManifest.xml:2:1-7:12
[        ] uses-sdk defined in both files...
[        ] Merging uses-sdk with lower [androidx.exifinterface:exifinterface:1.4.2] AndroidManifest.xml:5:5-44
[        ] Merging library manifest C:\Users\HAL─░S\.gradle\caches\8.14\transforms\425e2d269f5135c1c3621876384e8430\transformed\jetified-profileinstaller-1.4.0\AndroidManifest.xml
[        ] Merging manifest with lower [androidx.profileinstaller:profileinstaller:1.4.0] AndroidManifest.xml:17:1-55:12
[        ] uses-sdk defined in both files...
[        ] Merging uses-sdk with lower [androidx.profileinstaller:profileinstaller:1.4.0] AndroidManifest.xml:21:5-44
[        ] application defined in both files...
[        ] Merging application with lower [androidx.profileinstaller:profileinstaller:1.4.0] AndroidManifest.xml:23:5-53:19
[        ] provider#androidx.startup.InitializationProvider defined in both files...
[        ] Merging provider#androidx.startup.InitializationProvider with lower [androidx.profileinstaller:profileinstaller:1.4.0] AndroidManifest.xml:24:9-32:20
[        ] Adopted [meta-data: null]
[        ] Adopted [receiver: null]
[        ] Merging library manifest C:\Users\HAL─░S\.gradle\caches\8.14\transforms\b9e8ea8df303015a19ec55bf8973008e\transformed\jetified-startup-runtime-1.2.0\AndroidManifest.xml
[        ] Merging manifest with lower [androidx.startup:startup-runtime:1.2.0] AndroidManifest.xml:17:1-31:12
[        ] uses-sdk defined in both files...
[        ] Merging uses-sdk with lower [androidx.startup:startup-runtime:1.2.0] AndroidManifest.xml:21:5-44
[        ] application defined in both files...
[        ] Merging application with lower [androidx.startup:startup-runtime:1.2.0] AndroidManifest.xml:23:5-29:19
[        ] provider#androidx.startup.InitializationProvider defined in both files...
[        ] Merging provider#androidx.startup.InitializationProvider with lower [androidx.startup:startup-runtime:1.2.0] AndroidManifest.xml:24:9-28:34
[        ] Merging library manifest C:\Users\HAL─░S\.gradle\caches\8.14\transforms\f69eb1247ac3cc48b5157079c3f45aea\transformed\jetified-tracing-1.2.0\AndroidManifest.xml
[        ] Merging manifest with lower [androidx.tracing:tracing:1.2.0] AndroidManifest.xml:17:1-22:12
[        ] uses-sdk defined in both files...
[        ] Merging uses-sdk with lower [androidx.tracing:tracing:1.2.0] AndroidManifest.xml:20:5-44
[        ] Merging library manifest C:\Users\HAL─░S\.gradle\caches\8.14\transforms\ed0640c46b315e2fbcf8b45d3a6f287f\transformed\jetified-firebase-components-18.0.0\AndroidManifest.xml
[        ] Merging manifest with lower [com.google.firebase:firebase-components:18.0.0] AndroidManifest.xml:15:1-20:12
[        ] uses-sdk defined in both files...
[        ] Merging uses-sdk with lower [com.google.firebase:firebase-components:18.0.0] AndroidManifest.xml:18:5-44
[        ] Merging library manifest C:\Users\HAL─░S\.gradle\caches\8.14\transforms\5923289918c4800042eac202e0f487f3\transformed\jetified-firebase-datatransport-18.2.0\AndroidManifest.xml
[        ] Merging manifest with lower [com.google.firebase:firebase-datatransport:18.2.0] AndroidManifest.xml:15:1-31:12
[        ] uses-sdk defined in both files...
[        ] Merging uses-sdk with lower [com.google.firebase:firebase-datatransport:18.2.0] AndroidManifest.xml:18:5-44
[        ] application defined in both files...
[        ] Merging application with lower [com.google.firebase:firebase-datatransport:18.2.0] AndroidManifest.xml:21:5-29:19
[        ] service#com.google.firebase.components.ComponentDiscoveryService defined in both files...
[        ] Merging service#com.google.firebase.components.ComponentDiscoveryService with lower [com.google.firebase:firebase-datatransport:18.2.0] AndroidManifest.xml:22:9-28:19
[        ] Adopted [meta-data: null]
[        ] Merging library manifest C:\Users\HAL─░S\.gradle\caches\8.14\transforms\e1f52fadf623a015e646455b0bbec3f7\transformed\jetified-transport-backend-cct-3.1.9\AndroidManifest.xml
[        ] Merging manifest with lower [com.google.android.datatransport:transport-backend-cct:3.1.9] AndroidManifest.xml:15:1-37:12
[        ] uses-sdk defined in both files...
[        ] Merging uses-sdk with lower [com.google.android.datatransport:transport-backend-cct:3.1.9] AndroidManifest.xml:18:5-20:41
[        ] uses-permission#android.permission.ACCESS_NETWORK_STATE defined in both files...
[        ] Merging uses-permission#android.permission.ACCESS_NETWORK_STATE with lower [com.google.android.datatransport:transport-backend-cct:3.1.9] AndroidManifest.xml:24:5-79
[        ] uses-permission#android.permission.INTERNET defined in both files...
[        ] Merging uses-permission#android.permission.INTERNET with lower [com.google.android.datatransport:transport-backend-cct:3.1.9] AndroidManifest.xml:25:5-67
[        ] application defined in both files...
[        ] Merging application with lower [com.google.android.datatransport:transport-backend-cct:3.1.9] AndroidManifest.xml:27:5-35:19
[        ] Adopted [service: null]
[        ] Merging library manifest C:\Users\HAL─░S\.gradle\caches\8.14\transforms\f762061fc1d3c66d487b5604238ec651\transformed\jetified-firebase-encoders-json-18.0.0\AndroidManifest.xml
[        ] Merging manifest with lower [com.google.firebase:firebase-encoders-json:18.0.0] AndroidManifest.xml:15:1-23:12
[        ] uses-sdk defined in both files...
[        ] Merging uses-sdk with lower [com.google.firebase:firebase-encoders-json:18.0.0] AndroidManifest.xml:19:5-21:41
[        ] Merging library manifest C:\Users\HAL─░S\.gradle\caches\8.14\transforms\7cdab3cf557167752a250bfecb67e16e\transformed\jetified-transport-runtime-3.1.9\AndroidManifest.xml
[        ] Merging manifest with lower [com.google.android.datatransport:transport-runtime:3.1.9] AndroidManifest.xml:15:1-41:12
[        ] uses-sdk defined in both files...
[        ] Merging uses-sdk with lower [com.google.android.datatransport:transport-runtime:3.1.9] AndroidManifest.xml:18:5-20:41
[        ] uses-permission#android.permission.ACCESS_NETWORK_STATE defined in both files...
[        ] Merging uses-permission#android.permission.ACCESS_NETWORK_STATE with lower [com.google.android.datatransport:transport-runtime:3.1.9] AndroidManifest.xml:22:5-79
[        ] application defined in both files...
[        ] Merging application with lower [com.google.android.datatransport:transport-runtime:3.1.9] AndroidManifest.xml:25:5-39:19
[        ] Adopted [service: null]
[        ] Adopted [receiver: null]
[        ] service#com.google.android.datatransport.runtime.backends.TransportBackendDiscovery defined in both files...
[        ] Merging service#com.google.android.datatransport.runtime.backends.TransportBackendDiscovery with lower [com.google.android.datatransport:transport-runtime:3.1.9] AndroidManifest.xml:36:9-38:40
[        ] Merging library manifest C:\Users\HAL─░S\.gradle\caches\8.14\transforms\f60a69599beeb285e84f85783d7516dc\transformed\jetified-transport-api-3.1.0\AndroidManifest.xml
[        ] Merging manifest with lower [com.google.android.datatransport:transport-api:3.1.0] AndroidManifest.xml:15:1-20:12
[        ] uses-sdk defined in both files...
[        ] Merging uses-sdk with lower [com.google.android.datatransport:transport-api:3.1.0] AndroidManifest.xml:18:5-44
[        ] Merging library manifest C:\Users\HAL─░S\.gradle\caches\8.14\transforms\d72efcd1f6a811a644f3c2c2b98506f8\transformed\interpolator-1.0.0\AndroidManifest.xml
[        ] Merging manifest with lower [androidx.interpolator:interpolator:1.0.0] AndroidManifest.xml:17:1-22:12
[        ] uses-sdk defined in both files...
[        ] Merging uses-sdk with lower [androidx.interpolator:interpolator:1.0.0] AndroidManifest.xml:20:5-44
[        ] Merging library manifest C:\Users\HAL─░S\.gradle\caches\8.14\transforms\e3d8609504964db0797faa4f841a4470\transformed\versionedparcelable-1.1.1\AndroidManifest.xml
[        ] Merging manifest with lower [androidx.versionedparcelable:versionedparcelable:1.1.1] AndroidManifest.xml:17:1-27:12
[        ] uses-sdk defined in both files...
[        ] Merging uses-sdk with lower [androidx.versionedparcelable:versionedparcelable:1.1.1] AndroidManifest.xml:20:5-22:41
[        ] application defined in both files...
[        ] Merging application with lower [androidx.versionedparcelable:versionedparcelable:1.1.1] AndroidManifest.xml:24:5-25:19
[        ] Merging library manifest C:\Users\HAL─░S\.gradle\caches\8.14\transforms\97a1f129b56588bedc93cccafac7db3b\transformed\core-runtime-2.2.0\AndroidManifest.xml
[        ] Merging manifest with lower [androidx.arch.core:core-runtime:2.2.0] AndroidManifest.xml:17:1-22:12
[        ] uses-sdk defined in both files...
[        ] Merging uses-sdk with lower [androidx.arch.core:core-runtime:2.2.0] AndroidManifest.xml:20:5-44
[        ] Merging library manifest C:\Users\HAL─░S\.gradle\caches\8.14\transforms\1ea7f41a544b481eafdedf368a183dbd\transformed\cursoradapter-1.0.0\AndroidManifest.xml
[        ] Merging manifest with lower [androidx.cursoradapter:cursoradapter:1.0.0] AndroidManifest.xml:17:1-22:12
[        ] uses-sdk defined in both files...
[        ] Merging uses-sdk with lower [androidx.cursoradapter:cursoradapter:1.0.0] AndroidManifest.xml:20:5-44
[        ] Merging library manifest C:\Users\HAL─░S\.gradle\caches\8.14\transforms\9442e6043f52b3b66a275b2494099717\transformed\documentfile-1.0.0\AndroidManifest.xml
[        ] Merging manifest with lower [androidx.documentfile:documentfile:1.0.0] AndroidManifest.xml:17:1-22:12
[        ] uses-sdk defined in both files...
[        ] Merging uses-sdk with lower [androidx.documentfile:documentfile:1.0.0] AndroidManifest.xml:20:5-44
[        ] Merging library manifest C:\Users\HAL─░S\.gradle\caches\8.14\transforms\54485ff708138abd73c69ba52e2b2930\transformed\print-1.0.0\AndroidManifest.xml
[        ] Merging manifest with lower [androidx.print:print:1.0.0] AndroidManifest.xml:17:1-22:12
[        ] uses-sdk defined in both files...
[        ] Merging uses-sdk with lower [androidx.print:print:1.0.0] AndroidManifest.xml:20:5-44
[        ] Merging library manifest C:\Users\HAL─░S\.gradle\caches\8.14\transforms\8e2efec120d7068012d1b5fe74c476e7\transformed\jetified-core-1.0.0\AndroidManifest.xml
[        ] Merging manifest with lower [androidx.window.extensions.core:core:1.0.0] AndroidManifest.xml:2:1-7:12
[        ] uses-sdk defined in both files...
[        ] Merging uses-sdk with lower [androidx.window.extensions.core:core:1.0.0] AndroidManifest.xml:5:5-44
[        ] Merging library manifest C:\Users\HAL─░S\.gradle\caches\8.14\transforms\683c18efd53ebc8e82c336fb39b89260\transformed\jetified-annotation-experimental-1.4.1\AndroidManifest.xml
[        ] Merging manifest with lower [androidx.annotation:annotation-experimental:1.4.1] AndroidManifest.xml:2:1-7:12
[        ] uses-sdk defined in both files...
[        ] Merging uses-sdk with lower [androidx.annotation:annotation-experimental:1.4.1] AndroidManifest.xml:5:5-44
[        ] Merging library manifest C:\Users\HAL─░S\.gradle\caches\8.14\transforms\dd0b3918b02c34468327b052d7d00327\transformed\jetified-core-viewtree-1.0.0\AndroidManifest.xml
[        ] Merging manifest with lower [androidx.core:core-viewtree:1.0.0] AndroidManifest.xml:2:1-7:12
[        ] uses-sdk defined in both files...
[        ] Merging uses-sdk with lower [androidx.core:core-viewtree:1.0.0] AndroidManifest.xml:5:5-44
[        ] Merging library manifest C:\Users\HAL─░S\.gradle\caches\8.14\transforms\5bff8430c8e167f2f58ba76e9b6a3c9a\transformed\jetified-googleid-1.1.0\AndroidManifest.xml
[        ] Merging manifest with lower [com.google.android.libraries.identity.googleid:googleid:1.1.0] AndroidManifest.xml:2:1-7:12
[        ] uses-sdk defined in both files...
[        ] Merging uses-sdk with lower [com.google.android.libraries.identity.googleid:googleid:1.1.0] AndroidManifest.xml:5:5-44
[        ] Merging library manifest C:\Users\HAL─░S\.gradle\caches\8.14\transforms\2b030ea365d6697664af28e4addd14f2\transformed\jetified-runtime-annotation\AndroidManifest.xml
[        ] Merging manifest with lower [androidx.compose.runtime:runtime-annotation-android:1.9.0] AndroidManifest.xml:2:1-7:12
[        ] uses-sdk defined in both files...
[        ] Merging uses-sdk with lower [androidx.compose.runtime:runtime-annotation-android:1.9.0] AndroidManifest.xml:5:5-44
[        ] Merging library manifest C:\Users\HAL─░S\.gradle\caches\8.14\transforms\a8f899afbbf3777ad4cc8fdb8a840fb8\transformed\multidex-2.0.1\AndroidManifest.xml
[        ] Merging manifest with lower [androidx.multidex:multidex:2.0.1] AndroidManifest.xml:17:1-22:12
[        ] uses-sdk defined in both files...
[        ] Merging uses-sdk with lower [androidx.multidex:multidex:2.0.1] AndroidManifest.xml:20:5-43
[        ] Merging library manifest C:\Users\HAL─░S\.gradle\caches\8.14\transforms\135ead84b75ef7a2a53e58ece7ff7a41\transformed\jetified-grpc-android-1.62.2\AndroidManifest.xml
[        ] Merging manifest with lower [io.grpc:grpc-android:1.62.2] AndroidManifest.xml:2:1-9:12
[        ] uses-sdk defined in both files...
[        ] Merging uses-sdk with lower [io.grpc:grpc-android:1.62.2] AndroidManifest.xml:5:5-44
[        ] uses-permission#android.permission.ACCESS_NETWORK_STATE defined in both files...
[        ] Merging uses-permission#android.permission.ACCESS_NETWORK_STATE with lower [io.grpc:grpc-android:1.62.2] AndroidManifest.xml:7:5-79
[        ] Merging library manifest C:\Users\HAL─░S\.gradle\caches\8.14\transforms\1842cff021a320f8eb6cecb126471b06\transformed\jetified-relinker-1.4.5\AndroidManifest.xml
[        ] Merging manifest with lower [com.getkeepsafe.relinker:relinker:1.4.5] AndroidManifest.xml:2:1-7:12
[        ] uses-sdk defined in both files...
[        ] Merging uses-sdk with lower [com.getkeepsafe.relinker:relinker:1.4.5] AndroidManifest.xml:5:5-43
[        ] Merging library manifest C:\Users\HAL─░S\.gradle\caches\8.14\transforms\3ec361adba8569c04da641e0d3123230\transformed\jetified-protolite-well-known-types-18.0.0\AndroidManifest.xml
[        ] Merging manifest with lower [com.google.firebase:protolite-well-known-types:18.0.0] AndroidManifest.xml:2:1-11:12
[        ] uses-sdk defined in both files...
[        ] Merging uses-sdk with lower [com.google.firebase:protolite-well-known-types:18.0.0] AndroidManifest.xml:7:5-9:41
[        ] Merging library manifest C:\Users\HAL─░S\.gradle\caches\8.14\transforms\b9605bb5a8daf94a55f97eea5ad56425\transformed\jetified-core-common-2.0.3\AndroidManifest.xml
[        ] Merging manifest with lower [com.google.android.play:core-common:2.0.3] AndroidManifest.xml:2:1-21:12
[        ] uses-sdk defined in both files...
[        ] Merging uses-sdk with lower [com.google.android.play:core-common:2.0.3] AndroidManifest.xml:7:5-9:41
[        ] application defined in both files...
[        ] Merging application with lower [com.google.android.play:core-common:2.0.3] AndroidManifest.xml:11:5-19:19
[        ] Adopted [activity: null]
[        ] Merging result: SUCCESS
[        ] 1<?xml version="1.0" encoding="utf-8"?>
[        ] 2<manifest xmlns:android="http://schemas.android.com/apk/res/android"
[        ] 3    package="com.fatih.eventful"
[        ] 4    android:versionCode="12"
[        ] 5    android:versionName="2.2.0" >
[        ] 6
[        ] 7    <uses-sdk
[        ] 8        android:minSdkVersion="24"
[        ] 9        android:targetSdkVersion="36" />
[        ] 10    <!--
[        ] 11         The INTERNET permission is required for development. Specifically,
[        ] 12         the Flutter tool needs it to communicate with the running application
[        ] 13         to allow setting breakpoints, to provide hot reload, etc.
[        ] 14    -->
[        ] 15    <uses-permission android:name="android.permission.INTERNET" />
[        ] 15-->C:\eventful_app\android\app\src\main\AndroidManifest.xml:5:5-67
[        ] 15-->C:\eventful_app\android\app\src\main\AndroidManifest.xml:5:22-64
[        ] 16    <!-- Konum ─░zinleri -->
[        ] 17    <uses-permission android:name="android.permission.ACCESS_FINE_LOCATION" />
[        ] 17-->C:\eventful_app\android\app\src\main\AndroidManifest.xml:3:5-79
[        ] 17-->C:\eventful_app\android\app\src\main\AndroidManifest.xml:3:22-76
[        ] 18    <uses-permission android:name="android.permission.ACCESS_COARSE_LOCATION" /> <!-- Bildirim ─░zni (Android 13+) -->
[        ] 18-->C:\eventful_app\android\app\src\main\AndroidManifest.xml:4:5-81
[        ] 18-->C:\eventful_app\android\app\src\main\AndroidManifest.xml:4:22-78
[        ] 19    <uses-permission android:name="android.permission.POST_NOTIFICATIONS" />
[        ] 19-->C:\eventful_app\android\app\src\main\AndroidManifest.xml:8:5-77
[        ] 19-->C:\eventful_app\android\app\src\main\AndroidManifest.xml:8:22-74
[        ] 20    <!--
[        ] 21 Required to query activities that can process text, see:
[        ] 22         https://developer.android.com/training/package-visibility and
[        ] 23         https://developer.android.com/reference/android/content/Intent#ACTION_PROCESS_TEXT.
[        ] 24
[        ] 25         In particular, this is used by the Flutter engine in io.flutter.plugin.text.ProcessTextPlugin.
[        ] 26    -->
[        ] 27    <queries>
[        ] 27-->C:\eventful_app\android\app\src\main\AndroidManifest.xml:74:5-100:15
[        ] 28        <intent>
[        ] 28-->C:\eventful_app\android\app\src\main\AndroidManifest.xml:75:9-78:18
[        ] 29            <action android:name="android.intent.action.VIEW" />
[        ] 29-->C:\eventful_app\android\app\src\main\AndroidManifest.xml:76:13-65
[        ] 29-->C:\eventful_app\android\app\src\main\AndroidManifest.xml:76:21-62
[        ] 30
[        ] 31            <data android:scheme="https" />
[        ] 31-->C:\eventful_app\android\app\src\main\AndroidManifest.xml:77:13-44
[        ] 31-->C:\eventful_app\android\app\src\main\AndroidManifest.xml:77:19-41
[        ] 32        </intent>
[        ] 33        <intent>
[        ] 33-->C:\eventful_app\android\app\src\main\AndroidManifest.xml:79:9-82:18
[        ] 34            <action android:name="android.intent.action.VIEW" />
[        ] 34-->C:\eventful_app\android\app\src\main\AndroidManifest.xml:76:13-65
[        ] 34-->C:\eventful_app\android\app\src\main\AndroidManifest.xml:76:21-62
[        ] 35
[        ] 36            <data android:scheme="http" />
[        ] 36-->C:\eventful_app\android\app\src\main\AndroidManifest.xml:77:13-44
[        ] 36-->C:\eventful_app\android\app\src\main\AndroidManifest.xml:77:19-41
[        ] 37        </intent>
[        ] 38        <intent>
[        ] 38-->C:\eventful_app\android\app\src\main\AndroidManifest.xml:83:9-86:18
[        ] 39            <action android:name="android.intent.action.VIEW" />
[        ] 39-->C:\eventful_app\android\app\src\main\AndroidManifest.xml:76:13-65
[        ] 39-->C:\eventful_app\android\app\src\main\AndroidManifest.xml:76:21-62
[        ] 40
[        ] 41            <data android:scheme="mailto" />
[        ] 41-->C:\eventful_app\android\app\src\main\AndroidManifest.xml:77:13-44
[        ] 41-->C:\eventful_app\android\app\src\main\AndroidManifest.xml:77:19-41
[        ] 42        </intent>
[        ] 43        <intent>
[        ] 43-->C:\eventful_app\android\app\src\main\AndroidManifest.xml:87:9-90:18
[        ] 44            <action android:name="android.intent.action.VIEW" />
[        ] 44-->C:\eventful_app\android\app\src\main\AndroidManifest.xml:76:13-65
[        ] 44-->C:\eventful_app\android\app\src\main\AndroidManifest.xml:76:21-62
[        ] 45
[        ] 46            <data android:scheme="geo" />
[        ] 46-->C:\eventful_app\android\app\src\main\AndroidManifest.xml:77:13-44
[        ] 46-->C:\eventful_app\android\app\src\main\AndroidManifest.xml:77:19-41
[        ] 47        </intent>
[        ] 48        <intent>
[        ] 48-->C:\eventful_app\android\app\src\main\AndroidManifest.xml:91:9-94:18
[        ] 49            <action android:name="android.intent.action.PROCESS_TEXT" />
[        ] 49-->C:\eventful_app\android\app\src\main\AndroidManifest.xml:92:13-72
[        ] 49-->C:\eventful_app\android\app\src\main\AndroidManifest.xml:92:21-70
[        ] 50
[        ] 51            <data android:mimeType="text/plain" />
[        ] 51-->C:\eventful_app\android\app\src\main\AndroidManifest.xml:77:13-44
[        ] 52        </intent>
[        ] 53        <intent>
[        ] 53-->C:\eventful_app\android\app\src\main\AndroidManifest.xml:95:9-98:18
[        ] 54            <action android:name="com.instagram.share.ADD_TO_STORY" />
[        ] 54-->C:\eventful_app\android\app\src\main\AndroidManifest.xml:96:13-71
[        ] 54-->C:\eventful_app\android\app\src\main\AndroidManifest.xml:96:21-68
[        ] 55
[        ] 56            <data android:mimeType="image/*" />
[        ] 56-->C:\eventful_app\android\app\src\main\AndroidManifest.xml:77:13-44
[        ] 57        </intent>
[        ] 58
[        ] 59        <package android:name="com.instagram.android" />
[        ] 59-->C:\eventful_app\android\app\src\main\AndroidManifest.xml:99:9-57
[        ] 59-->C:\eventful_app\android\app\src\main\AndroidManifest.xml:99:18-54
[        ] 60        <!-- Needs to be explicitly declared on Android R+ -->
[        ] 61        <package android:name="com.google.android.apps.maps" />
[        ] 61-->[com.google.android.gms:play-services-maps:20.0.0] C:\Users\HAL─░S\.gradle\caches\8.14\transforms\5afc63e7e053ce24d3de195f800ca394\transformed\jetified-play-services-maps-20.0.0\AndroidManifest.xml:29:7-61
[        ] 61-->[com.google.android.gms:play-services-maps:20.0.0] C:\Users\HAL─░S\.gradle\caches\8.14\transforms\5afc63e7e053ce24d3de195f800ca394\transformed\jetified-play-services-maps-20.0.0\AndroidManifest.xml:29:16-59
[        ] 62    </queries>
[        ] 63
[        ] 64    <uses-permission android:name="android.permission.WAKE_LOCK" />
[        ] 64-->[:firebase_messaging] C:\eventful_app\build\firebase_messaging\intermediates\merged_manifest\debug\processDebugManifest\AndroidManifest.xml:8:5-68
[        ] 64-->[:firebase_messaging] C:\eventful_app\build\firebase_messaging\intermediates\merged_manifest\debug\processDebugManifest\AndroidManifest.xml:8:22-65
[        ] 65    <uses-permission android:name="android.permission.ACCESS_NETWORK_STATE" /> <!-- Required by older versions of Google Play services to create IID tokens -->
[        ] 65-->[:firebase_messaging] C:\eventful_app\build\firebase_messaging\intermediates\merged_manifest\debug\processDebugManifest\AndroidManifest.xml:9:5-79
[        ] 65-->[:firebase_messaging] C:\eventful_app\build\firebase_messaging\intermediates\merged_manifest\debug\processDebugManifest\AndroidManifest.xml:9:22-76
[        ] 66    <uses-permission android:name="com.google.android.c2dm.permission.RECEIVE" />
[        ] 66-->[com.google.firebase:firebase-messaging:24.1.0] C:\Users\HAL─░S\.gradle\caches\8.14\transforms\2362eda35eca2d27fac3f216af266e8d\transformed\jetified-firebase-messaging-24.1.0\AndroidManifest.xml:26:5-82
[        ] 66-->[com.google.firebase:firebase-messaging:24.1.0] C:\Users\HAL─░S\.gradle\caches\8.14\transforms\2362eda35eca2d27fac3f216af266e8d\transformed\jetified-firebase-messaging-24.1.0\AndroidManifest.xml:26:22-79
[        ] 67    <uses-permission android:name="com.google.android.gms.permission.AD_ID" />
[        ] 67-->[com.google.android.gms:play-services-measurement-api:22.2.0] C:\Users\HAL─░S\.gradle\caches\8.14\transforms\b3afe062d8e09d03de75fdac7fb11662\transformed\jetified-play-services-measurement-api-22.2.0\AndroidManifest.xml:25:5-79
[        ] 67-->[com.google.android.gms:play-services-measurement-api:22.2.0] C:\Users\HAL─░S\.gradle\caches\8.14\transforms\b3afe062d8e09d03de75fdac7fb11662\transformed\jetified-play-services-measurement-api-22.2.0\AndroidManifest.xml:25:22-76
[        ] 68    <uses-permission android:name="android.permission.ACCESS_ADSERVICES_ATTRIBUTION" />
[        ] 68-->[com.google.android.gms:play-services-measurement-api:22.2.0] C:\Users\HAL─░S\.gradle\caches\8.14\transforms\b3afe062d8e09d03de75fdac7fb11662\transformed\jetified-play-services-measurement-api-22.2.0\AndroidManifest.xml:26:5-88
[        ] 68-->[com.google.android.gms:play-services-measurement-api:22.2.0] C:\Users\HAL─░S\.gradle\caches\8.14\transforms\b3afe062d8e09d03de75fdac7fb11662\transformed\jetified-play-services-measurement-api-22.2.0\AndroidManifest.xml:26:22-85
[        ] 69    <uses-permission android:name="android.permission.ACCESS_ADSERVICES_AD_ID" />
[        ] 69-->[com.google.android.gms:play-services-measurement-api:22.2.0] C:\Users\HAL─░S\.gradle\caches\8.14\transforms\b3afe062d8e09d03de75fdac7fb11662\transformed\jetified-play-services-measurement-api-22.2.0\AndroidManifest.xml:27:5-82
[        ] 69-->[com.google.android.gms:play-services-measurement-api:22.2.0] C:\Users\HAL─░S\.gradle\caches\8.14\transforms\b3afe062d8e09d03de75fdac7fb11662\transformed\jetified-play-services-measurement-api-22.2.0\AndroidManifest.xml:27:22-79
[        ] 70    <uses-permission android:name="android.permission.VIBRATE" />
[        ] 70-->[:flutter_local_notifications] C:\eventful_app\build\flutter_local_notifications\intermediates\merged_manifest\debug\processDebugManifest\AndroidManifest.xml:7:5-66
[        ] 70-->[:flutter_local_notifications] C:\eventful_app\build\flutter_local_notifications\intermediates\merged_manifest\debug\processDebugManifest\AndroidManifest.xml:7:22-63
[        ] 71
[        ] 72    <uses-feature
[        ] 72-->[com.google.android.gms:play-services-maps:20.0.0] C:\Users\HAL─░S\.gradle\caches\8.14\transforms\5afc63e7e053ce24d3de195f800ca394\transformed\jetified-play-services-maps-20.0.0\AndroidManifest.xml:22:5-24:33
[        ] 73        android:glEsVersion="0x00020000"
[        ] 73-->[com.google.android.gms:play-services-maps:20.0.0] C:\Users\HAL─░S\.gradle\caches\8.14\transforms\5afc63e7e053ce24d3de195f800ca394\transformed\jetified-play-services-maps-20.0.0\AndroidManifest.xml:23:8-40
[        ] 74        android:required="true" />
[        ] 74-->[com.google.android.gms:play-services-maps:20.0.0] C:\Users\HAL─░S\.gradle\caches\8.14\transforms\5afc63e7e053ce24d3de195f800ca394\transformed\jetified-play-services-maps-20.0.0\AndroidManifest.xml:24:8-31
[        ] 75
[        ] 76    <uses-permission android:name="com.google.android.finsky.permission.BIND_GET_INSTALL_REFERRER_SERVICE" />
[        ] 76-->[com.google.android.gms:play-services-measurement:22.2.0] C:\Users\HAL─░S\.gradle\caches\8.14\transforms\0b2483d0404b6207ab1f29029d545d4d\transformed\jetified-play-services-measurement-22.2.0\AndroidManifest.xml:26:5-110
[        ] 76-->[com.google.android.gms:play-services-measurement:22.2.0] C:\Users\HAL─░S\.gradle\caches\8.14\transforms\0b2483d0404b6207ab1f29029d545d4d\transformed\jetified-play-services-measurement-22.2.0\AndroidManifest.xml:26:22-107
[        ] 77    <uses-permission android:name="com.google.android.providers.gsf.permission.READ_GSERVICES" />
[        ] 77-->[com.google.android.recaptcha:recaptcha:18.6.1] C:\Users\HAL─░S\.gradle\caches\8.14\transforms\d889dae0ae048297bf364fb93db47080\transformed\jetified-recaptcha-18.6.1\AndroidManifest.xml:9:5-98
[        ] 77-->[com.google.android.recaptcha:recaptcha:18.6.1] C:\Users\HAL─░S\.gradle\caches\8.14\transforms\d889dae0ae048297bf364fb93db47080\transformed\jetified-recaptcha-18.6.1\AndroidManifest.xml:9:22-95
[        ] 78
[        ] 79    <permission
[        ] 79-->[androidx.core:core:1.18.0] C:\Users\HAL─░S\.gradle\caches\8.14\transforms\05bcee298d42c54882d365e0aa39e269\transformed\core-1.18.0\AndroidManifest.xml:22:5-24:47
[        ] 80        android:name="com.fatih.eventful.DYNAMIC_RECEIVER_NOT_EXPORTED_PERMISSION"
[        ] 80-->[androidx.core:core:1.18.0] C:\Users\HAL─░S\.gradle\caches\8.14\transforms\05bcee298d42c54882d365e0aa39e269\transformed\core-1.18.0\AndroidManifest.xml:23:9-81
[        ] 81        android:protectionLevel="signature" />
[        ] 81-->[androidx.core:core:1.18.0] C:\Users\HAL─░S\.gradle\caches\8.14\transforms\05bcee298d42c54882d365e0aa39e269\transformed\core-1.18.0\AndroidManifest.xml:24:9-44
[        ] 82
[        ] 83    <uses-permission android:name="com.fatih.eventful.DYNAMIC_RECEIVER_NOT_EXPORTED_PERMISSION" />
[        ] 83-->[androidx.core:core:1.18.0] C:\Users\HAL─░S\.gradle\caches\8.14\transforms\05bcee298d42c54882d365e0aa39e269\transformed\core-1.18.0\AndroidManifest.xml:26:5-97
[        ] 83-->[androidx.core:core:1.18.0] C:\Users\HAL─░S\.gradle\caches\8.14\transforms\05bcee298d42c54882d365e0aa39e269\transformed\core-1.18.0\AndroidManifest.xml:26:22-94
[        ] 84
[        ] 85    <application
[        ] 86        android:name="android.app.Application"
[        ] 87        android:appComponentFactory="androidx.core.app.CoreComponentFactory"
[        ] 87-->[androidx.core:core:1.18.0] C:\Users\HAL─░S\.gradle\caches\8.14\transforms\05bcee298d42c54882d365e0aa39e269\transformed\core-1.18.0\AndroidManifest.xml:28:18-86
[        ] 88        android:debuggable="true"
[        ] 89        android:enableOnBackInvokedCallback="true"
[        ] 90        android:extractNativeLibs="false"
[        ] 91        android:icon="@mipmap/launcher_icon"
[        ] 92        android:label="Eventful" >
[        ] 93
[        ] 94        <!-- Google Maps API Anahtar─▒ -->
[        ] 95        <meta-data
[        ] 96            android:name="com.google.android.geo.API_KEY"
[        ] 97            android:value="AIzaSyAOGaCBXsQISPeyJk1fYcNS-66UthUA_jE" />
[        ] 98
[        ] 99        <!-- Google Maps Renderer (V2 i├ğin gerekli olabilir) -->
[        ] 100        <meta-data
[        ] 101            android:name="com.google.android.gms.version"
[        ] 102            android:value="@integer/google_play_services_version" />
[        ] 103        <meta-data
[        ] 104            android:name="io.flutter.embedding.android.NormalTheme"
[        ] 105            android:resource="@style/NormalTheme" />
[        ] 106        <meta-data
[        ] 107            android:name="io.flutter.embedding.android.EnableImpeller"
[        ] 108            android:value="false" />
[        ] 109
[        ] 110        <activity
[        ] 111            android:name="com.fatih.eventful.MainActivity"
[        ] 112            android:configChanges="orientation|keyboardHidden|keyboard|screenSize|smallestScreenSize|locale|layoutDirection|fontScale|screenLayout|density|uiMode"
[        ] 113            android:exported="true"
[        ] 114            android:hardwareAccelerated="true"
[        ] 115            android:launchMode="singleTop"
[        ] 116            android:taskAffinity=""
[        ] 117            android:theme="@style/LaunchTheme"
[        ] 118            android:windowSoftInputMode="adjustResize" >
[        ] 119
[        ] 120            <!--
[        ] 121                 Specifies an Android theme to apply to this Activity as soon as
[        ] 122                 the Android process has started. This theme is visible to the user
[        ] 123                 while the Flutter UI initializes. After that, this theme continues
[        ] 124                 to determine the Window background behind the Flutter UI.
[        ] 125            -->
[        ] 126            <meta-data
[        ] 127                android:name="io.flutter.embedding.android.NormalTheme"
[        ] 128                android:resource="@style/NormalTheme" />
[        ] 129
[        ] 130            <intent-filter>
[        ] 131                <action android:name="android.intent.action.MAIN" />
[        ] 132
[        ] 133                <category android:name="android.intent.category.LAUNCHER" />
[        ] 134            </intent-filter>
[        ] 135        </activity>
[        ] 136        <!--
[        ] 137             Don't delete the meta-data below.
[        ] 138             This is used by the Flutter tool to generate GeneratedPluginRegistrant.java
[        ] 139        -->
[        ] 140        <meta-data
[        ] 141            android:name="flutterEmbedding"
[        ] 142            android:value="2" />
[        ] 143
[        ] 144        <!-- Bildirim ─░konu ve Rengi Ayarlar─▒ -->
[        ] 145        <meta-data
[        ] 146            android:name="com.google.firebase.messaging.default_notification_icon"
[        ] 147            android:resource="@drawable/notification_icon" />
[        ] 148        <meta-data
[        ] 149            android:name="com.google.firebase.messaging.default_notification_color"
[        ] 150            android:resource="@color/notification_color" />
[        ] 151
[        ] 152        <uses-library
[        ] 152-->[:google_maps_flutter_android] C:\eventful_app\build\google_maps_flutter_android\intermediates\merged_manifest\debug\processDebugManifest\AndroidManifest.xml:8:9-10:40
[        ] 153            android:name="org.apache.http.legacy"
[        ] 153-->[:google_maps_flutter_android] C:\eventful_app\build\google_maps_flutter_android\intermediates\merged_manifest\debug\processDebugManifest\AndroidManifest.xml:9:13-50
[        ] 154            android:required="false" />
[        ] 154-->[:google_maps_flutter_android] C:\eventful_app\build\google_maps_flutter_android\intermediates\merged_manifest\debug\processDebugManifest\AndroidManifest.xml:10:13-37
[        ] 155        <!--
[        ] 156           Declares a provider which allows us to store files to share in
[        ] 157           '.../caches/share_plus' and grant the receiving action access
[        ] 158        -->
[        ] 159        <provider
[        ] 159-->[:share_plus] C:\eventful_app\build\share_plus\intermediates\merged_manifest\debug\processDebugManifest\AndroidManifest.xml:13:9-21:20
[        ] 160            android:name="dev.fluttercommunity.plus.share.ShareFileProvider"
[        ] 160-->[:share_plus] C:\eventful_app\build\share_plus\intermediates\merged_manifest\debug\processDebugManifest\AndroidManifest.xml:14:13-77
[        ] 161            android:authorities="com.fatih.eventful.flutter.share_provider"
[        ] 161-->[:share_plus] C:\eventful_app\build\share_plus\intermediates\merged_manifest\debug\processDebugManifest\AndroidManifest.xml:15:13-74
[        ] 162            android:exported="false"
[        ] 162-->[:share_plus] C:\eventful_app\build\share_plus\intermediates\merged_manifest\debug\processDebugManifest\AndroidManifest.xml:16:13-37
[        ] 163            android:grantUriPermissions="true" >
[        ] 163-->[:share_plus] C:\eventful_app\build\share_plus\intermediates\merged_manifest\debug\processDebugManifest\AndroidManifest.xml:17:13-47
[        ] 164            <meta-data
[        ] 164-->[:share_plus] C:\eventful_app\build\share_plus\intermediates\merged_manifest\debug\processDebugManifest\AndroidManifest.xml:18:13-20:68
[        ] 165                android:name="android.support.FILE_PROVIDER_PATHS"
[        ] 165-->[:share_plus] C:\eventful_app\build\share_plus\intermediates\merged_manifest\debug\processDebugManifest\AndroidManifest.xml:19:17-67
[        ] 166                android:resource="@xml/flutter_share_file_paths" />
[        ] 166-->[:share_plus] C:\eventful_app\build\share_plus\intermediates\merged_manifest\debug\processDebugManifest\AndroidManifest.xml:20:17-65
[        ] 167        </provider>
[        ] 168        <!--
[        ] 169           This manifest declared broadcast receiver allows us to use an explicit
[        ] 170           Intent when creating a PendingItent to be informed of the user's choice
[        ] 171        -->
[        ] 172        <receiver
[        ] 172-->[:share_plus] C:\eventful_app\build\share_plus\intermediates\merged_manifest\debug\processDebugManifest\AndroidManifest.xml:26:9-32:20
[        ] 173            android:name="dev.fluttercommunity.plus.share.SharePlusPendingIntent"
[        ] 173-->[:share_plus] C:\eventful_app\build\share_plus\intermediates\merged_manifest\debug\processDebugManifest\AndroidManifest.xml:27:13-82
[        ] 174            android:exported="false" >
[        ] 174-->[:share_plus] C:\eventful_app\build\share_plus\intermediates\merged_manifest\debug\processDebugManifest\AndroidManifest.xml:28:13-37
[        ] 175            <intent-filter>
[        ] 175-->[:share_plus] C:\eventful_app\build\share_plus\intermediates\merged_manifest\debug\processDebugManifest\AndroidManifest.xml:29:13-31:29
[        ] 176                <action android:name="EXTRA_CHOSEN_COMPONENT" />
[        ] 176-->[:share_plus] C:\eventful_app\build\share_plus\intermediates\merged_manifest\debug\processDebugManifest\AndroidManifest.xml:30:17-65
[        ] 176-->[:share_plus] C:\eventful_app\build\share_plus\intermediates\merged_manifest\debug\processDebugManifest\AndroidManifest.xml:30:25-62
[        ] 177            </intent-filter>
[        ] 178        </receiver>
[        ] 179
[        ] 180        <service
[        ] 180-->[:cloud_firestore] C:\eventful_app\build\cloud_firestore\intermediates\merged_manifest\debug\processDebugManifest\AndroidManifest.xml:8:9-12:19
[        ] 181            android:name="com.google.firebase.components.ComponentDiscoveryService"
[        ] 181-->[:cloud_firestore] C:\eventful_app\build\cloud_firestore\intermediates\merged_manifest\debug\processDebugManifest\AndroidManifest.xml:8:18-89
[        ] 182            android:directBootAware="true"
[        ] 182-->[com.google.firebase:firebase-common:21.0.0] C:\Users\HAL─░S\.gradle\caches\8.14\transforms\d276726f77ec453d1ff70781e8777ef8\transformed\jetified-firebase-common-21.0.0\AndroidManifest.xml:32:13-43
[        ] 183            android:exported="false" >
[        ] 183-->[com.google.firebase:firebase-firestore:25.1.2] C:\Users\HAL─░S\.gradle\caches\8.14\transforms\a0eb3346dd29451b3bfa8424c142a20a\transformed\jetified-firebase-firestore-25.1.2\AndroidManifest.xml:16:13-37
[        ] 184            <meta-data
[        ] 184-->[:cloud_firestore] C:\eventful_app\build\cloud_firestore\intermediates\merged_manifest\debug\processDebugManifest\AndroidManifest.xml:9:13-11:85
[        ] 185                android:name="com.google.firebase.components:io.flutter.plugins.firebase.firestore.FlutterFirebaseFirestoreRegistrar"
[        ] 185-->[:cloud_firestore] C:\eventful_app\build\cloud_firestore\intermediates\merged_manifest\debug\processDebugManifest\AndroidManifest.xml:10:17-134
[        ] 186                android:value="com.google.firebase.components.ComponentRegistrar" />
[        ] 186-->[:cloud_firestore] C:\eventful_app\build\cloud_firestore\intermediates\merged_manifest\debug\processDebugManifest\AndroidManifest.xml:11:17-82
[        ] 187            <meta-data
[        ] 187-->[:firebase_app_check] C:\eventful_app\build\firebase_app_check\intermediates\merged_manifest\debug\processDebugManifest\AndroidManifest.xml:9:13-11:85
[        ] 188                android:name="com.google.firebase.components:io.flutter.plugins.firebase.appcheck.FlutterFirebaseAppRegistrar"
[        ] 188-->[:firebase_app_check] C:\eventful_app\build\firebase_app_check\intermediates\merged_manifest\debug\processDebugManifest\AndroidManifest.xml:10:17-127
[        ] 189                android:value="com.google.firebase.components.ComponentRegistrar" />
[        ] 189-->[:firebase_app_check] C:\eventful_app\build\firebase_app_check\intermediates\merged_manifest\debug\processDebugManifest\AndroidManifest.xml:11:17-82
[        ] 190            <meta-data
[        ] 190-->[:firebase_auth] C:\eventful_app\build\firebase_auth\intermediates\merged_manifest\debug\processDebugManifest\AndroidManifest.xml:9:13-11:85
[        ] 191                android:name="com.google.firebase.components:io.flutter.plugins.firebase.auth.FlutterFirebaseAuthRegistrar"
[        ] 191-->[:firebase_auth] C:\eventful_app\build\firebase_auth\intermediates\merged_manifest\debug\processDebugManifest\AndroidManifest.xml:10:17-124
[        ] 192                android:value="com.google.firebase.components.ComponentRegistrar" />
[        ] 192-->[:firebase_auth] C:\eventful_app\build\firebase_auth\intermediates\merged_manifest\debug\processDebugManifest\AndroidManifest.xml:11:17-82
[        ] 193            <meta-data
[        ] 193-->[:firebase_messaging] C:\eventful_app\build\firebase_messaging\intermediates\merged_manifest\debug\processDebugManifest\AndroidManifest.xml:36:13-38:85
[        ] 194                android:name="com.google.firebase.components:io.flutter.plugins.firebase.messaging.FlutterFirebaseAppRegistrar"
[        ] 194-->[:firebase_messaging] C:\eventful_app\build\firebase_messaging\intermediates\merged_manifest\debug\processDebugManifest\AndroidManifest.xml:37:17-128
[        ] 195                android:value="com.google.firebase.components.ComponentRegistrar" />
[        ] 195-->[:firebase_messaging] C:\eventful_app\build\firebase_messaging\intermediates\merged_manifest\debug\processDebugManifest\AndroidManifest.xml:38:17-82
[        ] 196            <meta-data
[        ] 196-->[:firebase_storage] C:\eventful_app\build\firebase_storage\intermediates\merged_manifest\debug\processDebugManifest\AndroidManifest.xml:9:13-11:85
[        ] 197                android:name="com.google.firebase.components:io.flutter.plugins.firebase.storage.FlutterFirebaseAppRegistrar"
[        ] 197-->[:firebase_storage] C:\eventful_app\build\firebase_storage\intermediates\merged_manifest\debug\processDebugManifest\AndroidManifest.xml:10:17-126
[        ] 198                android:value="com.google.firebase.components.ComponentRegistrar" />
[        ] 198-->[:firebase_storage] C:\eventful_app\build\firebase_storage\intermediates\merged_manifest\debug\processDebugManifest\AndroidManifest.xml:11:17-82
[        ] 199            <meta-data
[        ] 199-->[:firebase_core] C:\eventful_app\build\firebase_core\intermediates\merged_manifest\debug\processDebugManifest\AndroidManifest.xml:9:13-11:85
[        ] 200                android:name="com.google.firebase.components:io.flutter.plugins.firebase.core.FlutterFirebaseCoreRegistrar"
[        ] 200-->[:firebase_core] C:\eventful_app\build\firebase_core\intermediates\merged_manifest\debug\processDebugManifest\AndroidManifest.xml:10:17-124
[        ] 201                android:value="com.google.firebase.components.ComponentRegistrar" />
[        ] 201-->[:firebase_core] C:\eventful_app\build\firebase_core\intermediates\merged_manifest\debug\processDebugManifest\AndroidManifest.xml:11:17-82
[        ] 202            <meta-data
[        ] 202-->[com.google.firebase:firebase-firestore:25.1.2] C:\Users\HAL─░S\.gradle\caches\8.14\transforms\a0eb3346dd29451b3bfa8424c142a20a\transformed\jetified-firebase-firestore-25.1.2\AndroidManifest.xml:17:13-19:85
[        ] 203                android:name="com.google.firebase.components:com.google.firebase.firestore.FirebaseFirestoreKtxRegistrar"
[        ] 203-->[com.google.firebase:firebase-firestore:25.1.2] C:\Users\HAL─░S\.gradle\caches\8.14\transforms\a0eb3346dd29451b3bfa8424c142a20a\transformed\jetified-firebase-firestore-25.1.2\AndroidManifest.xml:18:17-122
[        ] 204                android:value="com.google.firebase.components.ComponentRegistrar" />
[        ] 204-->[com.google.firebase:firebase-firestore:25.1.2] C:\Users\HAL─░S\.gradle\caches\8.14\transforms\a0eb3346dd29451b3bfa8424c142a20a\transformed\jetified-firebase-firestore-25.1.2\AndroidManifest.xml:19:17-82
[        ] 205            <meta-data
[        ] 205-->[com.google.firebase:firebase-firestore:25.1.2] C:\Users\HAL─░S\.gradle\caches\8.14\transforms\a0eb3346dd29451b3bfa8424c142a20a\transformed\jetified-firebase-firestore-25.1.2\AndroidManifest.xml:20:13-22:85
[        ] 206                android:name="com.google.firebase.components:com.google.firebase.firestore.FirestoreRegistrar"
[        ] 206-->[com.google.firebase:firebase-firestore:25.1.2] C:\Users\HAL─░S\.gradle\caches\8.14\transforms\a0eb3346dd29451b3bfa8424c142a20a\transformed\jetified-firebase-firestore-25.1.2\AndroidManifest.xml:21:17-111
[        ] 207                android:value="com.google.firebase.components.ComponentRegistrar" />
[        ] 207-->[com.google.firebase:firebase-firestore:25.1.2] C:\Users\HAL─░S\.gradle\caches\8.14\transforms\a0eb3346dd29451b3bfa8424c142a20a\transformed\jetified-firebase-firestore-25.1.2\AndroidManifest.xml:22:17-82
[        ] 208            <meta-data
[        ] 208-->[com.google.firebase:firebase-auth:23.2.0] C:\Users\HAL─░S\.gradle\caches\8.14\transforms\a6235d70ce85d22c75b02ca751ad0d26\transformed\jetified-firebase-auth-23.2.0\AndroidManifest.xml:69:13-71:85
[        ] 209                android:name="com.google.firebase.components:com.google.firebase.auth.FirebaseAuthRegistrar"
[        ] 209-->[com.google.firebase:firebase-auth:23.2.0] C:\Users\HAL─░S\.gradle\caches\8.14\transforms\a6235d70ce85d22c75b02ca751ad0d26\transformed\jetified-firebase-auth-23.2.0\AndroidManifest.xml:70:17-109
[        ] 210                android:value="com.google.firebase.components.ComponentRegistrar" />
[        ] 210-->[com.google.firebase:firebase-auth:23.2.0] C:\Users\HAL─░S\.gradle\caches\8.14\transforms\a6235d70ce85d22c75b02ca751ad0d26\transformed\jetified-firebase-auth-23.2.0\AndroidManifest.xml:71:17-82
[        ] 211            <meta-data
[        ] 211-->[com.google.firebase:firebase-appcheck-safetynet:16.1.2] C:\Users\HAL─░S\.gradle\caches\8.14\transforms\bfeef031da400c23dd6a4cfc85c5eb47\transformed\jetified-firebase-appcheck-safetynet-16.1.2\AndroidManifest.xml:27:13-29:85
[        ] 212                android:name="com.google.firebase.components:com.google.firebase.appcheck.safetynet.FirebaseAppCheckSafetyNetRegistrar"
[        ] 212-->[com.google.firebase:firebase-appcheck-safetynet:16.1.2] C:\Users\HAL─░S\.gradle\caches\8.14\transforms\bfeef031da400c23dd6a4cfc85c5eb47\transformed\jetified-firebase-appcheck-safetynet-16.1.2\AndroidManifest.xml:28:17-136
[        ] 213                android:value="com.google.firebase.components.ComponentRegistrar" />
[        ] 213-->[com.google.firebase:firebase-appcheck-safetynet:16.1.2] C:\Users\HAL─░S\.gradle\caches\8.14\transforms\bfeef031da400c23dd6a4cfc85c5eb47\transformed\jetified-firebase-appcheck-safetynet-16.1.2\AndroidManifest.xml:29:17-82
[        ] 214            <meta-data
[        ] 214-->[com.google.firebase:firebase-appcheck-debug:18.0.0] C:\Users\HAL─░S\.gradle\caches\8.14\transforms\62c4a0415c46f385484e9d03b06dd990\transformed\jetified-firebase-appcheck-debug-18.0.0\AndroidManifest.xml:25:13-27:85
[        ] 215                android:name="com.google.firebase.components:com.google.firebase.appcheck.debug.FirebaseAppCheckDebugRegistrar"
[        ] 215-->[com.google.firebase:firebase-appcheck-debug:18.0.0] C:\Users\HAL─░S\.gradle\caches\8.14\transforms\62c4a0415c46f385484e9d03b06dd990\transformed\jetified-firebase-appcheck-debug-18.0.0\AndroidManifest.xml:26:17-128
[        ] 216                android:value="com.google.firebase.components.ComponentRegistrar" />
[        ] 216-->[com.google.firebase:firebase-appcheck-debug:18.0.0] C:\Users\HAL─░S\.gradle\caches\8.14\transforms\62c4a0415c46f385484e9d03b06dd990\transformed\jetified-firebase-appcheck-debug-18.0.0\AndroidManifest.xml:27:17-82
[        ] 217            <meta-data
[        ] 217-->[com.google.firebase:firebase-appcheck-playintegrity:18.0.0] C:\Users\HAL─░S\.gradle\caches\8.14\transforms\d37fb5267bde3f1475d82345cbbd952c\transformed\jetified-firebase-appcheck-playintegrity-18.0.0\AndroidManifest.xml:25:13-27:85
[        ] 218                android:name="com.google.firebase.components:com.google.firebase.appcheck.playintegrity.FirebaseAppCheckPlayIntegrityRegistrar"
[        ] 218-->[com.google.firebase:firebase-appcheck-playintegrity:18.0.0] C:\Users\HAL─░S\.gradle\caches\8.14\transforms\d37fb5267bde3f1475d82345cbbd952c\transformed\jetified-firebase-appcheck-playintegrity-18.0.0\AndroidManifest.xml:26:17-144
[        ] 219                android:value="com.google.firebase.components.ComponentRegistrar" />
[        ] 219-->[com.google.firebase:firebase-appcheck-playintegrity:18.0.0] C:\Users\HAL─░S\.gradle\caches\8.14\transforms\d37fb5267bde3f1475d82345cbbd952c\transformed\jetified-firebase-appcheck-playintegrity-18.0.0\AndroidManifest.xml:27:17-82
[        ] 220            <meta-data
[        ] 220-->[com.google.firebase:firebase-messaging:24.1.0] C:\Users\HAL─░S\.gradle\caches\8.14\transforms\2362eda35eca2d27fac3f216af266e8d\transformed\jetified-firebase-messaging-24.1.0\AndroidManifest.xml:57:13-59:85
[        ] 221                android:name="com.google.firebase.components:com.google.firebase.messaging.FirebaseMessagingKtxRegistrar"
[        ] 221-->[com.google.firebase:firebase-messaging:24.1.0] C:\Users\HAL─░S\.gradle\caches\8.14\transforms\2362eda35eca2d27fac3f216af266e8d\transformed\jetified-firebase-messaging-24.1.0\AndroidManifest.xml:58:17-122
[        ] 222                android:value="com.google.firebase.components.ComponentRegistrar" />
[        ] 222-->[com.google.firebase:firebase-messaging:24.1.0] C:\Users\HAL─░S\.gradle\caches\8.14\transforms\2362eda35eca2d27fac3f216af266e8d\transformed\jetified-firebase-messaging-24.1.0\AndroidManifest.xml:59:17-82
[        ] 223            <meta-data
[        ] 223-->[com.google.firebase:firebase-messaging:24.1.0] C:\Users\HAL─░S\.gradle\caches\8.14\transforms\2362eda35eca2d27fac3f216af266e8d\transformed\jetified-firebase-messaging-24.1.0\AndroidManifest.xml:60:13-62:85
[        ] 224                android:name="com.google.firebase.components:com.google.firebase.messaging.FirebaseMessagingRegistrar"
[        ] 224-->[com.google.firebase:firebase-messaging:24.1.0] C:\Users\HAL─░S\.gradle\caches\8.14\transforms\2362eda35eca2d27fac3f216af266e8d\transformed\jetified-firebase-messaging-24.1.0\AndroidManifest.xml:61:17-119
[        ] 225                android:value="com.google.firebase.components.ComponentRegistrar" />
[        ] 225-->[com.google.firebase:firebase-messaging:24.1.0] C:\Users\HAL─░S\.gradle\caches\8.14\transforms\2362eda35eca2d27fac3f216af266e8d\transformed\jetified-firebase-messaging-24.1.0\AndroidManifest.xml:62:17-82
[        ] 226            <meta-data
[        ] 226-->[com.google.firebase:firebase-storage:21.0.1] C:\Users\HAL─░S\.gradle\caches\8.14\transforms\6c033edc2981ed854b79067fab2714b1\transformed\jetified-firebase-storage-21.0.1\AndroidManifest.xml:30:13-32:85
[        ] 227                android:name="com.google.firebase.components:com.google.firebase.storage.FirebaseStorageKtxRegistrar"
[        ] 227-->[com.google.firebase:firebase-storage:21.0.1] C:\Users\HAL─░S\.gradle\caches\8.14\transforms\6c033edc2981ed854b79067fab2714b1\transformed\jetified-firebase-storage-21.0.1\AndroidManifest.xml:31:17-118
[        ] 228                android:value="com.google.firebase.components.ComponentRegistrar" />
[        ] 228-->[com.google.firebase:firebase-storage:21.0.1] C:\Users\HAL─░S\.gradle\caches\8.14\transforms\6c033edc2981ed854b79067fab2714b1\transformed\jetified-firebase-storage-21.0.1\AndroidManifest.xml:32:17-82
[        ] 229            <meta-data
[        ] 229-->[com.google.firebase:firebase-storage:21.0.1] C:\Users\HAL─░S\.gradle\caches\8.14\transforms\6c033edc2981ed854b79067fab2714b1\transformed\jetified-firebase-storage-21.0.1\AndroidManifest.xml:33:13-35:85
[        ] 230                android:name="com.google.firebase.components:com.google.firebase.storage.StorageRegistrar"
[        ] 230-->[com.google.firebase:firebase-storage:21.0.1] C:\Users\HAL─░S\.gradle\caches\8.14\transforms\6c033edc2981ed854b79067fab2714b1\transformed\jetified-firebase-storage-21.0.1\AndroidManifest.xml:34:17-107
[        ] 231                android:value="com.google.firebase.components.ComponentRegistrar" />
[        ] 231-->[com.google.firebase:firebase-storage:21.0.1] C:\Users\HAL─░S\.gradle\caches\8.14\transforms\6c033edc2981ed854b79067fab2714b1\transformed\jetified-firebase-storage-21.0.1\AndroidManifest.xml:35:17-82
[        ] 232            <meta-data
[        ] 232-->[com.google.android.gms:play-services-measurement-api:22.2.0] C:\Users\HAL─░S\.gradle\caches\8.14\transforms\b3afe062d8e09d03de75fdac7fb11662\transformed\jetified-play-services-measurement-api-22.2.0\AndroidManifest.xml:33:13-35:85
[        ] 233                android:name="com.google.firebase.components:com.google.firebase.analytics.connector.internal.AnalyticsConnectorRegistrar"
[        ] 233-->[com.google.android.gms:play-services-measurement-api:22.2.0] C:\Users\HAL─░S\.gradle\caches\8.14\transforms\b3afe062d8e09d03de75fdac7fb11662\transformed\jetified-play-services-measurement-api-22.2.0\AndroidManifest.xml:34:17-139
[        ] 234                android:value="com.google.firebase.components.ComponentRegistrar" />
[        ] 234-->[com.google.android.gms:play-services-measurement-api:22.2.0] C:\Users\HAL─░S\.gradle\caches\8.14\transforms\b3afe062d8e09d03de75fdac7fb11662\transformed\jetified-play-services-measurement-api-22.2.0\AndroidManifest.xml:35:17-82
[        ] 235            <meta-data
[        ] 235-->[com.google.firebase:firebase-appcheck:18.0.0] C:\Users\HAL─░S\.gradle\caches\8.14\transforms\3755f3b68924ebed0a8c04a2bde9d757\transformed\jetified-firebase-appcheck-18.0.0\AndroidManifest.xml:25:13-27:85
[        ] 236                android:name="com.google.firebase.components:com.google.firebase.appcheck.FirebaseAppCheckKtxRegistrar"
[        ] 236-->[com.google.firebase:firebase-appcheck:18.0.0] C:\Users\HAL─░S\.gradle\caches\8.14\transforms\3755f3b68924ebed0a8c04a2bde9d757\transformed\jetified-firebase-appcheck-18.0.0\AndroidManifest.xml:26:17-120
[        ] 237                android:value="com.google.firebase.components.ComponentRegistrar" />
[        ] 237-->[com.google.firebase:firebase-appcheck:18.0.0] C:\Users\HAL─░S\.gradle\caches\8.14\transforms\3755f3b68924ebed0a8c04a2bde9d757\transformed\jetified-firebase-appcheck-18.0.0\AndroidManifest.xml:27:17-82
[        ] 238            <meta-data
[        ] 238-->[com.google.firebase:firebase-appcheck:18.0.0] C:\Users\HAL─░S\.gradle\caches\8.14\transforms\3755f3b68924ebed0a8c04a2bde9d757\transformed\jetified-firebase-appcheck-18.0.0\AndroidManifest.xml:28:13-30:85
[        ] 239                android:name="com.google.firebase.components:com.google.firebase.appcheck.FirebaseAppCheckRegistrar"
[        ] 239-->[com.google.firebase:firebase-appcheck:18.0.0] C:\Users\HAL─░S\.gradle\caches\8.14\transforms\3755f3b68924ebed0a8c04a2bde9d757\transformed\jetified-firebase-appcheck-18.0.0\AndroidManifest.xml:29:17-117
[        ] 240                android:value="com.google.firebase.components.ComponentRegistrar" />
[        ] 240-->[com.google.firebase:firebase-appcheck:18.0.0] C:\Users\HAL─░S\.gradle\caches\8.14\transforms\3755f3b68924ebed0a8c04a2bde9d757\transformed\jetified-firebase-appcheck-18.0.0\AndroidManifest.xml:30:17-82
[        ] 241            <meta-data
[        ] 241-->[com.google.firebase:firebase-installations:18.0.0] C:\Users\HAL─░S\.gradle\caches\8.14\transforms\c8bbc64bbd988aa25859d68d96ca4f3a\transformed\jetified-firebase-installations-18.0.0\AndroidManifest.xml:15:13-17:85
[        ] 242                android:name="com.google.firebase.components:com.google.firebase.installations.FirebaseInstallationsKtxRegistrar"
[        ] 242-->[com.google.firebase:firebase-installations:18.0.0] C:\Users\HAL─░S\.gradle\caches\8.14\transforms\c8bbc64bbd988aa25859d68d96ca4f3a\transformed\jetified-firebase-installations-18.0.0\AndroidManifest.xml:16:17-130
[        ] 243                android:value="com.google.firebase.components.ComponentRegistrar" />
[        ] 243-->[com.google.firebase:firebase-installations:18.0.0] C:\Users\HAL─░S\.gradle\caches\8.14\transforms\c8bbc64bbd988aa25859d68d96ca4f3a\transformed\jetified-firebase-installations-18.0.0\AndroidManifest.xml:17:17-82
[        ] 244            <meta-data
[        ] 244-->[com.google.firebase:firebase-installations:18.0.0] C:\Users\HAL─░S\.gradle\caches\8.14\transforms\c8bbc64bbd988aa25859d68d96ca4f3a\transformed\jetified-firebase-installations-18.0.0\AndroidManifest.xml:18:13-20:85
[        ] 245                android:name="com.google.firebase.components:com.google.firebase.installations.FirebaseInstallationsRegistrar"
[        ] 245-->[com.google.firebase:firebase-installations:18.0.0] C:\Users\HAL─░S\.gradle\caches\8.14\transforms\c8bbc64bbd988aa25859d68d96ca4f3a\transformed\jetified-firebase-installations-18.0.0\AndroidManifest.xml:19:17-127
[        ] 246                android:value="com.google.firebase.components.ComponentRegistrar" />
[        ] 246-->[com.google.firebase:firebase-installations:18.0.0] C:\Users\HAL─░S\.gradle\caches\8.14\transforms\c8bbc64bbd988aa25859d68d96ca4f3a\transformed\jetified-firebase-installations-18.0.0\AndroidManifest.xml:20:17-82
[        ] 247            <meta-data
[        ] 247-->[com.google.firebase:firebase-common-ktx:21.0.0] C:\Users\HAL─░S\.gradle\caches\8.14\transforms\4e70611356acaed29407a9e897d5bbe7\transformed\jetified-firebase-common-ktx-21.0.0\AndroidManifest.xml:12:13-14:85
[        ] 248                android:name="com.google.firebase.components:com.google.firebase.ktx.FirebaseCommonLegacyRegistrar"
[        ] 248-->[com.google.firebase:firebase-common-ktx:21.0.0] C:\Users\HAL─░S\.gradle\caches\8.14\transforms\4e70611356acaed29407a9e897d5bbe7\transformed\jetified-firebase-common-ktx-21.0.0\AndroidManifest.xml:13:17-116
[        ] 249                android:value="com.google.firebase.components.ComponentRegistrar" />
[        ] 249-->[com.google.firebase:firebase-common-ktx:21.0.0] C:\Users\HAL─░S\.gradle\caches\8.14\transforms\4e70611356acaed29407a9e897d5bbe7\transformed\jetified-firebase-common-ktx-21.0.0\AndroidManifest.xml:14:17-82
[        ] 250            <meta-data
[        ] 250-->[com.google.firebase:firebase-common:21.0.0] C:\Users\HAL─░S\.gradle\caches\8.14\transforms\d276726f77ec453d1ff70781e8777ef8\transformed\jetified-firebase-common-21.0.0\AndroidManifest.xml:35:13-37:85
[        ] 251                android:name="com.google.firebase.components:com.google.firebase.FirebaseCommonKtxRegistrar"
[        ] 251-->[com.google.firebase:firebase-common:21.0.0] C:\Users\HAL─░S\.gradle\caches\8.14\transforms\d276726f77ec453d1ff70781e8777ef8\transformed\jetified-firebase-common-21.0.0\AndroidManifest.xml:36:17-109
[        ] 252                android:value="com.google.firebase.components.ComponentRegistrar" />
[        ] 252-->[com.google.firebase:firebase-common:21.0.0] C:\Users\HAL─░S\.gradle\caches\8.14\transforms\d276726f77ec453d1ff70781e8777ef8\transformed\jetified-firebase-common-21.0.0\AndroidManifest.xml:37:17-82
[        ] 253            <meta-data
[        ] 253-->[com.google.firebase:firebase-datatransport:18.2.0] C:\Users\HAL─░S\.gradle\caches\8.14\transforms\5923289918c4800042eac202e0f487f3\transformed\jetified-firebase-datatransport-18.2.0\AndroidManifest.xml:25:13-27:85
[        ] 254                android:name="com.google.firebase.components:com.google.firebase.datatransport.TransportRegistrar"
[        ] 254-->[com.google.firebase:firebase-datatransport:18.2.0] C:\Users\HAL─░S\.gradle\caches\8.14\transforms\5923289918c4800042eac202e0f487f3\transformed\jetified-firebase-datatransport-18.2.0\AndroidManifest.xml:26:17-115
[        ] 255                android:value="com.google.firebase.components.ComponentRegistrar" />
[        ] 255-->[com.google.firebase:firebase-datatransport:18.2.0] C:\Users\HAL─░S\.gradle\caches\8.14\transforms\5923289918c4800042eac202e0f487f3\transformed\jetified-firebase-datatransport-18.2.0\AndroidManifest.xml:27:17-82
[        ] 256        </service>
[        ] 257        <service
[        ] 257-->[:firebase_messaging] C:\eventful_app\build\firebase_messaging\intermediates\merged_manifest\debug\processDebugManifest\AndroidManifest.xml:14:9-17:72
[        ] 258            android:name="io.flutter.plugins.firebase.messaging.FlutterFirebaseMessagingBackgroundService"
[        ] 258-->[:firebase_messaging] C:\eventful_app\build\firebase_messaging\intermediates\merged_manifest\debug\processDebugManifest\AndroidManifest.xml:15:13-107
[        ] 259            android:exported="false"
[        ] 259-->[:firebase_messaging] C:\eventful_app\build\firebase_messaging\intermediates\merged_manifest\debug\processDebugManifest\AndroidManifest.xml:16:13-37
[        ] 260            android:permission="android.permission.BIND_JOB_SERVICE" />
[        ] 260-->[:firebase_messaging] C:\eventful_app\build\firebase_messaging\intermediates\merged_manifest\debug\processDebugManifest\AndroidManifest.xml:17:13-69
[        ] 261        <service
[        ] 261-->[:firebase_messaging] C:\eventful_app\build\firebase_messaging\intermediates\merged_manifest\debug\processDebugManifest\AndroidManifest.xml:18:9-24:19
[        ] 262            android:name="io.flutter.plugins.firebase.messaging.FlutterFirebaseMessagingService"
[        ] 262-->[:firebase_messaging] C:\eventful_app\build\firebase_messaging\intermediates\merged_manifest\debug\processDebugManifest\AndroidManifest.xml:19:13-97
[        ] 263            android:exported="false" >
[        ] 263-->[:firebase_messaging] C:\eventful_app\build\firebase_messaging\intermediates\merged_manifest\debug\processDebugManifest\AndroidManifest.xml:20:13-37
[        ] 264            <intent-filter>
[        ] 264-->[:firebase_messaging] C:\eventful_app\build\firebase_messaging\intermediates\merged_manifest\debug\processDebugManifest\AndroidManifest.xml:21:13-23:29
[        ] 265                <action android:name="com.google.firebase.MESSAGING_EVENT" />
[        ] 265-->[:firebase_messaging] C:\eventful_app\build\firebase_messaging\intermediates\merged_manifest\debug\processDebugManifest\AndroidManifest.xml:22:17-78
[        ] 265-->[:firebase_messaging] C:\eventful_app\build\firebase_messaging\intermediates\merged_manifest\debug\processDebugManifest\AndroidManifest.xml:22:25-75
[        ] 266            </intent-filter>
[        ] 267        </service>
[        ] 268
[        ] 269        <receiver
[        ] 269-->[:firebase_messaging] C:\eventful_app\build\firebase_messaging\intermediates\merged_manifest\debug\processDebugManifest\AndroidManifest.xml:26:9-33:20
[        ] 270            android:name="io.flutter.plugins.firebase.messaging.FlutterFirebaseMessagingReceiver"
[        ] 270-->[:firebase_messaging] C:\eventful_app\build\firebase_messaging\intermediates\merged_manifest\debug\processDebugManifest\AndroidManifest.xml:27:13-98
[        ] 271            android:exported="true"
[        ] 271-->[:firebase_messaging] C:\eventful_app\build\firebase_messaging\intermediates\merged_manifest\debug\processDebugManifest\AndroidManifest.xml:28:13-36
[        ] 272            android:permission="com.google.android.c2dm.permission.SEND" >
[        ] 272-->[:firebase_messaging] C:\eventful_app\build\firebase_messaging\intermediates\merged_manifest\debug\processDebugManifest\AndroidManifest.xml:29:13-73
[        ] 273            <intent-filter>
[        ] 273-->[:firebase_messaging] C:\eventful_app\build\firebase_messaging\intermediates\merged_manifest\debug\processDebugManifest\AndroidManifest.xml:30:13-32:29
[        ] 274                <action android:name="com.google.android.c2dm.intent.RECEIVE" />
[        ] 274-->[:firebase_messaging] C:\eventful_app\build\firebase_messaging\intermediates\merged_manifest\debug\processDebugManifest\AndroidManifest.xml:31:17-81
[        ] 274-->[:firebase_messaging] C:\eventful_app\build\firebase_messaging\intermediates\merged_manifest\debug\processDebugManifest\AndroidManifest.xml:31:25-78
[        ] 275            </intent-filter>
[        ] 276        </receiver>
[        ] 277
[        ] 278        <provider
[        ] 278-->[:firebase_messaging] C:\eventful_app\build\firebase_messaging\intermediates\merged_manifest\debug\processDebugManifest\AndroidManifest.xml:41:9-45:38
[        ] 279            android:name="io.flutter.plugins.firebase.messaging.FlutterFirebaseMessagingInitProvider"
[        ] 279-->[:firebase_messaging] C:\eventful_app\build\firebase_messaging\intermediates\merged_manifest\debug\processDebugManifest\AndroidManifest.xml:42:13-102
[        ] 280            android:authorities="com.fatih.eventful.flutterfirebasemessaginginitprovider"
[        ] 280-->[:firebase_messaging] C:\eventful_app\build\firebase_messaging\intermediates\merged_manifest\debug\processDebugManifest\AndroidManifest.xml:43:13-88
[        ] 281            android:exported="false"
[        ] 281-->[:firebase_messaging] C:\eventful_app\build\firebase_messaging\intermediates\merged_manifest\debug\processDebugManifest\AndroidManifest.xml:44:13-37
[        ] 282            android:initOrder="99" />
[        ] 282-->[:firebase_messaging] C:\eventful_app\build\firebase_messaging\intermediates\merged_manifest\debug\processDebugManifest\AndroidManifest.xml:45:13-35
[        ] 283
[        ] 284        <activity
[        ] 284-->[com.google.firebase:firebase-auth:23.2.0] C:\Users\HAL─░S\.gradle\caches\8.14\transforms\a6235d70ce85d22c75b02ca751ad0d26\transformed\jetified-firebase-auth-23.2.0\AndroidManifest.xml:29:9-46:20
[        ] 285            android:name="com.google.firebase.auth.internal.GenericIdpActivity"
[        ] 285-->[com.google.firebase:firebase-auth:23.2.0] C:\Users\HAL─░S\.gradle\caches\8.14\transforms\a6235d70ce85d22c75b02ca751ad0d26\transformed\jetified-firebase-auth-23.2.0\AndroidManifest.xml:30:13-80
[        ] 286            android:excludeFromRecents="true"
[        ] 286-->[com.google.firebase:firebase-auth:23.2.0] C:\Users\HAL─░S\.gradle\caches\8.14\transforms\a6235d70ce85d22c75b02ca751ad0d26\transformed\jetified-firebase-auth-23.2.0\AndroidManifest.xml:31:13-46
[        ] 287            android:exported="true"
[        ] 287-->[com.google.firebase:firebase-auth:23.2.0] C:\Users\HAL─░S\.gradle\caches\8.14\transforms\a6235d70ce85d22c75b02ca751ad0d26\transformed\jetified-firebase-auth-23.2.0\AndroidManifest.xml:32:13-36
[        ] 288            android:launchMode="singleTask"
[        ] 288-->[com.google.firebase:firebase-auth:23.2.0] C:\Users\HAL─░S\.gradle\caches\8.14\transforms\a6235d70ce85d22c75b02ca751ad0d26\transformed\jetified-firebase-auth-23.2.0\AndroidManifest.xml:33:13-44
[        ] 289            android:theme="@android:style/Theme.Translucent.NoTitleBar" >
[        ] 289-->[com.google.firebase:firebase-auth:23.2.0] C:\Users\HAL─░S\.gradle\caches\8.14\transforms\a6235d70ce85d22c75b02ca751ad0d26\transformed\jetified-firebase-auth-23.2.0\AndroidManifest.xml:34:13-72
[        ] 290            <intent-filter>
[        ] 290-->[com.google.firebase:firebase-auth:23.2.0] C:\Users\HAL─░S\.gradle\caches\8.14\transforms\a6235d70ce85d22c75b02ca751ad0d26\transformed\jetified-firebase-auth-23.2.0\AndroidManifest.xml:35:13-45:29
[        ] 291                <action android:name="android.intent.action.VIEW" />
[        ] 291-->C:\eventful_app\android\app\src\main\AndroidManifest.xml:76:13-65
[        ] 291-->C:\eventful_app\android\app\src\main\AndroidManifest.xml:76:21-62
[        ] 292
[        ] 293                <category android:name="android.intent.category.DEFAULT" />
[        ] 293-->[com.google.firebase:firebase-auth:23.2.0] C:\Users\HAL─░S\.gradle\caches\8.14\transforms\a6235d70ce85d22c75b02ca751ad0d26\transformed\jetified-firebase-auth-23.2.0\AndroidManifest.xml:38:17-76
[        ] 293-->[com.google.firebase:firebase-auth:23.2.0] C:\Users\HAL─░S\.gradle\caches\8.14\transforms\a6235d70ce85d22c75b02ca751ad0d26\transformed\jetified-firebase-auth-23.2.0\AndroidManifest.xml:38:27-73
[        ] 294                <category android:name="android.intent.category.BROWSABLE" />
[        ] 294-->[com.google.firebase:firebase-auth:23.2.0] C:\Users\HAL─░S\.gradle\caches\8.14\transforms\a6235d70ce85d22c75b02ca751ad0d26\transformed\jetified-firebase-auth-23.2.0\AndroidManifest.xml:39:17-78
[        ] 294-->[com.google.firebase:firebase-auth:23.2.0] C:\Users\HAL─░S\.gradle\caches\8.14\transforms\a6235d70ce85d22c75b02ca751ad0d26\transformed\jetified-firebase-auth-23.2.0\AndroidManifest.xml:39:27-75
[        ] 295
[        ] 296                <data
[        ] 296-->C:\eventful_app\android\app\src\main\AndroidManifest.xml:77:13-44
[        ] 297                    android:host="firebase.auth"
[        ] 298                    android:path="/"
[        ] 299                    android:scheme="genericidp" />
[        ] 299-->C:\eventful_app\android\app\src\main\AndroidManifest.xml:77:19-41
[        ] 300            </intent-filter>
[        ] 301        </activity>
[        ] 302        <activity
[        ] 302-->[com.google.firebase:firebase-auth:23.2.0] C:\Users\HAL─░S\.gradle\caches\8.14\transforms\a6235d70ce85d22c75b02ca751ad0d26\transformed\jetified-firebase-auth-23.2.0\AndroidManifest.xml:47:9-64:20
[        ] 303            android:name="com.google.firebase.auth.internal.RecaptchaActivity"
[        ] 303-->[com.google.firebase:firebase-auth:23.2.0] C:\Users\HAL─░S\.gradle\caches\8.14\transforms\a6235d70ce85d22c75b02ca751ad0d26\transformed\jetified-firebase-auth-23.2.0\AndroidManifest.xml:48:13-79
[        ] 304            android:excludeFromRecents="true"
[        ] 304-->[com.google.firebase:firebase-auth:23.2.0] C:\Users\HAL─░S\.gradle\caches\8.14\transforms\a6235d70ce85d22c75b02ca751ad0d26\transformed\jetified-firebase-auth-23.2.0\AndroidManifest.xml:49:13-46
[        ] 305            android:exported="true"
[        ] 305-->[com.google.firebase:firebase-auth:23.2.0] C:\Users\HAL─░S\.gradle\caches\8.14\transforms\a6235d70ce85d22c75b02ca751ad0d26\transformed\jetified-firebase-auth-23.2.0\AndroidManifest.xml:50:13-36
[        ] 306            android:launchMode="singleTask"
[        ] 306-->[com.google.firebase:firebase-auth:23.2.0] C:\Users\HAL─░S\.gradle\caches\8.14\transforms\a6235d70ce85d22c75b02ca751ad0d26\transformed\jetified-firebase-auth-23.2.0\AndroidManifest.xml:51:13-44
[        ] 307            android:theme="@android:style/Theme.Translucent.NoTitleBar" >
[        ] 307-->[com.google.firebase:firebase-auth:23.2.0] C:\Users\HAL─░S\.gradle\caches\8.14\transforms\a6235d70ce85d22c75b02ca751ad0d26\transformed\jetified-firebase-auth-23.2.0\AndroidManifest.xml:52:13-72
[        ] 308            <intent-filter>
[        ] 308-->[com.google.firebase:firebase-auth:23.2.0] C:\Users\HAL─░S\.gradle\caches\8.14\transforms\a6235d70ce85d22c75b02ca751ad0d26\transformed\jetified-firebase-auth-23.2.0\AndroidManifest.xml:53:13-63:29
[        ] 309                <action android:name="android.intent.action.VIEW" />
[        ] 309-->C:\eventful_app\android\app\src\main\AndroidManifest.xml:76:13-65
[        ] 309-->C:\eventful_app\android\app\src\main\AndroidManifest.xml:76:21-62
[        ] 310
[        ] 311                <category android:name="android.intent.category.DEFAULT" />
[        ] 311-->[com.google.firebase:firebase-auth:23.2.0] C:\Users\HAL─░S\.gradle\caches\8.14\transforms\a6235d70ce85d22c75b02ca751ad0d26\transformed\jetified-firebase-auth-23.2.0\AndroidManifest.xml:38:17-76
[        ] 311-->[com.google.firebase:firebase-auth:23.2.0] C:\Users\HAL─░S\.gradle\caches\8.14\transforms\a6235d70ce85d22c75b02ca751ad0d26\transformed\jetified-firebase-auth-23.2.0\AndroidManifest.xml:38:27-73
[        ] 312                <category android:name="android.intent.category.BROWSABLE" />
[        ] 312-->[com.google.firebase:firebase-auth:23.2.0] C:\Users\HAL─░S\.gradle\caches\8.14\transforms\a6235d70ce85d22c75b02ca751ad0d26\transformed\jetified-firebase-auth-23.2.0\AndroidManifest.xml:39:17-78
[        ] 312-->[com.google.firebase:firebase-auth:23.2.0] C:\Users\HAL─░S\.gradle\caches\8.14\transforms\a6235d70ce85d22c75b02ca751ad0d26\transformed\jetified-firebase-auth-23.2.0\AndroidManifest.xml:39:27-75
[        ] 313
[        ] 314                <data
[        ] 314-->C:\eventful_app\android\app\src\main\AndroidManifest.xml:77:13-44
[        ] 315                    android:host="firebase.auth"
[        ] 316                    android:path="/"
[        ] 317                    android:scheme="recaptcha" />
[        ] 317-->C:\eventful_app\android\app\src\main\AndroidManifest.xml:77:19-41
[        ] 318            </intent-filter>
[        ] 319        </activity>
[        ] 320
[        ] 321        <receiver
[        ] 321-->[com.google.firebase:firebase-messaging:24.1.0] C:\Users\HAL─░S\.gradle\caches\8.14\transforms\2362eda35eca2d27fac3f216af266e8d\transformed\jetified-firebase-messaging-24.1.0\AndroidManifest.xml:29:9-40:20
[        ] 322            android:name="com.google.firebase.iid.FirebaseInstanceIdReceiver"
[        ] 322-->[com.google.firebase:firebase-messaging:24.1.0] C:\Users\HAL─░S\.gradle\caches\8.14\transforms\2362eda35eca2d27fac3f216af266e8d\transformed\jetified-firebase-messaging-24.1.0\AndroidManifest.xml:30:13-78
[        ] 323            android:exported="true"
[        ] 323-->[com.google.firebase:firebase-messaging:24.1.0] C:\Users\HAL─░S\.gradle\caches\8.14\transforms\2362eda35eca2d27fac3f216af266e8d\transformed\jetified-firebase-messaging-24.1.0\AndroidManifest.xml:31:13-36
[        ] 324            android:permission="com.google.android.c2dm.permission.SEND" >
[        ] 324-->[com.google.firebase:firebase-messaging:24.1.0] C:\Users\HAL─░S\.gradle\caches\8.14\transforms\2362eda35eca2d27fac3f216af266e8d\transformed\jetified-firebase-messaging-24.1.0\AndroidManifest.xml:32:13-73
[        ] 325            <intent-filter>
[        ] 325-->[:firebase_messaging] C:\eventful_app\build\firebase_messaging\intermediates\merged_manifest\debug\processDebugManifest\AndroidManifest.xml:30:13-32:29
[        ] 326                <action android:name="com.google.android.c2dm.intent.RECEIVE" />
[        ] 326-->[:firebase_messaging] C:\eventful_app\build\firebase_messaging\intermediates\merged_manifest\debug\processDebugManifest\AndroidManifest.xml:31:17-81
[        ] 326-->[:firebase_messaging] C:\eventful_app\build\firebase_messaging\intermediates\merged_manifest\debug\processDebugManifest\AndroidManifest.xml:31:25-78
[        ] 327            </intent-filter>
[        ] 328
[        ] 329            <meta-data
[        ] 329-->[com.google.firebase:firebase-messaging:24.1.0] C:\Users\HAL─░S\.gradle\caches\8.14\transforms\2362eda35eca2d27fac3f216af266e8d\transformed\jetified-firebase-messaging-24.1.0\AndroidManifest.xml:37:13-39:40
[        ] 330                android:name="com.google.android.gms.cloudmessaging.FINISHED_AFTER_HANDLED"
[        ] 330-->[com.google.firebase:firebase-messaging:24.1.0] C:\Users\HAL─░S\.gradle\caches\8.14\transforms\2362eda35eca2d27fac3f216af266e8d\transformed\jetified-firebase-messaging-24.1.0\AndroidManifest.xml:38:17-92
[        ] 331                android:value="true" />
[        ] 331-->[com.google.firebase:firebase-messaging:24.1.0] C:\Users\HAL─░S\.gradle\caches\8.14\transforms\2362eda35eca2d27fac3f216af266e8d\transformed\jetified-firebase-messaging-24.1.0\AndroidManifest.xml:39:17-37
[        ] 332        </receiver>
[        ] 333        <!--
[        ] 334             FirebaseMessagingService performs security checks at runtime,
[        ] 335             but set to not exported to explicitly avoid allowing another app to call it.
[        ] 336        -->
[        ] 337        <service
[        ] 337-->[com.google.firebase:firebase-messaging:24.1.0] C:\Users\HAL─░S\.gradle\caches\8.14\transforms\2362eda35eca2d27fac3f216af266e8d\transformed\jetified-firebase-messaging-24.1.0\AndroidManifest.xml:46:9-53:19
[        ] 338            android:name="com.google.firebase.messaging.FirebaseMessagingService"
[        ] 338-->[com.google.firebase:firebase-messaging:24.1.0] C:\Users\HAL─░S\.gradle\caches\8.14\transforms\2362eda35eca2d27fac3f216af266e8d\transformed\jetified-firebase-messaging-24.1.0\AndroidManifest.xml:47:13-82
[        ] 339            android:directBootAware="true"
[        ] 339-->[com.google.firebase:firebase-messaging:24.1.0] C:\Users\HAL─░S\.gradle\caches\8.14\transforms\2362eda35eca2d27fac3f216af266e8d\transformed\jetified-firebase-messaging-24.1.0\AndroidManifest.xml:48:13-43
[        ] 340            android:exported="false" >
[        ] 340-->[com.google.firebase:firebase-messaging:24.1.0] C:\Users\HAL─░S\.gradle\caches\8.14\transforms\2362eda35eca2d27fac3f216af266e8d\transformed\jetified-firebase-messaging-24.1.0\AndroidManifest.xml:49:13-37
[        ] 341            <intent-filter android:priority="-500" >
[        ] 341-->[:firebase_messaging] C:\eventful_app\build\firebase_messaging\intermediates\merged_manifest\debug\processDebugManifest\AndroidManifest.xml:21:13-23:29
[        ] 342                <action android:name="com.google.firebase.MESSAGING_EVENT" />
[        ] 342-->[:firebase_messaging] C:\eventful_app\build\firebase_messaging\intermediates\merged_manifest\debug\processDebugManifest\AndroidManifest.xml:22:17-78
[        ] 342-->[:firebase_messaging] C:\eventful_app\build\firebase_messaging\intermediates\merged_manifest\debug\processDebugManifest\AndroidManifest.xml:22:25-75
[        ] 343            </intent-filter>
[        ] 344        </service>
[        ] 345
[        ] 346        <provider
[        ] 346-->[com.google.firebase:firebase-common:21.0.0] C:\Users\HAL─░S\.gradle\caches\8.14\transforms\d276726f77ec453d1ff70781e8777ef8\transformed\jetified-firebase-common-21.0.0\AndroidManifest.xml:23:9-28:39
[        ] 347            android:name="com.google.firebase.provider.FirebaseInitProvider"
[        ] 347-->[com.google.firebase:firebase-common:21.0.0] C:\Users\HAL─░S\.gradle\caches\8.14\transforms\d276726f77ec453d1ff70781e8777ef8\transformed\jetified-firebase-common-21.0.0\AndroidManifest.xml:24:13-77
[        ] 348            android:authorities="com.fatih.eventful.firebaseinitprovider"
[        ] 348-->[com.google.firebase:firebase-common:21.0.0] C:\Users\HAL─░S\.gradle\caches\8.14\transforms\d276726f77ec453d1ff70781e8777ef8\transformed\jetified-firebase-common-21.0.0\AndroidManifest.xml:25:13-72
[        ] 349            android:directBootAware="true"
[        ] 349-->[com.google.firebase:firebase-common:21.0.0] C:\Users\HAL─░S\.gradle\caches\8.14\transforms\d276726f77ec453d1ff70781e8777ef8\transformed\jetified-firebase-common-21.0.0\AndroidManifest.xml:26:13-43
[        ] 350            android:exported="false"
[        ] 350-->[com.google.firebase:firebase-common:21.0.0] C:\Users\HAL─░S\.gradle\caches\8.14\transforms\d276726f77ec453d1ff70781e8777ef8\transformed\jetified-firebase-common-21.0.0\AndroidManifest.xml:27:13-37
[        ] 351            android:initOrder="100" />
[        ] 351-->[com.google.firebase:firebase-common:21.0.0] C:\Users\HAL─░S\.gradle\caches\8.14\transforms\d276726f77ec453d1ff70781e8777ef8\transformed\jetified-firebase-common-21.0.0\AndroidManifest.xml:28:13-36
[        ] 352
[        ] 353        <service
[        ] 353-->[:geolocator_android] C:\eventful_app\build\geolocator_android\intermediates\merged_manifest\debug\processDebugManifest\AndroidManifest.xml:8:9-12:56
[        ] 354            android:name="com.baseflow.geolocator.GeolocatorLocationService"
[        ] 354-->[:geolocator_android] C:\eventful_app\build\geolocator_android\intermediates\merged_manifest\debug\processDebugManifest\AndroidManifest.xml:9:13-77
[        ] 355            android:enabled="true"
[        ] 355-->[:geolocator_android] C:\eventful_app\build\geolocator_android\intermediates\merged_manifest\debug\processDebugManifest\AndroidManifest.xml:10:13-35
[        ] 356            android:exported="false"
[        ] 356-->[:geolocator_android] C:\eventful_app\build\geolocator_android\intermediates\merged_manifest\debug\processDebugManifest\AndroidManifest.xml:11:13-37
[        ] 357            android:foregroundServiceType="location" />
[        ] 357-->[:geolocator_android] C:\eventful_app\build\geolocator_android\intermediates\merged_manifest\debug\processDebugManifest\AndroidManifest.xml:12:13-53
[        ] 358
[        ] 359        <provider
[        ] 359-->[:image_picker_android] C:\eventful_app\build\image_picker_android\intermediates\merged_manifest\debug\processDebugManifest\AndroidManifest.xml:9:9-17:20
[        ] 360            android:name="io.flutter.plugins.imagepicker.ImagePickerFileProvider"
[        ] 360-->[:image_picker_android] C:\eventful_app\build\image_picker_android\intermediates\merged_manifest\debug\processDebugManifest\AndroidManifest.xml:10:13-82
[        ] 361            android:authorities="com.fatih.eventful.flutter.image_provider"
[        ] 361-->[:image_picker_android] C:\eventful_app\build\image_picker_android\intermediates\merged_manifest\debug\processDebugManifest\AndroidManifest.xml:11:13-74
[        ] 362            android:exported="false"
[        ] 362-->[:image_picker_android] C:\eventful_app\build\image_picker_android\intermediates\merged_manifest\debug\processDebugManifest\AndroidManifest.xml:12:13-37
[        ] 363            android:grantUriPermissions="true" >
[        ] 363-->[:image_picker_android] C:\eventful_app\build\image_picker_android\intermediates\merged_manifest\debug\processDebugManifest\AndroidManifest.xml:13:13-47
[        ] 364            <meta-data
[        ] 364-->[:share_plus] C:\eventful_app\build\share_plus\intermediates\merged_manifest\debug\processDebugManifest\AndroidManifest.xml:18:13-20:68
[        ] 365                android:name="android.support.FILE_PROVIDER_PATHS"
[        ] 365-->[:share_plus] C:\eventful_app\build\share_plus\intermediates\merged_manifest\debug\processDebugManifest\AndroidManifest.xml:19:17-67
[        ] 366                android:resource="@xml/flutter_image_picker_file_paths" />
[        ] 366-->[:share_plus] C:\eventful_app\build\share_plus\intermediates\merged_manifest\debug\processDebugManifest\AndroidManifest.xml:20:17-65
[        ] 367        </provider> <!-- Trigger Google Play services to install the backported photo picker module. -->
[        ] 368        <service
[        ] 368-->[:image_picker_android] C:\eventful_app\build\image_picker_android\intermediates\merged_manifest\debug\processDebugManifest\AndroidManifest.xml:19:9-31:19
[        ] 369            android:name="com.google.android.gms.metadata.ModuleDependencies"
[        ] 369-->[:image_picker_android] C:\eventful_app\build\image_picker_android\intermediates\merged_manifest\debug\processDebugManifest\AndroidManifest.xml:20:13-78
[        ] 370            android:enabled="false"
[        ] 370-->[:image_picker_android] C:\eventful_app\build\image_picker_android\intermediates\merged_manifest\debug\processDebugManifest\AndroidManifest.xml:21:13-36
[        ] 371            android:exported="false" >
[        ] 371-->[:image_picker_android] C:\eventful_app\build\image_picker_android\intermediates\merged_manifest\debug\processDebugManifest\AndroidManifest.xml:22:13-37
[        ] 372            <intent-filter>
[        ] 372-->[:image_picker_android] C:\eventful_app\build\image_picker_android\intermediates\merged_manifest\debug\processDebugManifest\AndroidManifest.xml:24:13-26:29
[        ] 373                <action android:name="com.google.android.gms.metadata.MODULE_DEPENDENCIES" />
[        ] 373-->[:image_picker_android] C:\eventful_app\build\image_picker_android\intermediates\merged_manifest\debug\processDebugManifest\AndroidManifest.xml:25:17-94
[        ] 373-->[:image_picker_android] C:\eventful_app\build\image_picker_android\intermediates\merged_manifest\debug\processDebugManifest\AndroidManifest.xml:25:25-91
[        ] 374            </intent-filter>
[        ] 375
[        ] 376            <meta-data
[        ] 376-->[:image_picker_android] C:\eventful_app\build\image_picker_android\intermediates\merged_manifest\debug\processDebugManifest\AndroidManifest.xml:28:13-30:36
[        ] 377                android:name="photopicker_activity:0:required"
[        ] 377-->[:image_picker_android] C:\eventful_app\build\image_picker_android\intermediates\merged_manifest\debug\processDebugManifest\AndroidManifest.xml:29:17-63
[        ] 378                android:value="" />
[        ] 378-->[:image_picker_android] C:\eventful_app\build\image_picker_android\intermediates\merged_manifest\debug\processDebugManifest\AndroidManifest.xml:30:17-33
[        ] 379        </service>
[        ] 380
[        ] 381        <activity
[        ] 381-->[:url_launcher_android] C:\eventful_app\build\url_launcher_android\intermediates\merged_manifest\debug\processDebugManifest\AndroidManifest.xml:8:9-11:74
[        ] 382            android:name="io.flutter.plugins.urllauncher.WebViewActivity"
[        ] 382-->[:url_launcher_android] C:\eventful_app\build\url_launcher_android\intermediates\merged_manifest\debug\processDebugManifest\AndroidManifest.xml:9:13-74
[        ] 383            android:exported="false"
[        ] 383-->[:url_launcher_android] C:\eventful_app\build\url_launcher_android\intermediates\merged_manifest\debug\processDebugManifest\AndroidManifest.xml:10:13-37
[        ] 384            android:theme="@android:style/Theme.NoTitleBar.Fullscreen" />
[        ] 384-->[:url_launcher_android] C:\eventful_app\build\url_launcher_android\intermediates\merged_manifest\debug\processDebugManifest\AndroidManifest.xml:11:13-71
[        ] 385
[        ] 386        <uses-library
[        ] 386-->[androidx.window:window:1.2.0] C:\Users\HAL─░S\.gradle\caches\8.14\transforms\7cd3444222774ff62087027a73014ab3\transformed\jetified-window-1.2.0\AndroidManifest.xml:23:9-25:40
[        ] 387            android:name="androidx.window.extensions"
[        ] 387-->[androidx.window:window:1.2.0] C:\Users\HAL─░S\.gradle\caches\8.14\transforms\7cd3444222774ff62087027a73014ab3\transformed\jetified-window-1.2.0\AndroidManifest.xml:24:13-54
[        ] 388            android:required="false" />
[        ] 388-->[androidx.window:window:1.2.0] C:\Users\HAL─░S\.gradle\caches\8.14\transforms\7cd3444222774ff62087027a73014ab3\transformed\jetified-window-1.2.0\AndroidManifest.xml:25:13-37
[        ] 389        <uses-library
[        ] 389-->[androidx.window:window:1.2.0] C:\Users\HAL─░S\.gradle\caches\8.14\transforms\7cd3444222774ff62087027a73014ab3\transformed\jetified-window-1.2.0\AndroidManifest.xml:26:9-28:40
[        ] 390            android:name="androidx.window.sidecar"
[        ] 390-->[androidx.window:window:1.2.0] C:\Users\HAL─░S\.gradle\caches\8.14\transforms\7cd3444222774ff62087027a73014ab3\transformed\jetified-window-1.2.0\AndroidManifest.xml:27:13-51
[        ] 391            android:required="false" />
[        ] 391-->[androidx.window:window:1.2.0] C:\Users\HAL─░S\.gradle\caches\8.14\transforms\7cd3444222774ff62087027a73014ab3\transformed\jetified-window-1.2.0\AndroidManifest.xml:28:13-37
[        ] 392
[        ] 393        <provider
[        ] 393-->[com.google.maps.android:android-maps-utils:4.1.0] C:\Users\HAL─░S\.gradle\caches\8.14\transforms\392a4c1ce9fea49965d7f6b2b82e1f26\transformed\jetified-android-maps-utils-4.1.0\AndroidManifest.xml:28:9-36:20
[        ] 394            android:name="androidx.startup.InitializationProvider"
[        ] 394-->[com.google.maps.android:android-maps-utils:4.1.0] C:\Users\HAL─░S\.gradle\caches\8.14\transforms\392a4c1ce9fea49965d7f6b2b82e1f26\transformed\jetified-android-maps-utils-4.1.0\AndroidManifest.xml:29:13-67
[        ] 395            android:authorities="com.fatih.eventful.androidx-startup"
[        ] 395-->[com.google.maps.android:android-maps-utils:4.1.0] C:\Users\HAL─░S\.gradle\caches\8.14\transforms\392a4c1ce9fea49965d7f6b2b82e1f26\transformed\jetified-android-maps-utils-4.1.0\AndroidManifest.xml:30:13-68
[        ] 396            android:exported="false" >
[        ] 396-->[com.google.maps.android:android-maps-utils:4.1.0] C:\Users\HAL─░S\.gradle\caches\8.14\transforms\392a4c1ce9fea49965d7f6b2b82e1f26\transformed\jetified-android-maps-utils-4.1.0\AndroidManifest.xml:31:13-37
[        ] 397            <meta-data
[        ] 397-->[com.google.maps.android:android-maps-utils:4.1.0] C:\Users\HAL─░S\.gradle\caches\8.14\transforms\392a4c1ce9fea49965d7f6b2b82e1f26\transformed\jetified-android-maps-utils-4.1.0\AndroidManifest.xml:33:13-35:52
[        ] 398                android:name="com.google.maps.android.utils.attribution.AttributionIdInitializer"
[        ] 398-->[com.google.maps.android:android-maps-utils:4.1.0] C:\Users\HAL─░S\.gradle\caches\8.14\transforms\392a4c1ce9fea49965d7f6b2b82e1f26\transformed\jetified-android-maps-utils-4.1.0\AndroidManifest.xml:34:17-98
[        ] 399                android:value="androidx.startup" />
[        ] 399-->[com.google.maps.android:android-maps-utils:4.1.0] C:\Users\HAL─░S\.gradle\caches\8.14\transforms\392a4c1ce9fea49965d7f6b2b82e1f26\transformed\jetified-android-maps-utils-4.1.0\AndroidManifest.xml:35:17-49
[        ] 400            <meta-data
[        ] 400-->[androidx.emoji2:emoji2:1.3.0] C:\Users\HAL─░S\.gradle\caches\8.14\transforms\5b5da6b3d7aa615633874735f6bc64aa\transformed\jetified-emoji2-1.3.0\AndroidManifest.xml:29:13-31:52
[        ] 401                android:name="androidx.emoji2.text.EmojiCompatInitializer"
[        ] 401-->[androidx.emoji2:emoji2:1.3.0] C:\Users\HAL─░S\.gradle\caches\8.14\transforms\5b5da6b3d7aa615633874735f6bc64aa\transformed\jetified-emoji2-1.3.0\AndroidManifest.xml:30:17-75
[        ] 402                android:value="androidx.startup" />
[        ] 402-->[androidx.emoji2:emoji2:1.3.0] C:\Users\HAL─░S\.gradle\caches\8.14\transforms\5b5da6b3d7aa615633874735f6bc64aa\transformed\jetified-emoji2-1.3.0\AndroidManifest.xml:31:17-49
[        ] 403            <meta-data
[        ] 403-->[androidx.lifecycle:lifecycle-process:2.7.0] C:\Users\HAL─░S\.gradle\caches\8.14\transforms\434c2ece89dc9c26269ca6f282d29b28\transformed\jetified-lifecycle-process-2.7.0\AndroidManifest.xml:29:13-31:52
[        ] 404                android:name="androidx.lifecycle.ProcessLifecycleInitializer"
[        ] 404-->[androidx.lifecycle:lifecycle-process:2.7.0] C:\Users\HAL─░S\.gradle\caches\8.14\transforms\434c2ece89dc9c26269ca6f282d29b28\transformed\jetified-lifecycle-process-2.7.0\AndroidManifest.xml:30:17-78
[        ] 405                android:value="androidx.startup" />
[        ] 405-->[androidx.lifecycle:lifecycle-process:2.7.0] C:\Users\HAL─░S\.gradle\caches\8.14\transforms\434c2ece89dc9c26269ca6f282d29b28\transformed\jetified-lifecycle-process-2.7.0\AndroidManifest.xml:31:17-49
[        ] 406            <meta-data
[        ] 406-->[androidx.profileinstaller:profileinstaller:1.4.0] C:\Users\HAL─░S\.gradle\caches\8.14\transforms\425e2d269f5135c1c3621876384e8430\transformed\jetified-profileinstaller-1.4.0\AndroidManifest.xml:29:13-31:52
[        ] 407                android:name="androidx.profileinstaller.ProfileInstallerInitializer"
[        ] 407-->[androidx.profileinstaller:profileinstaller:1.4.0] C:\Users\HAL─░S\.gradle\caches\8.14\transforms\425e2d269f5135c1c3621876384e8430\transformed\jetified-profileinstaller-1.4.0\AndroidManifest.xml:30:17-85
[        ] 408                android:value="androidx.startup" />
[        ] 408-->[androidx.profileinstaller:profileinstaller:1.4.0] C:\Users\HAL─░S\.gradle\caches\8.14\transforms\425e2d269f5135c1c3621876384e8430\transformed\jetified-profileinstaller-1.4.0\AndroidManifest.xml:31:17-49
[        ] 409        </provider>
[        ] 410
[        ] 411        <service
[        ] 411-->[androidx.credentials:credentials-play-services-auth:1.2.0-rc01] C:\Users\HAL─░S\.gradle\caches\8.14\transforms\77216936745cad7f41bd07a8d3a8cdef\transformed\jetified-credentials-play-services-auth-1.2.0-rc01\AndroidManifest.xml:24:9-32:19
[        ] 412            android:name="androidx.credentials.playservices.CredentialProviderMetadataHolder"
[        ] 412-->[androidx.credentials:credentials-play-services-auth:1.2.0-rc01] C:\Users\HAL─░S\.gradle\caches\8.14\transforms\77216936745cad7f41bd07a8d3a8cdef\transformed\jetified-credentials-play-services-auth-1.2.0-rc01\AndroidManifest.xml:25:13-94
[        ] 413            android:enabled="true"
[        ] 413-->[androidx.credentials:credentials-play-services-auth:1.2.0-rc01] C:\Users\HAL─░S\.gradle\caches\8.14\transforms\77216936745cad7f41bd07a8d3a8cdef\transformed\jetified-credentials-play-services-auth-1.2.0-rc01\AndroidManifest.xml:26:13-35
[        ] 414            android:exported="false" >
[        ] 414-->[androidx.credentials:credentials-play-services-auth:1.2.0-rc01] C:\Users\HAL─░S\.gradle\caches\8.14\transforms\77216936745cad7f41bd07a8d3a8cdef\transformed\jetified-credentials-play-services-auth-1.2.0-rc01\AndroidManifest.xml:27:13-37
[        ] 415            <meta-data
[        ] 415-->[androidx.credentials:credentials-play-services-auth:1.2.0-rc01] C:\Users\HAL─░S\.gradle\caches\8.14\transforms\77216936745cad7f41bd07a8d3a8cdef\transformed\jetified-credentials-play-services-auth-1.2.0-rc01\AndroidManifest.xml:29:13-31:104
[        ] 416                android:name="androidx.credentials.CREDENTIAL_PROVIDER_KEY"
[        ] 416-->[androidx.credentials:credentials-play-services-auth:1.2.0-rc01] C:\Users\HAL─░S\.gradle\caches\8.14\transforms\77216936745cad7f41bd07a8d3a8cdef\transformed\jetified-credentials-play-services-auth-1.2.0-rc01\AndroidManifest.xml:30:17-76
[        ] 417                android:value="androidx.credentials.playservices.CredentialProviderPlayServicesImpl" />
[        ] 417-->[androidx.credentials:credentials-play-services-auth:1.2.0-rc01] C:\Users\HAL─░S\.gradle\caches\8.14\transforms\77216936745cad7f41bd07a8d3a8cdef\transformed\jetified-credentials-play-services-auth-1.2.0-rc01\AndroidManifest.xml:31:17-101
[        ] 418        </service>
[        ] 419
[        ] 420        <activity
[        ] 420-->[androidx.credentials:credentials-play-services-auth:1.2.0-rc01] C:\Users\HAL─░S\.gradle\caches\8.14\transforms\77216936745cad7f41bd07a8d3a8cdef\transformed\jetified-credentials-play-services-auth-1.2.0-rc01\AndroidManifest.xml:34:9-41:20
[        ] 421            android:name="androidx.credentials.playservices.HiddenActivity"
[        ] 421-->[androidx.credentials:credentials-play-services-auth:1.2.0-rc01] C:\Users\HAL─░S\.gradle\caches\8.14\transforms\77216936745cad7f41bd07a8d3a8cdef\transformed\jetified-credentials-play-services-auth-1.2.0-rc01\AndroidManifest.xml:35:13-76
[        ] 422            android:configChanges="orientation|screenSize|screenLayout|keyboardHidden"
[        ] 422-->[androidx.credentials:credentials-play-services-auth:1.2.0-rc01] C:\Users\HAL─░S\.gradle\caches\8.14\transforms\77216936745cad7f41bd07a8d3a8cdef\transformed\jetified-credentials-play-services-auth-1.2.0-rc01\AndroidManifest.xml:36:13-87
[        ] 423            android:enabled="true"
[        ] 423-->[androidx.credentials:credentials-play-services-auth:1.2.0-rc01] C:\Users\HAL─░S\.gradle\caches\8.14\transforms\77216936745cad7f41bd07a8d3a8cdef\transformed\jetified-credentials-play-services-auth-1.2.0-rc01\AndroidManifest.xml:37:13-35
[        ] 424            android:exported="false"
[        ] 424-->[androidx.credentials:credentials-play-services-auth:1.2.0-rc01] C:\Users\HAL─░S\.gradle\caches\8.14\transforms\77216936745cad7f41bd07a8d3a8cdef\transformed\jetified-credentials-play-services-auth-1.2.0-rc01\AndroidManifest.xml:38:13-37
[        ] 425            android:fitsSystemWindows="true"
[        ] 425-->[androidx.credentials:credentials-play-services-auth:1.2.0-rc01] C:\Users\HAL─░S\.gradle\caches\8.14\transforms\77216936745cad7f41bd07a8d3a8cdef\transformed\jetified-credentials-play-services-auth-1.2.0-rc01\AndroidManifest.xml:39:13-45
[        ] 426            android:theme="@style/Theme.Hidden" >
[        ] 426-->[androidx.credentials:credentials-play-services-auth:1.2.0-rc01] C:\Users\HAL─░S\.gradle\caches\8.14\transforms\77216936745cad7f41bd07a8d3a8cdef\transformed\jetified-credentials-play-services-auth-1.2.0-rc01\AndroidManifest.xml:40:13-48
[        ] 427        </activity>
[        ] 428        <activity
[        ] 428-->[com.google.android.gms:play-services-auth:20.7.0] C:\Users\HAL─░S\.gradle\caches\8.14\transforms\218402ef31b474dd33b1a2da78f6ac66\transformed\jetified-play-services-auth-20.7.0\AndroidManifest.xml:23:9-27:75
[        ] 429            android:name="com.google.android.gms.auth.api.signin.internal.SignInHubActivity"
[        ] 429-->[com.google.android.gms:play-services-auth:20.7.0] C:\Users\HAL─░S\.gradle\caches\8.14\transforms\218402ef31b474dd33b1a2da78f6ac66\transformed\jetified-play-services-auth-20.7.0\AndroidManifest.xml:24:13-93
[        ] 430            android:excludeFromRecents="true"
[        ] 430-->[com.google.android.gms:play-services-auth:20.7.0] C:\Users\HAL─░S\.gradle\caches\8.14\transforms\218402ef31b474dd33b1a2da78f6ac66\transformed\jetified-play-services-auth-20.7.0\AndroidManifest.xml:25:13-46
[        ] 431            android:exported="false"
[        ] 431-->[com.google.android.gms:play-services-auth:20.7.0] C:\Users\HAL─░S\.gradle\caches\8.14\transforms\218402ef31b474dd33b1a2da78f6ac66\transformed\jetified-play-services-auth-20.7.0\AndroidManifest.xml:26:13-37
[        ] 432            android:theme="@android:style/Theme.Translucent.NoTitleBar" />
[        ] 432-->[com.google.android.gms:play-services-auth:20.7.0] C:\Users\HAL─░S\.gradle\caches\8.14\transforms\218402ef31b474dd33b1a2da78f6ac66\transformed\jetified-play-services-auth-20.7.0\AndroidManifest.xml:27:13-72
[        ] 433        <!--
[        ] 434            Service handling Google Sign-In user revocation. For apps that do not integrate with
[        ] 435            Google Sign-In, this service will never be started.
[        ] 436        -->
[        ] 437        <service
[        ] 437-->[com.google.android.gms:play-services-auth:20.7.0] C:\Users\HAL─░S\.gradle\caches\8.14\transforms\218402ef31b474dd33b1a2da78f6ac66\transformed\jetified-play-services-auth-20.7.0\AndroidManifest.xml:33:9-37:51
[        ] 438            android:name="com.google.android.gms.auth.api.signin.RevocationBoundService"
[        ] 438-->[com.google.android.gms:play-services-auth:20.7.0] C:\Users\HAL─░S\.gradle\caches\8.14\transforms\218402ef31b474dd33b1a2da78f6ac66\transformed\jetified-play-services-auth-20.7.0\AndroidManifest.xml:34:13-89
[        ] 439            android:exported="true"
[        ] 439-->[com.google.android.gms:play-services-auth:20.7.0] C:\Users\HAL─░S\.gradle\caches\8.14\transforms\218402ef31b474dd33b1a2da78f6ac66\transformed\jetified-play-services-auth-20.7.0\AndroidManifest.xml:35:13-36
[        ] 440            android:permission="com.google.android.gms.auth.api.signin.permission.REVOCATION_NOTIFICATION"
[        ] 440-->[com.google.android.gms:play-services-auth:20.7.0] C:\Users\HAL─░S\.gradle\caches\8.14\transforms\218402ef31b474dd33b1a2da78f6ac66\transformed\jetified-play-services-auth-20.7.0\AndroidManifest.xml:36:13-107
[        ] 441            android:visibleToInstantApps="true" />
[        ] 441-->[com.google.android.gms:play-services-auth:20.7.0] C:\Users\HAL─░S\.gradle\caches\8.14\transforms\218402ef31b474dd33b1a2da78f6ac66\transformed\jetified-play-services-auth-20.7.0\AndroidManifest.xml:37:13-48
[        ] 442
[        ] 443        <receiver
[        ] 443-->[com.google.android.gms:play-services-measurement:22.2.0] C:\Users\HAL─░S\.gradle\caches\8.14\transforms\0b2483d0404b6207ab1f29029d545d4d\transformed\jetified-play-services-measurement-22.2.0\AndroidManifest.xml:29:9-33:20
[        ] 444            android:name="com.google.android.gms.measurement.AppMeasurementReceiver"
[        ] 444-->[com.google.android.gms:play-services-measurement:22.2.0] C:\Users\HAL─░S\.gradle\caches\8.14\transforms\0b2483d0404b6207ab1f29029d545d4d\transformed\jetified-play-services-measurement-22.2.0\AndroidManifest.xml:30:13-85
[        ] 445            android:enabled="true"
[        ] 445-->[com.google.android.gms:play-services-measurement:22.2.0] C:\Users\HAL─░S\.gradle\caches\8.14\transforms\0b2483d0404b6207ab1f29029d545d4d\transformed\jetified-play-services-measurement-22.2.0\AndroidManifest.xml:31:13-35
[        ] 446            android:exported="false" >
[        ] 446-->[com.google.android.gms:play-services-measurement:22.2.0] C:\Users\HAL─░S\.gradle\caches\8.14\transforms\0b2483d0404b6207ab1f29029d545d4d\transformed\jetified-play-services-measurement-22.2.0\AndroidManifest.xml:32:13-37
[        ] 447        </receiver>
[        ] 448
[        ] 449        <service
[        ] 449-->[com.google.android.gms:play-services-measurement:22.2.0] C:\Users\HAL─░S\.gradle\caches\8.14\transforms\0b2483d0404b6207ab1f29029d545d4d\transformed\jetified-play-services-measurement-22.2.0\AndroidManifest.xml:35:9-38:40
[        ] 450            android:name="com.google.android.gms.measurement.AppMeasurementService"
[        ] 450-->[com.google.android.gms:play-services-measurement:22.2.0] C:\Users\HAL─░S\.gradle\caches\8.14\transforms\0b2483d0404b6207ab1f29029d545d4d\transformed\jetified-play-services-measurement-22.2.0\AndroidManifest.xml:36:13-84
[        ] 451            android:enabled="true"
[        ] 451-->[com.google.android.gms:play-services-measurement:22.2.0] C:\Users\HAL─░S\.gradle\caches\8.14\transforms\0b2483d0404b6207ab1f29029d545d4d\transformed\jetified-play-services-measurement-22.2.0\AndroidManifest.xml:37:13-35
[        ] 452            android:exported="false" />
[        ] 452-->[com.google.android.gms:play-services-measurement:22.2.0] C:\Users\HAL─░S\.gradle\caches\8.14\transforms\0b2483d0404b6207ab1f29029d545d4d\transformed\jetified-play-services-measurement-22.2.0\AndroidManifest.xml:38:13-37
[        ] 453        <service
[        ] 453-->[com.google.android.gms:play-services-measurement:22.2.0] C:\Users\HAL─░S\.gradle\caches\8.14\transforms\0b2483d0404b6207ab1f29029d545d4d\transformed\jetified-play-services-measurement-22.2.0\AndroidManifest.xml:39:9-43:72
[        ] 454            android:name="com.google.android.gms.measurement.AppMeasurementJobService"
[        ] 454-->[com.google.android.gms:play-services-measurement:22.2.0] C:\Users\HAL─░S\.gradle\caches\8.14\transforms\0b2483d0404b6207ab1f29029d545d4d\transformed\jetified-play-services-measurement-22.2.0\AndroidManifest.xml:40:13-87
[        ] 455            android:enabled="true"
[        ] 455-->[com.google.android.gms:play-services-measurement:22.2.0] C:\Users\HAL─░S\.gradle\caches\8.14\transforms\0b2483d0404b6207ab1f29029d545d4d\transformed\jetified-play-services-measurement-22.2.0\AndroidManifest.xml:41:13-35
[        ] 456            android:exported="false"
[        ] 456-->[com.google.android.gms:play-services-measurement:22.2.0] C:\Users\HAL─░S\.gradle\caches\8.14\transforms\0b2483d0404b6207ab1f29029d545d4d\transformed\jetified-play-services-measurement-22.2.0\AndroidManifest.xml:42:13-37
[        ] 457            android:permission="android.permission.BIND_JOB_SERVICE" />
[        ] 457-->[com.google.android.gms:play-services-measurement:22.2.0] C:\Users\HAL─░S\.gradle\caches\8.14\transforms\0b2483d0404b6207ab1f29029d545d4d\transformed\jetified-play-services-measurement-22.2.0\AndroidManifest.xml:43:13-69
[        ] 458
[        ] 459        <activity
[        ] 459-->[com.google.android.gms:play-services-base:18.5.0] C:\Users\HAL─░S\.gradle\caches\8.14\transforms\b2fe9d7521553f82b9f200ee6dde3932\transformed\jetified-play-services-base-18.5.0\AndroidManifest.xml:5:9-173
[        ] 460            android:name="com.google.android.gms.common.api.GoogleApiActivity"
[        ] 460-->[com.google.android.gms:play-services-base:18.5.0] C:\Users\HAL─░S\.gradle\caches\8.14\transforms\b2fe9d7521553f82b9f200ee6dde3932\transformed\jetified-play-services-base-18.5.0\AndroidManifest.xml:5:19-85
[        ] 461            android:exported="false"
[        ] 461-->[com.google.android.gms:play-services-base:18.5.0] C:\Users\HAL─░S\.gradle\caches\8.14\transforms\b2fe9d7521553f82b9f200ee6dde3932\transformed\jetified-play-services-base-18.5.0\AndroidManifest.xml:5:146-170
[        ] 462            android:theme="@android:style/Theme.Translucent.NoTitleBar" />
[        ] 462-->[com.google.android.gms:play-services-base:18.5.0] C:\Users\HAL─░S\.gradle\caches\8.14\transforms\b2fe9d7521553f82b9f200ee6dde3932\transformed\jetified-play-services-base-18.5.0\AndroidManifest.xml:5:86-145
[        ] 463
[        ] 464        <uses-library
[        ] 464-->[androidx.privacysandbox.ads:ads-adservices:1.0.0-beta05] C:\Users\HAL─░S\.gradle\caches\8.14\transforms\22023b639f8f55b7d87ab4a8d326aabc\transformed\jetified-ads-adservices-1.0.0-beta05\AndroidManifest.xml:23:9-25:40
[        ] 465            android:name="android.ext.adservices"
[        ] 465-->[androidx.privacysandbox.ads:ads-adservices:1.0.0-beta05] C:\Users\HAL─░S\.gradle\caches\8.14\transforms\22023b639f8f55b7d87ab4a8d326aabc\transformed\jetified-ads-adservices-1.0.0-beta05\AndroidManifest.xml:24:13-50
[        ] 466            android:required="false" />
[        ] 466-->[androidx.privacysandbox.ads:ads-adservices:1.0.0-beta05] C:\Users\HAL─░S\.gradle\caches\8.14\transforms\22023b639f8f55b7d87ab4a8d326aabc\transformed\jetified-ads-adservices-1.0.0-beta05\AndroidManifest.xml:25:13-37
[        ] 467
[        ] 468        <receiver
[        ] 468-->[androidx.profileinstaller:profileinstaller:1.4.0] C:\Users\HAL─░S\.gradle\caches\8.14\transforms\425e2d269f5135c1c3621876384e8430\transformed\jetified-profileinstaller-1.4.0\AndroidManifest.xml:34:9-52:20
[        ] 469            android:name="androidx.profileinstaller.ProfileInstallReceiver"
[        ] 469-->[androidx.profileinstaller:profileinstaller:1.4.0] C:\Users\HAL─░S\.gradle\caches\8.14\transforms\425e2d269f5135c1c3621876384e8430\transformed\jetified-profileinstaller-1.4.0\AndroidManifest.xml:35:13-76
[        ] 470            android:directBootAware="false"
[        ] 470-->[androidx.profileinstaller:profileinstaller:1.4.0] C:\Users\HAL─░S\.gradle\caches\8.14\transforms\425e2d269f5135c1c3621876384e8430\transformed\jetified-profileinstaller-1.4.0\AndroidManifest.xml:36:13-44
[        ] 471            android:enabled="true"
[        ] 471-->[androidx.profileinstaller:profileinstaller:1.4.0] C:\Users\HAL─░S\.gradle\caches\8.14\transforms\425e2d269f5135c1c3621876384e8430\transformed\jetified-profileinstaller-1.4.0\AndroidManifest.xml:37:13-35
[        ] 472            android:exported="true"
[        ] 472-->[androidx.profileinstaller:profileinstaller:1.4.0] C:\Users\HAL─░S\.gradle\caches\8.14\transforms\425e2d269f5135c1c3621876384e8430\transformed\jetified-profileinstaller-1.4.0\AndroidManifest.xml:38:13-36
[        ] 473            android:permission="android.permission.DUMP" >
[        ] 473-->[androidx.profileinstaller:profileinstaller:1.4.0] C:\Users\HAL─░S\.gradle\caches\8.14\transforms\425e2d269f5135c1c3621876384e8430\transformed\jetified-profileinstaller-1.4.0\AndroidManifest.xml:39:13-57
[        ] 474            <intent-filter>
[        ] 474-->[androidx.profileinstaller:profileinstaller:1.4.0] C:\Users\HAL─░S\.gradle\caches\8.14\transforms\425e2d269f5135c1c3621876384e8430\transformed\jetified-profileinstaller-1.4.0\AndroidManifest.xml:40:13-42:29
[        ] 475                <action android:name="androidx.profileinstaller.action.INSTALL_PROFILE" />
[        ] 475-->[androidx.profileinstaller:profileinstaller:1.4.0] C:\Users\HAL─░S\.gradle\caches\8.14\transforms\425e2d269f5135c1c3621876384e8430\transformed\jetified-profileinstaller-1.4.0\AndroidManifest.xml:41:17-91
[        ] 475-->[androidx.profileinstaller:profileinstaller:1.4.0] C:\Users\HAL─░S\.gradle\caches\8.14\transforms\425e2d269f5135c1c3621876384e8430\transformed\jetified-profileinstaller-1.4.0\AndroidManifest.xml:41:25-88
[        ] 476            </intent-filter>
[        ] 477            <intent-filter>
[        ] 477-->[androidx.profileinstaller:profileinstaller:1.4.0] C:\Users\HAL─░S\.gradle\caches\8.14\transforms\425e2d269f5135c1c3621876384e8430\transformed\jetified-profileinstaller-1.4.0\AndroidManifest.xml:43:13-45:29
[        ] 478                <action android:name="androidx.profileinstaller.action.SKIP_FILE" />
[        ] 478-->[androidx.profileinstaller:profileinstaller:1.4.0] C:\Users\HAL─░S\.gradle\caches\8.14\transforms\425e2d269f5135c1c3621876384e8430\transformed\jetified-profileinstaller-1.4.0\AndroidManifest.xml:44:17-85
[        ] 478-->[androidx.profileinstaller:profileinstaller:1.4.0] C:\Users\HAL─░S\.gradle\caches\8.14\transforms\425e2d269f5135c1c3621876384e8430\transformed\jetified-profileinstaller-1.4.0\AndroidManifest.xml:44:25-82
[        ] 479            </intent-filter>
[        ] 480            <intent-filter>
[        ] 480-->[androidx.profileinstaller:profileinstaller:1.4.0] C:\Users\HAL─░S\.gradle\caches\8.14\transforms\425e2d269f5135c1c3621876384e8430\transformed\jetified-profileinstaller-1.4.0\AndroidManifest.xml:46:13-48:29
[        ] 481                <action android:name="androidx.profileinstaller.action.SAVE_PROFILE" />
[        ] 481-->[androidx.profileinstaller:profileinstaller:1.4.0] C:\Users\HAL─░S\.gradle\caches\8.14\transforms\425e2d269f5135c1c3621876384e8430\transformed\jetified-profileinstaller-1.4.0\AndroidManifest.xml:47:17-88
[        ] 481-->[androidx.profileinstaller:profileinstaller:1.4.0] C:\Users\HAL─░S\.gradle\caches\8.14\transforms\425e2d269f5135c1c3621876384e8430\transformed\jetified-profileinstaller-1.4.0\AndroidManifest.xml:47:25-85
[        ] 482            </intent-filter>
[        ] 483            <intent-filter>
[        ] 483-->[androidx.profileinstaller:profileinstaller:1.4.0] C:\Users\HAL─░S\.gradle\caches\8.14\transforms\425e2d269f5135c1c3621876384e8430\transformed\jetified-profileinstaller-1.4.0\AndroidManifest.xml:49:13-51:29
[        ] 484                <action android:name="androidx.profileinstaller.action.BENCHMARK_OPERATION" />
[        ] 484-->[androidx.profileinstaller:profileinstaller:1.4.0] C:\Users\HAL─░S\.gradle\caches\8.14\transforms\425e2d269f5135c1c3621876384e8430\transformed\jetified-profileinstaller-1.4.0\AndroidManifest.xml:50:17-95
[        ] 484-->[androidx.profileinstaller:profileinstaller:1.4.0] C:\Users\HAL─░S\.gradle\caches\8.14\transforms\425e2d269f5135c1c3621876384e8430\transformed\jetified-profileinstaller-1.4.0\AndroidManifest.xml:50:25-92
[        ] 485            </intent-filter>
[        ] 486        </receiver>
[        ] 487
[        ] 488        <service
[        ] 488-->[com.google.android.datatransport:transport-backend-cct:3.1.9] C:\Users\HAL─░S\.gradle\caches\8.14\transforms\e1f52fadf623a015e646455b0bbec3f7\transformed\jetified-transport-backend-cct-3.1.9\AndroidManifest.xml:28:9-34:19
[        ] 489            android:name="com.google.android.datatransport.runtime.backends.TransportBackendDiscovery"
[        ] 489-->[com.google.android.datatransport:transport-backend-cct:3.1.9] C:\Users\HAL─░S\.gradle\caches\8.14\transforms\e1f52fadf623a015e646455b0bbec3f7\transformed\jetified-transport-backend-cct-3.1.9\AndroidManifest.xml:29:13-103
[        ] 490            android:exported="false" >
[        ] 490-->[com.google.android.datatransport:transport-backend-cct:3.1.9] C:\Users\HAL─░S\.gradle\caches\8.14\transforms\e1f52fadf623a015e646455b0bbec3f7\transformed\jetified-transport-backend-cct-3.1.9\AndroidManifest.xml:30:13-37
[        ] 491            <meta-data
[        ] 491-->[com.google.android.datatransport:transport-backend-cct:3.1.9] C:\Users\HAL─░S\.gradle\caches\8.14\transforms\e1f52fadf623a015e646455b0bbec3f7\transformed\jetified-transport-backend-cct-3.1.9\AndroidManifest.xml:31:13-33:39
[        ] 492                android:name="backend:com.google.android.datatransport.cct.CctBackendFactory"
[        ] 492-->[com.google.android.datatransport:transport-backend-cct:3.1.9] C:\Users\HAL─░S\.gradle\caches\8.14\transforms\e1f52fadf623a015e646455b0bbec3f7\transformed\jetified-transport-backend-cct-3.1.9\AndroidManifest.xml:32:17-94
[        ] 493                android:value="cct" />
[        ] 493-->[com.google.android.datatransport:transport-backend-cct:3.1.9] C:\Users\HAL─░S\.gradle\caches\8.14\transforms\e1f52fadf623a015e646455b0bbec3f7\transformed\jetified-transport-backend-cct-3.1.9\AndroidManifest.xml:33:17-36
[        ] 494        </service>
[        ] 495        <service
[        ] 495-->[com.google.android.datatransport:transport-runtime:3.1.9] C:\Users\HAL─░S\.gradle\caches\8.14\transforms\7cdab3cf557167752a250bfecb67e16e\transformed\jetified-transport-runtime-3.1.9\AndroidManifest.xml:26:9-30:19
[        ] 496            android:name="com.google.android.datatransport.runtime.scheduling.jobscheduling.JobInfoSchedulerService"
[        ] 496-->[com.google.android.datatransport:transport-runtime:3.1.9] C:\Users\HAL─░S\.gradle\caches\8.14\transforms\7cdab3cf557167752a250bfecb67e16e\transformed\jetified-transport-runtime-3.1.9\AndroidManifest.xml:27:13-117
[        ] 497            android:exported="false"
[        ] 497-->[com.google.android.datatransport:transport-runtime:3.1.9] C:\Users\HAL─░S\.gradle\caches\8.14\transforms\7cdab3cf557167752a250bfecb67e16e\transformed\jetified-transport-runtime-3.1.9\AndroidManifest.xml:28:13-37
[        ] 498            android:permission="android.permission.BIND_JOB_SERVICE" >
[        ] 498-->[com.google.android.datatransport:transport-runtime:3.1.9] C:\Users\HAL─░S\.gradle\caches\8.14\transforms\7cdab3cf557167752a250bfecb67e16e\transformed\jetified-transport-runtime-3.1.9\AndroidManifest.xml:29:13-69
[        ] 499        </service>
[        ] 500
[        ] 501        <receiver
[        ] 501-->[com.google.android.datatransport:transport-runtime:3.1.9] C:\Users\HAL─░S\.gradle\caches\8.14\transforms\7cdab3cf557167752a250bfecb67e16e\transformed\jetified-transport-runtime-3.1.9\AndroidManifest.xml:32:9-34:40
[        ] 502            android:name="com.google.android.datatransport.runtime.scheduling.jobscheduling.AlarmManagerSchedulerBroadcastReceiver"
[        ] 502-->[com.google.android.datatransport:transport-runtime:3.1.9] C:\Users\HAL─░S\.gradle\caches\8.14\transforms\7cdab3cf557167752a250bfecb67e16e\transformed\jetified-transport-runtime-3.1.9\AndroidManifest.xml:33:13-132
[        ] 503            android:exported="false" /> <!-- The activities will be merged into the manifest of the hosting app. -->
[        ] 503-->[com.google.android.datatransport:transport-runtime:3.1.9] C:\Users\HAL─░S\.gradle\caches\8.14\transforms\7cdab3cf557167752a250bfecb67e16e\transformed\jetified-transport-runtime-3.1.9\AndroidManifest.xml:34:13-37
[        ] 504        <activity
[        ] 504-->[com.google.android.play:core-common:2.0.3] C:\Users\HAL─░S\.gradle\caches\8.14\transforms\b9605bb5a8daf94a55f97eea5ad56425\transformed\jetified-core-common-2.0.3\AndroidManifest.xml:14:9-18:65
[        ] 505            android:name="com.google.android.play.core.common.PlayCoreDialogWrapperActivity"
[        ] 505-->[com.google.android.play:core-common:2.0.3] C:\Users\HAL─░S\.gradle\caches\8.14\transforms\b9605bb5a8daf94a55f97eea5ad56425\transformed\jetified-core-common-2.0.3\AndroidManifest.xml:15:13-93
[        ] 506            android:exported="false"
[        ] 506-->[com.google.android.play:core-common:2.0.3] C:\Users\HAL─░S\.gradle\caches\8.14\transforms\b9605bb5a8daf94a55f97eea5ad56425\transformed\jetified-core-common-2.0.3\AndroidManifest.xml:16:13-37
[        ] 507            android:stateNotNeeded="true"
[        ] 507-->[com.google.android.play:core-common:2.0.3] C:\Users\HAL─░S\.gradle\caches\8.14\transforms\b9605bb5a8daf94a55f97eea5ad56425\transformed\jetified-core-common-2.0.3\AndroidManifest.xml:17:13-42
[        ] 508            android:theme="@style/Theme.PlayCore.Transparent" />
[        ] 508-->[com.google.android.play:core-common:2.0.3] C:\Users\HAL─░S\.gradle\caches\8.14\transforms\b9605bb5a8daf94a55f97eea5ad56425\transformed\jetified-core-common-2.0.3\AndroidManifest.xml:18:13-62
[        ] 509    </application>
[        ] 510
[        ] 511</manifest>
[        ] Merged manifest saved to C:\eventful_app\build\app\intermediates\merged_manifest\debug\processDebugMainManifest\AndroidManifest.xml
[        ] Resolve mutations for :app:outputDebugAppLinkSettings (Thread[#14567,Execution worker Thread 8,5,main]) started.
[        ] :app:outputDebugAppLinkSettings (Thread[#14567,Execution worker Thread 8,5,main]) started.
[        ] > Task :app:outputDebugAppLinkSettings
[        ] Caching disabled for task ':app:outputDebugAppLinkSettings' because:
[        ]   Build cache is disabled
[        ]   Caching has not been enabled for the task
[        ] Task ':app:outputDebugAppLinkSettings' is not up-to-date because:
[        ]   Input property 'manifestFile' file C:\eventful_app\build\app\intermediates\merged_manifest\debug\processDebugMainManifest\AndroidManifest.xml has changed.
[        ] Resolve mutations for :app:processDebugManifest (Thread[#14567,Execution worker Thread 8,5,main]) started.
[        ] :app:processDebugManifest (Thread[#14567,Execution worker Thread 8,5,main]) started.
[  +68 ms] > Task :app:processDebugManifest
[        ] Caching disabled for task ':app:processDebugManifest' because:
[        ]   Build cache is disabled
[        ] Task ':app:processDebugManifest' is not up-to-date because:
[        ]   Input property 'mainMergedManifest' file C:\eventful_app\build\app\intermediates\merged_manifest\debug\outputDebugAppLinkSettings\AndroidManifest.xml has changed.
[        ] Resolve mutations for :app:processDebugManifestForPackage (Thread[#14567,Execution worker Thread 8,5,main]) started.
[        ] :app:processDebugManifestForPackage (Thread[#14567,Execution worker Thread 8,5,main]) started.
[        ] Resolve mutations for :cloud_firestore:compileDebugLibraryResources (Thread[#14573,Execution worker Thread 14,5,main]) started.
[        ] :cloud_firestore:compileDebugLibraryResources (Thread[#14573,Execution worker Thread 14,5,main]) started.
[        ] > Task :cloud_firestore:compileDebugLibraryResources UP-TO-DATE
[        ] Caching disabled for task ':cloud_firestore:compileDebugLibraryResources' because:
[        ]   Build cache is disabled
[        ] Skipping task ':cloud_firestore:compileDebugLibraryResources' as it is up-to-date.
[        ] work action resolve out (project :cloud_firestore) (Thread[#14573,Execution worker Thread 14,5,main]) started.
[        ] Resolve mutations for :cloud_firestore:parseDebugLocalResources (Thread[#14573,Execution worker Thread 14,5,main]) started.
[        ] :cloud_firestore:parseDebugLocalResources (Thread[#14573,Execution worker Thread 14,5,main]) started.
[        ] > Task :cloud_firestore:parseDebugLocalResources UP-TO-DATE
[        ] Caching disabled for task ':cloud_firestore:parseDebugLocalResources' because:
[        ]   Build cache is disabled
[        ] Skipping task ':cloud_firestore:parseDebugLocalResources' as it is up-to-date.
[        ] Resolve mutations for :cloud_firestore:generateDebugRFile (Thread[#14573,Execution worker Thread 14,5,main]) started.
[        ] :cloud_firestore:generateDebugRFile (Thread[#14573,Execution worker Thread 14,5,main]) started.
[        ] > Task :cloud_firestore:generateDebugRFile UP-TO-DATE
[        ] Caching disabled for task ':cloud_firestore:generateDebugRFile' because:
[        ]   Build cache is disabled
[        ] Skipping task ':cloud_firestore:generateDebugRFile' as it is up-to-date.
[        ] work action resolve package-aware-r.txt (project :cloud_firestore) (Thread[#14573,Execution worker Thread 14,5,main]) started.
[        ] Resolve mutations for :device_info_plus:compileDebugLibraryResources (Thread[#14573,Execution worker Thread 14,5,main]) started.
[        ] :device_info_plus:compileDebugLibraryResources (Thread[#14573,Execution worker Thread 14,5,main]) started.
[        ] > Task :device_info_plus:compileDebugLibraryResources UP-TO-DATE
[        ] Caching disabled for task ':device_info_plus:compileDebugLibraryResources' because:
[        ]   Build cache is disabled
[        ] Skipping task ':device_info_plus:compileDebugLibraryResources' as it is up-to-date.
[        ] work action resolve out (project :device_info_plus) (Thread[#14573,Execution worker Thread 14,5,main]) started.
[        ] Resolve mutations for :device_info_plus:parseDebugLocalResources (Thread[#14573,Execution worker Thread 14,5,main]) started.
[        ] :device_info_plus:parseDebugLocalResources (Thread[#14573,Execution worker Thread 14,5,main]) started.
[        ] > Task :device_info_plus:parseDebugLocalResources UP-TO-DATE
[        ] Caching disabled for task ':device_info_plus:parseDebugLocalResources' because:
[        ]   Build cache is disabled
[        ] Skipping task ':device_info_plus:parseDebugLocalResources' as it is up-to-date.
[        ] Resolve mutations for :device_info_plus:generateDebugRFile (Thread[#14573,Execution worker Thread 14,5,main]) started.
[        ] :device_info_plus:generateDebugRFile (Thread[#14571,Execution worker Thread 12,5,main]) started.
[        ] > Task :device_info_plus:generateDebugRFile UP-TO-DATE
[        ] Caching disabled for task ':device_info_plus:generateDebugRFile' because:
[        ]   Build cache is disabled
[        ] Skipping task ':device_info_plus:generateDebugRFile' as it is up-to-date.
[        ] work action resolve package-aware-r.txt (project :device_info_plus) (Thread[#14571,Execution worker Thread 12,5,main]) started.
[        ] Resolve mutations for :firebase_app_check:compileDebugLibraryResources (Thread[#14571,Execution worker Thread 12,5,main]) started.
[        ] :firebase_app_check:compileDebugLibraryResources (Thread[#14571,Execution worker Thread 12,5,main]) started.
[        ] > Task :firebase_app_check:compileDebugLibraryResources UP-TO-DATE
[        ] Caching disabled for task ':firebase_app_check:compileDebugLibraryResources' because:
[        ]   Build cache is disabled
[        ] Skipping task ':firebase_app_check:compileDebugLibraryResources' as it is up-to-date.
[        ] work action resolve out (project :firebase_app_check) (Thread[#14571,Execution worker Thread 12,5,main]) started.
[        ] Resolve mutations for :firebase_app_check:parseDebugLocalResources (Thread[#14571,Execution worker Thread 12,5,main]) started.
[        ] :firebase_app_check:parseDebugLocalResources (Thread[#14571,Execution worker Thread 12,5,main]) started.
[        ] > Task :firebase_app_check:parseDebugLocalResources UP-TO-DATE
[        ] Caching disabled for task ':firebase_app_check:parseDebugLocalResources' because:
[        ]   Build cache is disabled
[        ] Skipping task ':firebase_app_check:parseDebugLocalResources' as it is up-to-date.
[        ] Resolve mutations for :firebase_app_check:generateDebugRFile (Thread[#14571,Execution worker Thread 12,5,main]) started.
[        ] :firebase_app_check:generateDebugRFile (Thread[#14571,Execution worker Thread 12,5,main]) started.
[        ] > Task :firebase_app_check:generateDebugRFile UP-TO-DATE
[        ] Caching disabled for task ':firebase_app_check:generateDebugRFile' because:
[        ]   Build cache is disabled
[        ] Skipping task ':firebase_app_check:generateDebugRFile' as it is up-to-date.
[        ] work action resolve package-aware-r.txt (project :firebase_app_check) (Thread[#14571,Execution worker Thread 12,5,main]) started.
[        ] Resolve mutations for :firebase_auth:compileDebugLibraryResources (Thread[#14571,Execution worker Thread 12,5,main]) started.
[        ] :firebase_auth:compileDebugLibraryResources (Thread[#14571,Execution worker Thread 12,5,main]) started.
[        ] > Task :firebase_auth:compileDebugLibraryResources UP-TO-DATE
[        ] Caching disabled for task ':firebase_auth:compileDebugLibraryResources' because:
[        ]   Build cache is disabled
[        ] Skipping task ':firebase_auth:compileDebugLibraryResources' as it is up-to-date.
[        ] work action resolve out (project :firebase_auth) (Thread[#14571,Execution worker Thread 12,5,main]) started.
[        ] Resolve mutations for :firebase_auth:parseDebugLocalResources (Thread[#14571,Execution worker Thread 12,5,main]) started.
[        ] :firebase_auth:parseDebugLocalResources (Thread[#14571,Execution worker Thread 12,5,main]) started.
[        ] > Task :firebase_auth:parseDebugLocalResources UP-TO-DATE
[        ] Caching disabled for task ':firebase_auth:parseDebugLocalResources' because:
[        ]   Build cache is disabled
[        ] Skipping task ':firebase_auth:parseDebugLocalResources' as it is up-to-date.
[        ] Resolve mutations for :firebase_auth:generateDebugRFile (Thread[#14571,Execution worker Thread 12,5,main]) started.
[        ] :firebase_auth:generateDebugRFile (Thread[#14571,Execution worker Thread 12,5,main]) started.
[        ] > Task :firebase_auth:generateDebugRFile UP-TO-DATE
[        ] Caching disabled for task ':firebase_auth:generateDebugRFile' because:
[        ]   Build cache is disabled
[        ] Skipping task ':firebase_auth:generateDebugRFile' as it is up-to-date.
[        ] work action resolve package-aware-r.txt (project :firebase_auth) (Thread[#14571,Execution worker Thread 12,5,main]) started.
[        ] Resolve mutations for :firebase_core:compileDebugLibraryResources (Thread[#14571,Execution worker Thread 12,5,main]) started.
[        ] :firebase_core:compileDebugLibraryResources (Thread[#14571,Execution worker Thread 12,5,main]) started.
[        ] > Task :firebase_core:compileDebugLibraryResources UP-TO-DATE
[        ] Caching disabled for task ':firebase_core:compileDebugLibraryResources' because:
[        ]   Build cache is disabled
[        ] Skipping task ':firebase_core:compileDebugLibraryResources' as it is up-to-date.
[        ] work action resolve out (project :firebase_core) (Thread[#14571,Execution worker Thread 12,5,main]) started.
[        ] Resolve mutations for :firebase_core:parseDebugLocalResources (Thread[#14571,Execution worker Thread 12,5,main]) started.
[        ] :firebase_core:parseDebugLocalResources (Thread[#14571,Execution worker Thread 12,5,main]) started.
[        ] > Task :firebase_core:parseDebugLocalResources UP-TO-DATE
[        ] Caching disabled for task ':firebase_core:parseDebugLocalResources' because:
[        ]   Build cache is disabled
[        ] Skipping task ':firebase_core:parseDebugLocalResources' as it is up-to-date.
[        ] Resolve mutations for :firebase_core:generateDebugRFile (Thread[#14571,Execution worker Thread 12,5,main]) started.
[        ] :firebase_core:generateDebugRFile (Thread[#14571,Execution worker Thread 12,5,main]) started.
[        ] > Task :firebase_core:generateDebugRFile UP-TO-DATE
[        ] Caching disabled for task ':firebase_core:generateDebugRFile' because:
[        ]   Build cache is disabled
[        ] Skipping task ':firebase_core:generateDebugRFile' as it is up-to-date.
[        ] work action resolve package-aware-r.txt (project :firebase_core) (Thread[#14571,Execution worker Thread 12,5,main]) started.
[        ] Resolve mutations for :firebase_messaging:compileDebugLibraryResources (Thread[#14571,Execution worker Thread 12,5,main]) started.
[        ] :firebase_messaging:compileDebugLibraryResources (Thread[#14569,Execution worker Thread 10,5,main]) started.
[        ] > Task :firebase_messaging:compileDebugLibraryResources UP-TO-DATE
[        ] Caching disabled for task ':firebase_messaging:compileDebugLibraryResources' because:
[        ]   Build cache is disabled
[        ] Skipping task ':firebase_messaging:compileDebugLibraryResources' as it is up-to-date.
[        ] work action resolve out (project :firebase_messaging) (Thread[#14569,Execution worker Thread 10,5,main]) started.
[        ] Resolve mutations for :firebase_messaging:parseDebugLocalResources (Thread[#14569,Execution worker Thread 10,5,main]) started.
[        ] :firebase_messaging:parseDebugLocalResources (Thread[#14569,Execution worker Thread 10,5,main]) started.
[        ] > Task :firebase_messaging:parseDebugLocalResources UP-TO-DATE
[        ] Caching disabled for task ':firebase_messaging:parseDebugLocalResources' because:
[        ]   Build cache is disabled
[        ] Skipping task ':firebase_messaging:parseDebugLocalResources' as it is up-to-date.
[        ] Resolve mutations for :firebase_messaging:generateDebugRFile (Thread[#14569,Execution worker Thread 10,5,main]) started.
[        ] :firebase_messaging:generateDebugRFile (Thread[#14569,Execution worker Thread 10,5,main]) started.
[        ] > Task :firebase_messaging:generateDebugRFile UP-TO-DATE
[        ] Caching disabled for task ':firebase_messaging:generateDebugRFile' because:
[        ]   Build cache is disabled
[        ] Skipping task ':firebase_messaging:generateDebugRFile' as it is up-to-date.
[        ] work action resolve package-aware-r.txt (project :firebase_messaging) (Thread[#14569,Execution worker Thread 10,5,main]) started.
[        ] Resolve mutations for :firebase_storage:compileDebugLibraryResources (Thread[#14569,Execution worker Thread 10,5,main]) started.
[        ] :firebase_storage:compileDebugLibraryResources (Thread[#14569,Execution worker Thread 10,5,main]) started.
[        ] > Task :firebase_storage:compileDebugLibraryResources UP-TO-DATE
[        ] Caching disabled for task ':firebase_storage:compileDebugLibraryResources' because:
[        ]   Build cache is disabled
[        ] Skipping task ':firebase_storage:compileDebugLibraryResources' as it is up-to-date.
[        ] work action resolve out (project :firebase_storage) (Thread[#14569,Execution worker Thread 10,5,main]) started.
[        ] Resolve mutations for :firebase_storage:parseDebugLocalResources (Thread[#14569,Execution worker Thread 10,5,main]) started.
[        ] :firebase_storage:parseDebugLocalResources (Thread[#14569,Execution worker Thread 10,5,main]) started.
[        ] > Task :firebase_storage:parseDebugLocalResources UP-TO-DATE
[        ] Caching disabled for task ':firebase_storage:parseDebugLocalResources' because:
[        ]   Build cache is disabled
[        ] Skipping task ':firebase_storage:parseDebugLocalResources' as it is up-to-date.
[        ] Resolve mutations for :firebase_storage:generateDebugRFile (Thread[#14569,Execution worker Thread 10,5,main]) started.
[        ] :firebase_storage:generateDebugRFile (Thread[#14569,Execution worker Thread 10,5,main]) started.
[        ] > Task :firebase_storage:generateDebugRFile UP-TO-DATE
[        ] Caching disabled for task ':firebase_storage:generateDebugRFile' because:
[        ]   Build cache is disabled
[        ] Skipping task ':firebase_storage:generateDebugRFile' as it is up-to-date.
[        ] work action resolve package-aware-r.txt (project :firebase_storage) (Thread[#14569,Execution worker Thread 10,5,main]) started.
[        ] Resolve mutations for :flutter_local_notifications:compileDebugLibraryResources (Thread[#14569,Execution worker Thread 10,5,main]) started.
[        ] :flutter_local_notifications:compileDebugLibraryResources (Thread[#14569,Execution worker Thread 10,5,main]) started.
[        ] > Task :flutter_local_notifications:compileDebugLibraryResources UP-TO-DATE
[        ] Caching disabled for task ':flutter_local_notifications:compileDebugLibraryResources' because:
[        ]   Build cache is disabled
[        ] Skipping task ':flutter_local_notifications:compileDebugLibraryResources' as it is up-to-date.
[        ] work action resolve out (project :flutter_local_notifications) (Thread[#14569,Execution worker Thread 10,5,main]) started.
[        ] Resolve mutations for :flutter_local_notifications:parseDebugLocalResources (Thread[#14569,Execution worker Thread 10,5,main]) started.
[        ] :flutter_local_notifications:parseDebugLocalResources (Thread[#14569,Execution worker Thread 10,5,main]) started.
[        ] > Task :flutter_local_notifications:parseDebugLocalResources UP-TO-DATE
[        ] Caching disabled for task ':flutter_local_notifications:parseDebugLocalResources' because:
[        ]   Build cache is disabled
[        ] Skipping task ':flutter_local_notifications:parseDebugLocalResources' as it is up-to-date.
[        ] Resolve mutations for :flutter_local_notifications:generateDebugRFile (Thread[#14569,Execution worker Thread 10,5,main]) started.
[        ] :flutter_local_notifications:generateDebugRFile (Thread[#14569,Execution worker Thread 10,5,main]) started.
[        ] > Task :flutter_local_notifications:generateDebugRFile UP-TO-DATE
[        ] Caching disabled for task ':flutter_local_notifications:generateDebugRFile' because:
[        ]   Build cache is disabled
[        ] Skipping task ':flutter_local_notifications:generateDebugRFile' as it is up-to-date.
[        ] work action resolve package-aware-r.txt (project :flutter_local_notifications) (Thread[#14569,Execution worker Thread 10,5,main]) started.
[        ] Resolve mutations for :flutter_plugin_android_lifecycle:compileDebugLibraryResources (Thread[#14569,Execution worker Thread 10,5,main]) started.
[        ] :flutter_plugin_android_lifecycle:compileDebugLibraryResources (Thread[#14569,Execution worker Thread 10,5,main]) started.
[        ] > Task :flutter_plugin_android_lifecycle:compileDebugLibraryResources UP-TO-DATE
[        ] Caching disabled for task ':flutter_plugin_android_lifecycle:compileDebugLibraryResources' because:
[        ]   Build cache is disabled
[        ] Skipping task ':flutter_plugin_android_lifecycle:compileDebugLibraryResources' as it is up-to-date.
[        ] work action resolve out (project :flutter_plugin_android_lifecycle) (Thread[#14569,Execution worker Thread 10,5,main]) started.
[        ] Resolve mutations for :flutter_plugin_android_lifecycle:parseDebugLocalResources (Thread[#14569,Execution worker Thread 10,5,main]) started.
[        ] :flutter_plugin_android_lifecycle:parseDebugLocalResources (Thread[#14569,Execution worker Thread 10,5,main]) started.
[        ] > Task :flutter_plugin_android_lifecycle:parseDebugLocalResources UP-TO-DATE
[        ] Caching disabled for task ':flutter_plugin_android_lifecycle:parseDebugLocalResources' because:
[        ]   Build cache is disabled
[        ] Skipping task ':flutter_plugin_android_lifecycle:parseDebugLocalResources' as it is up-to-date.
[        ] Resolve mutations for :flutter_plugin_android_lifecycle:generateDebugRFile (Thread[#14569,Execution worker Thread 10,5,main]) started.
[        ] :flutter_plugin_android_lifecycle:generateDebugRFile (Thread[#14569,Execution worker Thread 10,5,main]) started.
[        ] > Task :flutter_plugin_android_lifecycle:generateDebugRFile UP-TO-DATE
[        ] Caching disabled for task ':flutter_plugin_android_lifecycle:generateDebugRFile' because:
[        ]   Build cache is disabled
[        ] Skipping task ':flutter_plugin_android_lifecycle:generateDebugRFile' as it is up-to-date.
[        ] work action resolve package-aware-r.txt (project :flutter_plugin_android_lifecycle) (Thread[#14569,Execution worker Thread 10,5,main]) started.
[        ] Resolve mutations for :geocoding_android:compileDebugLibraryResources (Thread[#14569,Execution worker Thread 10,5,main]) started.
[        ] :geocoding_android:compileDebugLibraryResources (Thread[#14569,Execution worker Thread 10,5,main]) started.
[        ] > Task :geocoding_android:compileDebugLibraryResources UP-TO-DATE
[        ] Caching disabled for task ':geocoding_android:compileDebugLibraryResources' because:
[        ]   Build cache is disabled
[        ] Skipping task ':geocoding_android:compileDebugLibraryResources' as it is up-to-date.
[        ] work action resolve out (project :geocoding_android) (Thread[#14569,Execution worker Thread 10,5,main]) started.
[        ] Resolve mutations for :geocoding_android:parseDebugLocalResources (Thread[#14569,Execution worker Thread 10,5,main]) started.
[        ] :geocoding_android:parseDebugLocalResources (Thread[#14569,Execution worker Thread 10,5,main]) started.
[        ] > Task :geocoding_android:parseDebugLocalResources UP-TO-DATE
[        ] Caching disabled for task ':geocoding_android:parseDebugLocalResources' because:
[        ]   Build cache is disabled
[        ] Skipping task ':geocoding_android:parseDebugLocalResources' as it is up-to-date.
[        ] Resolve mutations for :geocoding_android:generateDebugRFile (Thread[#14569,Execution worker Thread 10,5,main]) started.
[        ] :geocoding_android:generateDebugRFile (Thread[#14569,Execution worker Thread 10,5,main]) started.
[        ] > Task :geocoding_android:generateDebugRFile UP-TO-DATE
[        ] Caching disabled for task ':geocoding_android:generateDebugRFile' because:
[        ]   Build cache is disabled
[        ] Skipping task ':geocoding_android:generateDebugRFile' as it is up-to-date.
[        ] work action resolve package-aware-r.txt (project :geocoding_android) (Thread[#14569,Execution worker Thread 10,5,main]) started.
[        ] Resolve mutations for :geolocator_android:compileDebugLibraryResources (Thread[#14569,Execution worker Thread 10,5,main]) started.
[        ] :geolocator_android:compileDebugLibraryResources (Thread[#14569,Execution worker Thread 10,5,main]) started.
[        ] > Task :geolocator_android:compileDebugLibraryResources UP-TO-DATE
[        ] Caching disabled for task ':geolocator_android:compileDebugLibraryResources' because:
[        ]   Build cache is disabled
[        ] Skipping task ':geolocator_android:compileDebugLibraryResources' as it is up-to-date.
[        ] work action resolve out (project :geolocator_android) (Thread[#14569,Execution worker Thread 10,5,main]) started.
[        ] Resolve mutations for :geolocator_android:parseDebugLocalResources (Thread[#14569,Execution worker Thread 10,5,main]) started.
[        ] :geolocator_android:parseDebugLocalResources (Thread[#14569,Execution worker Thread 10,5,main]) started.
[        ] > Task :geolocator_android:parseDebugLocalResources UP-TO-DATE
[        ] Caching disabled for task ':geolocator_android:parseDebugLocalResources' because:
[        ]   Build cache is disabled
[        ] Skipping task ':geolocator_android:parseDebugLocalResources' as it is up-to-date.
[        ] Resolve mutations for :geolocator_android:generateDebugRFile (Thread[#14569,Execution worker Thread 10,5,main]) started.
[        ] :geolocator_android:generateDebugRFile (Thread[#14569,Execution worker Thread 10,5,main]) started.
[        ] > Task :geolocator_android:generateDebugRFile UP-TO-DATE
[        ] Caching disabled for task ':geolocator_android:generateDebugRFile' because:
[        ]   Build cache is disabled
[        ] Skipping task ':geolocator_android:generateDebugRFile' as it is up-to-date.
[        ] work action resolve package-aware-r.txt (project :geolocator_android) (Thread[#14569,Execution worker Thread 10,5,main]) started.
[        ] Resolve mutations for :google_maps_flutter_android:compileDebugLibraryResources (Thread[#14569,Execution worker Thread 10,5,main]) started.
[        ] :google_maps_flutter_android:compileDebugLibraryResources (Thread[#14569,Execution worker Thread 10,5,main]) started.
[        ] > Task :google_maps_flutter_android:compileDebugLibraryResources UP-TO-DATE
[        ] Caching disabled for task ':google_maps_flutter_android:compileDebugLibraryResources' because:
[        ]   Build cache is disabled
[        ] Skipping task ':google_maps_flutter_android:compileDebugLibraryResources' as it is up-to-date.
[        ] work action resolve out (project :google_maps_flutter_android) (Thread[#14569,Execution worker Thread 10,5,main]) started.
[        ] Resolve mutations for :google_maps_flutter_android:parseDebugLocalResources (Thread[#14569,Execution worker Thread 10,5,main]) started.
[        ] :google_maps_flutter_android:parseDebugLocalResources (Thread[#14569,Execution worker Thread 10,5,main]) started.
[        ] > Task :google_maps_flutter_android:parseDebugLocalResources UP-TO-DATE
[        ] Caching disabled for task ':google_maps_flutter_android:parseDebugLocalResources' because:
[        ]   Build cache is disabled
[        ] Skipping task ':google_maps_flutter_android:parseDebugLocalResources' as it is up-to-date.
[        ] Resolve mutations for :google_maps_flutter_android:generateDebugRFile (Thread[#14569,Execution worker Thread 10,5,main]) started.
[        ] :google_maps_flutter_android:generateDebugRFile (Thread[#14569,Execution worker Thread 10,5,main]) started.
[        ] > Task :google_maps_flutter_android:generateDebugRFile UP-TO-DATE
[        ] Caching disabled for task ':google_maps_flutter_android:generateDebugRFile' because:
[        ]   Build cache is disabled
[        ] Skipping task ':google_maps_flutter_android:generateDebugRFile' as it is up-to-date.
[        ] work action resolve package-aware-r.txt (project :google_maps_flutter_android) (Thread[#14569,Execution worker Thread 10,5,main]) started.
[        ] Resolve mutations for :image_picker_android:compileDebugLibraryResources (Thread[#14569,Execution worker Thread 10,5,main]) started.
[        ] :image_picker_android:compileDebugLibraryResources (Thread[#14569,Execution worker Thread 10,5,main]) started.
[        ] > Task :image_picker_android:compileDebugLibraryResources UP-TO-DATE
[        ] Caching disabled for task ':image_picker_android:compileDebugLibraryResources' because:
[        ]   Build cache is disabled
[        ] Skipping task ':image_picker_android:compileDebugLibraryResources' as it is up-to-date.
[        ] work action resolve out (project :image_picker_android) (Thread[#14569,Execution worker Thread 10,5,main]) started.
[        ] Resolve mutations for :image_picker_android:parseDebugLocalResources (Thread[#14569,Execution worker Thread 10,5,main]) started.
[        ] :image_picker_android:parseDebugLocalResources (Thread[#14569,Execution worker Thread 10,5,main]) started.
[        ] > Task :image_picker_android:parseDebugLocalResources UP-TO-DATE
[        ] Caching disabled for task ':image_picker_android:parseDebugLocalResources' because:
[        ]   Build cache is disabled
[        ] Skipping task ':image_picker_android:parseDebugLocalResources' as it is up-to-date.
[        ] Resolve mutations for :image_picker_android:generateDebugRFile (Thread[#14569,Execution worker Thread 10,5,main]) started.
[        ] :image_picker_android:generateDebugRFile (Thread[#14569,Execution worker Thread 10,5,main]) started.
[        ] > Task :image_picker_android:generateDebugRFile UP-TO-DATE
[        ] Caching disabled for task ':image_picker_android:generateDebugRFile' because:
[        ]   Build cache is disabled
[        ] Skipping task ':image_picker_android:generateDebugRFile' as it is up-to-date.
[        ] work action resolve package-aware-r.txt (project :image_picker_android) (Thread[#14569,Execution worker Thread 10,5,main]) started.
[        ] Resolve mutations for :jni:compileDebugLibraryResources (Thread[#14569,Execution worker Thread 10,5,main]) started.
[        ] :jni:compileDebugLibraryResources (Thread[#14569,Execution worker Thread 10,5,main]) started.
[        ] > Task :jni:compileDebugLibraryResources UP-TO-DATE
[        ] Caching disabled for task ':jni:compileDebugLibraryResources' because:
[        ]   Build cache is disabled
[        ] Skipping task ':jni:compileDebugLibraryResources' as it is up-to-date.
[        ] work action resolve out (project :jni) (Thread[#14569,Execution worker Thread 10,5,main]) started.
[        ] Resolve mutations for :jni:parseDebugLocalResources (Thread[#14569,Execution worker Thread 10,5,main]) started.
[        ] :jni:parseDebugLocalResources (Thread[#14569,Execution worker Thread 10,5,main]) started.
[        ] > Task :jni:parseDebugLocalResources UP-TO-DATE
[        ] Caching disabled for task ':jni:parseDebugLocalResources' because:
[        ]   Build cache is disabled
[        ] Skipping task ':jni:parseDebugLocalResources' as it is up-to-date.
[        ] Resolve mutations for :jni:generateDebugRFile (Thread[#14569,Execution worker Thread 10,5,main]) started.
[        ] :jni:generateDebugRFile (Thread[#14569,Execution worker Thread 10,5,main]) started.
[        ] > Task :jni:generateDebugRFile UP-TO-DATE
[        ] Caching disabled for task ':jni:generateDebugRFile' because:
[        ]   Build cache is disabled
[        ] Skipping task ':jni:generateDebugRFile' as it is up-to-date.
[        ] work action resolve package-aware-r.txt (project :jni) (Thread[#14569,Execution worker Thread 10,5,main]) started.
[        ] Resolve mutations for :jni_flutter:compileDebugLibraryResources (Thread[#14569,Execution worker Thread 10,5,main]) started.
[        ] :jni_flutter:compileDebugLibraryResources (Thread[#14569,Execution worker Thread 10,5,main]) started.
[        ] > Task :jni_flutter:compileDebugLibraryResources UP-TO-DATE
[        ] Caching disabled for task ':jni_flutter:compileDebugLibraryResources' because:
[        ]   Build cache is disabled
[        ] Skipping task ':jni_flutter:compileDebugLibraryResources' as it is up-to-date.
[        ] work action resolve out (project :jni_flutter) (Thread[#14569,Execution worker Thread 10,5,main]) started.
[        ] Resolve mutations for :jni_flutter:parseDebugLocalResources (Thread[#14569,Execution worker Thread 10,5,main]) started.
[        ] :jni_flutter:parseDebugLocalResources (Thread[#14569,Execution worker Thread 10,5,main]) started.
[        ] > Task :jni_flutter:parseDebugLocalResources UP-TO-DATE
[        ] Caching disabled for task ':jni_flutter:parseDebugLocalResources' because:
[        ]   Build cache is disabled
[        ] Skipping task ':jni_flutter:parseDebugLocalResources' as it is up-to-date.
[        ] Resolve mutations for :jni_flutter:generateDebugRFile (Thread[#14569,Execution worker Thread 10,5,main]) started.
[        ] :jni_flutter:generateDebugRFile (Thread[#14569,Execution worker Thread 10,5,main]) started.
[        ] > Task :jni_flutter:generateDebugRFile UP-TO-DATE
[        ] Caching disabled for task ':jni_flutter:generateDebugRFile' because:
[        ]   Build cache is disabled
[        ] Skipping task ':jni_flutter:generateDebugRFile' as it is up-to-date.
[        ] work action resolve package-aware-r.txt (project :jni_flutter) (Thread[#14569,Execution worker Thread 10,5,main]) started.
[        ] Resolve mutations for :package_info_plus:compileDebugLibraryResources (Thread[#14569,Execution worker Thread 10,5,main]) started.
[        ] :package_info_plus:compileDebugLibraryResources (Thread[#14565,Execution worker Thread 7,5,main]) started.
[        ] > Task :package_info_plus:compileDebugLibraryResources UP-TO-DATE
[        ] Caching disabled for task ':package_info_plus:compileDebugLibraryResources' because:
[        ]   Build cache is disabled
[        ] Skipping task ':package_info_plus:compileDebugLibraryResources' as it is up-to-date.
[        ] work action resolve out (project :package_info_plus) (Thread[#14565,Execution worker Thread 7,5,main]) started.
[        ] Resolve mutations for :package_info_plus:parseDebugLocalResources (Thread[#14565,Execution worker Thread 7,5,main]) started.
[        ] :package_info_plus:parseDebugLocalResources (Thread[#14565,Execution worker Thread 7,5,main]) started.
[        ] > Task :package_info_plus:parseDebugLocalResources UP-TO-DATE
[        ] Caching disabled for task ':package_info_plus:parseDebugLocalResources' because:
[        ]   Build cache is disabled
[        ] Skipping task ':package_info_plus:parseDebugLocalResources' as it is up-to-date.
[        ] Resolve mutations for :package_info_plus:generateDebugRFile (Thread[#14565,Execution worker Thread 7,5,main]) started.
[        ] :package_info_plus:generateDebugRFile (Thread[#14565,Execution worker Thread 7,5,main]) started.
[        ] > Task :package_info_plus:generateDebugRFile UP-TO-DATE
[        ] Caching disabled for task ':package_info_plus:generateDebugRFile' because:
[        ]   Build cache is disabled
[        ] Skipping task ':package_info_plus:generateDebugRFile' as it is up-to-date.
[        ] work action resolve package-aware-r.txt (project :package_info_plus) (Thread[#14565,Execution worker Thread 7,5,main]) started.
[        ] Resolve mutations for :share_plus:compileDebugLibraryResources (Thread[#14565,Execution worker Thread 7,5,main]) started.
[        ] :share_plus:compileDebugLibraryResources (Thread[#14565,Execution worker Thread 7,5,main]) started.
[        ] > Task :share_plus:compileDebugLibraryResources UP-TO-DATE
[        ] Caching disabled for task ':share_plus:compileDebugLibraryResources' because:
[        ]   Build cache is disabled
[        ] Skipping task ':share_plus:compileDebugLibraryResources' as it is up-to-date.
[        ] work action resolve out (project :share_plus) (Thread[#14565,Execution worker Thread 7,5,main]) started.
[        ] Resolve mutations for :share_plus:parseDebugLocalResources (Thread[#14565,Execution worker Thread 7,5,main]) started.
[        ] :share_plus:parseDebugLocalResources (Thread[#14565,Execution worker Thread 7,5,main]) started.
[        ] > Task :share_plus:parseDebugLocalResources UP-TO-DATE
[        ] Caching disabled for task ':share_plus:parseDebugLocalResources' because:
[        ]   Build cache is disabled
[        ] Skipping task ':share_plus:parseDebugLocalResources' as it is up-to-date.
[        ] Resolve mutations for :share_plus:generateDebugRFile (Thread[#14565,Execution worker Thread 7,5,main]) started.
[        ] :share_plus:generateDebugRFile (Thread[#14565,Execution worker Thread 7,5,main]) started.
[        ] > Task :share_plus:generateDebugRFile UP-TO-DATE
[        ] Caching disabled for task ':share_plus:generateDebugRFile' because:
[        ]   Build cache is disabled
[        ] Skipping task ':share_plus:generateDebugRFile' as it is up-to-date.
[        ] work action resolve package-aware-r.txt (project :share_plus) (Thread[#14565,Execution worker Thread 7,5,main]) started.
[        ] Resolve mutations for :shared_preferences_android:compileDebugLibraryResources (Thread[#14565,Execution worker Thread 7,5,main]) started.
[        ] :shared_preferences_android:compileDebugLibraryResources (Thread[#14565,Execution worker Thread 7,5,main]) started.
[        ] > Task :shared_preferences_android:compileDebugLibraryResources UP-TO-DATE
[        ] Caching disabled for task ':shared_preferences_android:compileDebugLibraryResources' because:
[        ]   Build cache is disabled
[        ] Skipping task ':shared_preferences_android:compileDebugLibraryResources' as it is up-to-date.
[        ] work action resolve out (project :shared_preferences_android) (Thread[#14565,Execution worker Thread 7,5,main]) started.
[        ] Resolve mutations for :shared_preferences_android:parseDebugLocalResources (Thread[#14565,Execution worker Thread 7,5,main]) started.
[        ] :shared_preferences_android:parseDebugLocalResources (Thread[#14565,Execution worker Thread 7,5,main]) started.
[        ] > Task :shared_preferences_android:parseDebugLocalResources UP-TO-DATE
[        ] Caching disabled for task ':shared_preferences_android:parseDebugLocalResources' because:
[        ]   Build cache is disabled
[        ] Skipping task ':shared_preferences_android:parseDebugLocalResources' as it is up-to-date.
[        ] Resolve mutations for :shared_preferences_android:generateDebugRFile (Thread[#14565,Execution worker Thread 7,5,main]) started.
[        ] :shared_preferences_android:generateDebugRFile (Thread[#14565,Execution worker Thread 7,5,main]) started.
[        ] > Task :shared_preferences_android:generateDebugRFile UP-TO-DATE
[        ] Caching disabled for task ':shared_preferences_android:generateDebugRFile' because:
[        ]   Build cache is disabled
[        ] Skipping task ':shared_preferences_android:generateDebugRFile' as it is up-to-date.
[        ] work action resolve package-aware-r.txt (project :shared_preferences_android) (Thread[#14565,Execution worker Thread 7,5,main]) started.
[        ] Resolve mutations for :sqflite_android:compileDebugLibraryResources (Thread[#14565,Execution worker Thread 7,5,main]) started.
[        ] :sqflite_android:compileDebugLibraryResources (Thread[#14565,Execution worker Thread 7,5,main]) started.
[        ] > Task :sqflite_android:compileDebugLibraryResources UP-TO-DATE
[        ] Caching disabled for task ':sqflite_android:compileDebugLibraryResources' because:
[        ]   Build cache is disabled
[        ] Skipping task ':sqflite_android:compileDebugLibraryResources' as it is up-to-date.
[        ] work action resolve out (project :sqflite_android) (Thread[#14565,Execution worker Thread 7,5,main]) started.
[        ] Resolve mutations for :sqflite_android:parseDebugLocalResources (Thread[#14565,Execution worker Thread 7,5,main]) started.
[        ] :sqflite_android:parseDebugLocalResources (Thread[#14565,Execution worker Thread 7,5,main]) started.
[        ] > Task :sqflite_android:parseDebugLocalResources UP-TO-DATE
[        ] Caching disabled for task ':sqflite_android:parseDebugLocalResources' because:
[        ]   Build cache is disabled
[        ] Skipping task ':sqflite_android:parseDebugLocalResources' as it is up-to-date.
[        ] Resolve mutations for :sqflite_android:generateDebugRFile (Thread[#14565,Execution worker Thread 7,5,main]) started.
[        ] :sqflite_android:generateDebugRFile (Thread[#14565,Execution worker Thread 7,5,main]) started.
[        ] > Task :sqflite_android:generateDebugRFile UP-TO-DATE
[        ] Caching disabled for task ':sqflite_android:generateDebugRFile' because:
[        ]   Build cache is disabled
[        ] Skipping task ':sqflite_android:generateDebugRFile' as it is up-to-date.
[        ] work action resolve package-aware-r.txt (project :sqflite_android) (Thread[#14565,Execution worker Thread 7,5,main]) started.
[        ] Resolve mutations for :url_launcher_android:compileDebugLibraryResources (Thread[#14565,Execution worker Thread 7,5,main]) started.
[        ] :url_launcher_android:compileDebugLibraryResources (Thread[#14565,Execution worker Thread 7,5,main]) started.
[        ] > Task :url_launcher_android:compileDebugLibraryResources UP-TO-DATE
[        ] Caching disabled for task ':url_launcher_android:compileDebugLibraryResources' because:
[        ]   Build cache is disabled
[        ] Skipping task ':url_launcher_android:compileDebugLibraryResources' as it is up-to-date.
[        ] work action resolve out (project :url_launcher_android) (Thread[#14565,Execution worker Thread 7,5,main]) started.
[        ] Resolve mutations for :url_launcher_android:parseDebugLocalResources (Thread[#14565,Execution worker Thread 7,5,main]) started.
[        ] :url_launcher_android:parseDebugLocalResources (Thread[#14565,Execution worker Thread 7,5,main]) started.
[        ] > Task :url_launcher_android:parseDebugLocalResources UP-TO-DATE
[        ] Caching disabled for task ':url_launcher_android:parseDebugLocalResources' because:
[        ]   Build cache is disabled
[        ] Skipping task ':url_launcher_android:parseDebugLocalResources' as it is up-to-date.
[        ] Resolve mutations for :url_launcher_android:generateDebugRFile (Thread[#14565,Execution worker Thread 7,5,main]) started.
[        ] :url_launcher_android:generateDebugRFile (Thread[#14565,Execution worker Thread 7,5,main]) started.
[        ] > Task :url_launcher_android:generateDebugRFile UP-TO-DATE
[        ] Caching disabled for task ':url_launcher_android:generateDebugRFile' because:
[        ]   Build cache is disabled
[        ] Skipping task ':url_launcher_android:generateDebugRFile' as it is up-to-date.
[        ] work action resolve package-aware-r.txt (project :url_launcher_android) (Thread[#14565,Execution worker Thread 7,5,main]) started.
[        ] Resolve mutations for :cloud_firestore:generateDebugBuildConfig (Thread[#14565,Execution worker Thread 7,5,main]) started.
[        ] :cloud_firestore:generateDebugBuildConfig (Thread[#14565,Execution worker Thread 7,5,main]) started.
[        ] > Task :cloud_firestore:generateDebugBuildConfig UP-TO-DATE
[        ] Caching disabled for task ':cloud_firestore:generateDebugBuildConfig' because:
[        ]   Build cache is disabled
[        ] Skipping task ':cloud_firestore:generateDebugBuildConfig' as it is up-to-date.
[        ] Resolve mutations for :cloud_firestore:javaPreCompileDebug (Thread[#14565,Execution worker Thread 7,5,main]) started.
[        ] :cloud_firestore:javaPreCompileDebug (Thread[#14565,Execution worker Thread 7,5,main]) started.
[        ] > Task :cloud_firestore:javaPreCompileDebug UP-TO-DATE
[        ] Caching disabled for task ':cloud_firestore:javaPreCompileDebug' because:
[        ]   Build cache is disabled
[        ] Skipping task ':cloud_firestore:javaPreCompileDebug' as it is up-to-date.
[        ] Resolve mutations for :firebase_core:generateDebugBuildConfig (Thread[#14565,Execution worker Thread 7,5,main]) started.
[        ] :firebase_core:generateDebugBuildConfig (Thread[#14565,Execution worker Thread 7,5,main]) started.
[        ] > Task :firebase_core:generateDebugBuildConfig UP-TO-DATE
[        ] Caching disabled for task ':firebase_core:generateDebugBuildConfig' because:
[        ]   Build cache is disabled
[        ] Skipping task ':firebase_core:generateDebugBuildConfig' as it is up-to-date.
[        ] Resolve mutations for :firebase_core:javaPreCompileDebug (Thread[#14565,Execution worker Thread 7,5,main]) started.
[        ] :firebase_core:javaPreCompileDebug (Thread[#14565,Execution worker Thread 7,5,main]) started.
[        ] > Task :firebase_core:javaPreCompileDebug UP-TO-DATE
[        ] Caching disabled for task ':firebase_core:javaPreCompileDebug' because:
[        ]   Build cache is disabled
[        ] Skipping task ':firebase_core:javaPreCompileDebug' as it is up-to-date.
[        ] Resolve mutations for :firebase_core:compileDebugJavaWithJavac (Thread[#14565,Execution worker Thread 7,5,main]) started.
[        ] :firebase_core:compileDebugJavaWithJavac (Thread[#14565,Execution worker Thread 7,5,main]) started.
[  +77 ms] > Task :firebase_core:compileDebugJavaWithJavac UP-TO-DATE
[        ] Custom actions are attached to task ':firebase_core:compileDebugJavaWithJavac'.
[        ] Caching disabled for task ':firebase_core:compileDebugJavaWithJavac' because:
[        ]   Build cache is disabled
[        ] Skipping task ':firebase_core:compileDebugJavaWithJavac' as it is up-to-date.
[        ] No compile result for :firebase_core:compileDebugJavaWithJavac
[        ] No compile result for :firebase_core:compileDebugJavaWithJavac
[        ] Resolve mutations for :firebase_core:bundleLibCompileToJarDebug (Thread[#14565,Execution worker Thread 7,5,main]) started.
[        ] :firebase_core:bundleLibCompileToJarDebug (Thread[#14558,included builds,5,main]) started.
[        ] > Task :firebase_core:bundleLibCompileToJarDebug UP-TO-DATE
[        ] Caching disabled for task ':firebase_core:bundleLibCompileToJarDebug' because:
[        ]   Build cache is disabled
[        ]   Simple merging task
[        ] Skipping task ':firebase_core:bundleLibCompileToJarDebug' as it is up-to-date.
[        ] work action resolve classes.jar (project :firebase_core) (Thread[#14558,included builds,5,main]) started.
[        ] Resolve mutations for :cloud_firestore:compileDebugJavaWithJavac (Thread[#14558,included builds,5,main]) started.
[        ] :cloud_firestore:compileDebugJavaWithJavac (Thread[#14558,included builds,5,main]) started.
[        ] > Task :cloud_firestore:compileDebugJavaWithJavac UP-TO-DATE
[        ] Custom actions are attached to task ':cloud_firestore:compileDebugJavaWithJavac'.
[        ] Caching disabled for task ':cloud_firestore:compileDebugJavaWithJavac' because:
[        ]   Build cache is disabled
[        ] Skipping task ':cloud_firestore:compileDebugJavaWithJavac' as it is up-to-date.
[        ] No compile result for :cloud_firestore:compileDebugJavaWithJavac
[        ] No compile result for :cloud_firestore:compileDebugJavaWithJavac
[        ] Resolve mutations for :cloud_firestore:bundleLibCompileToJarDebug (Thread[#14558,included builds,5,main]) started.
[        ] :cloud_firestore:bundleLibCompileToJarDebug (Thread[#14558,included builds,5,main]) started.
[        ] > Task :cloud_firestore:bundleLibCompileToJarDebug UP-TO-DATE
[        ] Caching disabled for task ':cloud_firestore:bundleLibCompileToJarDebug' because:
[        ]   Build cache is disabled
[        ]   Simple merging task
[        ] Skipping task ':cloud_firestore:bundleLibCompileToJarDebug' as it is up-to-date.
[        ] work action resolve classes.jar (project :cloud_firestore) (Thread[#14558,included builds,5,main]) started.
[        ] Resolve mutations for :device_info_plus:checkKotlinGradlePluginConfigurationErrors (Thread[#14558,included builds,5,main]) started.
[        ] :device_info_plus:checkKotlinGradlePluginConfigurationErrors (Thread[#14558,included builds,5,main]) started.
[        ] > Task :device_info_plus:checkKotlinGradlePluginConfigurationErrors SKIPPED
[        ] Skipping task ':device_info_plus:checkKotlinGradlePluginConfigurationErrors' as task onlyIf 'errorDiagnostics are present' is false.
[        ] Resolve mutations for :device_info_plus:compileDebugKotlin (Thread[#14558,included builds,5,main]) started.
[        ] :device_info_plus:compileDebugKotlin (Thread[#14558,included builds,5,main]) started.
[  +93 ms] > Task :device_info_plus:compileDebugKotlin UP-TO-DATE
[        ] Adding -Xuse-inline-scopes-numbers Kotlin compiler flag for task :device_info_plus:compileDebugAndroidTestKotlin
[        ] Caching disabled for task ':device_info_plus:compileDebugKotlin' because:
[        ]   Build cache is disabled
[        ] Skipping task ':device_info_plus:compileDebugKotlin' as it is up-to-date.
[        ] Resolve mutations for :device_info_plus:javaPreCompileDebug (Thread[#14558,included builds,5,main]) started.
[        ] :device_info_plus:javaPreCompileDebug (Thread[#14558,included builds,5,main]) started.
[        ] > Task :device_info_plus:javaPreCompileDebug UP-TO-DATE
[        ] Caching disabled for task ':device_info_plus:javaPreCompileDebug' because:
[        ]   Build cache is disabled
[        ] Skipping task ':device_info_plus:javaPreCompileDebug' as it is up-to-date.
[        ] Resolve mutations for :device_info_plus:compileDebugJavaWithJavac (Thread[#14558,included builds,5,main]) started.
[        ] :device_info_plus:compileDebugJavaWithJavac (Thread[#14558,included builds,5,main]) started.
[        ] > Task :device_info_plus:compileDebugJavaWithJavac NO-SOURCE
[        ] Skipping task ':device_info_plus:compileDebugJavaWithJavac' as it has no source files and no previous output files.
[        ] Resolve mutations for :device_info_plus:bundleLibCompileToJarDebug (Thread[#14558,included builds,5,main]) started.
[        ] :device_info_plus:bundleLibCompileToJarDebug (Thread[#14558,included builds,5,main]) started.
[        ] > Task :device_info_plus:bundleLibCompileToJarDebug UP-TO-DATE
[        ] Caching disabled for task ':device_info_plus:bundleLibCompileToJarDebug' because:
[        ]   Build cache is disabled
[        ]   Simple merging task
[        ] Skipping task ':device_info_plus:bundleLibCompileToJarDebug' as it is up-to-date.
[        ] work action resolve classes.jar (project :device_info_plus) (Thread[#14558,included builds,5,main]) started.
[        ] Resolve mutations for :firebase_app_check:generateDebugBuildConfig (Thread[#14558,included builds,5,main]) started.
[        ] :firebase_app_check:generateDebugBuildConfig (Thread[#14558,included builds,5,main]) started.
[        ] > Task :firebase_app_check:generateDebugBuildConfig UP-TO-DATE
[        ] Caching disabled for task ':firebase_app_check:generateDebugBuildConfig' because:
[        ]   Build cache is disabled
[        ] Skipping task ':firebase_app_check:generateDebugBuildConfig' as it is up-to-date.
[        ] Resolve mutations for :firebase_app_check:javaPreCompileDebug (Thread[#14558,included builds,5,main]) started.
[        ] :firebase_app_check:javaPreCompileDebug (Thread[#14571,Execution worker Thread 12,5,main]) started.
[        ] > Task :firebase_app_check:javaPreCompileDebug UP-TO-DATE
[        ] Caching disabled for task ':firebase_app_check:javaPreCompileDebug' because:
[        ]   Build cache is disabled
[        ] Skipping task ':firebase_app_check:javaPreCompileDebug' as it is up-to-date.
[        ] Resolve mutations for :firebase_app_check:compileDebugJavaWithJavac (Thread[#14571,Execution worker Thread 12,5,main]) started.
[        ] :firebase_app_check:compileDebugJavaWithJavac (Thread[#14571,Execution worker Thread 12,5,main]) started.
[        ] > Task :firebase_app_check:compileDebugJavaWithJavac UP-TO-DATE
[        ] Custom actions are attached to task ':firebase_app_check:compileDebugJavaWithJavac'.
[        ] Caching disabled for task ':firebase_app_check:compileDebugJavaWithJavac' because:
[        ]   Build cache is disabled
[        ] Skipping task ':firebase_app_check:compileDebugJavaWithJavac' as it is up-to-date.
[        ] No compile result for :firebase_app_check:compileDebugJavaWithJavac
[        ] No compile result for :firebase_app_check:compileDebugJavaWithJavac
[        ] Resolve mutations for :firebase_app_check:bundleLibCompileToJarDebug (Thread[#14571,Execution worker Thread 12,5,main]) started.
[        ] :firebase_app_check:bundleLibCompileToJarDebug (Thread[#14571,Execution worker Thread 12,5,main]) started.
[        ] > Task :firebase_app_check:bundleLibCompileToJarDebug UP-TO-DATE
[        ] Caching disabled for task ':firebase_app_check:bundleLibCompileToJarDebug' because:
[        ]   Build cache is disabled
[        ]   Simple merging task
[        ] Skipping task ':firebase_app_check:bundleLibCompileToJarDebug' as it is up-to-date.
[        ] work action resolve classes.jar (project :firebase_app_check) (Thread[#14571,Execution worker Thread 12,5,main]) started.
[        ] Resolve mutations for :firebase_auth:generateDebugBuildConfig (Thread[#14571,Execution worker Thread 12,5,main]) started.
[        ] :firebase_auth:generateDebugBuildConfig (Thread[#14571,Execution worker Thread 12,5,main]) started.
[        ] > Task :firebase_auth:generateDebugBuildConfig UP-TO-DATE
[        ] Caching disabled for task ':firebase_auth:generateDebugBuildConfig' because:
[        ]   Build cache is disabled
[        ] Skipping task ':firebase_auth:generateDebugBuildConfig' as it is up-to-date.
[        ] Resolve mutations for :firebase_auth:javaPreCompileDebug (Thread[#14571,Execution worker Thread 12,5,main]) started.
[        ] :firebase_auth:javaPreCompileDebug (Thread[#14571,Execution worker Thread 12,5,main]) started.
[        ] > Task :firebase_auth:javaPreCompileDebug UP-TO-DATE
[        ] Caching disabled for task ':firebase_auth:javaPreCompileDebug' because:
[        ]   Build cache is disabled
[        ] Skipping task ':firebase_auth:javaPreCompileDebug' as it is up-to-date.
[        ] Resolve mutations for :firebase_auth:compileDebugJavaWithJavac (Thread[#14571,Execution worker Thread 12,5,main]) started.
[        ] :firebase_auth:compileDebugJavaWithJavac (Thread[#14571,Execution worker Thread 12,5,main]) started.
[        ] > Task :firebase_auth:compileDebugJavaWithJavac UP-TO-DATE
[        ] Custom actions are attached to task ':firebase_auth:compileDebugJavaWithJavac'.
[        ] Caching disabled for task ':firebase_auth:compileDebugJavaWithJavac' because:
[        ]   Build cache is disabled
[        ] Skipping task ':firebase_auth:compileDebugJavaWithJavac' as it is up-to-date.
[        ] No compile result for :firebase_auth:compileDebugJavaWithJavac
[        ] No compile result for :firebase_auth:compileDebugJavaWithJavac
[        ] Resolve mutations for :firebase_auth:bundleLibCompileToJarDebug (Thread[#14571,Execution worker Thread 12,5,main]) started.
[        ] :firebase_auth:bundleLibCompileToJarDebug (Thread[#14563,Execution worker Thread 5,5,main]) started.
[        ] > Task :firebase_auth:bundleLibCompileToJarDebug UP-TO-DATE
[        ] Caching disabled for task ':firebase_auth:bundleLibCompileToJarDebug' because:
[        ]   Build cache is disabled
[        ]   Simple merging task
[        ] Skipping task ':firebase_auth:bundleLibCompileToJarDebug' as it is up-to-date.
[        ] work action resolve classes.jar (project :firebase_auth) (Thread[#14563,Execution worker Thread 5,5,main]) started.
[        ] Resolve mutations for :firebase_messaging:generateDebugBuildConfig (Thread[#14563,Execution worker Thread 5,5,main]) started.
[        ] :firebase_messaging:generateDebugBuildConfig (Thread[#14563,Execution worker Thread 5,5,main]) started.
[        ] > Task :firebase_messaging:generateDebugBuildConfig UP-TO-DATE
[        ] Caching disabled for task ':firebase_messaging:generateDebugBuildConfig' because:
[        ]   Build cache is disabled
[        ] Skipping task ':firebase_messaging:generateDebugBuildConfig' as it is up-to-date.
[        ] Resolve mutations for :firebase_messaging:javaPreCompileDebug (Thread[#14563,Execution worker Thread 5,5,main]) started.
[        ] :firebase_messaging:javaPreCompileDebug (Thread[#14563,Execution worker Thread 5,5,main]) started.
[        ] > Task :firebase_messaging:javaPreCompileDebug UP-TO-DATE
[        ] Caching disabled for task ':firebase_messaging:javaPreCompileDebug' because:
[        ]   Build cache is disabled
[        ] Skipping task ':firebase_messaging:javaPreCompileDebug' as it is up-to-date.
[        ] Resolve mutations for :firebase_messaging:compileDebugJavaWithJavac (Thread[#14563,Execution worker Thread 5,5,main]) started.
[        ] :firebase_messaging:compileDebugJavaWithJavac (Thread[#14563,Execution worker Thread 5,5,main]) started.
[ +109 ms] > Task :firebase_messaging:compileDebugJavaWithJavac UP-TO-DATE
[        ] Custom actions are attached to task ':firebase_messaging:compileDebugJavaWithJavac'.
[        ] Caching disabled for task ':firebase_messaging:compileDebugJavaWithJavac' because:
[        ]   Build cache is disabled
[        ] Skipping task ':firebase_messaging:compileDebugJavaWithJavac' as it is up-to-date.
[        ] No compile result for :firebase_messaging:compileDebugJavaWithJavac
[        ] No compile result for :firebase_messaging:compileDebugJavaWithJavac
[        ] Resolve mutations for :firebase_messaging:bundleLibCompileToJarDebug (Thread[#14563,Execution worker Thread 5,5,main]) started.
[        ] :firebase_messaging:bundleLibCompileToJarDebug (Thread[#14563,Execution worker Thread 5,5,main]) started.
[        ] > Task :firebase_messaging:bundleLibCompileToJarDebug UP-TO-DATE
[        ] Caching disabled for task ':firebase_messaging:bundleLibCompileToJarDebug' because:
[        ]   Build cache is disabled
[        ]   Simple merging task
[        ] Skipping task ':firebase_messaging:bundleLibCompileToJarDebug' as it is up-to-date.
[        ] work action resolve classes.jar (project :firebase_messaging) (Thread[#14563,Execution worker Thread 5,5,main]) started.
[        ] Resolve mutations for :firebase_storage:generateDebugBuildConfig (Thread[#14563,Execution worker Thread 5,5,main]) started.
[        ] :firebase_storage:generateDebugBuildConfig (Thread[#14563,Execution worker Thread 5,5,main]) started.
[        ] > Task :firebase_storage:generateDebugBuildConfig UP-TO-DATE
[        ] Caching disabled for task ':firebase_storage:generateDebugBuildConfig' because:
[        ]   Build cache is disabled
[        ] Skipping task ':firebase_storage:generateDebugBuildConfig' as it is up-to-date.
[        ] Resolve mutations for :firebase_storage:javaPreCompileDebug (Thread[#14563,Execution worker Thread 5,5,main]) started.
[        ] :firebase_storage:javaPreCompileDebug (Thread[#14563,Execution worker Thread 5,5,main]) started.
[        ] > Task :firebase_storage:javaPreCompileDebug UP-TO-DATE
[        ] Caching disabled for task ':firebase_storage:javaPreCompileDebug' because:
[        ]   Build cache is disabled
[        ] Skipping task ':firebase_storage:javaPreCompileDebug' as it is up-to-date.
[        ] Resolve mutations for :firebase_storage:compileDebugJavaWithJavac (Thread[#14563,Execution worker Thread 5,5,main]) started.
[        ] :firebase_storage:compileDebugJavaWithJavac (Thread[#14563,Execution worker Thread 5,5,main]) started.
[        ] > Task :firebase_storage:compileDebugJavaWithJavac UP-TO-DATE
[        ] Custom actions are attached to task ':firebase_storage:compileDebugJavaWithJavac'.
[        ] Caching disabled for task ':firebase_storage:compileDebugJavaWithJavac' because:
[        ]   Build cache is disabled
[        ] Skipping task ':firebase_storage:compileDebugJavaWithJavac' as it is up-to-date.
[        ] No compile result for :firebase_storage:compileDebugJavaWithJavac
[        ] No compile result for :firebase_storage:compileDebugJavaWithJavac
[        ] Resolve mutations for :firebase_storage:bundleLibCompileToJarDebug (Thread[#14563,Execution worker Thread 5,5,main]) started.
[        ] :firebase_storage:bundleLibCompileToJarDebug (Thread[#14563,Execution worker Thread 5,5,main]) started.
[        ] > Task :firebase_storage:bundleLibCompileToJarDebug UP-TO-DATE
[        ] Caching disabled for task ':firebase_storage:bundleLibCompileToJarDebug' because:
[        ]   Build cache is disabled
[        ]   Simple merging task
[        ] Skipping task ':firebase_storage:bundleLibCompileToJarDebug' as it is up-to-date.
[        ] work action resolve classes.jar (project :firebase_storage) (Thread[#14563,Execution worker Thread 5,5,main]) started.
[        ] Resolve mutations for :flutter_local_notifications:javaPreCompileDebug (Thread[#14563,Execution worker Thread 5,5,main]) started.
[        ] :flutter_local_notifications:javaPreCompileDebug (Thread[#14563,Execution worker Thread 5,5,main]) started.
[        ] > Task :flutter_local_notifications:javaPreCompileDebug UP-TO-DATE
[        ] Caching disabled for task ':flutter_local_notifications:javaPreCompileDebug' because:
[        ]   Build cache is disabled
[        ] Skipping task ':flutter_local_notifications:javaPreCompileDebug' as it is up-to-date.
[        ] Resolve mutations for :flutter_local_notifications:compileDebugJavaWithJavac (Thread[#14563,Execution worker Thread 5,5,main]) started.
[        ] :flutter_local_notifications:compileDebugJavaWithJavac (Thread[#14563,Execution worker Thread 5,5,main]) started.
[        ] > Task :flutter_local_notifications:compileDebugJavaWithJavac UP-TO-DATE
[        ] Custom actions are attached to task ':flutter_local_notifications:compileDebugJavaWithJavac'.
[        ] Caching disabled for task ':flutter_local_notifications:compileDebugJavaWithJavac' because:
[        ]   Build cache is disabled
[        ] Skipping task ':flutter_local_notifications:compileDebugJavaWithJavac' as it is up-to-date.
[        ] No compile result for :flutter_local_notifications:compileDebugJavaWithJavac
[        ] No compile result for :flutter_local_notifications:compileDebugJavaWithJavac
[        ] Resolve mutations for :flutter_local_notifications:bundleLibCompileToJarDebug (Thread[#14563,Execution worker Thread 5,5,main]) started.
[        ] :flutter_local_notifications:bundleLibCompileToJarDebug (Thread[#14563,Execution worker Thread 5,5,main]) started.
[        ] > Task :flutter_local_notifications:bundleLibCompileToJarDebug UP-TO-DATE
[        ] Caching disabled for task ':flutter_local_notifications:bundleLibCompileToJarDebug' because:
[        ]   Build cache is disabled
[        ]   Simple merging task
[        ] Skipping task ':flutter_local_notifications:bundleLibCompileToJarDebug' as it is up-to-date.
[        ] work action resolve classes.jar (project :flutter_local_notifications) (Thread[#14563,Execution worker Thread 5,5,main]) started.
[        ] Resolve mutations for :flutter_plugin_android_lifecycle:javaPreCompileDebug (Thread[#14563,Execution worker Thread 5,5,main]) started.
[        ] :flutter_plugin_android_lifecycle:javaPreCompileDebug (Thread[#14563,Execution worker Thread 5,5,main]) started.
[        ] > Task :flutter_plugin_android_lifecycle:javaPreCompileDebug UP-TO-DATE
[        ] Caching disabled for task ':flutter_plugin_android_lifecycle:javaPreCompileDebug' because:
[        ]   Build cache is disabled
[        ] Skipping task ':flutter_plugin_android_lifecycle:javaPreCompileDebug' as it is up-to-date.
[        ] Resolve mutations for :flutter_plugin_android_lifecycle:compileDebugJavaWithJavac (Thread[#14563,Execution worker Thread 5,5,main]) started.
[        ] :flutter_plugin_android_lifecycle:compileDebugJavaWithJavac (Thread[#14563,Execution worker Thread 5,5,main]) started.
[        ] > Task :flutter_plugin_android_lifecycle:compileDebugJavaWithJavac UP-TO-DATE
[        ] Custom actions are attached to task ':flutter_plugin_android_lifecycle:compileDebugJavaWithJavac'.
[        ] Caching disabled for task ':flutter_plugin_android_lifecycle:compileDebugJavaWithJavac' because:
[        ]   Build cache is disabled
[        ] Skipping task ':flutter_plugin_android_lifecycle:compileDebugJavaWithJavac' as it is up-to-date.
[        ] No compile result for :flutter_plugin_android_lifecycle:compileDebugJavaWithJavac
[        ] No compile result for :flutter_plugin_android_lifecycle:compileDebugJavaWithJavac
[        ] Resolve mutations for :flutter_plugin_android_lifecycle:bundleLibCompileToJarDebug (Thread[#14563,Execution worker Thread 5,5,main]) started.
[        ] :flutter_plugin_android_lifecycle:bundleLibCompileToJarDebug (Thread[#14563,Execution worker Thread 5,5,main]) started.
[        ] > Task :flutter_plugin_android_lifecycle:bundleLibCompileToJarDebug UP-TO-DATE
[        ] Caching disabled for task ':flutter_plugin_android_lifecycle:bundleLibCompileToJarDebug' because:
[        ]   Build cache is disabled
[        ]   Simple merging task
[        ] Skipping task ':flutter_plugin_android_lifecycle:bundleLibCompileToJarDebug' as it is up-to-date.
[        ] work action resolve classes.jar (project :flutter_plugin_android_lifecycle) (Thread[#14563,Execution worker Thread 5,5,main]) started.
[        ] Resolve mutations for :geocoding_android:javaPreCompileDebug (Thread[#14563,Execution worker Thread 5,5,main]) started.
[        ] :geocoding_android:javaPreCompileDebug (Thread[#14563,Execution worker Thread 5,5,main]) started.
[        ] > Task :geocoding_android:javaPreCompileDebug UP-TO-DATE
[        ] Caching disabled for task ':geocoding_android:javaPreCompileDebug' because:
[        ]   Build cache is disabled
[        ] Skipping task ':geocoding_android:javaPreCompileDebug' as it is up-to-date.
[        ] Resolve mutations for :geocoding_android:compileDebugJavaWithJavac (Thread[#14563,Execution worker Thread 5,5,main]) started.
[        ] :geocoding_android:compileDebugJavaWithJavac (Thread[#14563,Execution worker Thread 5,5,main]) started.
[        ] > Task :geocoding_android:compileDebugJavaWithJavac UP-TO-DATE
[        ] Custom actions are attached to task ':geocoding_android:compileDebugJavaWithJavac'.
[        ] Caching disabled for task ':geocoding_android:compileDebugJavaWithJavac' because:
[        ]   Build cache is disabled
[        ] Skipping task ':geocoding_android:compileDebugJavaWithJavac' as it is up-to-date.
[        ] No compile result for :geocoding_android:compileDebugJavaWithJavac
[        ] No compile result for :geocoding_android:compileDebugJavaWithJavac
[        ] Resolve mutations for :geocoding_android:bundleLibCompileToJarDebug (Thread[#14563,Execution worker Thread 5,5,main]) started.
[        ] :geocoding_android:bundleLibCompileToJarDebug (Thread[#14563,Execution worker Thread 5,5,main]) started.
[        ] > Task :geocoding_android:bundleLibCompileToJarDebug UP-TO-DATE
[        ] Caching disabled for task ':geocoding_android:bundleLibCompileToJarDebug' because:
[        ]   Build cache is disabled
[        ]   Simple merging task
[        ] Skipping task ':geocoding_android:bundleLibCompileToJarDebug' as it is up-to-date.
[        ] work action resolve classes.jar (project :geocoding_android) (Thread[#14563,Execution worker Thread 5,5,main]) started.
[        ] Resolve mutations for :geolocator_android:javaPreCompileDebug (Thread[#14563,Execution worker Thread 5,5,main]) started.
[        ] :geolocator_android:javaPreCompileDebug (Thread[#14563,Execution worker Thread 5,5,main]) started.
[        ] > Task :geolocator_android:javaPreCompileDebug UP-TO-DATE
[        ] Caching disabled for task ':geolocator_android:javaPreCompileDebug' because:
[        ]   Build cache is disabled
[        ] Skipping task ':geolocator_android:javaPreCompileDebug' as it is up-to-date.
[        ] Resolve mutations for :geolocator_android:compileDebugJavaWithJavac (Thread[#14563,Execution worker Thread 5,5,main]) started.
[        ] :geolocator_android:compileDebugJavaWithJavac (Thread[#14563,Execution worker Thread 5,5,main]) started.
[        ] > Task :geolocator_android:compileDebugJavaWithJavac UP-TO-DATE
[        ] Custom actions are attached to task ':geolocator_android:compileDebugJavaWithJavac'.
[        ] Caching disabled for task ':geolocator_android:compileDebugJavaWithJavac' because:
[        ]   Build cache is disabled
[        ] Skipping task ':geolocator_android:compileDebugJavaWithJavac' as it is up-to-date.
[        ] No compile result for :geolocator_android:compileDebugJavaWithJavac
[        ] No compile result for :geolocator_android:compileDebugJavaWithJavac
[        ] Resolve mutations for :geolocator_android:bundleLibCompileToJarDebug (Thread[#14563,Execution worker Thread 5,5,main]) started.
[        ] :geolocator_android:bundleLibCompileToJarDebug (Thread[#14563,Execution worker Thread 5,5,main]) started.
[        ] > Task :geolocator_android:bundleLibCompileToJarDebug UP-TO-DATE
[        ] Caching disabled for task ':geolocator_android:bundleLibCompileToJarDebug' because:
[        ]   Build cache is disabled
[        ]   Simple merging task
[        ] Skipping task ':geolocator_android:bundleLibCompileToJarDebug' as it is up-to-date.
[        ] work action resolve classes.jar (project :geolocator_android) (Thread[#14563,Execution worker Thread 5,5,main]) started.
[        ] Resolve mutations for :google_maps_flutter_android:checkKotlinGradlePluginConfigurationErrors (Thread[#14563,Execution worker Thread 5,5,main]) started.
[        ] :google_maps_flutter_android:checkKotlinGradlePluginConfigurationErrors (Thread[#14563,Execution worker Thread 5,5,main]) started.
[        ] > Task :google_maps_flutter_android:checkKotlinGradlePluginConfigurationErrors SKIPPED
[        ] Skipping task ':google_maps_flutter_android:checkKotlinGradlePluginConfigurationErrors' as task onlyIf 'errorDiagnostics are present' is false.
[        ] Resolve mutations for :google_maps_flutter_android:compileDebugKotlin (Thread[#14563,Execution worker Thread 5,5,main]) started.
[        ] :google_maps_flutter_android:compileDebugKotlin (Thread[#14563,Execution worker Thread 5,5,main]) started.
[  +81 ms] > Task :google_maps_flutter_android:compileDebugKotlin UP-TO-DATE
[        ] Adding -Xuse-inline-scopes-numbers Kotlin compiler flag for task :google_maps_flutter_android:compileDebugAndroidTestKotlin
[        ] Caching disabled for task ':google_maps_flutter_android:compileDebugKotlin' because:
[        ]   Build cache is disabled
[        ] Skipping task ':google_maps_flutter_android:compileDebugKotlin' as it is up-to-date.
[        ] Resolve mutations for :google_maps_flutter_android:javaPreCompileDebug (Thread[#14563,Execution worker Thread 5,5,main]) started.
[        ] :google_maps_flutter_android:javaPreCompileDebug (Thread[#14563,Execution worker Thread 5,5,main]) started.
[        ] > Task :google_maps_flutter_android:javaPreCompileDebug UP-TO-DATE
[        ] Caching disabled for task ':google_maps_flutter_android:javaPreCompileDebug' because:
[        ]   Build cache is disabled
[        ] Skipping task ':google_maps_flutter_android:javaPreCompileDebug' as it is up-to-date.
[        ] Resolve mutations for :google_maps_flutter_android:compileDebugJavaWithJavac (Thread[#14563,Execution worker Thread 5,5,main]) started.
[        ] :google_maps_flutter_android:compileDebugJavaWithJavac (Thread[#14563,Execution worker Thread 5,5,main]) started.
[        ] > Task :google_maps_flutter_android:compileDebugJavaWithJavac UP-TO-DATE
[        ] Custom actions are attached to task ':google_maps_flutter_android:compileDebugJavaWithJavac'.
[        ] Caching disabled for task ':google_maps_flutter_android:compileDebugJavaWithJavac' because:
[        ]   Build cache is disabled
[        ] Skipping task ':google_maps_flutter_android:compileDebugJavaWithJavac' as it is up-to-date.
[        ] No compile result for :google_maps_flutter_android:compileDebugJavaWithJavac
[        ] No compile result for :google_maps_flutter_android:compileDebugJavaWithJavac
[        ] Resolve mutations for :google_maps_flutter_android:bundleLibCompileToJarDebug (Thread[#14563,Execution worker Thread 5,5,main]) started.
[        ] :google_maps_flutter_android:bundleLibCompileToJarDebug (Thread[#14563,Execution worker Thread 5,5,main]) started.
[        ] > Task :google_maps_flutter_android:bundleLibCompileToJarDebug UP-TO-DATE
[        ] Caching disabled for task ':google_maps_flutter_android:bundleLibCompileToJarDebug' because:
[        ]   Build cache is disabled
[        ]   Simple merging task
[        ] Skipping task ':google_maps_flutter_android:bundleLibCompileToJarDebug' as it is up-to-date.
[        ] work action resolve classes.jar (project :google_maps_flutter_android) (Thread[#14563,Execution worker Thread 5,5,main]) started.
[        ] Resolve mutations for :image_picker_android:javaPreCompileDebug (Thread[#14563,Execution worker Thread 5,5,main]) started.
[        ] :image_picker_android:javaPreCompileDebug (Thread[#14563,Execution worker Thread 5,5,main]) started.
[        ] > Task :image_picker_android:javaPreCompileDebug UP-TO-DATE
[        ] Caching disabled for task ':image_picker_android:javaPreCompileDebug' because:
[        ]   Build cache is disabled
[        ] Skipping task ':image_picker_android:javaPreCompileDebug' as it is up-to-date.
[        ] Resolve mutations for :image_picker_android:compileDebugJavaWithJavac (Thread[#14563,Execution worker Thread 5,5,main]) started.
[        ] :image_picker_android:compileDebugJavaWithJavac (Thread[#14563,Execution worker Thread 5,5,main]) started.
[        ] > Task :image_picker_android:compileDebugJavaWithJavac UP-TO-DATE
[        ] Custom actions are attached to task ':image_picker_android:compileDebugJavaWithJavac'.
[        ] Caching disabled for task ':image_picker_android:compileDebugJavaWithJavac' because:
[        ]   Build cache is disabled
[        ] Skipping task ':image_picker_android:compileDebugJavaWithJavac' as it is up-to-date.
[        ] No compile result for :image_picker_android:compileDebugJavaWithJavac
[        ] No compile result for :image_picker_android:compileDebugJavaWithJavac
[        ] Resolve mutations for :image_picker_android:bundleLibCompileToJarDebug (Thread[#14563,Execution worker Thread 5,5,main]) started.
[        ] :image_picker_android:bundleLibCompileToJarDebug (Thread[#14563,Execution worker Thread 5,5,main]) started.
[        ] > Task :image_picker_android:bundleLibCompileToJarDebug UP-TO-DATE
[        ] Caching disabled for task ':image_picker_android:bundleLibCompileToJarDebug' because:
[        ]   Build cache is disabled
[        ]   Simple merging task
[        ] Skipping task ':image_picker_android:bundleLibCompileToJarDebug' as it is up-to-date.
[        ] work action resolve classes.jar (project :image_picker_android) (Thread[#14563,Execution worker Thread 5,5,main]) started.
[        ] Resolve mutations for :jni:javaPreCompileDebug (Thread[#14563,Execution worker Thread 5,5,main]) started.
[        ] :jni:javaPreCompileDebug (Thread[#14563,Execution worker Thread 5,5,main]) started.
[        ] > Task :jni:javaPreCompileDebug UP-TO-DATE
[        ] Caching disabled for task ':jni:javaPreCompileDebug' because:
[        ]   Build cache is disabled
[        ] Skipping task ':jni:javaPreCompileDebug' as it is up-to-date.
[        ] Resolve mutations for :jni:compileDebugJavaWithJavac (Thread[#14563,Execution worker Thread 5,5,main]) started.
[        ] :jni:compileDebugJavaWithJavac (Thread[#14563,Execution worker Thread 5,5,main]) started.
[ +108 ms] > Task :jni:compileDebugJavaWithJavac UP-TO-DATE
[        ] Custom actions are attached to task ':jni:compileDebugJavaWithJavac'.
[        ] Caching disabled for task ':jni:compileDebugJavaWithJavac' because:
[        ]   Build cache is disabled
[        ] Skipping task ':jni:compileDebugJavaWithJavac' as it is up-to-date.
[        ] No compile result for :jni:compileDebugJavaWithJavac
[        ] No compile result for :jni:compileDebugJavaWithJavac
[        ] Resolve mutations for :jni:bundleLibCompileToJarDebug (Thread[#14563,Execution worker Thread 5,5,main]) started.
[        ] :jni:bundleLibCompileToJarDebug (Thread[#14560,Execution worker Thread 2,5,main]) started.
[        ] > Task :jni:bundleLibCompileToJarDebug UP-TO-DATE
[        ] Caching disabled for task ':jni:bundleLibCompileToJarDebug' because:
[        ]   Build cache is disabled
[        ]   Simple merging task
[        ] Skipping task ':jni:bundleLibCompileToJarDebug' as it is up-to-date.
[        ] work action resolve classes.jar (project :jni) (Thread[#14560,Execution worker Thread 2,5,main]) started.
[        ] Resolve mutations for :jni_flutter:javaPreCompileDebug (Thread[#14560,Execution worker Thread 2,5,main]) started.
[        ] :jni_flutter:javaPreCompileDebug (Thread[#14560,Execution worker Thread 2,5,main]) started.
[        ] > Task :jni_flutter:javaPreCompileDebug UP-TO-DATE
[        ] Caching disabled for task ':jni_flutter:javaPreCompileDebug' because:
[        ]   Build cache is disabled
[        ] Skipping task ':jni_flutter:javaPreCompileDebug' as it is up-to-date.
[        ] Resolve mutations for :jni_flutter:compileDebugJavaWithJavac (Thread[#14560,Execution worker Thread 2,5,main]) started.
[        ] :jni_flutter:compileDebugJavaWithJavac (Thread[#14572,Execution worker Thread 13,5,main]) started.
[        ] > Task :jni_flutter:compileDebugJavaWithJavac UP-TO-DATE
[        ] Custom actions are attached to task ':jni_flutter:compileDebugJavaWithJavac'.
[        ] Caching disabled for task ':jni_flutter:compileDebugJavaWithJavac' because:
[        ]   Build cache is disabled
[        ] Skipping task ':jni_flutter:compileDebugJavaWithJavac' as it is up-to-date.
[        ] No compile result for :jni_flutter:compileDebugJavaWithJavac
[        ] No compile result for :jni_flutter:compileDebugJavaWithJavac
[        ] Resolve mutations for :jni_flutter:bundleLibCompileToJarDebug (Thread[#14572,Execution worker Thread 13,5,main]) started.
[        ] :jni_flutter:bundleLibCompileToJarDebug (Thread[#14572,Execution worker Thread 13,5,main]) started.
[        ] > Task :jni_flutter:bundleLibCompileToJarDebug UP-TO-DATE
[        ] Caching disabled for task ':jni_flutter:bundleLibCompileToJarDebug' because:
[        ]   Build cache is disabled
[        ]   Simple merging task
[        ] Skipping task ':jni_flutter:bundleLibCompileToJarDebug' as it is up-to-date.
[        ] work action resolve classes.jar (project :jni_flutter) (Thread[#14572,Execution worker Thread 13,5,main]) started.
[        ] Resolve mutations for :package_info_plus:checkKotlinGradlePluginConfigurationErrors (Thread[#14572,Execution worker Thread 13,5,main]) started.
[        ] :package_info_plus:checkKotlinGradlePluginConfigurationErrors (Thread[#14572,Execution worker Thread 13,5,main]) started.
[        ] > Task :package_info_plus:checkKotlinGradlePluginConfigurationErrors SKIPPED
[        ] Skipping task ':package_info_plus:checkKotlinGradlePluginConfigurationErrors' as task onlyIf 'errorDiagnostics are present' is false.
[        ] Resolve mutations for :package_info_plus:compileDebugKotlin (Thread[#14572,Execution worker Thread 13,5,main]) started.
[        ] :package_info_plus:compileDebugKotlin (Thread[#14572,Execution worker Thread 13,5,main]) started.
[        ] > Task :package_info_plus:compileDebugKotlin UP-TO-DATE
[        ] Adding -Xuse-inline-scopes-numbers Kotlin compiler flag for task :package_info_plus:compileDebugAndroidTestKotlin
[        ] Caching disabled for task ':package_info_plus:compileDebugKotlin' because:
[        ]   Build cache is disabled
[        ] Skipping task ':package_info_plus:compileDebugKotlin' as it is up-to-date.
[        ] Resolve mutations for :package_info_plus:javaPreCompileDebug (Thread[#14572,Execution worker Thread 13,5,main]) started.
[        ] :package_info_plus:javaPreCompileDebug (Thread[#14574,Execution worker Thread 15,5,main]) started.
[        ] > Task :package_info_plus:javaPreCompileDebug UP-TO-DATE
[        ] Caching disabled for task ':package_info_plus:javaPreCompileDebug' because:
[        ]   Build cache is disabled
[        ] Skipping task ':package_info_plus:javaPreCompileDebug' as it is up-to-date.
[        ] Resolve mutations for :package_info_plus:compileDebugJavaWithJavac (Thread[#14574,Execution worker Thread 15,5,main]) started.
[        ] :package_info_plus:compileDebugJavaWithJavac (Thread[#14574,Execution worker Thread 15,5,main]) started.
[        ] > Task :package_info_plus:compileDebugJavaWithJavac NO-SOURCE
[        ] Skipping task ':package_info_plus:compileDebugJavaWithJavac' as it has no source files and no previous output files.
[        ] Resolve mutations for :package_info_plus:bundleLibCompileToJarDebug (Thread[#14574,Execution worker Thread 15,5,main]) started.
[        ] :package_info_plus:bundleLibCompileToJarDebug (Thread[#14574,Execution worker Thread 15,5,main]) started.
[        ] > Task :package_info_plus:bundleLibCompileToJarDebug UP-TO-DATE
[        ] Caching disabled for task ':package_info_plus:bundleLibCompileToJarDebug' because:
[        ]   Build cache is disabled
[        ]   Simple merging task
[        ] Skipping task ':package_info_plus:bundleLibCompileToJarDebug' as it is up-to-date.
[        ] work action resolve classes.jar (project :package_info_plus) (Thread[#14574,Execution worker Thread 15,5,main]) started.
[        ] Resolve mutations for :share_plus:checkKotlinGradlePluginConfigurationErrors (Thread[#14574,Execution worker Thread 15,5,main]) started.
[        ] :share_plus:checkKotlinGradlePluginConfigurationErrors (Thread[#14574,Execution worker Thread 15,5,main]) started.
[        ] > Task :share_plus:checkKotlinGradlePluginConfigurationErrors SKIPPED
[        ] Skipping task ':share_plus:checkKotlinGradlePluginConfigurationErrors' as task onlyIf 'errorDiagnostics are present' is false.
[        ] Resolve mutations for :share_plus:compileDebugKotlin (Thread[#14574,Execution worker Thread 15,5,main]) started.
[        ] :share_plus:compileDebugKotlin (Thread[#14574,Execution worker Thread 15,5,main]) started.
[  +94 ms] > Task :share_plus:compileDebugKotlin UP-TO-DATE
[        ] Adding -Xuse-inline-scopes-numbers Kotlin compiler flag for task :share_plus:compileDebugAndroidTestKotlin
[        ] Caching disabled for task ':share_plus:compileDebugKotlin' because:
[        ]   Build cache is disabled
[        ] Skipping task ':share_plus:compileDebugKotlin' as it is up-to-date.
[        ] Resolve mutations for :share_plus:javaPreCompileDebug (Thread[#14574,Execution worker Thread 15,5,main]) started.
[        ] :share_plus:javaPreCompileDebug (Thread[#14574,Execution worker Thread 15,5,main]) started.
[        ] > Task :share_plus:javaPreCompileDebug UP-TO-DATE
[        ] Caching disabled for task ':share_plus:javaPreCompileDebug' because:
[        ]   Build cache is disabled
[        ] Skipping task ':share_plus:javaPreCompileDebug' as it is up-to-date.
[        ] Resolve mutations for :share_plus:compileDebugJavaWithJavac (Thread[#14574,Execution worker Thread 15,5,main]) started.
[        ] :share_plus:compileDebugJavaWithJavac (Thread[#14574,Execution worker Thread 15,5,main]) started.
[        ] > Task :share_plus:compileDebugJavaWithJavac NO-SOURCE
[        ] Skipping task ':share_plus:compileDebugJavaWithJavac' as it has no source files and no previous output files.
[        ] Resolve mutations for :share_plus:bundleLibCompileToJarDebug (Thread[#14574,Execution worker Thread 15,5,main]) started.
[        ] :share_plus:bundleLibCompileToJarDebug (Thread[#14574,Execution worker Thread 15,5,main]) started.
[        ] > Task :share_plus:bundleLibCompileToJarDebug UP-TO-DATE
[        ] Caching disabled for task ':share_plus:bundleLibCompileToJarDebug' because:
[        ]   Build cache is disabled
[        ]   Simple merging task
[        ] Skipping task ':share_plus:bundleLibCompileToJarDebug' as it is up-to-date.
[        ] work action resolve classes.jar (project :share_plus) (Thread[#14574,Execution worker Thread 15,5,main]) started.
[        ] Resolve mutations for :shared_preferences_android:checkKotlinGradlePluginConfigurationErrors (Thread[#14574,Execution worker Thread 15,5,main]) started.
[        ] :shared_preferences_android:checkKotlinGradlePluginConfigurationErrors (Thread[#14574,Execution worker Thread 15,5,main]) started.
[        ] > Task :shared_preferences_android:checkKotlinGradlePluginConfigurationErrors SKIPPED
[        ] Skipping task ':shared_preferences_android:checkKotlinGradlePluginConfigurationErrors' as task onlyIf 'errorDiagnostics are present' is false.
[        ] Resolve mutations for :shared_preferences_android:compileDebugKotlin (Thread[#14574,Execution worker Thread 15,5,main]) started.
[        ] :shared_preferences_android:compileDebugKotlin (Thread[#14574,Execution worker Thread 15,5,main]) started.
[        ] > Task :shared_preferences_android:compileDebugKotlin UP-TO-DATE
[        ] Adding -Xuse-inline-scopes-numbers Kotlin compiler flag for task :shared_preferences_android:compileDebugAndroidTestKotlin
[        ] Caching disabled for task ':shared_preferences_android:compileDebugKotlin' because:
[        ]   Build cache is disabled
[        ] Skipping task ':shared_preferences_android:compileDebugKotlin' as it is up-to-date.
[        ] Resolve mutations for :shared_preferences_android:javaPreCompileDebug (Thread[#14574,Execution worker Thread 15,5,main]) started.
[        ] :shared_preferences_android:javaPreCompileDebug (Thread[#14574,Execution worker Thread 15,5,main]) started.
[        ] > Task :shared_preferences_android:javaPreCompileDebug UP-TO-DATE
[        ] Caching disabled for task ':shared_preferences_android:javaPreCompileDebug' because:
[        ]   Build cache is disabled
[        ] Skipping task ':shared_preferences_android:javaPreCompileDebug' as it is up-to-date.
[        ] Resolve mutations for :shared_preferences_android:compileDebugJavaWithJavac (Thread[#14574,Execution worker Thread 15,5,main]) started.
[   +2 ms] :shared_preferences_android:compileDebugJavaWithJavac (Thread[#14574,Execution worker Thread 15,5,main]) started.
[        ] > Task :shared_preferences_android:compileDebugJavaWithJavac UP-TO-DATE
[        ] Custom actions are attached to task ':shared_preferences_android:compileDebugJavaWithJavac'.
[        ] Caching disabled for task ':shared_preferences_android:compileDebugJavaWithJavac' because:
[        ]   Build cache is disabled
[        ] Skipping task ':shared_preferences_android:compileDebugJavaWithJavac' as it is up-to-date.
[        ] No compile result for :shared_preferences_android:compileDebugJavaWithJavac
[        ] No compile result for :shared_preferences_android:compileDebugJavaWithJavac
[        ] Resolve mutations for :shared_preferences_android:bundleLibCompileToJarDebug (Thread[#14574,Execution worker Thread 15,5,main]) started.
[        ] :shared_preferences_android:bundleLibCompileToJarDebug (Thread[#14574,Execution worker Thread 15,5,main]) started.
[        ] > Task :shared_preferences_android:bundleLibCompileToJarDebug UP-TO-DATE
[        ] Caching disabled for task ':shared_preferences_android:bundleLibCompileToJarDebug' because:
[        ]   Build cache is disabled
[        ]   Simple merging task
[        ] Skipping task ':shared_preferences_android:bundleLibCompileToJarDebug' as it is up-to-date.
[        ] work action resolve classes.jar (project :shared_preferences_android) (Thread[#14574,Execution worker Thread 15,5,main]) started.
[        ] Resolve mutations for :sqflite_android:javaPreCompileDebug (Thread[#14574,Execution worker Thread 15,5,main]) started.
[        ] :sqflite_android:javaPreCompileDebug (Thread[#14574,Execution worker Thread 15,5,main]) started.
[        ] > Task :sqflite_android:javaPreCompileDebug UP-TO-DATE
[        ] Caching disabled for task ':sqflite_android:javaPreCompileDebug' because:
[        ]   Build cache is disabled
[        ] Skipping task ':sqflite_android:javaPreCompileDebug' as it is up-to-date.
[        ] Resolve mutations for :sqflite_android:compileDebugJavaWithJavac (Thread[#14574,Execution worker Thread 15,5,main]) started.
[        ] :sqflite_android:compileDebugJavaWithJavac (Thread[#14574,Execution worker Thread 15,5,main]) started.
[        ] > Task :sqflite_android:compileDebugJavaWithJavac UP-TO-DATE
[        ] Custom actions are attached to task ':sqflite_android:compileDebugJavaWithJavac'.
[        ] Caching disabled for task ':sqflite_android:compileDebugJavaWithJavac' because:
[        ]   Build cache is disabled
[        ] Skipping task ':sqflite_android:compileDebugJavaWithJavac' as it is up-to-date.
[        ] No compile result for :sqflite_android:compileDebugJavaWithJavac
[        ] No compile result for :sqflite_android:compileDebugJavaWithJavac
[        ] Resolve mutations for :sqflite_android:bundleLibCompileToJarDebug (Thread[#14574,Execution worker Thread 15,5,main]) started.
[        ] :sqflite_android:bundleLibCompileToJarDebug (Thread[#14574,Execution worker Thread 15,5,main]) started.
[  +89 ms] > Task :sqflite_android:bundleLibCompileToJarDebug UP-TO-DATE
[        ] Caching disabled for task ':sqflite_android:bundleLibCompileToJarDebug' because:
[        ]   Build cache is disabled
[        ]   Simple merging task
[        ] Skipping task ':sqflite_android:bundleLibCompileToJarDebug' as it is up-to-date.
[        ] work action resolve classes.jar (project :sqflite_android) (Thread[#14574,Execution worker Thread 15,5,main]) started.
[        ] Resolve mutations for :url_launcher_android:generateDebugBuildConfig (Thread[#14574,Execution worker Thread 15,5,main]) started.
[        ] :url_launcher_android:generateDebugBuildConfig (Thread[#14574,Execution worker Thread 15,5,main]) started.
[        ] > Task :url_launcher_android:generateDebugBuildConfig UP-TO-DATE
[        ] Caching disabled for task ':url_launcher_android:generateDebugBuildConfig' because:
[        ]   Build cache is disabled
[        ] Skipping task ':url_launcher_android:generateDebugBuildConfig' as it is up-to-date.
[        ] Resolve mutations for :url_launcher_android:javaPreCompileDebug (Thread[#14574,Execution worker Thread 15,5,main]) started.
[        ] :url_launcher_android:javaPreCompileDebug (Thread[#14574,Execution worker Thread 15,5,main]) started.
[        ] > Task :url_launcher_android:javaPreCompileDebug UP-TO-DATE
[        ] Caching disabled for task ':url_launcher_android:javaPreCompileDebug' because:
[        ]   Build cache is disabled
[        ] Skipping task ':url_launcher_android:javaPreCompileDebug' as it is up-to-date.
[        ] Resolve mutations for :url_launcher_android:compileDebugJavaWithJavac (Thread[#14574,Execution worker Thread 15,5,main]) started.
[        ] :url_launcher_android:compileDebugJavaWithJavac (Thread[#14574,Execution worker Thread 15,5,main]) started.
[        ] > Task :url_launcher_android:compileDebugJavaWithJavac UP-TO-DATE
[        ] Custom actions are attached to task ':url_launcher_android:compileDebugJavaWithJavac'.
[        ] Caching disabled for task ':url_launcher_android:compileDebugJavaWithJavac' because:
[        ]   Build cache is disabled
[        ] Skipping task ':url_launcher_android:compileDebugJavaWithJavac' as it is up-to-date.
[        ] No compile result for :url_launcher_android:compileDebugJavaWithJavac
[        ] No compile result for :url_launcher_android:compileDebugJavaWithJavac
[        ] Resolve mutations for :url_launcher_android:bundleLibCompileToJarDebug (Thread[#14574,Execution worker Thread 15,5,main]) started.
[        ] :url_launcher_android:bundleLibCompileToJarDebug (Thread[#14574,Execution worker Thread 15,5,main]) started.
[        ] > Task :url_launcher_android:bundleLibCompileToJarDebug UP-TO-DATE
[        ] Caching disabled for task ':url_launcher_android:bundleLibCompileToJarDebug' because:
[        ]   Build cache is disabled
[        ]   Simple merging task
[        ] Skipping task ':url_launcher_android:bundleLibCompileToJarDebug' as it is up-to-date.
[        ] work action resolve classes.jar (project :url_launcher_android) (Thread[#14574,Execution worker Thread 15,5,main]) started.
[        ] Resolve mutations for :app:javaPreCompileDebug (Thread[#14574,Execution worker Thread 15,5,main]) started.
[        ] :app:javaPreCompileDebug (Thread[#14574,Execution worker Thread 15,5,main]) started.
[        ] > Task :app:javaPreCompileDebug UP-TO-DATE
[        ] Caching disabled for task ':app:javaPreCompileDebug' because:
[        ]   Build cache is disabled
[        ] Skipping task ':app:javaPreCompileDebug' as it is up-to-date.
[        ] Resolve mutations for :app:compressDebugAssets (Thread[#14574,Execution worker Thread 15,5,main]) started.
[        ] :app:compressDebugAssets (Thread[#14574,Execution worker Thread 15,5,main]) started.
[        ] > Task :app:processDebugManifestForPackage
[        ] Custom actions are attached to task ':app:processDebugManifestForPackage'.
[        ] Caching disabled for task ':app:processDebugManifestForPackage' because:
[        ]   Build cache is disabled
[        ] Task ':app:processDebugManifestForPackage' is not up-to-date because:
[        ]   Input property 'mergedManifests' file C:\eventful_app\build\app\intermediates\merged_manifests\debug\processDebugManifest\AndroidManifest.xml has changed.
[        ] Resolve mutations for :app:processDebugResources (Thread[#14567,Execution worker Thread 8,5,main]) started.
[        ] :app:processDebugResources (Thread[#14567,Execution worker Thread 8,5,main]) started.
[  +95 ms] Resolve mutations for :app:l8DexDesugarLibDebug (Thread[#14559,Execution worker,5,main]) started.
[        ] :app:l8DexDesugarLibDebug (Thread[#14559,Execution worker,5,main]) started.
[        ] > Task :app:l8DexDesugarLibDebug UP-TO-DATE
[        ] Caching disabled for task ':app:l8DexDesugarLibDebug' because:
[        ]   Build cache is disabled
[        ] Skipping task ':app:l8DexDesugarLibDebug' as it is up-to-date.
[        ] Resolve mutations for :cloud_firestore:bundleLibRuntimeToJarDebug (Thread[#14559,Execution worker,5,main]) started.
[        ] :cloud_firestore:bundleLibRuntimeToJarDebug (Thread[#14559,Execution worker,5,main]) started.
[        ] > Task :cloud_firestore:bundleLibRuntimeToJarDebug UP-TO-DATE
[        ] Caching disabled for task ':cloud_firestore:bundleLibRuntimeToJarDebug' because:
[        ]   Build cache is disabled
[        ]   Simple merging task
[        ] Skipping task ':cloud_firestore:bundleLibRuntimeToJarDebug' as it is up-to-date.
[        ] work action resolve classes.jar (project :cloud_firestore) (Thread[#14559,Execution worker,5,main]) started.
[        ] IdentityTransform (Thread[#14559,Execution worker,5,main]) started.
[        ] Resolve mutations for :device_info_plus:bundleLibRuntimeToJarDebug (Thread[#14564,Execution worker Thread 6,5,main]) started.
[        ] DexingNoClasspathTransform (Thread[#14559,Execution worker,5,main]) started.
[        ] :device_info_plus:bundleLibRuntimeToJarDebug (Thread[#14564,Execution worker Thread 6,5,main]) started.
[        ] > Task :device_info_plus:bundleLibRuntimeToJarDebug UP-TO-DATE
[        ] Caching disabled for task ':device_info_plus:bundleLibRuntimeToJarDebug' because:
[        ]   Build cache is disabled
[        ]   Simple merging task
[        ] Skipping task ':device_info_plus:bundleLibRuntimeToJarDebug' as it is up-to-date.
[        ] work action resolve classes.jar (project :device_info_plus) (Thread[#14564,Execution worker Thread 6,5,main]) started.
[        ] IdentityTransform (Thread[#14564,Execution worker Thread 6,5,main]) started.
[        ] Resolve mutations for :firebase_app_check:bundleLibRuntimeToJarDebug (Thread[#14561,Execution worker Thread 3,5,main]) started.
[        ] :firebase_app_check:bundleLibRuntimeToJarDebug (Thread[#14561,Execution worker Thread 3,5,main]) started.
[        ] DexingNoClasspathTransform (Thread[#14564,Execution worker Thread 6,5,main]) started.
[        ] > Transform classes.jar (project :cloud_firestore) with DexingNoClasspathTransform
[        ] Caching disabled for DexingNoClasspathTransform: C:\eventful_app\build\cloud_firestore\intermediates\runtime_library_classes_jar\debug\bundleLibRuntimeToJarDebug\classes.jar because:
[        ]   Build cache is disabled
[        ] Skipping DexingNoClasspathTransform: C:\eventful_app\build\cloud_firestore\intermediates\runtime_library_classes_jar\debug\bundleLibRuntimeToJarDebug\classes.jar as it is up-to-date.
[        ] > Task :firebase_app_check:bundleLibRuntimeToJarDebug UP-TO-DATE
[        ] Caching disabled for task ':firebase_app_check:bundleLibRuntimeToJarDebug' because:
[        ]   Build cache is disabled
[        ]   Simple merging task
[        ] Skipping task ':firebase_app_check:bundleLibRuntimeToJarDebug' as it is up-to-date.
[        ] DexingOutputSplitTransform (Thread[#14559,Execution worker,5,main]) started.
[        ] work action resolve classes.jar (project :firebase_app_check) (Thread[#14561,Execution worker Thread 3,5,main]) started.
[        ] IdentityTransform (Thread[#14561,Execution worker Thread 3,5,main]) started.
[        ] Resolve mutations for :firebase_auth:bundleLibRuntimeToJarDebug (Thread[#14571,Execution worker Thread 12,5,main]) started.
[        ] :firebase_auth:bundleLibRuntimeToJarDebug (Thread[#14571,Execution worker Thread 12,5,main]) started.
[        ] DexingNoClasspathTransform (Thread[#14561,Execution worker Thread 3,5,main]) started.
[        ] > Task :firebase_auth:bundleLibRuntimeToJarDebug UP-TO-DATE
[        ] Caching disabled for task ':firebase_auth:bundleLibRuntimeToJarDebug' because:
[        ]   Build cache is disabled
[        ]   Simple merging task
[        ] Skipping task ':firebase_auth:bundleLibRuntimeToJarDebug' as it is up-to-date.
[        ] work action resolve classes.jar (project :firebase_auth) (Thread[#14565,Execution worker Thread 7,5,main]) started.
[        ] IdentityTransform (Thread[#14565,Execution worker Thread 7,5,main]) started.
[        ] Resolve mutations for :firebase_messaging:bundleLibRuntimeToJarDebug (Thread[#14562,Execution worker Thread 4,5,main]) started.
[        ] DexingNoClasspathTransform (Thread[#14565,Execution worker Thread 7,5,main]) started.
[        ] :firebase_messaging:bundleLibRuntimeToJarDebug (Thread[#14562,Execution worker Thread 4,5,main]) started.
[        ] > Transform classes.jar (project :device_info_plus) with DexingNoClasspathTransform
[        ] Caching disabled for DexingNoClasspathTransform: C:\eventful_app\build\device_info_plus\intermediates\runtime_library_classes_jar\debug\bundleLibRuntimeToJarDebug\classes.jar because:
[        ]   Build cache is disabled
[        ] Skipping DexingNoClasspathTransform: C:\eventful_app\build\device_info_plus\intermediates\runtime_library_classes_jar\debug\bundleLibRuntimeToJarDebug\classes.jar as it is up-to-date.
[        ] DexingOutputSplitTransform (Thread[#14564,Execution worker Thread 6,5,main]) started.
[        ] > Task :firebase_messaging:bundleLibRuntimeToJarDebug UP-TO-DATE
[        ] Caching disabled for task ':firebase_messaging:bundleLibRuntimeToJarDebug' because:
[        ]   Build cache is disabled
[        ]   Simple merging task
[        ] Skipping task ':firebase_messaging:bundleLibRuntimeToJarDebug' as it is up-to-date.
[        ] work action resolve classes.jar (project :firebase_messaging) (Thread[#14562,Execution worker Thread 4,5,main]) started.
[        ] IdentityTransform (Thread[#14562,Execution worker Thread 4,5,main]) started.
[        ] Resolve mutations for :firebase_storage:bundleLibRuntimeToJarDebug (Thread[#14570,Execution worker Thread 11,5,main]) started.
[        ] DexingNoClasspathTransform (Thread[#14562,Execution worker Thread 4,5,main]) started.
[        ] > Transform classes.jar (project :firebase_app_check) with DexingNoClasspathTransform
[        ] Caching disabled for DexingNoClasspathTransform: C:\eventful_app\build\firebase_app_check\intermediates\runtime_library_classes_jar\debug\bundleLibRuntimeToJarDebug\classes.jar because:
[        ]   Build cache is disabled
[        ] Skipping DexingNoClasspathTransform: C:\eventful_app\build\firebase_app_check\intermediates\runtime_library_classes_jar\debug\bundleLibRuntimeToJarDebug\classes.jar as it is up-to-date.
[        ] :firebase_storage:bundleLibRuntimeToJarDebug (Thread[#14570,Execution worker Thread 11,5,main]) started.
[        ] DexingOutputSplitTransform (Thread[#14561,Execution worker Thread 3,5,main]) started.
[        ] > Task :firebase_storage:bundleLibRuntimeToJarDebug UP-TO-DATE
[        ] Caching disabled for task ':firebase_storage:bundleLibRuntimeToJarDebug' because:
[        ]   Build cache is disabled
[        ]   Simple merging task
[        ] Skipping task ':firebase_storage:bundleLibRuntimeToJarDebug' as it is up-to-date.
[        ] work action resolve classes.jar (project :firebase_storage) (Thread[#14570,Execution worker Thread 11,5,main]) started.
[        ] IdentityTransform (Thread[#14570,Execution worker Thread 11,5,main]) started.
[        ] Resolve mutations for :firebase_core:bundleLibRuntimeToJarDebug (Thread[#14563,Execution worker Thread 5,5,main]) started.
[        ] DexingNoClasspathTransform (Thread[#14570,Execution worker Thread 11,5,main]) started.
[        ] > Transform classes.jar (project :firebase_auth) with DexingNoClasspathTransform
[        ] Caching disabled for DexingNoClasspathTransform: C:\eventful_app\build\firebase_auth\intermediates\runtime_library_classes_jar\debug\bundleLibRuntimeToJarDebug\classes.jar because:
[        ]   Build cache is disabled
[        ] Skipping DexingNoClasspathTransform: C:\eventful_app\build\firebase_auth\intermediates\runtime_library_classes_jar\debug\bundleLibRuntimeToJarDebug\classes.jar as it is up-to-date.
[        ] :firebase_core:bundleLibRuntimeToJarDebug (Thread[#14563,Execution worker Thread 5,5,main]) started.
[        ] DexingOutputSplitTransform (Thread[#14565,Execution worker Thread 7,5,main]) started.
[        ] > Transform classes.jar (project :firebase_messaging) with DexingNoClasspathTransform
[        ] Caching disabled for DexingNoClasspathTransform: C:\eventful_app\build\firebase_messaging\intermediates\runtime_library_classes_jar\debug\bundleLibRuntimeToJarDebug\classes.jar because:
[        ]   Build cache is disabled
[        ] Skipping DexingNoClasspathTransform: C:\eventful_app\build\firebase_messaging\intermediates\runtime_library_classes_jar\debug\bundleLibRuntimeToJarDebug\classes.jar as it is up-to-date.
[        ] DexingOutputSplitTransform (Thread[#14562,Execution worker Thread 4,5,main]) started.
[        ] > Transform classes.jar (project :firebase_storage) with DexingNoClasspathTransform
[        ] Caching disabled for DexingNoClasspathTransform: C:\eventful_app\build\firebase_storage\intermediates\runtime_library_classes_jar\debug\bundleLibRuntimeToJarDebug\classes.jar because:
[        ]   Build cache is disabled
[        ] Skipping DexingNoClasspathTransform: C:\eventful_app\build\firebase_storage\intermediates\runtime_library_classes_jar\debug\bundleLibRuntimeToJarDebug\classes.jar as it is up-to-date.
[        ] DexingOutputSplitTransform (Thread[#14570,Execution worker Thread 11,5,main]) started.
[        ] > Task :firebase_core:bundleLibRuntimeToJarDebug UP-TO-DATE
[        ] Caching disabled for task ':firebase_core:bundleLibRuntimeToJarDebug' because:
[        ]   Build cache is disabled
[        ]   Simple merging task
[        ] Skipping task ':firebase_core:bundleLibRuntimeToJarDebug' as it is up-to-date.
[        ] work action resolve classes.jar (project :firebase_core) (Thread[#14563,Execution worker Thread 5,5,main]) started.
[        ] IdentityTransform (Thread[#14563,Execution worker Thread 5,5,main]) started.
[        ] Resolve mutations for :flutter_local_notifications:bundleLibRuntimeToJarDebug (Thread[#14568,Execution worker Thread 9,5,main]) started.
[        ] DexingNoClasspathTransform (Thread[#14563,Execution worker Thread 5,5,main]) started.
[        ] :flutter_local_notifications:bundleLibRuntimeToJarDebug (Thread[#14568,Execution worker Thread 9,5,main]) started.
[        ] > Task :flutter_local_notifications:bundleLibRuntimeToJarDebug UP-TO-DATE
[        ] Caching disabled for task ':flutter_local_notifications:bundleLibRuntimeToJarDebug' because:
[        ]   Build cache is disabled
[        ]   Simple merging task
[        ] Skipping task ':flutter_local_notifications:bundleLibRuntimeToJarDebug' as it is up-to-date.
[        ] work action resolve classes.jar (project :flutter_local_notifications) (Thread[#14568,Execution worker Thread 9,5,main]) started.
[        ] IdentityTransform (Thread[#14568,Execution worker Thread 9,5,main]) started.
[        ] Resolve mutations for :google_maps_flutter_android:bundleLibRuntimeToJarDebug (Thread[#14570,Execution worker Thread 11,5,main]) started.
[        ] DexingNoClasspathTransform (Thread[#14572,Execution worker Thread 13,5,main]) started.
[        ] :google_maps_flutter_android:bundleLibRuntimeToJarDebug (Thread[#14570,Execution worker Thread 11,5,main]) started.
[        ] > Transform classes.jar (project :firebase_core) with DexingNoClasspathTransform
[        ] Caching disabled for DexingNoClasspathTransform: C:\eventful_app\build\firebase_core\intermediates\runtime_library_classes_jar\debug\bundleLibRuntimeToJarDebug\classes.jar because:
[        ]   Build cache is disabled
[        ] Skipping DexingNoClasspathTransform: C:\eventful_app\build\firebase_core\intermediates\runtime_library_classes_jar\debug\bundleLibRuntimeToJarDebug\classes.jar as it is up-to-date.
[        ] DexingOutputSplitTransform (Thread[#14563,Execution worker Thread 5,5,main]) started.
[        ] > Task :google_maps_flutter_android:bundleLibRuntimeToJarDebug UP-TO-DATE
[        ] Caching disabled for task ':google_maps_flutter_android:bundleLibRuntimeToJarDebug' because:
[        ]   Build cache is disabled
[        ]   Simple merging task
[        ] Skipping task ':google_maps_flutter_android:bundleLibRuntimeToJarDebug' as it is up-to-date.
[        ] work action resolve classes.jar (project :google_maps_flutter_android) (Thread[#14570,Execution worker Thread 11,5,main]) started.
[        ] IdentityTransform (Thread[#14570,Execution worker Thread 11,5,main]) started.
[        ] Resolve mutations for :image_picker_android:bundleLibRuntimeToJarDebug (Thread[#14563,Execution worker Thread 5,5,main]) started.
[        ] :image_picker_android:bundleLibRuntimeToJarDebug (Thread[#14563,Execution worker Thread 5,5,main]) started.
[        ] DexingNoClasspathTransform (Thread[#14570,Execution worker Thread 11,5,main]) started.
[        ] > Transform classes.jar (project :flutter_local_notifications) with DexingNoClasspathTransform
[        ] Caching disabled for DexingNoClasspathTransform: C:\eventful_app\build\flutter_local_notifications\intermediates\runtime_library_classes_jar\debug\bundleLibRuntimeToJarDebug\classes.jar because:
[        ]   Build cache is disabled
[        ] Skipping DexingNoClasspathTransform: C:\eventful_app\build\flutter_local_notifications\intermediates\runtime_library_classes_jar\debug\bundleLibRuntimeToJarDebug\classes.jar as it is up-to-date.
[        ] DexingOutputSplitTransform (Thread[#14572,Execution worker Thread 13,5,main]) started.
[        ] > Task :image_picker_android:bundleLibRuntimeToJarDebug UP-TO-DATE
[        ] Caching disabled for task ':image_picker_android:bundleLibRuntimeToJarDebug' because:
[        ]   Build cache is disabled
[        ]   Simple merging task
[        ] Skipping task ':image_picker_android:bundleLibRuntimeToJarDebug' as it is up-to-date.
[        ] work action resolve classes.jar (project :image_picker_android) (Thread[#14563,Execution worker Thread 5,5,main]) started.
[        ] IdentityTransform (Thread[#14563,Execution worker Thread 5,5,main]) started.
[        ] Resolve mutations for :flutter_plugin_android_lifecycle:bundleLibRuntimeToJarDebug (Thread[#14565,Execution worker Thread 7,5,main]) started.
[        ] DexingNoClasspathTransform (Thread[#14563,Execution worker Thread 5,5,main]) started.
[        ] :flutter_plugin_android_lifecycle:bundleLibRuntimeToJarDebug (Thread[#14565,Execution worker Thread 7,5,main]) started.
[        ] > Transform classes.jar (project :google_maps_flutter_android) with DexingNoClasspathTransform
[        ] Caching disabled for DexingNoClasspathTransform: C:\eventful_app\build\google_maps_flutter_android\intermediates\runtime_library_classes_jar\debug\bundleLibRuntimeToJarDebug\classes.jar because:
[        ]   Build cache is disabled
[        ] Skipping DexingNoClasspathTransform: C:\eventful_app\build\google_maps_flutter_android\intermediates\runtime_library_classes_jar\debug\bundleLibRuntimeToJarDebug\classes.jar as it is up-to-date.
[        ] DexingOutputSplitTransform (Thread[#14570,Execution worker Thread 11,5,main]) started.
[        ] > Transform classes.jar (project :image_picker_android) with DexingNoClasspathTransform
[        ] Caching disabled for DexingNoClasspathTransform: C:\eventful_app\build\image_picker_android\intermediates\runtime_library_classes_jar\debug\bundleLibRuntimeToJarDebug\classes.jar because:
[        ]   Build cache is disabled
[        ] Skipping DexingNoClasspathTransform: C:\eventful_app\build\image_picker_android\intermediates\runtime_library_classes_jar\debug\bundleLibRuntimeToJarDebug\classes.jar as it is up-to-date.
[        ] DexingOutputSplitTransform (Thread[#14563,Execution worker Thread 5,5,main]) started.
[        ] > Task :flutter_plugin_android_lifecycle:bundleLibRuntimeToJarDebug UP-TO-DATE
[        ] Caching disabled for task ':flutter_plugin_android_lifecycle:bundleLibRuntimeToJarDebug' because:
[        ]   Build cache is disabled
[        ]   Simple merging task
[        ] Skipping task ':flutter_plugin_android_lifecycle:bundleLibRuntimeToJarDebug' as it is up-to-date.
[        ] work action resolve classes.jar (project :flutter_plugin_android_lifecycle) (Thread[#14565,Execution worker Thread 7,5,main]) started.
[        ] IdentityTransform (Thread[#14565,Execution worker Thread 7,5,main]) started.
[        ] Resolve mutations for :geocoding_android:bundleLibRuntimeToJarDebug (Thread[#14563,Execution worker Thread 5,5,main]) started.
[        ] DexingNoClasspathTransform (Thread[#14565,Execution worker Thread 7,5,main]) started.
[        ] :geocoding_android:bundleLibRuntimeToJarDebug (Thread[#14563,Execution worker Thread 5,5,main]) started.
[        ] > Task :geocoding_android:bundleLibRuntimeToJarDebug UP-TO-DATE
[        ] Caching disabled for task ':geocoding_android:bundleLibRuntimeToJarDebug' because:
[        ]   Build cache is disabled
[        ]   Simple merging task
[        ] Skipping task ':geocoding_android:bundleLibRuntimeToJarDebug' as it is up-to-date.
[        ] work action resolve classes.jar (project :geocoding_android) (Thread[#14563,Execution worker Thread 5,5,main]) started.
[        ] IdentityTransform (Thread[#14563,Execution worker Thread 5,5,main]) started.
[        ] Resolve mutations for :geolocator_android:bundleLibRuntimeToJarDebug (Thread[#14571,Execution worker Thread 12,5,main]) started.
[        ] DexingNoClasspathTransform (Thread[#14563,Execution worker Thread 5,5,main]) started.
[        ] :geolocator_android:bundleLibRuntimeToJarDebug (Thread[#14571,Execution worker Thread 12,5,main]) started.
[        ] > Transform classes.jar (project :flutter_plugin_android_lifecycle) with DexingNoClasspathTransform
[        ] Caching disabled for DexingNoClasspathTransform: C:\eventful_app\build\flutter_plugin_android_lifecycle\intermediates\runtime_library_classes_jar\debug\bundleLibRuntimeToJarDebug\classes.jar because:
[        ]   Build cache is disabled
[        ] Skipping DexingNoClasspathTransform: C:\eventful_app\build\flutter_plugin_android_lifecycle\intermediates\runtime_library_classes_jar\debug\bundleLibRuntimeToJarDebug\classes.jar as it is up-to-date.
[        ] DexingOutputSplitTransform (Thread[#14565,Execution worker Thread 7,5,main]) started.
[        ] > Task :geolocator_android:bundleLibRuntimeToJarDebug UP-TO-DATE
[        ] Caching disabled for task ':geolocator_android:bundleLibRuntimeToJarDebug' because:
[        ]   Build cache is disabled
[        ]   Simple merging task
[        ] Skipping task ':geolocator_android:bundleLibRuntimeToJarDebug' as it is up-to-date.
[        ] work action resolve classes.jar (project :geolocator_android) (Thread[#14571,Execution worker Thread 12,5,main]) started.
[        ] IdentityTransform (Thread[#14571,Execution worker Thread 12,5,main]) started.
[        ] Resolve mutations for :jni_flutter:bundleLibRuntimeToJarDebug (Thread[#14570,Execution worker Thread 11,5,main]) started.
[        ] DexingNoClasspathTransform (Thread[#14570,Execution worker Thread 11,5,main]) started.
[        ] :jni_flutter:bundleLibRuntimeToJarDebug (Thread[#14561,Execution worker Thread 3,5,main]) started.
[        ] > Transform classes.jar (project :geocoding_android) with DexingNoClasspathTransform
[        ] Caching disabled for DexingNoClasspathTransform: C:\eventful_app\build\geocoding_android\intermediates\runtime_library_classes_jar\debug\bundleLibRuntimeToJarDebug\classes.jar because:
[        ]   Build cache is disabled
[        ] Skipping DexingNoClasspathTransform: C:\eventful_app\build\geocoding_android\intermediates\runtime_library_classes_jar\debug\bundleLibRuntimeToJarDebug\classes.jar as it is up-to-date.
[        ] DexingOutputSplitTransform (Thread[#14564,Execution worker Thread 6,5,main]) started.
[        ] > Task :jni_flutter:bundleLibRuntimeToJarDebug UP-TO-DATE
[        ] Caching disabled for task ':jni_flutter:bundleLibRuntimeToJarDebug' because:
[        ]   Build cache is disabled
[        ]   Simple merging task
[        ] Skipping task ':jni_flutter:bundleLibRuntimeToJarDebug' as it is up-to-date.
[        ] work action resolve classes.jar (project :jni_flutter) (Thread[#14561,Execution worker Thread 3,5,main]) started.
[        ] IdentityTransform (Thread[#14561,Execution worker Thread 3,5,main]) started.
[        ] Resolve mutations for :jni:bundleLibRuntimeToJarDebug (Thread[#14571,Execution worker Thread 12,5,main]) started.
[        ] DexingNoClasspathTransform (Thread[#14561,Execution worker Thread 3,5,main]) started.
[        ] :jni:bundleLibRuntimeToJarDebug (Thread[#14571,Execution worker Thread 12,5,main]) started.
[        ] > Transform classes.jar (project :geolocator_android) with DexingNoClasspathTransform
[        ] Caching disabled for DexingNoClasspathTransform: C:\eventful_app\build\geolocator_android\intermediates\runtime_library_classes_jar\debug\bundleLibRuntimeToJarDebug\classes.jar because:
[        ]   Build cache is disabled
[        ] Skipping DexingNoClasspathTransform: C:\eventful_app\build\geolocator_android\intermediates\runtime_library_classes_jar\debug\bundleLibRuntimeToJarDebug\classes.jar as it is up-to-date.
[        ] > Task :jni:bundleLibRuntimeToJarDebug UP-TO-DATE
[        ] Caching disabled for task ':jni:bundleLibRuntimeToJarDebug' because:
[        ]   Build cache is disabled
[        ]   Simple merging task
[        ] Skipping task ':jni:bundleLibRuntimeToJarDebug' as it is up-to-date.
[        ] DexingOutputSplitTransform (Thread[#14570,Execution worker Thread 11,5,main]) started.
[        ] work action resolve classes.jar (project :jni) (Thread[#14571,Execution worker Thread 12,5,main]) started.
[        ] IdentityTransform (Thread[#14571,Execution worker Thread 12,5,main]) started.
[        ] Resolve mutations for :package_info_plus:bundleLibRuntimeToJarDebug (Thread[#14558,included builds,5,main]) started.
[        ] :package_info_plus:bundleLibRuntimeToJarDebug (Thread[#14558,included builds,5,main]) started.
[        ] > Transform classes.jar (project :jni_flutter) with DexingNoClasspathTransform
[        ] Caching disabled for DexingNoClasspathTransform: C:\eventful_app\build\jni_flutter\intermediates\runtime_library_classes_jar\debug\bundleLibRuntimeToJarDebug\classes.jar because:
[        ]   Build cache is disabled
[        ] Skipping DexingNoClasspathTransform: C:\eventful_app\build\jni_flutter\intermediates\runtime_library_classes_jar\debug\bundleLibRuntimeToJarDebug\classes.jar as it is up-to-date.
[        ] DexingOutputSplitTransform (Thread[#14563,Execution worker Thread 5,5,main]) started.
[        ] DexingNoClasspathTransform (Thread[#14571,Execution worker Thread 12,5,main]) started.
[        ] > Task :package_info_plus:bundleLibRuntimeToJarDebug UP-TO-DATE
[        ] Caching disabled for task ':package_info_plus:bundleLibRuntimeToJarDebug' because:
[        ]   Build cache is disabled
[        ]   Simple merging task
[        ] Skipping task ':package_info_plus:bundleLibRuntimeToJarDebug' as it is up-to-date.
[        ] work action resolve classes.jar (project :package_info_plus) (Thread[#14558,included builds,5,main]) started.
[        ] IdentityTransform (Thread[#14558,included builds,5,main]) started.
[        ] Resolve mutations for :share_plus:bundleLibRuntimeToJarDebug (Thread[#14570,Execution worker Thread 11,5,main]) started.
[        ] :share_plus:bundleLibRuntimeToJarDebug (Thread[#14570,Execution worker Thread 11,5,main]) started.
[        ] DexingNoClasspathTransform (Thread[#14558,included builds,5,main]) started.
[        ] > Transform classes.jar (project :jni) with DexingNoClasspathTransform
[        ] Caching disabled for DexingNoClasspathTransform: C:\eventful_app\build\jni\intermediates\runtime_library_classes_jar\debug\bundleLibRuntimeToJarDebug\classes.jar because:
[        ]   Build cache is disabled
[        ] Skipping DexingNoClasspathTransform: C:\eventful_app\build\jni\intermediates\runtime_library_classes_jar\debug\bundleLibRuntimeToJarDebug\classes.jar as it is up-to-date.
[        ] > Task :share_plus:bundleLibRuntimeToJarDebug UP-TO-DATE
[        ] Caching disabled for task ':share_plus:bundleLibRuntimeToJarDebug' because:
[        ]   Build cache is disabled
[        ]   Simple merging task
[        ] Skipping task ':share_plus:bundleLibRuntimeToJarDebug' as it is up-to-date.
[        ] work action resolve classes.jar (project :share_plus) (Thread[#14570,Execution worker Thread 11,5,main]) started.
[        ] IdentityTransform (Thread[#14570,Execution worker Thread 11,5,main]) started.
[        ] Resolve mutations for :shared_preferences_android:bundleLibRuntimeToJarDebug (Thread[#14561,Execution worker Thread 3,5,main]) started.
[        ] DexingOutputSplitTransform (Thread[#14571,Execution worker Thread 12,5,main]) started.
[        ] :shared_preferences_android:bundleLibRuntimeToJarDebug (Thread[#14561,Execution worker Thread 3,5,main]) started.
[        ] DexingNoClasspathTransform (Thread[#14570,Execution worker Thread 11,5,main]) started.
[        ] > Transform classes.jar (project :package_info_plus) with DexingNoClasspathTransform
[        ] Caching disabled for DexingNoClasspathTransform: C:\eventful_app\build\package_info_plus\intermediates\runtime_library_classes_jar\debug\bundleLibRuntimeToJarDebug\classes.jar because:
[        ]   Build cache is disabled
[        ] Skipping DexingNoClasspathTransform: C:\eventful_app\build\package_info_plus\intermediates\runtime_library_classes_jar\debug\bundleLibRuntimeToJarDebug\classes.jar as it is up-to-date.
[        ] DexingOutputSplitTransform (Thread[#14558,included builds,5,main]) started.
[        ] > Transform classes.jar (project :share_plus) with DexingNoClasspathTransform
[        ] Caching disabled for DexingNoClasspathTransform: C:\eventful_app\build\share_plus\intermediates\runtime_library_classes_jar\debug\bundleLibRuntimeToJarDebug\classes.jar because:
[        ]   Build cache is disabled
[        ] Skipping DexingNoClasspathTransform: C:\eventful_app\build\share_plus\intermediates\runtime_library_classes_jar\debug\bundleLibRuntimeToJarDebug\classes.jar as it is up-to-date.
[        ] > Task :shared_preferences_android:bundleLibRuntimeToJarDebug UP-TO-DATE
[        ] Caching disabled for task ':shared_preferences_android:bundleLibRuntimeToJarDebug' because:
[        ]   Build cache is disabled
[        ]   Simple merging task
[        ] Skipping task ':shared_preferences_android:bundleLibRuntimeToJarDebug' as it is up-to-date.
[        ] DexingOutputSplitTransform (Thread[#14570,Execution worker Thread 11,5,main]) started.
[        ] work action resolve classes.jar (project :shared_preferences_android) (Thread[#14561,Execution worker Thread 3,5,main]) started.
[        ] IdentityTransform (Thread[#14561,Execution worker Thread 3,5,main]) started.
[        ] Resolve mutations for :sqflite_android:bundleLibRuntimeToJarDebug (Thread[#14558,included builds,5,main]) started.
[        ] DexingNoClasspathTransform (Thread[#14561,Execution worker Thread 3,5,main]) started.
[        ] :sqflite_android:bundleLibRuntimeToJarDebug (Thread[#14558,included builds,5,main]) started.
[        ] > Task :sqflite_android:bundleLibRuntimeToJarDebug UP-TO-DATE
[        ] Caching disabled for task ':sqflite_android:bundleLibRuntimeToJarDebug' because:
[        ]   Build cache is disabled
[        ]   Simple merging task
[        ] Skipping task ':sqflite_android:bundleLibRuntimeToJarDebug' as it is up-to-date.
[        ] work action resolve classes.jar (project :sqflite_android) (Thread[#14558,included builds,5,main]) started.
[        ] IdentityTransform (Thread[#14558,included builds,5,main]) started.
[        ] Resolve mutations for :url_launcher_android:bundleLibRuntimeToJarDebug (Thread[#14571,Execution worker Thread 12,5,main]) started.
[        ] :url_launcher_android:bundleLibRuntimeToJarDebug (Thread[#14571,Execution worker Thread 12,5,main]) started.
[        ] DexingNoClasspathTransform (Thread[#14558,included builds,5,main]) started.
[        ] > Transform classes.jar (project :shared_preferences_android) with DexingNoClasspathTransform
[        ] Caching disabled for DexingNoClasspathTransform: C:\eventful_app\build\shared_preferences_android\intermediates\runtime_library_classes_jar\debug\bundleLibRuntimeToJarDebug\classes.jar because:
[        ]   Build cache is disabled
[        ] Skipping DexingNoClasspathTransform: C:\eventful_app\build\shared_preferences_android\intermediates\runtime_library_classes_jar\debug\bundleLibRuntimeToJarDebug\classes.jar as it is up-to-date.
[        ] DexingOutputSplitTransform (Thread[#14561,Execution worker Thread 3,5,main]) started.
[        ] > Task :url_launcher_android:bundleLibRuntimeToJarDebug UP-TO-DATE
[        ] Caching disabled for task ':url_launcher_android:bundleLibRuntimeToJarDebug' because:
[        ]   Build cache is disabled
[        ]   Simple merging task
[        ] Skipping task ':url_launcher_android:bundleLibRuntimeToJarDebug' as it is up-to-date.
[        ] work action resolve classes.jar (project :url_launcher_android) (Thread[#14571,Execution worker Thread 12,5,main]) started.
[        ] IdentityTransform (Thread[#14571,Execution worker Thread 12,5,main]) started.
[        ] Resolve mutations for :app:desugarDebugFileDependencies (Thread[#14568,Execution worker Thread 9,5,main]) started.
[        ] DexingNoClasspathTransform (Thread[#14571,Execution worker Thread 12,5,main]) started.
[        ] :app:desugarDebugFileDependencies (Thread[#14568,Execution worker Thread 9,5,main]) started.
[        ] > Transform classes.jar (project :sqflite_android) with DexingNoClasspathTransform
[        ] Caching disabled for DexingNoClasspathTransform: C:\eventful_app\build\sqflite_android\intermediates\runtime_library_classes_jar\debug\bundleLibRuntimeToJarDebug\classes.jar because:
[        ]   Build cache is disabled
[        ] Skipping DexingNoClasspathTransform: C:\eventful_app\build\sqflite_android\intermediates\runtime_library_classes_jar\debug\bundleLibRuntimeToJarDebug\classes.jar as it is up-to-date.
[        ] DexingOutputSplitTransform (Thread[#14558,included builds,5,main]) started.
[        ] > Transform classes.jar (project :url_launcher_android) with DexingNoClasspathTransform
[        ] Caching disabled for DexingNoClasspathTransform: C:\eventful_app\build\url_launcher_android\intermediates\runtime_library_classes_jar\debug\bundleLibRuntimeToJarDebug\classes.jar because:
[        ]   Build cache is disabled
[        ] Skipping DexingNoClasspathTransform: C:\eventful_app\build\url_launcher_android\intermediates\runtime_library_classes_jar\debug\bundleLibRuntimeToJarDebug\classes.jar as it is up-to-date.
[        ] DexingOutputSplitTransform (Thread[#14571,Execution worker Thread 12,5,main]) started.
[        ] > Task :app:desugarDebugFileDependencies UP-TO-DATE
[        ] Caching disabled for task ':app:desugarDebugFileDependencies' because:
[        ]   Build cache is disabled
[        ] Skipping task ':app:desugarDebugFileDependencies' as it is up-to-date.
[        ] Resolve mutations for :cloud_firestore:processDebugJavaRes (Thread[#14568,Execution worker Thread 9,5,main]) started.
[        ] :cloud_firestore:processDebugJavaRes (Thread[#14568,Execution worker Thread 9,5,main]) started.
[        ] > Task :cloud_firestore:processDebugJavaRes NO-SOURCE
[        ] file or directory 'C:\.pub-cache\hosted\pub.dev\cloud_firestore-5.6.2\android\src\main\resources', not found
[        ] file or directory 'C:\.pub-cache\hosted\pub.dev\cloud_firestore-5.6.2\android\src\debug\resources', not found
[        ] Skipping task ':cloud_firestore:processDebugJavaRes' as it has no source files and no previous output files.
[        ] work action resolve out (project :cloud_firestore) (Thread[#14568,Execution worker Thread 9,5,main]) started.
[        ] Resolve mutations for :device_info_plus:processDebugJavaRes (Thread[#14568,Execution worker Thread 9,5,main]) started.
[        ] :device_info_plus:processDebugJavaRes (Thread[#14568,Execution worker Thread 9,5,main]) started.
[        ] > Task :device_info_plus:processDebugJavaRes UP-TO-DATE
[        ] file or directory 'C:\.pub-cache\hosted\pub.dev\device_info_plus-10.1.2\android\src\main\resources', not found
[        ] file or directory 'C:\.pub-cache\hosted\pub.dev\device_info_plus-10.1.2\android\src\debug\resources', not found
[        ] file or directory 'C:\.pub-cache\hosted\pub.dev\device_info_plus-10.1.2\android\src\main\resources', not found
[        ] file or directory 'C:\.pub-cache\hosted\pub.dev\device_info_plus-10.1.2\android\src\debug\resources', not found
[        ] Caching disabled for task ':device_info_plus:processDebugJavaRes' because:
[        ]   Build cache is disabled
[        ]   Caching has been disabled for the task
[        ] Skipping task ':device_info_plus:processDebugJavaRes' as it is up-to-date.
[        ] work action resolve out (project :device_info_plus) (Thread[#14568,Execution worker Thread 9,5,main]) started.
[        ] Resolve mutations for :firebase_app_check:processDebugJavaRes (Thread[#14568,Execution worker Thread 9,5,main]) started.
[        ] :firebase_app_check:processDebugJavaRes (Thread[#14568,Execution worker Thread 9,5,main]) started.
[        ] > Task :firebase_app_check:processDebugJavaRes NO-SOURCE
[        ] file or directory 'C:\.pub-cache\hosted\pub.dev\firebase_app_check-0.3.1\android\src\main\resources', not found
[        ] file or directory 'C:\.pub-cache\hosted\pub.dev\firebase_app_check-0.3.1\android\src\debug\resources', not found
[        ] Skipping task ':firebase_app_check:processDebugJavaRes' as it has no source files and no previous output files.
[        ] work action resolve out (project :firebase_app_check) (Thread[#14568,Execution worker Thread 9,5,main]) started.
[        ] Resolve mutations for :firebase_auth:processDebugJavaRes (Thread[#14568,Execution worker Thread 9,5,main]) started.
[        ] :firebase_auth:processDebugJavaRes (Thread[#14568,Execution worker Thread 9,5,main]) started.
[        ] > Task :firebase_auth:processDebugJavaRes NO-SOURCE
[        ] file or directory 'C:\.pub-cache\hosted\pub.dev\firebase_auth-5.4.1\android\src\main\resources', not found
[        ] file or directory 'C:\.pub-cache\hosted\pub.dev\firebase_auth-5.4.1\android\src\debug\resources', not found
[        ] Skipping task ':firebase_auth:processDebugJavaRes' as it has no source files and no previous output files.
[        ] work action resolve out (project :firebase_auth) (Thread[#14568,Execution worker Thread 9,5,main]) started.
[        ] Resolve mutations for :firebase_core:processDebugJavaRes (Thread[#14568,Execution worker Thread 9,5,main]) started.
[        ] :firebase_core:processDebugJavaRes (Thread[#14568,Execution worker Thread 9,5,main]) started.
[        ] > Task :firebase_core:processDebugJavaRes NO-SOURCE
[        ] file or directory 'C:\.pub-cache\hosted\pub.dev\firebase_core-3.10.1\android\src\main\resources', not found
[        ] file or directory 'C:\.pub-cache\hosted\pub.dev\firebase_core-3.10.1\android\src\debug\resources', not found
[        ] Skipping task ':firebase_core:processDebugJavaRes' as it has no source files and no previous output files.
[        ] work action resolve out (project :firebase_core) (Thread[#14568,Execution worker Thread 9,5,main]) started.
[        ] Resolve mutations for :firebase_messaging:processDebugJavaRes (Thread[#14568,Execution worker Thread 9,5,main]) started.
[        ] :firebase_messaging:processDebugJavaRes (Thread[#14568,Execution worker Thread 9,5,main]) started.
[        ] > Task :firebase_messaging:processDebugJavaRes NO-SOURCE
[        ] file or directory 'C:\.pub-cache\hosted\pub.dev\firebase_messaging-15.2.1\android\src\main\resources', not found
[        ] file or directory 'C:\.pub-cache\hosted\pub.dev\firebase_messaging-15.2.1\android\src\debug\resources', not found
[        ] Skipping task ':firebase_messaging:processDebugJavaRes' as it has no source files and no previous output files.
[        ] work action resolve out (project :firebase_messaging) (Thread[#14568,Execution worker Thread 9,5,main]) started.
[        ] Resolve mutations for :firebase_storage:processDebugJavaRes (Thread[#14568,Execution worker Thread 9,5,main]) started.
[        ] :firebase_storage:processDebugJavaRes (Thread[#14568,Execution worker Thread 9,5,main]) started.
[        ] > Task :firebase_storage:processDebugJavaRes NO-SOURCE
[        ] file or directory 'C:\.pub-cache\hosted\pub.dev\firebase_storage-12.4.1\android\src\main\resources', not found
[        ] file or directory 'C:\.pub-cache\hosted\pub.dev\firebase_storage-12.4.1\android\src\debug\resources', not found
[        ] Skipping task ':firebase_storage:processDebugJavaRes' as it has no source files and no previous output files.
[        ] work action resolve out (project :firebase_storage) (Thread[#14568,Execution worker Thread 9,5,main]) started.
[        ] Resolve mutations for :flutter_local_notifications:processDebugJavaRes (Thread[#14568,Execution worker Thread 9,5,main]) started.
[        ] :flutter_local_notifications:processDebugJavaRes (Thread[#14568,Execution worker Thread 9,5,main]) started.
[        ] > Task :flutter_local_notifications:processDebugJavaRes NO-SOURCE
[        ] file or directory 'C:\.pub-cache\hosted\pub.dev\flutter_local_notifications-17.2.4\android\src\main\resources', not found
[        ] file or directory 'C:\.pub-cache\hosted\pub.dev\flutter_local_notifications-17.2.4\android\src\debug\resources', not found
[        ] Skipping task ':flutter_local_notifications:processDebugJavaRes' as it has no source files and no previous output files.
[        ] work action resolve out (project :flutter_local_notifications) (Thread[#14568,Execution worker Thread 9,5,main]) started.
[        ] Resolve mutations for :flutter_plugin_android_lifecycle:processDebugJavaRes (Thread[#14568,Execution worker Thread 9,5,main]) started.
[        ] :flutter_plugin_android_lifecycle:processDebugJavaRes (Thread[#14568,Execution worker Thread 9,5,main]) started.
[        ] > Task :flutter_plugin_android_lifecycle:processDebugJavaRes NO-SOURCE
[        ] file or directory 'C:\.pub-cache\hosted\pub.dev\flutter_plugin_android_lifecycle-2.0.34\android\src\main\resources', not found
[        ] file or directory 'C:\.pub-cache\hosted\pub.dev\flutter_plugin_android_lifecycle-2.0.34\android\src\debug\resources', not found
[        ] Skipping task ':flutter_plugin_android_lifecycle:processDebugJavaRes' as it has no source files and no previous output files.
[        ] work action resolve out (project :flutter_plugin_android_lifecycle) (Thread[#14568,Execution worker Thread 9,5,main]) started.
[        ] Resolve mutations for :geocoding_android:processDebugJavaRes (Thread[#14568,Execution worker Thread 9,5,main]) started.
[        ] :geocoding_android:processDebugJavaRes (Thread[#14568,Execution worker Thread 9,5,main]) started.
[        ] > Task :geocoding_android:processDebugJavaRes NO-SOURCE
[        ] file or directory 'C:\.pub-cache\hosted\pub.dev\geocoding_android-3.3.1\android\src\main\resources', not found
[        ] file or directory 'C:\.pub-cache\hosted\pub.dev\geocoding_android-3.3.1\android\src\debug\resources', not found
[        ] Skipping task ':geocoding_android:processDebugJavaRes' as it has no source files and no previous output files.
[        ] work action resolve out (project :geocoding_android) (Thread[#14568,Execution worker Thread 9,5,main]) started.
[        ] Resolve mutations for :geolocator_android:processDebugJavaRes (Thread[#14568,Execution worker Thread 9,5,main]) started.
[        ] :geolocator_android:processDebugJavaRes (Thread[#14568,Execution worker Thread 9,5,main]) started.
[        ] > Task :geolocator_android:processDebugJavaRes NO-SOURCE
[        ] file or directory 'C:\.pub-cache\hosted\pub.dev\geolocator_android-4.6.2\android\src\main\resources', not found
[        ] file or directory 'C:\.pub-cache\hosted\pub.dev\geolocator_android-4.6.2\android\src\debug\resources', not found
[        ] Skipping task ':geolocator_android:processDebugJavaRes' as it has no source files and no previous output files.
[        ] work action resolve out (project :geolocator_android) (Thread[#14568,Execution worker Thread 9,5,main]) started.
[        ] Resolve mutations for :google_maps_flutter_android:processDebugJavaRes (Thread[#14568,Execution worker Thread 9,5,main]) started.
[        ] :google_maps_flutter_android:processDebugJavaRes (Thread[#14568,Execution worker Thread 9,5,main]) started.
[        ] > Task :google_maps_flutter_android:processDebugJavaRes UP-TO-DATE
[        ] file or directory 'C:\.pub-cache\hosted\pub.dev\google_maps_flutter_android-2.19.8\android\src\main\resources', not found
[        ] file or directory 'C:\.pub-cache\hosted\pub.dev\google_maps_flutter_android-2.19.8\android\src\debug\resources', not found
[        ] file or directory 'C:\.pub-cache\hosted\pub.dev\google_maps_flutter_android-2.19.8\android\src\main\resources', not found
[        ] file or directory 'C:\.pub-cache\hosted\pub.dev\google_maps_flutter_android-2.19.8\android\src\debug\resources', not found
[        ] Caching disabled for task ':google_maps_flutter_android:processDebugJavaRes' because:
[        ]   Build cache is disabled
[        ]   Caching has been disabled for the task
[        ] Skipping task ':google_maps_flutter_android:processDebugJavaRes' as it is up-to-date.
[        ] work action resolve out (project :google_maps_flutter_android) (Thread[#14568,Execution worker Thread 9,5,main]) started.
[        ] Resolve mutations for :image_picker_android:processDebugJavaRes (Thread[#14568,Execution worker Thread 9,5,main]) started.
[        ] :image_picker_android:processDebugJavaRes (Thread[#14568,Execution worker Thread 9,5,main]) started.
[        ] > Task :image_picker_android:processDebugJavaRes NO-SOURCE
[        ] file or directory 'C:\.pub-cache\hosted\pub.dev\image_picker_android-0.8.13+16\android\src\main\resources', not found
[        ] file or directory 'C:\.pub-cache\hosted\pub.dev\image_picker_android-0.8.13+16\android\src\debug\resources', not found
[        ] Skipping task ':image_picker_android:processDebugJavaRes' as it has no source files and no previous output files.
[        ] work action resolve out (project :image_picker_android) (Thread[#14568,Execution worker Thread 9,5,main]) started.
[        ] Resolve mutations for :jni:processDebugJavaRes (Thread[#14568,Execution worker Thread 9,5,main]) started.
[        ] :jni:processDebugJavaRes (Thread[#14568,Execution worker Thread 9,5,main]) started.
[        ] > Task :jni:processDebugJavaRes NO-SOURCE
[        ] file or directory 'C:\.pub-cache\hosted\pub.dev\jni-1.0.0\android\src\main\resources', not found
[        ] file or directory 'C:\.pub-cache\hosted\pub.dev\jni-1.0.0\android\src\debug\resources', not found
[        ] Skipping task ':jni:processDebugJavaRes' as it has no source files and no previous output files.
[        ] work action resolve out (project :jni) (Thread[#14568,Execution worker Thread 9,5,main]) started.
[        ] Resolve mutations for :jni_flutter:processDebugJavaRes (Thread[#14568,Execution worker Thread 9,5,main]) started.
[        ] :jni_flutter:processDebugJavaRes (Thread[#14568,Execution worker Thread 9,5,main]) started.
[        ] > Task :jni_flutter:processDebugJavaRes NO-SOURCE
[        ] file or directory 'C:\.pub-cache\hosted\pub.dev\jni_flutter-1.0.1\android\src\main\resources', not found
[        ] file or directory 'C:\.pub-cache\hosted\pub.dev\jni_flutter-1.0.1\android\src\debug\resources', not found
[        ] Skipping task ':jni_flutter:processDebugJavaRes' as it has no source files and no previous output files.
[        ] work action resolve out (project :jni_flutter) (Thread[#14568,Execution worker Thread 9,5,main]) started.
[        ] Resolve mutations for :package_info_plus:processDebugJavaRes (Thread[#14568,Execution worker Thread 9,5,main]) started.
[        ] :package_info_plus:processDebugJavaRes (Thread[#14568,Execution worker Thread 9,5,main]) started.
[        ] > Task :package_info_plus:processDebugJavaRes UP-TO-DATE
[        ] file or directory 'C:\.pub-cache\hosted\pub.dev\package_info_plus-8.3.1\android\src\main\resources', not found
[        ] file or directory 'C:\.pub-cache\hosted\pub.dev\package_info_plus-8.3.1\android\src\debug\resources', not found
[        ] file or directory 'C:\.pub-cache\hosted\pub.dev\package_info_plus-8.3.1\android\src\main\resources', not found
[        ] file or directory 'C:\.pub-cache\hosted\pub.dev\package_info_plus-8.3.1\android\src\debug\resources', not found
[        ] Caching disabled for task ':package_info_plus:processDebugJavaRes' because:
[        ]   Build cache is disabled
[        ]   Caching has been disabled for the task
[        ] Skipping task ':package_info_plus:processDebugJavaRes' as it is up-to-date.
[        ] work action resolve out (project :package_info_plus) (Thread[#14568,Execution worker Thread 9,5,main]) started.
[        ] Resolve mutations for :share_plus:processDebugJavaRes (Thread[#14568,Execution worker Thread 9,5,main]) started.
[        ] :share_plus:processDebugJavaRes (Thread[#14568,Execution worker Thread 9,5,main]) started.
[  +76 ms] > Task :share_plus:processDebugJavaRes UP-TO-DATE
[        ] file or directory 'C:\.pub-cache\hosted\pub.dev\share_plus-10.1.4\android\src\main\resources', not found
[        ] file or directory 'C:\.pub-cache\hosted\pub.dev\share_plus-10.1.4\android\src\debug\resources', not found
[        ] file or directory 'C:\.pub-cache\hosted\pub.dev\share_plus-10.1.4\android\src\main\resources', not found
[        ] file or directory 'C:\.pub-cache\hosted\pub.dev\share_plus-10.1.4\android\src\debug\resources', not found
[        ] Caching disabled for task ':share_plus:processDebugJavaRes' because:
[        ]   Build cache is disabled
[        ]   Caching has been disabled for the task
[        ] Skipping task ':share_plus:processDebugJavaRes' as it is up-to-date.
[        ] work action resolve out (project :share_plus) (Thread[#14568,Execution worker Thread 9,5,main]) started.
[        ] Resolve mutations for :shared_preferences_android:processDebugJavaRes (Thread[#14568,Execution worker Thread 9,5,main]) started.
[        ] :shared_preferences_android:processDebugJavaRes (Thread[#14568,Execution worker Thread 9,5,main]) started.
[        ] > Task :shared_preferences_android:processDebugJavaRes UP-TO-DATE
[        ] file or directory 'C:\.pub-cache\hosted\pub.dev\shared_preferences_android-2.4.23\android\src\main\resources', not found
[        ] file or directory 'C:\.pub-cache\hosted\pub.dev\shared_preferences_android-2.4.23\android\src\debug\resources', not found
[        ] file or directory 'C:\.pub-cache\hosted\pub.dev\shared_preferences_android-2.4.23\android\src\main\resources', not found
[        ] file or directory 'C:\.pub-cache\hosted\pub.dev\shared_preferences_android-2.4.23\android\src\debug\resources', not found
[        ] Caching disabled for task ':shared_preferences_android:processDebugJavaRes' because:
[        ]   Build cache is disabled
[        ]   Caching has been disabled for the task
[        ] Skipping task ':shared_preferences_android:processDebugJavaRes' as it is up-to-date.
[        ] work action resolve out (project :shared_preferences_android) (Thread[#14568,Execution worker Thread 9,5,main]) started.
[        ] Resolve mutations for :sqflite_android:processDebugJavaRes (Thread[#14568,Execution worker Thread 9,5,main]) started.
[        ] :sqflite_android:processDebugJavaRes (Thread[#14568,Execution worker Thread 9,5,main]) started.
[        ] > Task :sqflite_android:processDebugJavaRes NO-SOURCE
[        ] file or directory 'C:\.pub-cache\hosted\pub.dev\sqflite_android-2.4.2+3\android\src\main\resources', not found
[        ] file or directory 'C:\.pub-cache\hosted\pub.dev\sqflite_android-2.4.2+3\android\src\debug\resources', not found
[        ] Skipping task ':sqflite_android:processDebugJavaRes' as it has no source files and no previous output files.
[        ] work action resolve out (project :sqflite_android) (Thread[#14568,Execution worker Thread 9,5,main]) started.
[        ] Resolve mutations for :url_launcher_android:processDebugJavaRes (Thread[#14568,Execution worker Thread 9,5,main]) started.
[        ] :url_launcher_android:processDebugJavaRes (Thread[#14568,Execution worker Thread 9,5,main]) started.
[        ] > Task :url_launcher_android:processDebugJavaRes NO-SOURCE
[        ] file or directory 'C:\.pub-cache\hosted\pub.dev\url_launcher_android-6.3.29\android\src\main\resources', not found
[        ] file or directory 'C:\.pub-cache\hosted\pub.dev\url_launcher_android-6.3.29\android\src\debug\resources', not found
[        ] Skipping task ':url_launcher_android:processDebugJavaRes' as it has no source files and no previous output files.
[        ] work action resolve out (project :url_launcher_android) (Thread[#14568,Execution worker Thread 9,5,main]) started.
[        ] Resolve mutations for :app:checkDebugDuplicateClasses (Thread[#14568,Execution worker Thread 9,5,main]) started.
[        ] :app:checkDebugDuplicateClasses (Thread[#14568,Execution worker Thread 9,5,main]) started.
[        ] > Task :app:checkDebugDuplicateClasses UP-TO-DATE
[        ] Caching disabled for task ':app:checkDebugDuplicateClasses' because:
[        ]   Build cache is disabled
[        ]   Caching has been disabled for the task
[        ] Skipping task ':app:checkDebugDuplicateClasses' as it is up-to-date.
[        ] Resolve mutations for :app:mergeExtDexDebug (Thread[#14568,Execution worker Thread 9,5,main]) started.
[        ] :app:mergeExtDexDebug (Thread[#14568,Execution worker Thread 9,5,main]) started.
[  +88 ms] > Task :app:mergeExtDexDebug UP-TO-DATE
[        ] Caching disabled for task ':app:mergeExtDexDebug' because:
[        ]   Build cache is disabled
[        ] Skipping task ':app:mergeExtDexDebug' as it is up-to-date.
[        ] Resolve mutations for :cloud_firestore:bundleLibRuntimeToDirDebug (Thread[#14568,Execution worker Thread 9,5,main]) started.
[        ] :cloud_firestore:bundleLibRuntimeToDirDebug (Thread[#14568,Execution worker Thread 9,5,main]) started.
[        ] > Task :cloud_firestore:bundleLibRuntimeToDirDebug UP-TO-DATE
[        ] Caching disabled for task ':cloud_firestore:bundleLibRuntimeToDirDebug' because:
[        ]   Build cache is disabled
[        ]   Simple merging task
[        ] Skipping task ':cloud_firestore:bundleLibRuntimeToDirDebug' as it is up-to-date.
[        ] work action resolve bundleLibRuntimeToDirDebug (project :cloud_firestore) (Thread[#14568,Execution worker Thread 9,5,main]) started.
[        ] ClassesDirToClassesTransform (Thread[#14568,Execution worker Thread 9,5,main]) started.
[        ] Resolve mutations for :device_info_plus:bundleLibRuntimeToDirDebug (Thread[#14559,Execution worker,5,main]) started.
[        ] DexingNoClasspathTransform (Thread[#14568,Execution worker Thread 9,5,main]) started.
[        ] :device_info_plus:bundleLibRuntimeToDirDebug (Thread[#14559,Execution worker,5,main]) started.
[        ] > Task :device_info_plus:bundleLibRuntimeToDirDebug UP-TO-DATE
[        ] Caching disabled for task ':device_info_plus:bundleLibRuntimeToDirDebug' because:
[        ]   Build cache is disabled
[        ]   Simple merging task
[        ] Skipping task ':device_info_plus:bundleLibRuntimeToDirDebug' as it is up-to-date.
[        ] work action resolve bundleLibRuntimeToDirDebug (project :device_info_plus) (Thread[#14559,Execution worker,5,main]) started.
[        ] ClassesDirToClassesTransform (Thread[#14559,Execution worker,5,main]) started.
[        ] Resolve mutations for :firebase_app_check:bundleLibRuntimeToDirDebug (Thread[#14573,Execution worker Thread 14,5,main]) started.
[        ] :firebase_app_check:bundleLibRuntimeToDirDebug (Thread[#14573,Execution worker Thread 14,5,main]) started.
[        ] DexingNoClasspathTransform (Thread[#14559,Execution worker,5,main]) started.
[        ] > Task :firebase_app_check:bundleLibRuntimeToDirDebug UP-TO-DATE
[        ] Caching disabled for task ':firebase_app_check:bundleLibRuntimeToDirDebug' because:
[        ]   Build cache is disabled
[        ]   Simple merging task
[        ] Skipping task ':firebase_app_check:bundleLibRuntimeToDirDebug' as it is up-to-date.
[        ] work action resolve bundleLibRuntimeToDirDebug (project :firebase_app_check) (Thread[#14573,Execution worker Thread 14,5,main]) started.
[        ] ClassesDirToClassesTransform (Thread[#14573,Execution worker Thread 14,5,main]) started.
[        ] Resolve mutations for :firebase_auth:bundleLibRuntimeToDirDebug (Thread[#14560,Execution worker Thread 2,5,main]) started.
[        ] :firebase_auth:bundleLibRuntimeToDirDebug (Thread[#14560,Execution worker Thread 2,5,main]) started.
[        ] DexingNoClasspathTransform (Thread[#14573,Execution worker Thread 14,5,main]) started.
[        ] > Transform bundleLibRuntimeToDirDebug (project :device_info_plus) with DexingNoClasspathTransform
[        ] Caching disabled for DexingNoClasspathTransform: C:\eventful_app\build\device_info_plus\intermediates\runtime_library_classes_dir\debug\bundleLibRuntimeToDirDebug because:
[        ]   Build cache is disabled
[        ] Skipping DexingNoClasspathTransform: C:\eventful_app\build\device_info_plus\intermediates\runtime_library_classes_dir\debug\bundleLibRuntimeToDirDebug as it is up-to-date.
[        ] DexingOutputSplitTransform (Thread[#14559,Execution worker,5,main]) started.
[        ] > Transform bundleLibRuntimeToDirDebug (project :cloud_firestore) with DexingNoClasspathTransform
[        ] Caching disabled for DexingNoClasspathTransform: C:\eventful_app\build\cloud_firestore\intermediates\runtime_library_classes_dir\debug\bundleLibRuntimeToDirDebug because:
[        ]   Build cache is disabled
[        ] Skipping DexingNoClasspathTransform: C:\eventful_app\build\cloud_firestore\intermediates\runtime_library_classes_dir\debug\bundleLibRuntimeToDirDebug as it is up-to-date.
[        ] DexingOutputSplitTransform (Thread[#14568,Execution worker Thread 9,5,main]) started.
[        ] > Transform bundleLibRuntimeToDirDebug (project :firebase_app_check) with DexingNoClasspathTransform
[        ] Caching disabled for DexingNoClasspathTransform: C:\eventful_app\build\firebase_app_check\intermediates\runtime_library_classes_dir\debug\bundleLibRuntimeToDirDebug because:
[        ]   Build cache is disabled
[        ] Skipping DexingNoClasspathTransform: C:\eventful_app\build\firebase_app_check\intermediates\runtime_library_classes_dir\debug\bundleLibRuntimeToDirDebug as it is up-to-date.
[        ] DexingOutputSplitTransform (Thread[#14573,Execution worker Thread 14,5,main]) started.
[        ] > Task :firebase_auth:bundleLibRuntimeToDirDebug UP-TO-DATE
[        ] Caching disabled for task ':firebase_auth:bundleLibRuntimeToDirDebug' because:
[        ]   Build cache is disabled
[        ]   Simple merging task
[        ] Skipping task ':firebase_auth:bundleLibRuntimeToDirDebug' as it is up-to-date.
[        ] work action resolve bundleLibRuntimeToDirDebug (project :firebase_auth) (Thread[#14560,Execution worker Thread 2,5,main]) started.
[        ] ClassesDirToClassesTransform (Thread[#14560,Execution worker Thread 2,5,main]) started.
[        ] Resolve mutations for :firebase_messaging:bundleLibRuntimeToDirDebug (Thread[#14573,Execution worker Thread 14,5,main]) started.
[        ] :firebase_messaging:bundleLibRuntimeToDirDebug (Thread[#14573,Execution worker Thread 14,5,main]) started.
[        ] DexingNoClasspathTransform (Thread[#14560,Execution worker Thread 2,5,main]) started.
[        ] > Task :firebase_messaging:bundleLibRuntimeToDirDebug UP-TO-DATE
[        ] Caching disabled for task ':firebase_messaging:bundleLibRuntimeToDirDebug' because:
[        ]   Build cache is disabled
[        ]   Simple merging task
[        ] Skipping task ':firebase_messaging:bundleLibRuntimeToDirDebug' as it is up-to-date.
[        ] work action resolve bundleLibRuntimeToDirDebug (project :firebase_messaging) (Thread[#14573,Execution worker Thread 14,5,main]) started.
[        ] ClassesDirToClassesTransform (Thread[#14573,Execution worker Thread 14,5,main]) started.
[        ] Resolve mutations for :firebase_storage:bundleLibRuntimeToDirDebug (Thread[#14561,Execution worker Thread 3,5,main]) started.
[        ] :firebase_storage:bundleLibRuntimeToDirDebug (Thread[#14561,Execution worker Thread 3,5,main]) started.
[        ] DexingNoClasspathTransform (Thread[#14573,Execution worker Thread 14,5,main]) started.
[        ] > Task :firebase_storage:bundleLibRuntimeToDirDebug UP-TO-DATE
[        ] Caching disabled for task ':firebase_storage:bundleLibRuntimeToDirDebug' because:
[        ]   Build cache is disabled
[        ]   Simple merging task
[        ] Skipping task ':firebase_storage:bundleLibRuntimeToDirDebug' as it is up-to-date.
[        ] work action resolve bundleLibRuntimeToDirDebug (project :firebase_storage) (Thread[#14561,Execution worker Thread 3,5,main]) started.
[        ] > Transform bundleLibRuntimeToDirDebug (project :firebase_messaging) with DexingNoClasspathTransform
[        ] Caching disabled for DexingNoClasspathTransform: C:\eventful_app\build\firebase_messaging\intermediates\runtime_library_classes_dir\debug\bundleLibRuntimeToDirDebug because:
[        ]   Build cache is disabled
[        ] Skipping DexingNoClasspathTransform: C:\eventful_app\build\firebase_messaging\intermediates\runtime_library_classes_dir\debug\bundleLibRuntimeToDirDebug as it is up-to-date.
[        ] DexingOutputSplitTransform (Thread[#14573,Execution worker Thread 14,5,main]) started.
[        ] ClassesDirToClassesTransform (Thread[#14561,Execution worker Thread 3,5,main]) started.
[        ] Resolve mutations for :firebase_core:bundleLibRuntimeToDirDebug (Thread[#14562,Execution worker Thread 4,5,main]) started.
[        ] :firebase_core:bundleLibRuntimeToDirDebug (Thread[#14562,Execution worker Thread 4,5,main]) started.
[        ] DexingNoClasspathTransform (Thread[#14561,Execution worker Thread 3,5,main]) started.
[ +108 ms] > Transform bundleLibRuntimeToDirDebug (project :firebase_auth) with DexingNoClasspathTransform
[        ] Caching disabled for DexingNoClasspathTransform: C:\eventful_app\build\firebase_auth\intermediates\runtime_library_classes_dir\debug\bundleLibRuntimeToDirDebug because:
[        ]   Build cache is disabled
[        ] Skipping DexingNoClasspathTransform: C:\eventful_app\build\firebase_auth\intermediates\runtime_library_classes_dir\debug\bundleLibRuntimeToDirDebug as it is up-to-date.
[        ] DexingOutputSplitTransform (Thread[#14560,Execution worker Thread 2,5,main]) started.
[        ] > Task :firebase_core:bundleLibRuntimeToDirDebug UP-TO-DATE
[        ] Caching disabled for task ':firebase_core:bundleLibRuntimeToDirDebug' because:
[        ]   Build cache is disabled
[        ]   Simple merging task
[        ] Skipping task ':firebase_core:bundleLibRuntimeToDirDebug' as it is up-to-date.
[        ] work action resolve bundleLibRuntimeToDirDebug (project :firebase_core) (Thread[#14562,Execution worker Thread 4,5,main]) started.
[        ] ClassesDirToClassesTransform (Thread[#14562,Execution worker Thread 4,5,main]) started.
[        ] Resolve mutations for :flutter_local_notifications:bundleLibRuntimeToDirDebug (Thread[#14571,Execution worker Thread 12,5,main]) started.
[        ] DexingNoClasspathTransform (Thread[#14562,Execution worker Thread 4,5,main]) started.
[        ] :flutter_local_notifications:bundleLibRuntimeToDirDebug (Thread[#14571,Execution worker Thread 12,5,main]) started.
[        ] > Transform bundleLibRuntimeToDirDebug (project :firebase_core) with DexingNoClasspathTransform
[        ] Caching disabled for DexingNoClasspathTransform: C:\eventful_app\build\firebase_core\intermediates\runtime_library_classes_dir\debug\bundleLibRuntimeToDirDebug because:
[        ]   Build cache is disabled
[        ] Skipping DexingNoClasspathTransform: C:\eventful_app\build\firebase_core\intermediates\runtime_library_classes_dir\debug\bundleLibRuntimeToDirDebug as it is up-to-date.
[        ] DexingOutputSplitTransform (Thread[#14562,Execution worker Thread 4,5,main]) started.
[        ] > Transform bundleLibRuntimeToDirDebug (project :firebase_storage) with DexingNoClasspathTransform
[        ] Caching disabled for DexingNoClasspathTransform: C:\eventful_app\build\firebase_storage\intermediates\runtime_library_classes_dir\debug\bundleLibRuntimeToDirDebug because:
[        ]   Build cache is disabled
[        ] Skipping DexingNoClasspathTransform: C:\eventful_app\build\firebase_storage\intermediates\runtime_library_classes_dir\debug\bundleLibRuntimeToDirDebug as it is up-to-date.
[        ] DexingOutputSplitTransform (Thread[#14561,Execution worker Thread 3,5,main]) started.
[        ] > Task :flutter_local_notifications:bundleLibRuntimeToDirDebug UP-TO-DATE
[        ] Caching disabled for task ':flutter_local_notifications:bundleLibRuntimeToDirDebug' because:
[        ]   Build cache is disabled
[        ]   Simple merging task
[        ] Skipping task ':flutter_local_notifications:bundleLibRuntimeToDirDebug' as it is up-to-date.
[        ] work action resolve bundleLibRuntimeToDirDebug (project :flutter_local_notifications) (Thread[#14571,Execution worker Thread 12,5,main]) started.
[        ] ClassesDirToClassesTransform (Thread[#14571,Execution worker Thread 12,5,main]) started.
[        ] Resolve mutations for :google_maps_flutter_android:bundleLibRuntimeToDirDebug (Thread[#14570,Execution worker Thread 11,5,main]) started.
[        ] :google_maps_flutter_android:bundleLibRuntimeToDirDebug (Thread[#14570,Execution worker Thread 11,5,main]) started.
[        ] DexingNoClasspathTransform (Thread[#14571,Execution worker Thread 12,5,main]) started.
[        ] > Transform bundleLibRuntimeToDirDebug (project :flutter_local_notifications) with DexingNoClasspathTransform
[        ] Caching disabled for DexingNoClasspathTransform: C:\eventful_app\build\flutter_local_notifications\intermediates\runtime_library_classes_dir\debug\bundleLibRuntimeToDirDebug because:
[        ]   Build cache is disabled
[        ] Skipping DexingNoClasspathTransform: C:\eventful_app\build\flutter_local_notifications\intermediates\runtime_library_classes_dir\debug\bundleLibRuntimeToDirDebug as it is up-to-date.
[        ] DexingOutputSplitTransform (Thread[#14571,Execution worker Thread 12,5,main]) started.
[        ] > Task :google_maps_flutter_android:bundleLibRuntimeToDirDebug UP-TO-DATE
[        ] Caching disabled for task ':google_maps_flutter_android:bundleLibRuntimeToDirDebug' because:
[        ]   Build cache is disabled
[        ]   Simple merging task
[        ] Skipping task ':google_maps_flutter_android:bundleLibRuntimeToDirDebug' as it is up-to-date.
[        ] work action resolve bundleLibRuntimeToDirDebug (project :google_maps_flutter_android) (Thread[#14570,Execution worker Thread 11,5,main]) started.
[        ] ClassesDirToClassesTransform (Thread[#14570,Execution worker Thread 11,5,main]) started.
[        ] Resolve mutations for :image_picker_android:bundleLibRuntimeToDirDebug (Thread[#14571,Execution worker Thread 12,5,main]) started.
[        ] :image_picker_android:bundleLibRuntimeToDirDebug (Thread[#14571,Execution worker Thread 12,5,main]) started.
[        ] DexingNoClasspathTransform (Thread[#14570,Execution worker Thread 11,5,main]) started.
[        ] > Task :image_picker_android:bundleLibRuntimeToDirDebug UP-TO-DATE
[        ] Caching disabled for task ':image_picker_android:bundleLibRuntimeToDirDebug' because:
[        ]   Build cache is disabled
[        ]   Simple merging task
[        ] Skipping task ':image_picker_android:bundleLibRuntimeToDirDebug' as it is up-to-date.
[        ] work action resolve bundleLibRuntimeToDirDebug (project :image_picker_android) (Thread[#14571,Execution worker Thread 12,5,main]) started.
[        ] ClassesDirToClassesTransform (Thread[#14571,Execution worker Thread 12,5,main]) started.
[        ] Resolve mutations for :flutter_plugin_android_lifecycle:bundleLibRuntimeToDirDebug (Thread[#14562,Execution worker Thread 4,5,main]) started.
[        ] DexingNoClasspathTransform (Thread[#14571,Execution worker Thread 12,5,main]) started.
[        ] :flutter_plugin_android_lifecycle:bundleLibRuntimeToDirDebug (Thread[#14562,Execution worker Thread 4,5,main]) started.
[        ] > Task :flutter_plugin_android_lifecycle:bundleLibRuntimeToDirDebug UP-TO-DATE
[        ] Caching disabled for task ':flutter_plugin_android_lifecycle:bundleLibRuntimeToDirDebug' because:
[        ]   Build cache is disabled
[        ]   Simple merging task
[        ] Skipping task ':flutter_plugin_android_lifecycle:bundleLibRuntimeToDirDebug' as it is up-to-date.
[        ] work action resolve bundleLibRuntimeToDirDebug (project :flutter_plugin_android_lifecycle) (Thread[#14562,Execution worker Thread 4,5,main]) started.
[        ] ClassesDirToClassesTransform (Thread[#14562,Execution worker Thread 4,5,main]) started.
[        ] Resolve mutations for :geocoding_android:bundleLibRuntimeToDirDebug (Thread[#14559,Execution worker,5,main]) started.
[        ] DexingNoClasspathTransform (Thread[#14562,Execution worker Thread 4,5,main]) started.
[        ] :geocoding_android:bundleLibRuntimeToDirDebug (Thread[#14559,Execution worker,5,main]) started.
[        ] > Task :geocoding_android:bundleLibRuntimeToDirDebug UP-TO-DATE
[        ] Caching disabled for task ':geocoding_android:bundleLibRuntimeToDirDebug' because:
[        ]   Build cache is disabled
[        ]   Simple merging task
[        ] Skipping task ':geocoding_android:bundleLibRuntimeToDirDebug' as it is up-to-date.
[        ] work action resolve bundleLibRuntimeToDirDebug (project :geocoding_android) (Thread[#14559,Execution worker,5,main]) started.
[        ] Resolve mutations for :geolocator_android:bundleLibRuntimeToDirDebug (Thread[#14573,Execution worker Thread 14,5,main]) started.
[        ] :geolocator_android:bundleLibRuntimeToDirDebug (Thread[#14573,Execution worker Thread 14,5,main]) started.
[        ] > Transform bundleLibRuntimeToDirDebug (project :image_picker_android) with DexingNoClasspathTransform
[        ] Caching disabled for DexingNoClasspathTransform: C:\eventful_app\build\image_picker_android\intermediates\runtime_library_classes_dir\debug\bundleLibRuntimeToDirDebug because:
[        ]   Build cache is disabled
[        ] Skipping DexingNoClasspathTransform: C:\eventful_app\build\image_picker_android\intermediates\runtime_library_classes_dir\debug\bundleLibRuntimeToDirDebug as it is up-to-date.
[        ] DexingOutputSplitTransform (Thread[#14571,Execution worker Thread 12,5,main]) started.
[        ] > Task :geolocator_android:bundleLibRuntimeToDirDebug UP-TO-DATE
[        ] Caching disabled for task ':geolocator_android:bundleLibRuntimeToDirDebug' because:
[        ]   Build cache is disabled
[        ]   Simple merging task
[        ] Skipping task ':geolocator_android:bundleLibRuntimeToDirDebug' as it is up-to-date.
[        ] work action resolve bundleLibRuntimeToDirDebug (project :geolocator_android) (Thread[#14573,Execution worker Thread 14,5,main]) started.
[        ] ClassesDirToClassesTransform (Thread[#14573,Execution worker Thread 14,5,main]) started.
[        ] DexingNoClasspathTransform (Thread[#14573,Execution worker Thread 14,5,main]) started.
[        ] ClassesDirToClassesTransform (Thread[#14559,Execution worker,5,main]) started.
[        ] Resolve mutations for :jni_flutter:bundleLibRuntimeToDirDebug (Thread[#14560,Execution worker Thread 2,5,main]) started.
[        ] :jni_flutter:bundleLibRuntimeToDirDebug (Thread[#14560,Execution worker Thread 2,5,main]) started.
[        ] DexingNoClasspathTransform (Thread[#14559,Execution worker,5,main]) started.
[        ] > Transform bundleLibRuntimeToDirDebug (project :google_maps_flutter_android) with DexingNoClasspathTransform
[        ] Caching disabled for DexingNoClasspathTransform: C:\eventful_app\build\google_maps_flutter_android\intermediates\runtime_library_classes_dir\debug\bundleLibRuntimeToDirDebug because:
[        ]   Build cache is disabled
[        ] Skipping DexingNoClasspathTransform: C:\eventful_app\build\google_maps_flutter_android\intermediates\runtime_library_classes_dir\debug\bundleLibRuntimeToDirDebug as it is up-to-date.
[        ] > Transform bundleLibRuntimeToDirDebug (project :flutter_plugin_android_lifecycle) with DexingNoClasspathTransform
[        ] Caching disabled for DexingNoClasspathTransform: C:\eventful_app\build\flutter_plugin_android_lifecycle\intermediates\runtime_library_classes_dir\debug\bundleLibRuntimeToDirDebug because:
[        ]   Build cache is disabled
[        ] Skipping DexingNoClasspathTransform: C:\eventful_app\build\flutter_plugin_android_lifecycle\intermediates\runtime_library_classes_dir\debug\bundleLibRuntimeToDirDebug as it is up-to-date.
[        ] DexingOutputSplitTransform (Thread[#14570,Execution worker Thread 11,5,main]) started.
[        ] DexingOutputSplitTransform (Thread[#14562,Execution worker Thread 4,5,main]) started.
[        ] > Transform bundleLibRuntimeToDirDebug (project :geolocator_android) with DexingNoClasspathTransform
[        ] Caching disabled for DexingNoClasspathTransform: C:\eventful_app\build\geolocator_android\intermediates\runtime_library_classes_dir\debug\bundleLibRuntimeToDirDebug because:
[        ]   Build cache is disabled
[        ] Skipping DexingNoClasspathTransform: C:\eventful_app\build\geolocator_android\intermediates\runtime_library_classes_dir\debug\bundleLibRuntimeToDirDebug as it is up-to-date.
[        ] DexingOutputSplitTransform (Thread[#14573,Execution worker Thread 14,5,main]) started.
[        ] > Task :jni_flutter:bundleLibRuntimeToDirDebug UP-TO-DATE
[        ] Caching disabled for task ':jni_flutter:bundleLibRuntimeToDirDebug' because:
[        ]   Build cache is disabled
[        ]   Simple merging task
[        ] Skipping task ':jni_flutter:bundleLibRuntimeToDirDebug' as it is up-to-date.
[        ] work action resolve bundleLibRuntimeToDirDebug (project :jni_flutter) (Thread[#14560,Execution worker Thread 2,5,main]) started.
[        ] ClassesDirToClassesTransform (Thread[#14560,Execution worker Thread 2,5,main]) started.
[        ] Resolve mutations for :jni:bundleLibRuntimeToDirDebug (Thread[#14569,Execution worker Thread 10,5,main]) started.
[        ] DexingNoClasspathTransform (Thread[#14560,Execution worker Thread 2,5,main]) started.
[        ] :jni:bundleLibRuntimeToDirDebug (Thread[#14569,Execution worker Thread 10,5,main]) started.
[        ] > Transform bundleLibRuntimeToDirDebug (project :geocoding_android) with DexingNoClasspathTransform
[        ] Caching disabled for DexingNoClasspathTransform: C:\eventful_app\build\geocoding_android\intermediates\runtime_library_classes_dir\debug\bundleLibRuntimeToDirDebug because:
[        ]   Build cache is disabled
[        ] Skipping DexingNoClasspathTransform: C:\eventful_app\build\geocoding_android\intermediates\runtime_library_classes_dir\debug\bundleLibRuntimeToDirDebug as it is up-to-date.
[        ] DexingOutputSplitTransform (Thread[#14559,Execution worker,5,main]) started.
[        ] > Transform bundleLibRuntimeToDirDebug (project :jni_flutter) with DexingNoClasspathTransform
[        ] Caching disabled for DexingNoClasspathTransform: C:\eventful_app\build\jni_flutter\intermediates\runtime_library_classes_dir\debug\bundleLibRuntimeToDirDebug because:
[        ]   Build cache is disabled
[        ] Skipping DexingNoClasspathTransform: C:\eventful_app\build\jni_flutter\intermediates\runtime_library_classes_dir\debug\bundleLibRuntimeToDirDebug as it is up-to-date.
[        ] DexingOutputSplitTransform (Thread[#14560,Execution worker Thread 2,5,main]) started.
[        ] > Task :jni:bundleLibRuntimeToDirDebug UP-TO-DATE
[        ] Caching disabled for task ':jni:bundleLibRuntimeToDirDebug' because:
[        ]   Build cache is disabled
[        ]   Simple merging task
[        ] Skipping task ':jni:bundleLibRuntimeToDirDebug' as it is up-to-date.
[        ] work action resolve bundleLibRuntimeToDirDebug (project :jni) (Thread[#14569,Execution worker Thread 10,5,main]) started.
[        ] ClassesDirToClassesTransform (Thread[#14569,Execution worker Thread 10,5,main]) started.
[        ] Resolve mutations for :package_info_plus:bundleLibRuntimeToDirDebug (Thread[#14559,Execution worker,5,main]) started.
[        ] :package_info_plus:bundleLibRuntimeToDirDebug (Thread[#14559,Execution worker,5,main]) started.
[        ] DexingNoClasspathTransform (Thread[#14569,Execution worker Thread 10,5,main]) started.
[        ] > Task :package_info_plus:bundleLibRuntimeToDirDebug UP-TO-DATE
[        ] Caching disabled for task ':package_info_plus:bundleLibRuntimeToDirDebug' because:
[        ]   Build cache is disabled
[        ]   Simple merging task
[        ] Skipping task ':package_info_plus:bundleLibRuntimeToDirDebug' as it is up-to-date.
[        ] work action resolve bundleLibRuntimeToDirDebug (project :package_info_plus) (Thread[#14559,Execution worker,5,main]) started.
[        ] ClassesDirToClassesTransform (Thread[#14559,Execution worker,5,main]) started.
[        ] Resolve mutations for :share_plus:bundleLibRuntimeToDirDebug (Thread[#14560,Execution worker Thread 2,5,main]) started.
[        ] DexingNoClasspathTransform (Thread[#14559,Execution worker,5,main]) started.
[        ] :share_plus:bundleLibRuntimeToDirDebug (Thread[#14560,Execution worker Thread 2,5,main]) started.
[        ] > Transform bundleLibRuntimeToDirDebug (project :jni) with DexingNoClasspathTransform
[        ] Caching disabled for DexingNoClasspathTransform: C:\eventful_app\build\jni\intermediates\runtime_library_classes_dir\debug\bundleLibRuntimeToDirDebug because:
[        ]   Build cache is disabled
[        ] Skipping DexingNoClasspathTransform: C:\eventful_app\build\jni\intermediates\runtime_library_classes_dir\debug\bundleLibRuntimeToDirDebug as it is up-to-date.
[        ] DexingOutputSplitTransform (Thread[#14569,Execution worker Thread 10,5,main]) started.
[        ] > Transform bundleLibRuntimeToDirDebug (project :package_info_plus) with DexingNoClasspathTransform
[        ] Caching disabled for DexingNoClasspathTransform: C:\eventful_app\build\package_info_plus\intermediates\runtime_library_classes_dir\debug\bundleLibRuntimeToDirDebug because:
[        ]   Build cache is disabled
[        ] Skipping DexingNoClasspathTransform: C:\eventful_app\build\package_info_plus\intermediates\runtime_library_classes_dir\debug\bundleLibRuntimeToDirDebug as it is up-to-date.
[        ] DexingOutputSplitTransform (Thread[#14559,Execution worker,5,main]) started.
[        ] > Task :share_plus:bundleLibRuntimeToDirDebug UP-TO-DATE
[        ] Caching disabled for task ':share_plus:bundleLibRuntimeToDirDebug' because:
[        ]   Build cache is disabled
[        ]   Simple merging task
[        ] Skipping task ':share_plus:bundleLibRuntimeToDirDebug' as it is up-to-date.
[        ] work action resolve bundleLibRuntimeToDirDebug (project :share_plus) (Thread[#14560,Execution worker Thread 2,5,main]) started.
[        ] ClassesDirToClassesTransform (Thread[#14560,Execution worker Thread 2,5,main]) started.
[        ] Resolve mutations for :shared_preferences_android:bundleLibRuntimeToDirDebug (Thread[#14569,Execution worker Thread 10,5,main]) started.
[        ] DexingNoClasspathTransform (Thread[#14560,Execution worker Thread 2,5,main]) started.
[        ] :shared_preferences_android:bundleLibRuntimeToDirDebug (Thread[#14562,Execution worker Thread 4,5,main]) started.
[        ] > Transform bundleLibRuntimeToDirDebug (project :share_plus) with DexingNoClasspathTransform
[        ] Caching disabled for DexingNoClasspathTransform: C:\eventful_app\build\share_plus\intermediates\runtime_library_classes_dir\debug\bundleLibRuntimeToDirDebug because:
[        ]   Build cache is disabled
[        ] Skipping DexingNoClasspathTransform: C:\eventful_app\build\share_plus\intermediates\runtime_library_classes_dir\debug\bundleLibRuntimeToDirDebug as it is up-to-date.
[        ] DexingOutputSplitTransform (Thread[#14560,Execution worker Thread 2,5,main]) started.
[        ] > Task :shared_preferences_android:bundleLibRuntimeToDirDebug UP-TO-DATE
[        ] Caching disabled for task ':shared_preferences_android:bundleLibRuntimeToDirDebug' because:
[        ]   Build cache is disabled
[        ]   Simple merging task
[        ] Skipping task ':shared_preferences_android:bundleLibRuntimeToDirDebug' as it is up-to-date.
[        ] work action resolve bundleLibRuntimeToDirDebug (project :shared_preferences_android) (Thread[#14562,Execution worker Thread 4,5,main]) started.
[        ] ClassesDirToClassesTransform (Thread[#14562,Execution worker Thread 4,5,main]) started.
[        ] Resolve mutations for :sqflite_android:bundleLibRuntimeToDirDebug (Thread[#14560,Execution worker Thread 2,5,main]) started.
[        ] DexingNoClasspathTransform (Thread[#14569,Execution worker Thread 10,5,main]) started.
[        ] :sqflite_android:bundleLibRuntimeToDirDebug (Thread[#14560,Execution worker Thread 2,5,main]) started.
[        ] > Task :sqflite_android:bundleLibRuntimeToDirDebug UP-TO-DATE
[   +5 ms] Caching disabled for task ':sqflite_android:bundleLibRuntimeToDirDebug' because:
[        ]   Build cache is disabled
[        ]   Simple merging task
[        ] Skipping task ':sqflite_android:bundleLibRuntimeToDirDebug' as it is up-to-date.
[        ] work action resolve bundleLibRuntimeToDirDebug (project :sqflite_android) (Thread[#14560,Execution worker Thread 2,5,main]) started.
[        ] ClassesDirToClassesTransform (Thread[#14560,Execution worker Thread 2,5,main]) started.
[        ] Resolve mutations for :url_launcher_android:bundleLibRuntimeToDirDebug (Thread[#14559,Execution worker,5,main]) started.
[        ] :url_launcher_android:bundleLibRuntimeToDirDebug (Thread[#14559,Execution worker,5,main]) started.
[        ] DexingNoClasspathTransform (Thread[#14560,Execution worker Thread 2,5,main]) started.
[        ] > Transform bundleLibRuntimeToDirDebug (project :sqflite_android) with DexingNoClasspathTransform
[        ] Caching disabled for DexingNoClasspathTransform: C:\eventful_app\build\sqflite_android\intermediates\runtime_library_classes_dir\debug\bundleLibRuntimeToDirDebug because:
[        ]   Build cache is disabled
[        ] Skipping DexingNoClasspathTransform: C:\eventful_app\build\sqflite_android\intermediates\runtime_library_classes_dir\debug\bundleLibRuntimeToDirDebug as it is up-to-date.
[        ] DexingOutputSplitTransform (Thread[#14560,Execution worker Thread 2,5,main]) started.
[        ] > Task :url_launcher_android:bundleLibRuntimeToDirDebug UP-TO-DATE
[        ] Caching disabled for task ':url_launcher_android:bundleLibRuntimeToDirDebug' because:
[        ]   Build cache is disabled
[        ]   Simple merging task
[        ] Skipping task ':url_launcher_android:bundleLibRuntimeToDirDebug' as it is up-to-date.
[        ] work action resolve bundleLibRuntimeToDirDebug (project :url_launcher_android) (Thread[#14559,Execution worker,5,main]) started.
[        ] ClassesDirToClassesTransform (Thread[#14559,Execution worker,5,main]) started.
[        ] Resolve mutations for :app:configureCMakeDebug[arm64-v8a] (Thread[#14563,Execution worker Thread 5,5,main]) started.
[        ] DexingNoClasspathTransform (Thread[#14559,Execution worker,5,main]) started.
[        ] :app:configureCMakeDebug[arm64-v8a] (Thread[#14563,Execution worker Thread 5,5,main]) started.
[        ] > Transform bundleLibRuntimeToDirDebug (project :shared_preferences_android) with DexingNoClasspathTransform
[        ] Caching disabled for DexingNoClasspathTransform: C:\eventful_app\build\shared_preferences_android\intermediates\runtime_library_classes_dir\debug\bundleLibRuntimeToDirDebug because:
[        ]   Build cache is disabled
[        ] Skipping DexingNoClasspathTransform: C:\eventful_app\build\shared_preferences_android\intermediates\runtime_library_classes_dir\debug\bundleLibRuntimeToDirDebug as it is up-to-date.
[        ] DexingOutputSplitTransform (Thread[#14569,Execution worker Thread 10,5,main]) started.
[        ] > Transform bundleLibRuntimeToDirDebug (project :url_launcher_android) with DexingNoClasspathTransform
[        ] Caching disabled for DexingNoClasspathTransform: C:\eventful_app\build\url_launcher_android\intermediates\runtime_library_classes_dir\debug\bundleLibRuntimeToDirDebug because:
[        ]   Build cache is disabled
[        ] Skipping DexingNoClasspathTransform: C:\eventful_app\build\url_launcher_android\intermediates\runtime_library_classes_dir\debug\bundleLibRuntimeToDirDebug as it is up-to-date.
[        ] DexingOutputSplitTransform (Thread[#14559,Execution worker,5,main]) started.
[        ] > Task :app:configureCMakeDebug[arm64-v8a]
[        ] Caching disabled for task ':app:configureCMakeDebug[arm64-v8a]' because:
[        ]   Build cache is disabled
[        ]   Caching has been disabled for the task
[        ] Task ':app:configureCMakeDebug[arm64-v8a]' is not up-to-date because:
[        ]   Task.upToDateWhen is false.
[        ] C/C++: C:\flutter\packages\flutter_tools\gradle\src\main\scripts\CMakeLists.txt debug|arm64-v8a : Start JSON generation. Platform version: 24 min SDK version: arm64-v8a
[  +14 ms] C/C++: C:\flutter\packages\flutter_tools\gradle\src\main\scripts\CMakeLists.txt debug|arm64-v8a : JSON 'C:\eventful_app\build\.cxx\debug\1h3v6975\arm64-v8a\android_gradle_build.json' was up-to-date
[        ] C/C++: C:\flutter\packages\flutter_tools\gradle\src\main\scripts\CMakeLists.txt debug|arm64-v8a : JSON generation completed without problems
[        ] C/C++: C:\flutter\packages\flutter_tools\gradle\src\main\scripts\CMakeLists.txt debug|arm64-v8a : Writing build model to C:\eventful_app\build\app\intermediates\cxx\debug\1h3v6975\logs\arm64-v8a\build_model.json
[        ] Resolve mutations for :app:mergeLibDexDebug (Thread[#14563,Execution worker Thread 5,5,main]) started.
[        ] :app:mergeLibDexDebug (Thread[#14563,Execution worker Thread 5,5,main]) started.
[        ] > Task :app:mergeLibDexDebug UP-TO-DATE
[        ] Caching disabled for task ':app:mergeLibDexDebug' because:
[        ]   Build cache is disabled
[        ] Skipping task ':app:mergeLibDexDebug' as it is up-to-date.
[        ] Resolve mutations for :app:buildCMakeDebug[arm64-v8a] (Thread[#14563,Execution worker Thread 5,5,main]) started.
[        ] :app:buildCMakeDebug[arm64-v8a] (Thread[#14563,Execution worker Thread 5,5,main]) started.
[        ] > Task :app:buildCMakeDebug[arm64-v8a]
[        ] Caching disabled for task ':app:buildCMakeDebug[arm64-v8a]' because:
[        ]   Build cache is disabled
[        ]   Caching has been disabled for the task
[        ] Task ':app:buildCMakeDebug[arm64-v8a]' is not up-to-date because:
[        ]   Task.upToDateWhen is false.
[        ] C/C++: starting build
[        ] C/C++: reading expected JSONs
[        ] C/C++: done reading expected JSONs
[        ] C/C++: executing build commands for targets that produce .so files or executables
[        ] C/C++: evaluate miniconfig
[        ] C/C++: no libraries
[        ] Resolve mutations for :app:configureCMakeDebug[armeabi-v7a] (Thread[#14563,Execution worker Thread 5,5,main]) started.
[        ] :app:configureCMakeDebug[armeabi-v7a] (Thread[#14563,Execution worker Thread 5,5,main]) started.
[        ] > Task :app:configureCMakeDebug[armeabi-v7a]
[        ] Caching disabled for task ':app:configureCMakeDebug[armeabi-v7a]' because:
[        ]   Build cache is disabled
[        ]   Caching has been disabled for the task
[        ] Task ':app:configureCMakeDebug[armeabi-v7a]' is not up-to-date because:
[        ]   Task.upToDateWhen is false.
[        ] C/C++: C:\flutter\packages\flutter_tools\gradle\src\main\scripts\CMakeLists.txt debug|armeabi-v7a : Start JSON generation. Platform version: 24 min SDK version: armeabi-v7a
[        ] C/C++: C:\flutter\packages\flutter_tools\gradle\src\main\scripts\CMakeLists.txt debug|armeabi-v7a : JSON 'C:\eventful_app\build\.cxx\debug\1h3v6975\armeabi-v7a\android_gradle_build.json' was up-to-date
[        ] C/C++: C:\flutter\packages\flutter_tools\gradle\src\main\scripts\CMakeLists.txt debug|armeabi-v7a : JSON generation completed without problems
[        ] C/C++: C:\flutter\packages\flutter_tools\gradle\src\main\scripts\CMakeLists.txt debug|armeabi-v7a : Writing build model to C:\eventful_app\build\app\intermediates\cxx\debug\1h3v6975\logs\armeabi-v7a\build_model.json
[        ] Resolve mutations for :app:buildCMakeDebug[armeabi-v7a] (Thread[#14563,Execution worker Thread 5,5,main]) started.
[        ] :app:buildCMakeDebug[armeabi-v7a] (Thread[#14563,Execution worker Thread 5,5,main]) started.
[        ] > Task :app:buildCMakeDebug[armeabi-v7a]
[        ] Caching disabled for task ':app:buildCMakeDebug[armeabi-v7a]' because:
[        ]   Build cache is disabled
[        ]   Caching has been disabled for the task
[        ] Task ':app:buildCMakeDebug[armeabi-v7a]' is not up-to-date because:
[        ]   Task.upToDateWhen is false.
[        ] C/C++: starting build
[        ] C/C++: reading expected JSONs
[        ] C/C++: done reading expected JSONs
[        ] C/C++: executing build commands for targets that produce .so files or executables
[        ] C/C++: evaluate miniconfig
[        ] C/C++: no libraries
[        ] Resolve mutations for :app:configureCMakeDebug[x86_64] (Thread[#14563,Execution worker Thread 5,5,main]) started.
[        ] :app:configureCMakeDebug[x86_64] (Thread[#14563,Execution worker Thread 5,5,main]) started.
[        ] > Task :app:configureCMakeDebug[x86_64]
[        ] Caching disabled for task ':app:configureCMakeDebug[x86_64]' because:
[        ]   Build cache is disabled
[        ]   Caching has been disabled for the task
[        ] Task ':app:configureCMakeDebug[x86_64]' is not up-to-date because:
[        ]   Task.upToDateWhen is false.
[        ] C/C++: C:\flutter\packages\flutter_tools\gradle\src\main\scripts\CMakeLists.txt debug|x86_64 : Start JSON generation. Platform version: 24 min SDK version: x86_64
[        ] C/C++: C:\flutter\packages\flutter_tools\gradle\src\main\scripts\CMakeLists.txt debug|x86_64 : JSON 'C:\eventful_app\build\.cxx\debug\1h3v6975\x86_64\android_gradle_build.json' was up-to-date
[        ] C/C++: C:\flutter\packages\flutter_tools\gradle\src\main\scripts\CMakeLists.txt debug|x86_64 : JSON generation completed without problems
[        ] C/C++: C:\flutter\packages\flutter_tools\gradle\src\main\scripts\CMakeLists.txt debug|x86_64 : Writing build model to C:\eventful_app\build\app\intermediates\cxx\debug\1h3v6975\logs\x86_64\build_model.json
[        ] Resolve mutations for :app:buildCMakeDebug[x86_64] (Thread[#14563,Execution worker Thread 5,5,main]) started.
[        ] :app:buildCMakeDebug[x86_64] (Thread[#14563,Execution worker Thread 5,5,main]) started.
[        ] > Task :app:buildCMakeDebug[x86_64]
[        ] Caching disabled for task ':app:buildCMakeDebug[x86_64]' because:
[        ]   Build cache is disabled
[        ]   Caching has been disabled for the task
[        ] Task ':app:buildCMakeDebug[x86_64]' is not up-to-date because:
[        ]   Task.upToDateWhen is false.
[        ] C/C++: starting build
[        ] C/C++: reading expected JSONs
[        ] C/C++: done reading expected JSONs
[        ] C/C++: executing build commands for targets that produce .so files or executables
[        ] C/C++: evaluate miniconfig
[        ] C/C++: no libraries
[        ] Resolve mutations for :app:mergeDebugJniLibFolders (Thread[#14563,Execution worker Thread 5,5,main]) started.
[        ] :app:mergeDebugJniLibFolders (Thread[#14563,Execution worker Thread 5,5,main]) started.
[        ] > Task :app:mergeDebugJniLibFolders UP-TO-DATE
[        ] Caching disabled for task ':app:mergeDebugJniLibFolders' because:
[        ]   Build cache is disabled
[        ]   Simple merging task
[        ] Skipping task ':app:mergeDebugJniLibFolders' as it is up-to-date.
[        ] Resolve mutations for :cloud_firestore:mergeDebugJniLibFolders (Thread[#14563,Execution worker Thread 5,5,main]) started.
[        ] :cloud_firestore:mergeDebugJniLibFolders (Thread[#14563,Execution worker Thread 5,5,main]) started.
[        ] > Task :cloud_firestore:mergeDebugJniLibFolders UP-TO-DATE
[        ] Caching disabled for task ':cloud_firestore:mergeDebugJniLibFolders' because:
[        ]   Build cache is disabled
[        ]   Simple merging task
[        ] Skipping task ':cloud_firestore:mergeDebugJniLibFolders' as it is up-to-date.
[        ] Resolve mutations for :cloud_firestore:mergeDebugNativeLibs (Thread[#14563,Execution worker Thread 5,5,main]) started.
[        ] :cloud_firestore:mergeDebugNativeLibs (Thread[#14563,Execution worker Thread 5,5,main]) started.
[        ] > Task :cloud_firestore:mergeDebugNativeLibs NO-SOURCE
[        ] Skipping task ':cloud_firestore:mergeDebugNativeLibs' as it has no source files and no previous output files.
[        ] Resolve mutations for :cloud_firestore:copyDebugJniLibsProjectOnly (Thread[#14563,Execution worker Thread 5,5,main]) started.
[        ] :cloud_firestore:copyDebugJniLibsProjectOnly (Thread[#14563,Execution worker Thread 5,5,main]) started.
[        ] > Task :cloud_firestore:copyDebugJniLibsProjectOnly UP-TO-DATE
[        ] Caching disabled for task ':cloud_firestore:copyDebugJniLibsProjectOnly' because:
[        ]   Build cache is disabled
[        ]   Caching has been disabled for the task
[        ] Skipping task ':cloud_firestore:copyDebugJniLibsProjectOnly' as it is up-to-date.
[        ] work action resolve jni (project :cloud_firestore) (Thread[#14563,Execution worker Thread 5,5,main]) started.
[        ] Resolve mutations for :device_info_plus:mergeDebugJniLibFolders (Thread[#14563,Execution worker Thread 5,5,main]) started.
[        ] :device_info_plus:mergeDebugJniLibFolders (Thread[#14563,Execution worker Thread 5,5,main]) started.
[        ] > Task :device_info_plus:mergeDebugJniLibFolders UP-TO-DATE
[        ] Caching disabled for task ':device_info_plus:mergeDebugJniLibFolders' because:
[        ]   Build cache is disabled
[        ]   Simple merging task
[        ] Skipping task ':device_info_plus:mergeDebugJniLibFolders' as it is up-to-date.
[        ] Resolve mutations for :device_info_plus:mergeDebugNativeLibs (Thread[#14563,Execution worker Thread 5,5,main]) started.
[        ] :device_info_plus:mergeDebugNativeLibs (Thread[#14571,Execution worker Thread 12,5,main]) started.
[        ] > Task :device_info_plus:mergeDebugNativeLibs NO-SOURCE
[        ] Skipping task ':device_info_plus:mergeDebugNativeLibs' as it has no source files and no previous output files.
[        ] Resolve mutations for :device_info_plus:copyDebugJniLibsProjectOnly (Thread[#14571,Execution worker Thread 12,5,main]) started.
[        ] :device_info_plus:copyDebugJniLibsProjectOnly (Thread[#14571,Execution worker Thread 12,5,main]) started.
[        ] > Task :device_info_plus:copyDebugJniLibsProjectOnly UP-TO-DATE
[        ] Caching disabled for task ':device_info_plus:copyDebugJniLibsProjectOnly' because:
[        ]   Build cache is disabled
[        ]   Caching has been disabled for the task
[        ] Skipping task ':device_info_plus:copyDebugJniLibsProjectOnly' as it is up-to-date.
[        ] work action resolve jni (project :device_info_plus) (Thread[#14571,Execution worker Thread 12,5,main]) started.
[        ] Resolve mutations for :firebase_app_check:mergeDebugJniLibFolders (Thread[#14571,Execution worker Thread 12,5,main]) started.
[        ] :firebase_app_check:mergeDebugJniLibFolders (Thread[#14571,Execution worker Thread 12,5,main]) started.
[        ] > Task :firebase_app_check:mergeDebugJniLibFolders UP-TO-DATE
[        ] Caching disabled for task ':firebase_app_check:mergeDebugJniLibFolders' because:
[        ]   Build cache is disabled
[        ]   Simple merging task
[        ] Skipping task ':firebase_app_check:mergeDebugJniLibFolders' as it is up-to-date.
[        ] Resolve mutations for :firebase_app_check:mergeDebugNativeLibs (Thread[#14571,Execution worker Thread 12,5,main]) started.
[        ] :firebase_app_check:mergeDebugNativeLibs (Thread[#14571,Execution worker Thread 12,5,main]) started.
[        ] > Task :firebase_app_check:mergeDebugNativeLibs NO-SOURCE
[        ] Skipping task ':firebase_app_check:mergeDebugNativeLibs' as it has no source files and no previous output files.
[        ] Resolve mutations for :firebase_app_check:copyDebugJniLibsProjectOnly (Thread[#14571,Execution worker Thread 12,5,main]) started.
[        ] :firebase_app_check:copyDebugJniLibsProjectOnly (Thread[#14571,Execution worker Thread 12,5,main]) started.
[        ] > Task :firebase_app_check:copyDebugJniLibsProjectOnly UP-TO-DATE
[        ] Caching disabled for task ':firebase_app_check:copyDebugJniLibsProjectOnly' because:
[        ]   Build cache is disabled
[        ]   Caching has been disabled for the task
[        ] Skipping task ':firebase_app_check:copyDebugJniLibsProjectOnly' as it is up-to-date.
[        ] work action resolve jni (project :firebase_app_check) (Thread[#14571,Execution worker Thread 12,5,main]) started.
[        ] Resolve mutations for :firebase_auth:mergeDebugJniLibFolders (Thread[#14571,Execution worker Thread 12,5,main]) started.
[        ] :firebase_auth:mergeDebugJniLibFolders (Thread[#14571,Execution worker Thread 12,5,main]) started.
[        ] > Task :firebase_auth:mergeDebugJniLibFolders UP-TO-DATE
[        ] Caching disabled for task ':firebase_auth:mergeDebugJniLibFolders' because:
[        ]   Build cache is disabled
[        ]   Simple merging task
[        ] Skipping task ':firebase_auth:mergeDebugJniLibFolders' as it is up-to-date.
[        ] Resolve mutations for :firebase_auth:mergeDebugNativeLibs (Thread[#14571,Execution worker Thread 12,5,main]) started.
[        ] :firebase_auth:mergeDebugNativeLibs (Thread[#14571,Execution worker Thread 12,5,main]) started.
[        ] > Task :firebase_auth:mergeDebugNativeLibs NO-SOURCE
[        ] Skipping task ':firebase_auth:mergeDebugNativeLibs' as it has no source files and no previous output files.
[        ] Resolve mutations for :firebase_auth:copyDebugJniLibsProjectOnly (Thread[#14571,Execution worker Thread 12,5,main]) started.
[        ] :firebase_auth:copyDebugJniLibsProjectOnly (Thread[#14571,Execution worker Thread 12,5,main]) started.
[        ] > Task :firebase_auth:copyDebugJniLibsProjectOnly UP-TO-DATE
[        ] Caching disabled for task ':firebase_auth:copyDebugJniLibsProjectOnly' because:
[        ]   Build cache is disabled
[        ]   Caching has been disabled for the task
[        ] Skipping task ':firebase_auth:copyDebugJniLibsProjectOnly' as it is up-to-date.
[        ] work action resolve jni (project :firebase_auth) (Thread[#14571,Execution worker Thread 12,5,main]) started.
[        ] Resolve mutations for :firebase_core:mergeDebugJniLibFolders (Thread[#14571,Execution worker Thread 12,5,main]) started.
[        ] :firebase_core:mergeDebugJniLibFolders (Thread[#14571,Execution worker Thread 12,5,main]) started.
[        ] > Task :firebase_core:mergeDebugJniLibFolders UP-TO-DATE
[        ] Caching disabled for task ':firebase_core:mergeDebugJniLibFolders' because:
[        ]   Build cache is disabled
[        ]   Simple merging task
[        ] Skipping task ':firebase_core:mergeDebugJniLibFolders' as it is up-to-date.
[        ] Resolve mutations for :firebase_core:mergeDebugNativeLibs (Thread[#14571,Execution worker Thread 12,5,main]) started.
[        ] :firebase_core:mergeDebugNativeLibs (Thread[#14571,Execution worker Thread 12,5,main]) started.
[        ] > Task :firebase_core:mergeDebugNativeLibs NO-SOURCE
[        ] Skipping task ':firebase_core:mergeDebugNativeLibs' as it has no source files and no previous output files.
[        ] Resolve mutations for :firebase_core:copyDebugJniLibsProjectOnly (Thread[#14571,Execution worker Thread 12,5,main]) started.
[        ] :firebase_core:copyDebugJniLibsProjectOnly (Thread[#14571,Execution worker Thread 12,5,main]) started.
[        ] > Task :firebase_core:copyDebugJniLibsProjectOnly UP-TO-DATE
[        ] Caching disabled for task ':firebase_core:copyDebugJniLibsProjectOnly' because:
[        ]   Build cache is disabled
[        ]   Caching has been disabled for the task
[        ] Skipping task ':firebase_core:copyDebugJniLibsProjectOnly' as it is up-to-date.
[        ] work action resolve jni (project :firebase_core) (Thread[#14571,Execution worker Thread 12,5,main]) started.
[        ] Resolve mutations for :firebase_messaging:mergeDebugJniLibFolders (Thread[#14571,Execution worker Thread 12,5,main]) started.
[        ] :firebase_messaging:mergeDebugJniLibFolders (Thread[#14571,Execution worker Thread 12,5,main]) started.
[        ] > Task :firebase_messaging:mergeDebugJniLibFolders UP-TO-DATE
[        ] Caching disabled for task ':firebase_messaging:mergeDebugJniLibFolders' because:
[        ]   Build cache is disabled
[        ]   Simple merging task
[        ] Skipping task ':firebase_messaging:mergeDebugJniLibFolders' as it is up-to-date.
[        ] Resolve mutations for :firebase_messaging:mergeDebugNativeLibs (Thread[#14571,Execution worker Thread 12,5,main]) started.
[        ] :firebase_messaging:mergeDebugNativeLibs (Thread[#14571,Execution worker Thread 12,5,main]) started.
[        ] > Task :firebase_messaging:mergeDebugNativeLibs NO-SOURCE
[        ] Skipping task ':firebase_messaging:mergeDebugNativeLibs' as it has no source files and no previous output files.
[        ] Resolve mutations for :firebase_messaging:copyDebugJniLibsProjectOnly (Thread[#14571,Execution worker Thread 12,5,main]) started.
[        ] :firebase_messaging:copyDebugJniLibsProjectOnly (Thread[#14571,Execution worker Thread 12,5,main]) started.
[        ] > Task :firebase_messaging:copyDebugJniLibsProjectOnly UP-TO-DATE
[        ] Caching disabled for task ':firebase_messaging:copyDebugJniLibsProjectOnly' because:
[        ]   Build cache is disabled
[        ]   Caching has been disabled for the task
[        ] Skipping task ':firebase_messaging:copyDebugJniLibsProjectOnly' as it is up-to-date.
[        ] work action resolve jni (project :firebase_messaging) (Thread[#14571,Execution worker Thread 12,5,main]) started.
[        ] Resolve mutations for :firebase_storage:mergeDebugJniLibFolders (Thread[#14571,Execution worker Thread 12,5,main]) started.
[        ] :firebase_storage:mergeDebugJniLibFolders (Thread[#14571,Execution worker Thread 12,5,main]) started.
[        ] > Task :firebase_storage:mergeDebugJniLibFolders UP-TO-DATE
[        ] Caching disabled for task ':firebase_storage:mergeDebugJniLibFolders' because:
[        ]   Build cache is disabled
[        ]   Simple merging task
[        ] Skipping task ':firebase_storage:mergeDebugJniLibFolders' as it is up-to-date.
[        ] Resolve mutations for :firebase_storage:mergeDebugNativeLibs (Thread[#14571,Execution worker Thread 12,5,main]) started.
[        ] :firebase_storage:mergeDebugNativeLibs (Thread[#14571,Execution worker Thread 12,5,main]) started.
[        ] > Task :firebase_storage:mergeDebugNativeLibs NO-SOURCE
[        ] Skipping task ':firebase_storage:mergeDebugNativeLibs' as it has no source files and no previous output files.
[        ] Resolve mutations for :firebase_storage:copyDebugJniLibsProjectOnly (Thread[#14571,Execution worker Thread 12,5,main]) started.
[        ] :firebase_storage:copyDebugJniLibsProjectOnly (Thread[#14571,Execution worker Thread 12,5,main]) started.
[        ] > Task :firebase_storage:copyDebugJniLibsProjectOnly UP-TO-DATE
[        ] Caching disabled for task ':firebase_storage:copyDebugJniLibsProjectOnly' because:
[        ]   Build cache is disabled
[        ]   Caching has been disabled for the task
[        ] Skipping task ':firebase_storage:copyDebugJniLibsProjectOnly' as it is up-to-date.
[        ] work action resolve jni (project :firebase_storage) (Thread[#14571,Execution worker Thread 12,5,main]) started.
[        ] Resolve mutations for :flutter_local_notifications:mergeDebugJniLibFolders (Thread[#14571,Execution worker Thread 12,5,main]) started.
[        ] :flutter_local_notifications:mergeDebugJniLibFolders (Thread[#14571,Execution worker Thread 12,5,main]) started.
[        ] > Task :flutter_local_notifications:mergeDebugJniLibFolders UP-TO-DATE
[        ] Caching disabled for task ':flutter_local_notifications:mergeDebugJniLibFolders' because:
[        ]   Build cache is disabled
[        ]   Simple merging task
[        ] Skipping task ':flutter_local_notifications:mergeDebugJniLibFolders' as it is up-to-date.
[        ] Resolve mutations for :flutter_local_notifications:mergeDebugNativeLibs (Thread[#14571,Execution worker Thread 12,5,main]) started.
[  +60 ms] :flutter_local_notifications:mergeDebugNativeLibs (Thread[#14571,Execution worker Thread 12,5,main]) started.
[        ] > Task :flutter_local_notifications:mergeDebugNativeLibs NO-SOURCE
[        ] Skipping task ':flutter_local_notifications:mergeDebugNativeLibs' as it has no source files and no previous output files.
[        ] Resolve mutations for :flutter_local_notifications:copyDebugJniLibsProjectOnly (Thread[#14571,Execution worker Thread 12,5,main]) started.
[        ] :flutter_local_notifications:copyDebugJniLibsProjectOnly (Thread[#14571,Execution worker Thread 12,5,main]) started.
[        ] > Task :flutter_local_notifications:copyDebugJniLibsProjectOnly UP-TO-DATE
[        ] Caching disabled for task ':flutter_local_notifications:copyDebugJniLibsProjectOnly' because:
[        ]   Build cache is disabled
[        ]   Caching has been disabled for the task
[        ] Skipping task ':flutter_local_notifications:copyDebugJniLibsProjectOnly' as it is up-to-date.
[        ] work action resolve jni (project :flutter_local_notifications) (Thread[#14571,Execution worker Thread 12,5,main]) started.
[        ] Resolve mutations for :flutter_plugin_android_lifecycle:mergeDebugJniLibFolders (Thread[#14571,Execution worker Thread 12,5,main]) started.
[        ] :flutter_plugin_android_lifecycle:mergeDebugJniLibFolders (Thread[#14571,Execution worker Thread 12,5,main]) started.
[        ] > Task :flutter_plugin_android_lifecycle:mergeDebugJniLibFolders UP-TO-DATE
[        ] Caching disabled for task ':flutter_plugin_android_lifecycle:mergeDebugJniLibFolders' because:
[        ]   Build cache is disabled
[        ]   Simple merging task
[        ] Skipping task ':flutter_plugin_android_lifecycle:mergeDebugJniLibFolders' as it is up-to-date.
[        ] Resolve mutations for :flutter_plugin_android_lifecycle:mergeDebugNativeLibs (Thread[#14571,Execution worker Thread 12,5,main]) started.
[        ] :flutter_plugin_android_lifecycle:mergeDebugNativeLibs (Thread[#14571,Execution worker Thread 12,5,main]) started.
[        ] > Task :flutter_plugin_android_lifecycle:mergeDebugNativeLibs NO-SOURCE
[        ] Skipping task ':flutter_plugin_android_lifecycle:mergeDebugNativeLibs' as it has no source files and no previous output files.
[        ] Resolve mutations for :flutter_plugin_android_lifecycle:copyDebugJniLibsProjectOnly (Thread[#14571,Execution worker Thread 12,5,main]) started.
[        ] :flutter_plugin_android_lifecycle:copyDebugJniLibsProjectOnly (Thread[#14571,Execution worker Thread 12,5,main]) started.
[        ] > Task :flutter_plugin_android_lifecycle:copyDebugJniLibsProjectOnly UP-TO-DATE
[        ] Caching disabled for task ':flutter_plugin_android_lifecycle:copyDebugJniLibsProjectOnly' because:
[        ]   Build cache is disabled
[        ]   Caching has been disabled for the task
[        ] Skipping task ':flutter_plugin_android_lifecycle:copyDebugJniLibsProjectOnly' as it is up-to-date.
[        ] work action resolve jni (project :flutter_plugin_android_lifecycle) (Thread[#14571,Execution worker Thread 12,5,main]) started.
[        ] Resolve mutations for :geocoding_android:mergeDebugJniLibFolders (Thread[#14571,Execution worker Thread 12,5,main]) started.
[        ] :geocoding_android:mergeDebugJniLibFolders (Thread[#14571,Execution worker Thread 12,5,main]) started.
[        ] > Task :geocoding_android:mergeDebugJniLibFolders UP-TO-DATE
[        ] Caching disabled for task ':geocoding_android:mergeDebugJniLibFolders' because:
[        ]   Build cache is disabled
[        ]   Simple merging task
[        ] Skipping task ':geocoding_android:mergeDebugJniLibFolders' as it is up-to-date.
[        ] Resolve mutations for :geocoding_android:mergeDebugNativeLibs (Thread[#14571,Execution worker Thread 12,5,main]) started.
[        ] :geocoding_android:mergeDebugNativeLibs (Thread[#14571,Execution worker Thread 12,5,main]) started.
[        ] > Task :geocoding_android:mergeDebugNativeLibs NO-SOURCE
[        ] Skipping task ':geocoding_android:mergeDebugNativeLibs' as it has no source files and no previous output files.
[        ] Resolve mutations for :geocoding_android:copyDebugJniLibsProjectOnly (Thread[#14571,Execution worker Thread 12,5,main]) started.
[        ] :geocoding_android:copyDebugJniLibsProjectOnly (Thread[#14571,Execution worker Thread 12,5,main]) started.
[        ] > Task :geocoding_android:copyDebugJniLibsProjectOnly UP-TO-DATE
[        ] Caching disabled for task ':geocoding_android:copyDebugJniLibsProjectOnly' because:
[        ]   Build cache is disabled
[        ]   Caching has been disabled for the task
[        ] Skipping task ':geocoding_android:copyDebugJniLibsProjectOnly' as it is up-to-date.
[        ] work action resolve jni (project :geocoding_android) (Thread[#14571,Execution worker Thread 12,5,main]) started.
[        ] Resolve mutations for :geolocator_android:mergeDebugJniLibFolders (Thread[#14571,Execution worker Thread 12,5,main]) started.
[        ] :geolocator_android:mergeDebugJniLibFolders (Thread[#14571,Execution worker Thread 12,5,main]) started.
[        ] > Task :geolocator_android:mergeDebugJniLibFolders UP-TO-DATE
[        ] Caching disabled for task ':geolocator_android:mergeDebugJniLibFolders' because:
[        ]   Build cache is disabled
[        ]   Simple merging task
[        ] Skipping task ':geolocator_android:mergeDebugJniLibFolders' as it is up-to-date.
[        ] Resolve mutations for :geolocator_android:mergeDebugNativeLibs (Thread[#14571,Execution worker Thread 12,5,main]) started.
[        ] :geolocator_android:mergeDebugNativeLibs (Thread[#14570,Execution worker Thread 11,5,main]) started.
[        ] > Task :geolocator_android:mergeDebugNativeLibs NO-SOURCE
[        ] Skipping task ':geolocator_android:mergeDebugNativeLibs' as it has no source files and no previous output files.
[        ] Resolve mutations for :geolocator_android:copyDebugJniLibsProjectOnly (Thread[#14570,Execution worker Thread 11,5,main]) started.
[        ] :geolocator_android:copyDebugJniLibsProjectOnly (Thread[#14570,Execution worker Thread 11,5,main]) started.
[        ] > Task :geolocator_android:copyDebugJniLibsProjectOnly UP-TO-DATE
[        ] Caching disabled for task ':geolocator_android:copyDebugJniLibsProjectOnly' because:
[        ]   Build cache is disabled
[        ]   Caching has been disabled for the task
[        ] Skipping task ':geolocator_android:copyDebugJniLibsProjectOnly' as it is up-to-date.
[        ] work action resolve jni (project :geolocator_android) (Thread[#14570,Execution worker Thread 11,5,main]) started.
[        ] Resolve mutations for :google_maps_flutter_android:mergeDebugJniLibFolders (Thread[#14570,Execution worker Thread 11,5,main]) started.
[        ] :google_maps_flutter_android:mergeDebugJniLibFolders (Thread[#14570,Execution worker Thread 11,5,main]) started.
[        ] > Task :google_maps_flutter_android:mergeDebugJniLibFolders UP-TO-DATE
[        ] Caching disabled for task ':google_maps_flutter_android:mergeDebugJniLibFolders' because:
[        ]   Build cache is disabled
[        ]   Simple merging task
[        ] Skipping task ':google_maps_flutter_android:mergeDebugJniLibFolders' as it is up-to-date.
[        ] Resolve mutations for :google_maps_flutter_android:mergeDebugNativeLibs (Thread[#14570,Execution worker Thread 11,5,main]) started.
[        ] :google_maps_flutter_android:mergeDebugNativeLibs (Thread[#14570,Execution worker Thread 11,5,main]) started.
[        ] > Task :google_maps_flutter_android:mergeDebugNativeLibs NO-SOURCE
[        ] Skipping task ':google_maps_flutter_android:mergeDebugNativeLibs' as it has no source files and no previous output files.
[        ] Resolve mutations for :google_maps_flutter_android:copyDebugJniLibsProjectOnly (Thread[#14570,Execution worker Thread 11,5,main]) started.
[        ] :google_maps_flutter_android:copyDebugJniLibsProjectOnly (Thread[#14570,Execution worker Thread 11,5,main]) started.
[        ] > Task :google_maps_flutter_android:copyDebugJniLibsProjectOnly UP-TO-DATE
[        ] Caching disabled for task ':google_maps_flutter_android:copyDebugJniLibsProjectOnly' because:
[        ]   Build cache is disabled
[        ]   Caching has been disabled for the task
[        ] Skipping task ':google_maps_flutter_android:copyDebugJniLibsProjectOnly' as it is up-to-date.
[        ] work action resolve jni (project :google_maps_flutter_android) (Thread[#14570,Execution worker Thread 11,5,main]) started.
[        ] Resolve mutations for :image_picker_android:mergeDebugJniLibFolders (Thread[#14570,Execution worker Thread 11,5,main]) started.
[        ] :image_picker_android:mergeDebugJniLibFolders (Thread[#14570,Execution worker Thread 11,5,main]) started.
[        ] > Task :image_picker_android:mergeDebugJniLibFolders UP-TO-DATE
[        ] Caching disabled for task ':image_picker_android:mergeDebugJniLibFolders' because:
[        ]   Build cache is disabled
[        ]   Simple merging task
[        ] Skipping task ':image_picker_android:mergeDebugJniLibFolders' as it is up-to-date.
[        ] Resolve mutations for :image_picker_android:mergeDebugNativeLibs (Thread[#14570,Execution worker Thread 11,5,main]) started.
[        ] :image_picker_android:mergeDebugNativeLibs (Thread[#14570,Execution worker Thread 11,5,main]) started.
[        ] > Task :image_picker_android:mergeDebugNativeLibs NO-SOURCE
[        ] Skipping task ':image_picker_android:mergeDebugNativeLibs' as it has no source files and no previous output files.
[        ] Resolve mutations for :image_picker_android:copyDebugJniLibsProjectOnly (Thread[#14570,Execution worker Thread 11,5,main]) started.
[        ] :image_picker_android:copyDebugJniLibsProjectOnly (Thread[#14570,Execution worker Thread 11,5,main]) started.
[        ] > Task :image_picker_android:copyDebugJniLibsProjectOnly UP-TO-DATE
[        ] Caching disabled for task ':image_picker_android:copyDebugJniLibsProjectOnly' because:
[        ]   Build cache is disabled
[        ]   Caching has been disabled for the task
[        ] Skipping task ':image_picker_android:copyDebugJniLibsProjectOnly' as it is up-to-date.
[        ] work action resolve jni (project :image_picker_android) (Thread[#14570,Execution worker Thread 11,5,main]) started.
[        ] Resolve mutations for :jni:preProfileBuild (Thread[#14570,Execution worker Thread 11,5,main]) started.
[        ] :jni:preProfileBuild (Thread[#14570,Execution worker Thread 11,5,main]) started.
[        ] > Task :jni:preProfileBuild UP-TO-DATE
[        ] Skipping task ':jni:preProfileBuild' as it has no actions.
[        ] Resolve mutations for :jni:configureCMakeDebug[arm64-v8a] (Thread[#14570,Execution worker Thread 11,5,main]) started.
[        ] :jni:configureCMakeDebug[arm64-v8a] (Thread[#14564,Execution worker Thread 6,5,main]) started.
[        ] > Task :jni:configureCMakeDebug[arm64-v8a]
[        ] Caching disabled for task ':jni:configureCMakeDebug[arm64-v8a]' because:
[        ]   Build cache is disabled
[        ]   Caching has been disabled for the task
[        ] Task ':jni:configureCMakeDebug[arm64-v8a]' is not up-to-date because:
[        ]   Task.upToDateWhen is false.
[        ] C/C++: C:\.pub-cache\hosted\pub.dev\jni-1.0.0\src\CMakeLists.txt profile|arm64-v8a : Start JSON generation. Platform version: 21 min SDK version: arm64-v8a
[        ] C/C++: C:\.pub-cache\hosted\pub.dev\jni-1.0.0\src\CMakeLists.txt profile|arm64-v8a : JSON 'C:\.pub-cache\hosted\pub.dev\jni-1.0.0\android\.cxx\Debug\p2i671j6\arm64-v8a\android_gradle_build.json' was up-to-date
[        ] C/C++: C:\.pub-cache\hosted\pub.dev\jni-1.0.0\src\CMakeLists.txt profile|arm64-v8a : JSON generation completed without problems
[        ] C/C++: C:\.pub-cache\hosted\pub.dev\jni-1.0.0\src\CMakeLists.txt profile|arm64-v8a : Writing build model to C:\eventful_app\build\jni\intermediates\cxx\Debug\p2i671j6\logs\arm64-v8a\build_model.json
[        ] Resolve mutations for :jni:buildCMakeDebug[arm64-v8a] (Thread[#14564,Execution worker Thread 6,5,main]) started.
[        ] :jni:buildCMakeDebug[arm64-v8a] (Thread[#14564,Execution worker Thread 6,5,main]) started.
[ +185 ms] 05-04 16:34:07.048 23788 38960 W aapt2.exe: AssetsProvider.cpp:114 Failed to stat file 'C:\Users\HAL─░S\AppData\Local\Android\sdk\platforms\android-36\android.jar': No such file or directory
[ +298 ms] > Task :app:processDebugResources
[        ] Registered task dependencies: app:debugCompileClasspath
[        ] Skipping misunderstood TO dep string: project :cloud_firestore
[        ] Skipping misunderstood TO dep string: project :firebase_core
[        ] Skipping misunderstood TO dep string: org.jetbrains.kotlin:kotlin-stdlib
[        ] Skipping misunderstood TO dep string: org.jetbrains.kotlin:kotlin-stdlib
[        ] Skipping misunderstood TO dep string: project :device_info_plus
[        ] Skipping misunderstood TO dep string: project :firebase_app_check
[        ] Skipping misunderstood TO dep string: project :firebase_core
[        ] Skipping misunderstood TO dep string: project :firebase_auth
[        ] Skipping misunderstood TO dep string: project :firebase_core
[        ] Skipping misunderstood TO dep string: project :firebase_core
[        ] Skipping misunderstood TO dep string: project :firebase_messaging
[        ] Skipping misunderstood TO dep string: project :firebase_core
[        ] Skipping misunderstood TO dep string: project :firebase_storage
[        ] Skipping misunderstood TO dep string: project :firebase_core
[        ] Skipping misunderstood TO dep string: project :flutter_local_notifications
[        ] Skipping misunderstood TO dep string: project :flutter_plugin_android_lifecycle
[        ] Skipping misunderstood TO dep string: project :geocoding_android
[        ] Skipping misunderstood TO dep string: project :geolocator_android
[        ] Skipping misunderstood TO dep string: project :google_maps_flutter_android
[        ] Skipping misunderstood TO dep string: project :image_picker_android
[        ] Skipping misunderstood TO dep string: project :jni
[        ] Skipping misunderstood TO dep string: project :jni_flutter
[        ] Skipping misunderstood TO dep string: project :package_info_plus
[        ] Skipping misunderstood TO dep string: project :share_plus
[        ] Skipping misunderstood TO dep string: project :shared_preferences_android
[        ] Skipping misunderstood TO dep string: project :sqflite_android
[        ] Skipping misunderstood TO dep string: project :url_launcher_android
[        ] Skipping misunderstood TO dep string: com.google.firebase:firebase-analytics
[        ] Starting dependency analysis
[        ] Caching disabled for task ':app:processDebugResources' because:
[        ]   Build cache is disabled
[        ] Task ':app:processDebugResources' is not up-to-date because:
[        ]   Value of input property 'useStableIds' has changed for task ':app:processDebugResources'
[        ] The input changes require a full rebuild for incremental task ':app:processDebugResources'.
[        ] AAPT2 aapt2-8.11.1-12782657-windows Daemon #0: starting
[        ] Aapt output file C:\eventful_app\build\app\intermediates\linked_resources_binary_format\debug\processDebugResources\linked-resources-binary-format-debug.ap_
[ +200 ms] > Task :app:compressDebugAssets
[        ] Caching disabled for task ':app:compressDebugAssets' because:
[        ]   Build cache is disabled
[        ] Task ':app:compressDebugAssets' is not up-to-date because:
[        ]   Input property 'inputDirs' file C:\eventful_app\build\app\intermediates\assets\debug\mergeDebugAssets\flutter_assets\kernel_blob.bin has changed.
[+1305 ms] > Task :jni:buildCMakeDebug[arm64-v8a]
[        ] Caching disabled for task ':jni:buildCMakeDebug[arm64-v8a]' because:
[        ]   Build cache is disabled
[        ]   Caching has been disabled for the task
[        ] Task ':jni:buildCMakeDebug[arm64-v8a]' is not up-to-date because:
[        ]   Task.upToDateWhen is false.
[        ] C/C++: starting build
[        ] C/C++: reading expected JSONs
[        ] C/C++: done reading expected JSONs
[        ] C/C++: executing build commands for targets that produce .so files or executables
[        ] C/C++: evaluate miniconfig
[        ] C/C++: evaluate library jni (arm64-v8a)
[        ] C/C++: building target library jni because no targets are specified.
[        ] C/C++: about to build targets jni
[        ] C/C++: Build jni
[        ] C/C++: @echo off
[        ] "C:\\Users\\HAL─░S\\AppData\\Local\\Android\\Sdk\\cmake\\3.22.1\\bin\\ninja.exe" ^
[        ]   -C ^
[        ]   "C:\\.pub-cache\\hosted\\pub.dev\\jni-1.0.0\\android\\.cxx\\Debug\\p2i671j6\\arm64-v8a" ^
[        ]   jni
[        ] Starting process 'command 'C:\Users\HAL─░S\AppData\Local\Android\Sdk\cmake\3.22.1\bin\ninja.exe''. Working directory: C:\.pub-cache\hosted\pub.dev\jni-1.0.0\android Command: C:\Users\HAL─░S\AppData\Local\Android\Sdk\cmake\3.22.1\bin\ninja.exe -C C:\.pub-cache\hosted\pub.dev\jni-1.0.0\android\.cxx\Debug\p2i671j6\arm64-v8a jni
[        ] Successfully started process 'command 'C:\Users\HAL─░S\AppData\Local\Android\Sdk\cmake\3.22.1\bin\ninja.exe''
[+2695 ms] C/C++: Received process result: 0
[        ] C/C++: check expected build outputs
[        ] C/C++: build complete
[        ] Resolve mutations for :app:compileDebugKotlin (Thread[#14564,Execution worker Thread 6,5,main]) started.
[        ] :app:compileDebugKotlin (Thread[#14564,Execution worker Thread 6,5,main]) started.
[        ] > Task :app:compileDebugKotlin UP-TO-DATE
[        ] Adding -Xuse-inline-scopes-numbers Kotlin compiler flag for task :app:compileDebugAndroidTestKotlin
[        ] Registered task dependencies: app:kotlinCompilerClasspath
[        ] Starting dependency analysis
[        ] Registered task dependencies: app:kotlinCompilerPluginClasspathDebug
[        ] Starting dependency analysis
[        ] Caching disabled for task ':app:compileDebugKotlin' because:
[        ]   Build cache is disabled
[        ] Skipping task ':app:compileDebugKotlin' as it is up-to-date.
[        ] Resolve mutations for :app:compileDebugJavaWithJavac (Thread[#14564,Execution worker Thread 6,5,main]) started.
[        ] :app:compileDebugJavaWithJavac (Thread[#14564,Execution worker Thread 6,5,main]) started.
[  +90 ms] > Task :app:compileDebugJavaWithJavac UP-TO-DATE
[        ] Custom actions are attached to task ':app:compileDebugJavaWithJavac'.
[        ] Caching disabled for task ':app:compileDebugJavaWithJavac' because:
[        ]   Build cache is disabled
[        ] Skipping task ':app:compileDebugJavaWithJavac' as it is up-to-date.
[        ] No compile result for :app:compileDebugJavaWithJavac
[        ] No compile result for :app:compileDebugJavaWithJavac
[        ] Resolve mutations for :app:dexBuilderDebug (Thread[#14564,Execution worker Thread 6,5,main]) started.
[        ] :app:dexBuilderDebug (Thread[#14564,Execution worker Thread 6,5,main]) started.
[ +809 ms] > Task :app:dexBuilderDebug
[        ] Caching disabled for task ':app:dexBuilderDebug' because:
[        ]   Build cache is disabled
[        ] Task ':app:dexBuilderDebug' is not up-to-date because:
[        ]   Value of input property 'dexParams.errorFormatMode' has changed for task ':app:dexBuilderDebug'
[        ] The input changes require a full rebuild for incremental task ':app:dexBuilderDebug'.
[        ] Dex builder is incremental : false 
[        ] Processing input C:\eventful_app\build\app\tmp\kotlin-classes\debug
[        ] Processing input C:\eventful_app\build\app\intermediates\javac\debug\compileDebugJavaWithJavac\classes
[        ] Dexing C:\eventful_app\build\app\tmp\kotlin-classes\debug
[        ] Dexing C:\eventful_app\build\app\intermediates\javac\debug\compileDebugJavaWithJavac\classes
[        ] Processing input C:\eventful_app\build\app\intermediates\compile_and_runtime_not_namespaced_r_class_jar\debug\processDebugResources\R.jar
[        ] Dexing C:\eventful_app\build\app\intermediates\compile_and_runtime_not_namespaced_r_class_jar\debug\processDebugResources\R.jar
[        ] Dexing 'C:\eventful_app\build\app\tmp\kotlin-classes\debug' to 'C:\eventful_app\build\app\intermediates\project_dex_archive\debug\dexBuilderDebug\out'
[        ] Dexing 'C:\eventful_app\build\app\tmp\kotlin-classes\debug' to 'C:\eventful_app\build\app\intermediates\project_dex_archive\debug\dexBuilderDebug\out'
[        ] Dexing 'C:\eventful_app\build\app\tmp\kotlin-classes\debug' to 'C:\eventful_app\build\app\intermediates\project_dex_archive\debug\dexBuilderDebug\out'
[        ] Dexing 'C:\eventful_app\build\app\tmp\kotlin-classes\debug' to 'C:\eventful_app\build\app\intermediates\project_dex_archive\debug\dexBuilderDebug\out'
[        ] Dexing 'C:\eventful_app\build\app\tmp\kotlin-classes\debug' to 'C:\eventful_app\build\app\intermediates\project_dex_archive\debug\dexBuilderDebug\out'
[        ] Dexing 'C:\eventful_app\build\app\tmp\kotlin-classes\debug' to 'C:\eventful_app\build\app\intermediates\project_dex_archive\debug\dexBuilderDebug\out'
[        ] Dexing 'C:\eventful_app\build\app\intermediates\javac\debug\compileDebugJavaWithJavac\classes' to 'C:\eventful_app\build\app\intermediates\project_dex_archive\debug\dexBuilderDebug\out'
[        ] Dexing 'C:\eventful_app\build\app\tmp\kotlin-classes\debug' to 'C:\eventful_app\build\app\intermediates\project_dex_archive\debug\dexBuilderDebug\out'
[        ] Dexing 'C:\eventful_app\build\app\intermediates\javac\debug\compileDebugJavaWithJavac\classes' to 'C:\eventful_app\build\app\intermediates\project_dex_archive\debug\dexBuilderDebug\out'
[        ] Dexing 'C:\eventful_app\build\app\intermediates\javac\debug\compileDebugJavaWithJavac\classes' to 'C:\eventful_app\build\app\intermediates\project_dex_archive\debug\dexBuilderDebug\out'
[        ] Dexing 'C:\eventful_app\build\app\intermediates\javac\debug\compileDebugJavaWithJavac\classes' to 'C:\eventful_app\build\app\intermediates\project_dex_archive\debug\dexBuilderDebug\out'
[        ] Dexing 'C:\eventful_app\build\app\intermediates\javac\debug\compileDebugJavaWithJavac\classes' to 'C:\eventful_app\build\app\intermediates\project_dex_archive\debug\dexBuilderDebug\out'
[        ] Dexing 'C:\eventful_app\build\app\intermediates\javac\debug\compileDebugJavaWithJavac\classes' to 'C:\eventful_app\build\app\intermediates\project_dex_archive\debug\dexBuilderDebug\out'
[        ] Dexing 'C:\eventful_app\build\app\tmp\kotlin-classes\debug' to 'C:\eventful_app\build\app\intermediates\project_dex_archive\debug\dexBuilderDebug\out'
[        ] Dexing 'C:\eventful_app\build\app\intermediates\javac\debug\compileDebugJavaWithJavac\classes' to 'C:\eventful_app\build\app\intermediates\project_dex_archive\debug\dexBuilderDebug\out'
[        ] Dexing 'C:\eventful_app\build\app\intermediates\javac\debug\compileDebugJavaWithJavac\classes' to 'C:\eventful_app\build\app\intermediates\project_dex_archive\debug\dexBuilderDebug\out'
[        ] Dexing 'C:\eventful_app\build\app\intermediates\compile_and_runtime_not_namespaced_r_class_jar\debug\processDebugResources\R.jar' to 'C:\eventful_app\build\app\intermediates\project_dex_archive\debug\dexBuilderDebug\out\41904a42697496c83fe184741792c9cfc937c5fe9322217a9800524cae88f203_0.jar'
[        ] Dexing 'C:\eventful_app\build\app\intermediates\compile_and_runtime_not_namespaced_r_class_jar\debug\processDebugResources\R.jar' to 'C:\eventful_app\build\app\intermediates\project_dex_archive\debug\dexBuilderDebug\out\41904a42697496c83fe184741792c9cfc937c5fe9322217a9800524cae88f203_1.jar'
[        ] Dexing 'C:\eventful_app\build\app\intermediates\compile_and_runtime_not_namespaced_r_class_jar\debug\processDebugResources\R.jar' to 'C:\eventful_app\build\app\intermediates\project_dex_archive\debug\dexBuilderDebug\out\41904a42697496c83fe184741792c9cfc937c5fe9322217a9800524cae88f203_2.jar'
[        ] Dexing 'C:\eventful_app\build\app\intermediates\compile_and_runtime_not_namespaced_r_class_jar\debug\processDebugResources\R.jar' to 'C:\eventful_app\build\app\intermediates\project_dex_archive\debug\dexBuilderDebug\out\41904a42697496c83fe184741792c9cfc937c5fe9322217a9800524cae88f203_3.jar'
[        ] Dexing 'C:\eventful_app\build\app\intermediates\compile_and_runtime_not_namespaced_r_class_jar\debug\processDebugResources\R.jar' to 'C:\eventful_app\build\app\intermediates\project_dex_archive\debug\dexBuilderDebug\out\41904a42697496c83fe184741792c9cfc937c5fe9322217a9800524cae88f203_4.jar'
[        ] Dexing 'C:\eventful_app\build\app\intermediates\compile_and_runtime_not_namespaced_r_class_jar\debug\processDebugResources\R.jar' to 'C:\eventful_app\build\app\intermediates\project_dex_archive\debug\dexBuilderDebug\out\41904a42697496c83fe184741792c9cfc937c5fe9322217a9800524cae88f203_5.jar'
[        ] Dexing 'C:\eventful_app\build\app\intermediates\compile_and_runtime_not_namespaced_r_class_jar\debug\processDebugResources\R.jar' to 'C:\eventful_app\build\app\intermediates\project_dex_archive\debug\dexBuilderDebug\out\41904a42697496c83fe184741792c9cfc937c5fe9322217a9800524cae88f203_6.jar'
[        ] Dexing 'C:\eventful_app\build\app\intermediates\compile_and_runtime_not_namespaced_r_class_jar\debug\processDebugResources\R.jar' to 'C:\eventful_app\build\app\intermediates\project_dex_archive\debug\dexBuilderDebug\out\41904a42697496c83fe184741792c9cfc937c5fe9322217a9800524cae88f203_7.jar'
[        ] INFO: C:\eventful_app\build\app\tmp\kotlin-classes\debug\com\fatih\eventful\MainActivity.class: D8: Type `io.flutter.embedding.android.FlutterActivity` was not found, it is required for default or static interface methods desugaring of `com.fatih.eventful.MainActivity`
[        ] Done with all dex archive conversions
[        ] Resolve mutations for :app:mergeDebugGlobalSynthetics (Thread[#14564,Execution worker Thread 6,5,main]) started.
[        ] :app:mergeDebugGlobalSynthetics (Thread[#14567,Execution worker Thread 8,5,main]) started.
[  +93 ms] > Task :app:mergeDebugGlobalSynthetics UP-TO-DATE
[        ] Caching disabled for task ':app:mergeDebugGlobalSynthetics' because:
[        ]   Build cache is disabled
[        ] Skipping task ':app:mergeDebugGlobalSynthetics' as it is up-to-date.
[        ] Resolve mutations for :app:processDebugJavaRes (Thread[#14567,Execution worker Thread 8,5,main]) started.
[        ] :app:processDebugJavaRes (Thread[#14567,Execution worker Thread 8,5,main]) started.
[        ] > Task :app:processDebugJavaRes UP-TO-DATE
[        ] file or directory 'C:\eventful_app\android\app\src\main\resources', not found
[        ] file or directory 'C:\eventful_app\android\app\src\debug\resources', not found
[        ] file or directory 'C:\eventful_app\android\app\src\main\resources', not found
[        ] file or directory 'C:\eventful_app\android\app\src\debug\resources', not found
[        ] Caching disabled for task ':app:processDebugJavaRes' because:
[        ]   Build cache is disabled
[        ]   Caching has been disabled for the task
[        ] Skipping task ':app:processDebugJavaRes' as it is up-to-date.
[        ] Resolve mutations for :app:mergeDebugJavaResource (Thread[#14567,Execution worker Thread 8,5,main]) started.
[        ] :app:mergeDebugJavaResource (Thread[#14567,Execution worker Thread 8,5,main]) started.
[        ] > Task :app:mergeDebugJavaResource UP-TO-DATE
[        ] Caching disabled for task ':app:mergeDebugJavaResource' because:
[        ]   Build cache is disabled
[        ]   Caching has been disabled for the task
[        ] Skipping task ':app:mergeDebugJavaResource' as it is up-to-date.
[        ] Resolve mutations for :app:mergeProjectDexDebug (Thread[#14567,Execution worker Thread 8,5,main]) started.
[        ] :app:mergeProjectDexDebug (Thread[#14567,Execution worker Thread 8,5,main]) started.
[        ] > Task :app:mergeProjectDexDebug UP-TO-DATE
[        ] Caching disabled for task ':app:mergeProjectDexDebug' because:
[        ]   Build cache is disabled
[        ] Skipping task ':app:mergeProjectDexDebug' as it is up-to-date.
[        ] Resolve mutations for :jni:configureCMakeDebug[armeabi-v7a] (Thread[#14567,Execution worker Thread 8,5,main]) started.
[        ] :jni:configureCMakeDebug[armeabi-v7a] (Thread[#14567,Execution worker Thread 8,5,main]) started.
[        ] > Task :jni:configureCMakeDebug[armeabi-v7a]
[        ] Caching disabled for task ':jni:configureCMakeDebug[armeabi-v7a]' because:
[        ]   Build cache is disabled
[        ]   Caching has been disabled for the task
[        ] Task ':jni:configureCMakeDebug[armeabi-v7a]' is not up-to-date because:
[   +1 ms]   Task.upToDateWhen is false.
[        ] C/C++: C:\.pub-cache\hosted\pub.dev\jni-1.0.0\src\CMakeLists.txt profile|armeabi-v7a : Start JSON generation. Platform version: 21 min SDK version: armeabi-v7a
[        ] C/C++: C:\.pub-cache\hosted\pub.dev\jni-1.0.0\src\CMakeLists.txt profile|armeabi-v7a : JSON 'C:\.pub-cache\hosted\pub.dev\jni-1.0.0\android\.cxx\Debug\p2i671j6\armeabi-v7a\android_gradle_build.json' was up-to-date
[        ] C/C++: C:\.pub-cache\hosted\pub.dev\jni-1.0.0\src\CMakeLists.txt profile|armeabi-v7a : JSON generation completed without problems
[        ] C/C++: C:\.pub-cache\hosted\pub.dev\jni-1.0.0\src\CMakeLists.txt profile|armeabi-v7a : Writing build model to C:\eventful_app\build\jni\intermediates\cxx\Debug\p2i671j6\logs\armeabi-v7a\build_model.json
[        ] Resolve mutations for :jni:buildCMakeDebug[armeabi-v7a] (Thread[#14567,Execution worker Thread 8,5,main]) started.
[        ] :jni:buildCMakeDebug[armeabi-v7a] (Thread[#14567,Execution worker Thread 8,5,main]) started.
[+1997 ms] > Task :jni:buildCMakeDebug[armeabi-v7a]
[        ] Caching disabled for task ':jni:buildCMakeDebug[armeabi-v7a]' because:
[        ]   Build cache is disabled
[        ]   Caching has been disabled for the task
[        ] Task ':jni:buildCMakeDebug[armeabi-v7a]' is not up-to-date because:
[        ]   Task.upToDateWhen is false.
[        ] C/C++: starting build
[        ] C/C++: reading expected JSONs
[        ] C/C++: done reading expected JSONs
[        ] C/C++: executing build commands for targets that produce .so files or executables
[        ] C/C++: evaluate miniconfig
[        ] C/C++: evaluate library jni (armeabi-v7a)
[        ] C/C++: building target library jni because no targets are specified.
[        ] C/C++: about to build targets jni
[        ] C/C++: Build jni
[        ] C/C++: @echo off
[        ] "C:\\Users\\HAL─░S\\AppData\\Local\\Android\\Sdk\\cmake\\3.22.1\\bin\\ninja.exe" ^
[        ]   -C ^
[        ]   "C:\\.pub-cache\\hosted\\pub.dev\\jni-1.0.0\\android\\.cxx\\Debug\\p2i671j6\\armeabi-v7a" ^
[        ]   jni
[        ] Starting process 'command 'C:\Users\HAL─░S\AppData\Local\Android\Sdk\cmake\3.22.1\bin\ninja.exe''. Working directory: C:\.pub-cache\hosted\pub.dev\jni-1.0.0\android Command: C:\Users\HAL─░S\AppData\Local\Android\Sdk\cmake\3.22.1\bin\ninja.exe -C C:\.pub-cache\hosted\pub.dev\jni-1.0.0\android\.cxx\Debug\p2i671j6\armeabi-v7a jni
[        ] Successfully started process 'command 'C:\Users\HAL─░S\AppData\Local\Android\Sdk\cmake\3.22.1\bin\ninja.exe''
[+2493 ms] C/C++: Received process result: 0
[        ] C/C++: check expected build outputs
[        ] C/C++: build complete
[        ] Resolve mutations for :jni:configureCMakeDebug[x86] (Thread[#14567,Execution worker Thread 8,5,main]) started.
[        ] :jni:configureCMakeDebug[x86] (Thread[#14567,Execution worker Thread 8,5,main]) started.
[  +94 ms] > Task :jni:configureCMakeDebug[x86]
[        ] Caching disabled for task ':jni:configureCMakeDebug[x86]' because:
[        ]   Build cache is disabled
[        ]   Caching has been disabled for the task
[        ] Task ':jni:configureCMakeDebug[x86]' is not up-to-date because:
[        ]   Task.upToDateWhen is false.
[        ] C/C++: C:\.pub-cache\hosted\pub.dev\jni-1.0.0\src\CMakeLists.txt profile|x86 : Start JSON generation. Platform version: 21 min SDK version: x86
[        ] C/C++: C:\.pub-cache\hosted\pub.dev\jni-1.0.0\src\CMakeLists.txt profile|x86 : JSON 'C:\.pub-cache\hosted\pub.dev\jni-1.0.0\android\.cxx\Debug\p2i671j6\x86\android_gradle_build.json' was up-to-date
[        ] C/C++: C:\.pub-cache\hosted\pub.dev\jni-1.0.0\src\CMakeLists.txt profile|x86 : JSON generation completed without problems
[        ] C/C++: C:\.pub-cache\hosted\pub.dev\jni-1.0.0\src\CMakeLists.txt profile|x86 : Writing build model to C:\eventful_app\build\jni\intermediates\cxx\Debug\p2i671j6\logs\x86\build_model.json
[        ] Resolve mutations for :jni:buildCMakeDebug[x86] (Thread[#14567,Execution worker Thread 8,5,main]) started.
[        ] :jni:buildCMakeDebug[x86] (Thread[#14567,Execution worker Thread 8,5,main]) started.
[+1905 ms] > Task :jni:buildCMakeDebug[x86]
[        ] Caching disabled for task ':jni:buildCMakeDebug[x86]' because:
[        ]   Build cache is disabled
[        ]   Caching has been disabled for the task
[        ] Task ':jni:buildCMakeDebug[x86]' is not up-to-date because:
[        ]   Task.upToDateWhen is false.
[        ] C/C++: starting build
[        ] C/C++: reading expected JSONs
[        ] C/C++: done reading expected JSONs
[        ] C/C++: executing build commands for targets that produce .so files or executables
[        ] C/C++: evaluate miniconfig
[        ] C/C++: evaluate library jni (x86)
[        ] C/C++: building target library jni because no targets are specified.
[        ] C/C++: about to build targets jni
[        ] C/C++: Build jni
[        ] C/C++: @echo off
[        ] "C:\\Users\\HAL─░S\\AppData\\Local\\Android\\Sdk\\cmake\\3.22.1\\bin\\ninja.exe" ^
[        ]   -C ^
[        ]   "C:\\.pub-cache\\hosted\\pub.dev\\jni-1.0.0\\android\\.cxx\\Debug\\p2i671j6\\x86" ^
[        ]   jni
[        ] Starting process 'command 'C:\Users\HAL─░S\AppData\Local\Android\Sdk\cmake\3.22.1\bin\ninja.exe''. Working directory: C:\.pub-cache\hosted\pub.dev\jni-1.0.0\android Command: C:\Users\HAL─░S\AppData\Local\Android\Sdk\cmake\3.22.1\bin\ninja.exe -C C:\.pub-cache\hosted\pub.dev\jni-1.0.0\android\.cxx\Debug\p2i671j6\x86 jni
[        ] Successfully started process 'command 'C:\Users\HAL─░S\AppData\Local\Android\Sdk\cmake\3.22.1\bin\ninja.exe''
[+2402 ms] C/C++: Received process result: 0
[        ] C/C++: check expected build outputs
[        ] C/C++: build complete
[        ] Resolve mutations for :jni:configureCMakeDebug[x86_64] (Thread[#14567,Execution worker Thread 8,5,main]) started.
[        ] :jni:configureCMakeDebug[x86_64] (Thread[#14567,Execution worker Thread 8,5,main]) started.
[        ] > Task :jni:configureCMakeDebug[x86_64]
[        ] Caching disabled for task ':jni:configureCMakeDebug[x86_64]' because:
[        ]   Build cache is disabled
[        ]   Caching has been disabled for the task
[        ] Task ':jni:configureCMakeDebug[x86_64]' is not up-to-date because:
[        ]   Task.upToDateWhen is false.
[        ] C/C++: C:\.pub-cache\hosted\pub.dev\jni-1.0.0\src\CMakeLists.txt profile|x86_64 : Start JSON generation. Platform version: 21 min SDK version: x86_64
[        ] C/C++: C:\.pub-cache\hosted\pub.dev\jni-1.0.0\src\CMakeLists.txt profile|x86_64 : JSON 'C:\.pub-cache\hosted\pub.dev\jni-1.0.0\android\.cxx\Debug\p2i671j6\x86_64\android_gradle_build.json' was up-to-date
[        ] C/C++: C:\.pub-cache\hosted\pub.dev\jni-1.0.0\src\CMakeLists.txt profile|x86_64 : JSON generation completed without problems
[        ] C/C++: C:\.pub-cache\hosted\pub.dev\jni-1.0.0\src\CMakeLists.txt profile|x86_64 : Writing build model to C:\eventful_app\build\jni\intermediates\cxx\Debug\p2i671j6\logs\x86_64\build_model.json
[        ] Resolve mutations for :jni:buildCMakeDebug[x86_64] (Thread[#14567,Execution worker Thread 8,5,main]) started.
[        ] :jni:buildCMakeDebug[x86_64] (Thread[#14567,Execution worker Thread 8,5,main]) started.
[+2002 ms] > Task :jni:buildCMakeDebug[x86_64]
[        ] Caching disabled for task ':jni:buildCMakeDebug[x86_64]' because:
[        ]   Build cache is disabled
[        ]   Caching has been disabled for the task
[        ] Task ':jni:buildCMakeDebug[x86_64]' is not up-to-date because:
[        ]   Task.upToDateWhen is false.
[        ] C/C++: starting build
[        ] C/C++: reading expected JSONs
[        ] C/C++: done reading expected JSONs
[        ] C/C++: executing build commands for targets that produce .so files or executables
[        ] C/C++: evaluate miniconfig
[        ] C/C++: evaluate library jni (x86_64)
[        ] C/C++: building target library jni because no targets are specified.
[        ] C/C++: about to build targets jni
[        ] C/C++: Build jni
[        ] C/C++: @echo off
[        ] "C:\\Users\\HAL─░S\\AppData\\Local\\Android\\Sdk\\cmake\\3.22.1\\bin\\ninja.exe" ^
[        ]   -C ^
[        ]   "C:\\.pub-cache\\hosted\\pub.dev\\jni-1.0.0\\android\\.cxx\\Debug\\p2i671j6\\x86_64" ^
[        ]   jni
[        ] Starting process 'command 'C:\Users\HAL─░S\AppData\Local\Android\Sdk\cmake\3.22.1\bin\ninja.exe''. Working directory: C:\.pub-cache\hosted\pub.dev\jni-1.0.0\android Command: C:\Users\HAL─░S\AppData\Local\Android\Sdk\cmake\3.22.1\bin\ninja.exe -C C:\.pub-cache\hosted\pub.dev\jni-1.0.0\android\.cxx\Debug\p2i671j6\x86_64 jni
[        ] Successfully started process 'command 'C:\Users\HAL─░S\AppData\Local\Android\Sdk\cmake\3.22.1\bin\ninja.exe''
[+2400 ms] C/C++: Received process result: 0
[        ] C/C++: check expected build outputs
[        ] C/C++: build complete
[        ] Resolve mutations for :jni:mergeDebugJniLibFolders (Thread[#14567,Execution worker Thread 8,5,main]) started.
[        ] :jni:mergeDebugJniLibFolders (Thread[#14567,Execution worker Thread 8,5,main]) started.
[        ] > Task :jni:mergeDebugJniLibFolders UP-TO-DATE
[        ] Caching disabled for task ':jni:mergeDebugJniLibFolders' because:
[        ]   Build cache is disabled
[        ]   Simple merging task
[        ] Skipping task ':jni:mergeDebugJniLibFolders' as it is up-to-date.
[        ] Resolve mutations for :jni:mergeDebugNativeLibs (Thread[#14567,Execution worker Thread 8,5,main]) started.
[        ] :jni:mergeDebugNativeLibs (Thread[#14567,Execution worker Thread 8,5,main]) started.
[        ] Resolve mutations for :jni_flutter:mergeDebugJniLibFolders (Thread[#14568,Execution worker Thread 9,5,main]) started.
[        ] :jni_flutter:mergeDebugJniLibFolders (Thread[#14568,Execution worker Thread 9,5,main]) started.
[        ] > Task :jni_flutter:mergeDebugJniLibFolders UP-TO-DATE
[        ] Caching disabled for task ':jni_flutter:mergeDebugJniLibFolders' because:
[        ]   Build cache is disabled
[        ]   Simple merging task
[        ] Skipping task ':jni_flutter:mergeDebugJniLibFolders' as it is up-to-date.
[        ] Resolve mutations for :jni_flutter:mergeDebugNativeLibs (Thread[#14568,Execution worker Thread 9,5,main]) started.
[        ] :jni_flutter:mergeDebugNativeLibs (Thread[#14569,Execution worker Thread 10,5,main]) started.
[        ] > Task :jni_flutter:mergeDebugNativeLibs NO-SOURCE
[        ] Skipping task ':jni_flutter:mergeDebugNativeLibs' as it has no source files and no previous output files.
[        ] Resolve mutations for :jni_flutter:copyDebugJniLibsProjectOnly (Thread[#14569,Execution worker Thread 10,5,main]) started.
[        ] :jni_flutter:copyDebugJniLibsProjectOnly (Thread[#14569,Execution worker Thread 10,5,main]) started.
[        ] > Task :jni_flutter:copyDebugJniLibsProjectOnly UP-TO-DATE
[        ] Caching disabled for task ':jni_flutter:copyDebugJniLibsProjectOnly' because:
[        ]   Build cache is disabled
[        ]   Caching has been disabled for the task
[        ] Skipping task ':jni_flutter:copyDebugJniLibsProjectOnly' as it is up-to-date.
[        ] work action resolve jni (project :jni_flutter) (Thread[#14569,Execution worker Thread 10,5,main]) started.
[        ] Resolve mutations for :package_info_plus:mergeDebugJniLibFolders (Thread[#14569,Execution worker Thread 10,5,main]) started.
[        ] :package_info_plus:mergeDebugJniLibFolders (Thread[#14569,Execution worker Thread 10,5,main]) started.
[        ] > Task :package_info_plus:mergeDebugJniLibFolders UP-TO-DATE
[        ] Caching disabled for task ':package_info_plus:mergeDebugJniLibFolders' because:
[        ]   Build cache is disabled
[        ]   Simple merging task
[        ] Skipping task ':package_info_plus:mergeDebugJniLibFolders' as it is up-to-date.
[        ] Resolve mutations for :package_info_plus:mergeDebugNativeLibs (Thread[#14564,Execution worker Thread 6,5,main]) started.
[        ] :package_info_plus:mergeDebugNativeLibs (Thread[#14564,Execution worker Thread 6,5,main]) started.
[        ] > Task :package_info_plus:mergeDebugNativeLibs NO-SOURCE
[        ] Skipping task ':package_info_plus:mergeDebugNativeLibs' as it has no source files and no previous output files.
[        ] Resolve mutations for :package_info_plus:copyDebugJniLibsProjectOnly (Thread[#14564,Execution worker Thread 6,5,main]) started.
[        ] :package_info_plus:copyDebugJniLibsProjectOnly (Thread[#14564,Execution worker Thread 6,5,main]) started.
[        ] > Task :package_info_plus:copyDebugJniLibsProjectOnly UP-TO-DATE
[        ] Caching disabled for task ':package_info_plus:copyDebugJniLibsProjectOnly' because:
[        ]   Build cache is disabled
[        ]   Caching has been disabled for the task
[        ] Skipping task ':package_info_plus:copyDebugJniLibsProjectOnly' as it is up-to-date.
[        ] work action resolve jni (project :package_info_plus) (Thread[#14564,Execution worker Thread 6,5,main]) started.
[        ] Resolve mutations for :share_plus:mergeDebugJniLibFolders (Thread[#14564,Execution worker Thread 6,5,main]) started.
[        ] :share_plus:mergeDebugJniLibFolders (Thread[#14564,Execution worker Thread 6,5,main]) started.
[        ] > Task :share_plus:mergeDebugJniLibFolders UP-TO-DATE
[        ] Caching disabled for task ':share_plus:mergeDebugJniLibFolders' because:
[        ]   Build cache is disabled
[        ]   Simple merging task
[        ] Skipping task ':share_plus:mergeDebugJniLibFolders' as it is up-to-date.
[        ] Resolve mutations for :share_plus:mergeDebugNativeLibs (Thread[#14564,Execution worker Thread 6,5,main]) started.
[        ] :share_plus:mergeDebugNativeLibs (Thread[#14564,Execution worker Thread 6,5,main]) started.
[        ] > Task :share_plus:mergeDebugNativeLibs NO-SOURCE
[        ] Skipping task ':share_plus:mergeDebugNativeLibs' as it has no source files and no previous output files.
[        ] Resolve mutations for :share_plus:copyDebugJniLibsProjectOnly (Thread[#14564,Execution worker Thread 6,5,main]) started.
[        ] :share_plus:copyDebugJniLibsProjectOnly (Thread[#14564,Execution worker Thread 6,5,main]) started.
[        ] > Task :share_plus:copyDebugJniLibsProjectOnly UP-TO-DATE
[        ] Caching disabled for task ':share_plus:copyDebugJniLibsProjectOnly' because:
[        ]   Build cache is disabled
[        ]   Caching has been disabled for the task
[        ] Skipping task ':share_plus:copyDebugJniLibsProjectOnly' as it is up-to-date.
[        ] work action resolve jni (project :share_plus) (Thread[#14564,Execution worker Thread 6,5,main]) started.
[        ] Resolve mutations for :shared_preferences_android:mergeDebugJniLibFolders (Thread[#14564,Execution worker Thread 6,5,main]) started.
[        ] :shared_preferences_android:mergeDebugJniLibFolders (Thread[#14564,Execution worker Thread 6,5,main]) started.
[        ] > Task :shared_preferences_android:mergeDebugJniLibFolders UP-TO-DATE
[        ] Caching disabled for task ':shared_preferences_android:mergeDebugJniLibFolders' because:
[        ]   Build cache is disabled
[        ]   Simple merging task
[        ] Skipping task ':shared_preferences_android:mergeDebugJniLibFolders' as it is up-to-date.
[        ] Resolve mutations for :shared_preferences_android:mergeDebugNativeLibs (Thread[#14564,Execution worker Thread 6,5,main]) started.
[        ] :shared_preferences_android:mergeDebugNativeLibs (Thread[#14564,Execution worker Thread 6,5,main]) started.
[        ] > Task :shared_preferences_android:mergeDebugNativeLibs NO-SOURCE
[        ] Skipping task ':shared_preferences_android:mergeDebugNativeLibs' as it has no source files and no previous output files.
[        ] Resolve mutations for :shared_preferences_android:copyDebugJniLibsProjectOnly (Thread[#14564,Execution worker Thread 6,5,main]) started.
[        ] :shared_preferences_android:copyDebugJniLibsProjectOnly (Thread[#14564,Execution worker Thread 6,5,main]) started.
[        ] > Task :jni:mergeDebugNativeLibs
[        ] Caching disabled for task ':jni:mergeDebugNativeLibs' because:
[        ]   Build cache is disabled
[        ]   Caching has been disabled for the task
[        ] Task ':jni:mergeDebugNativeLibs' is not up-to-date because:
[        ]   Input property 'projectNativeLibs' file C:\eventful_app\build\jni\intermediates\cxx\Debug\p2i671j6\obj\armeabi-v7a\libdartjni.so has been added.
[        ]   Input property 'projectNativeLibs' file C:\eventful_app\build\jni\intermediates\cxx\Debug\p2i671j6\obj\x86\libdartjni.so has been added.
[        ]   Input property 'projectNativeLibs' file C:\eventful_app\build\jni\intermediates\cxx\Debug\p2i671j6\obj\x86_64\libdartjni.so has been added.
[        ] > Task :shared_preferences_android:copyDebugJniLibsProjectOnly UP-TO-DATE
[        ] Caching disabled for task ':shared_preferences_android:copyDebugJniLibsProjectOnly' because:
[        ]   Build cache is disabled
[        ]   Caching has been disabled for the task
[        ] Skipping task ':shared_preferences_android:copyDebugJniLibsProjectOnly' as it is up-to-date.
[        ] work action resolve jni (project :shared_preferences_android) (Thread[#14564,Execution worker Thread 6,5,main]) started.
[        ] Resolve mutations for :jni:copyDebugJniLibsProjectOnly (Thread[#14564,Execution worker Thread 6,5,main]) started.
[        ] :jni:copyDebugJniLibsProjectOnly (Thread[#14564,Execution worker Thread 6,5,main]) started.
[        ] Resolve mutations for :sqflite_android:mergeDebugJniLibFolders (Thread[#14573,Execution worker Thread 14,5,main]) started.
[        ] :sqflite_android:mergeDebugJniLibFolders (Thread[#14573,Execution worker Thread 14,5,main]) started.
[        ] > Task :sqflite_android:mergeDebugJniLibFolders UP-TO-DATE
[        ] Caching disabled for task ':sqflite_android:mergeDebugJniLibFolders' because:
[        ]   Build cache is disabled
[        ]   Simple merging task
[        ] Skipping task ':sqflite_android:mergeDebugJniLibFolders' as it is up-to-date.
[        ] Resolve mutations for :sqflite_android:mergeDebugNativeLibs (Thread[#14573,Execution worker Thread 14,5,main]) started.
[        ] :sqflite_android:mergeDebugNativeLibs (Thread[#14573,Execution worker Thread 14,5,main]) started.
[        ] > Task :sqflite_android:mergeDebugNativeLibs NO-SOURCE
[        ] Skipping task ':sqflite_android:mergeDebugNativeLibs' as it has no source files and no previous output files.
[        ] Resolve mutations for :sqflite_android:copyDebugJniLibsProjectOnly (Thread[#14573,Execution worker Thread 14,5,main]) started.
[        ] :sqflite_android:copyDebugJniLibsProjectOnly (Thread[#14573,Execution worker Thread 14,5,main]) started.
[        ] > Task :sqflite_android:copyDebugJniLibsProjectOnly UP-TO-DATE
[        ] Caching disabled for task ':sqflite_android:copyDebugJniLibsProjectOnly' because:
[        ]   Build cache is disabled
[        ]   Caching has been disabled for the task
[        ] Skipping task ':sqflite_android:copyDebugJniLibsProjectOnly' as it is up-to-date.
[        ] work action resolve jni (project :sqflite_android) (Thread[#14573,Execution worker Thread 14,5,main]) started.
[        ] Resolve mutations for :url_launcher_android:mergeDebugJniLibFolders (Thread[#14573,Execution worker Thread 14,5,main]) started.
[        ] :url_launcher_android:mergeDebugJniLibFolders (Thread[#14573,Execution worker Thread 14,5,main]) started.
[        ] > Task :url_launcher_android:mergeDebugJniLibFolders UP-TO-DATE
[        ] Caching disabled for task ':url_launcher_android:mergeDebugJniLibFolders' because:
[        ]   Build cache is disabled
[        ]   Simple merging task
[        ] Skipping task ':url_launcher_android:mergeDebugJniLibFolders' as it is up-to-date.
[        ] Resolve mutations for :url_launcher_android:mergeDebugNativeLibs (Thread[#14573,Execution worker Thread 14,5,main]) started.
[        ] :url_launcher_android:mergeDebugNativeLibs (Thread[#14573,Execution worker Thread 14,5,main]) started.
[        ] > Task :url_launcher_android:mergeDebugNativeLibs NO-SOURCE
[        ] Skipping task ':url_launcher_android:mergeDebugNativeLibs' as it has no source files and no previous output files.
[        ] Resolve mutations for :url_launcher_android:copyDebugJniLibsProjectOnly (Thread[#14573,Execution worker Thread 14,5,main]) started.
[        ] :url_launcher_android:copyDebugJniLibsProjectOnly (Thread[#14573,Execution worker Thread 14,5,main]) started.
[        ] > Task :url_launcher_android:copyDebugJniLibsProjectOnly UP-TO-DATE
[        ] Caching disabled for task ':url_launcher_android:copyDebugJniLibsProjectOnly' because:
[        ]   Build cache is disabled
[        ]   Caching has been disabled for the task
[        ] Skipping task ':url_launcher_android:copyDebugJniLibsProjectOnly' as it is up-to-date.
[        ] work action resolve jni (project :url_launcher_android) (Thread[#14573,Execution worker Thread 14,5,main]) started.
[        ] Resolve mutations for :app:validateSigningDebug (Thread[#14573,Execution worker Thread 14,5,main]) started.
[        ] :app:validateSigningDebug (Thread[#14573,Execution worker Thread 14,5,main]) started.
[  +86 ms] > Task :app:validateSigningDebug UP-TO-DATE
[        ] Caching disabled for task ':app:validateSigningDebug' because:
[        ]   Build cache is disabled
[        ]   Caching has been disabled for the task
[        ] Skipping task ':app:validateSigningDebug' as it is up-to-date.
[        ] Resolve mutations for :app:writeDebugAppMetadata (Thread[#14573,Execution worker Thread 14,5,main]) started.
[        ] :app:writeDebugAppMetadata (Thread[#14567,Execution worker Thread 8,5,main]) started.
[        ] > Task :app:writeDebugAppMetadata UP-TO-DATE
[        ] Caching disabled for task ':app:writeDebugAppMetadata' because:
[        ]   Build cache is disabled
[        ]   Caching has been disabled for the task
[        ] Skipping task ':app:writeDebugAppMetadata' as it is up-to-date.
[        ] Resolve mutations for :app:writeDebugSigningConfigVersions (Thread[#14567,Execution worker Thread 8,5,main]) started.
[        ] :app:writeDebugSigningConfigVersions (Thread[#14567,Execution worker Thread 8,5,main]) started.
[        ] > Task :app:writeDebugSigningConfigVersions UP-TO-DATE
[        ] Caching disabled for task ':app:writeDebugSigningConfigVersions' because:
[        ]   Build cache is disabled
[        ]   Caching has been disabled for the task
[        ] Skipping task ':app:writeDebugSigningConfigVersions' as it is up-to-date.
[        ] Resolve mutations for :cloud_firestore:stripDebugDebugSymbols (Thread[#14567,Execution worker Thread 8,5,main]) started.
[        ] :cloud_firestore:stripDebugDebugSymbols (Thread[#14567,Execution worker Thread 8,5,main]) started.
[        ] > Task :cloud_firestore:stripDebugDebugSymbols NO-SOURCE
[        ] Skipping task ':cloud_firestore:stripDebugDebugSymbols' as it has no source files and no previous output files.
[        ] Resolve mutations for :cloud_firestore:copyDebugJniLibsProjectAndLocalJars (Thread[#14567,Execution worker Thread 8,5,main]) started.
[        ] :cloud_firestore:copyDebugJniLibsProjectAndLocalJars (Thread[#14567,Execution worker Thread 8,5,main]) started.
[        ] > Task :cloud_firestore:copyDebugJniLibsProjectAndLocalJars UP-TO-DATE
[        ] Caching disabled for task ':cloud_firestore:copyDebugJniLibsProjectAndLocalJars' because:
[        ]   Build cache is disabled
[        ]   Caching has been disabled for the task
[        ] Skipping task ':cloud_firestore:copyDebugJniLibsProjectAndLocalJars' as it is up-to-date.
[        ] Resolve mutations for :cloud_firestore:extractDebugAnnotations (Thread[#14567,Execution worker Thread 8,5,main]) started.
[        ] :cloud_firestore:extractDebugAnnotations (Thread[#14567,Execution worker Thread 8,5,main]) started.
[        ] > Task :jni:copyDebugJniLibsProjectOnly
[        ] Caching disabled for task ':jni:copyDebugJniLibsProjectOnly' because:
[        ]   Build cache is disabled
[        ]   Caching has been disabled for the task
[        ] Task ':jni:copyDebugJniLibsProjectOnly' is not up-to-date because:
[        ]   Input property 'projectNativeLibs' file C:\eventful_app\build\jni\intermediates\merged_native_libs\debug\mergeDebugNativeLibs\out\lib\armeabi-v7a has been added.
[        ]   Input property 'projectNativeLibs' file C:\eventful_app\build\jni\intermediates\merged_native_libs\debug\mergeDebugNativeLibs\out\lib\armeabi-v7a\libdartjni.so has been added.
[        ]   Input property 'projectNativeLibs' file C:\eventful_app\build\jni\intermediates\merged_native_libs\debug\mergeDebugNativeLibs\out\lib\x86 has been added.
[        ]   and more...
[        ] work action resolve jni (project :jni) (Thread[#14564,Execution worker Thread 6,5,main]) started.
[        ] > Task :cloud_firestore:extractDebugAnnotations UP-TO-DATE
[        ] Caching disabled for task ':cloud_firestore:extractDebugAnnotations' because:
[        ]   Build cache is disabled
[        ] Skipping task ':cloud_firestore:extractDebugAnnotations' as it is up-to-date.
[        ] Resolve mutations for :app:mergeDebugNativeLibs (Thread[#14567,Execution worker Thread 8,5,main]) started.
[        ] :app:mergeDebugNativeLibs (Thread[#14567,Execution worker Thread 8,5,main]) started.
[        ] Resolve mutations for :cloud_firestore:extractDeepLinksForAarDebug (Thread[#14569,Execution worker Thread 10,5,main]) started.
[        ] :cloud_firestore:extractDeepLinksForAarDebug (Thread[#14569,Execution worker Thread 10,5,main]) started.
[        ] > Task :cloud_firestore:extractDeepLinksForAarDebug UP-TO-DATE
[        ] Caching disabled for task ':cloud_firestore:extractDeepLinksForAarDebug' because:
[        ]   Build cache is disabled
[        ] Skipping task ':cloud_firestore:extractDeepLinksForAarDebug' as it is up-to-date.
[        ] Resolve mutations for :cloud_firestore:mergeDebugGeneratedProguardFiles (Thread[#14569,Execution worker Thread 10,5,main]) started.
[        ] :cloud_firestore:mergeDebugGeneratedProguardFiles (Thread[#14569,Execution worker Thread 10,5,main]) started.
[        ] > Task :cloud_firestore:mergeDebugGeneratedProguardFiles UP-TO-DATE
[        ] Caching disabled for task ':cloud_firestore:mergeDebugGeneratedProguardFiles' because:
[        ]   Build cache is disabled
[        ]   Simple merging task
[        ] Skipping task ':cloud_firestore:mergeDebugGeneratedProguardFiles' as it is up-to-date.
[        ] Resolve mutations for :cloud_firestore:mergeDebugConsumerProguardFiles (Thread[#14569,Execution worker Thread 10,5,main]) started.
[        ] :cloud_firestore:mergeDebugConsumerProguardFiles (Thread[#14569,Execution worker Thread 10,5,main]) started.
[        ] > Task :cloud_firestore:mergeDebugConsumerProguardFiles UP-TO-DATE
[        ] Caching disabled for task ':cloud_firestore:mergeDebugConsumerProguardFiles' because:
[        ]   Build cache is disabled
[        ]   Simple merging task
[        ] Skipping task ':cloud_firestore:mergeDebugConsumerProguardFiles' as it is up-to-date.
[        ] Resolve mutations for :cloud_firestore:prepareDebugArtProfile (Thread[#14569,Execution worker Thread 10,5,main]) started.
[        ] :cloud_firestore:prepareDebugArtProfile (Thread[#14569,Execution worker Thread 10,5,main]) started.
[        ] > Task :cloud_firestore:prepareDebugArtProfile UP-TO-DATE
[        ] Caching disabled for task ':cloud_firestore:prepareDebugArtProfile' because:
[        ]   Build cache is disabled
[        ]   Caching has been disabled for the task
[        ] Skipping task ':cloud_firestore:prepareDebugArtProfile' as it is up-to-date.
[        ] Resolve mutations for :cloud_firestore:prepareLintJarForPublish (Thread[#14569,Execution worker Thread 10,5,main]) started.
[        ] :cloud_firestore:prepareLintJarForPublish (Thread[#14569,Execution worker Thread 10,5,main]) started.
[        ] > Task :cloud_firestore:prepareLintJarForPublish UP-TO-DATE
[        ] Caching disabled for task ':cloud_firestore:prepareLintJarForPublish' because:
[        ]   Build cache is disabled
[        ]   Caching has been disabled for the task
[        ] Skipping task ':cloud_firestore:prepareLintJarForPublish' as it is up-to-date.
[        ] Resolve mutations for :cloud_firestore:mergeDebugJavaResource (Thread[#14569,Execution worker Thread 10,5,main]) started.
[        ] :cloud_firestore:mergeDebugJavaResource (Thread[#14569,Execution worker Thread 10,5,main]) started.
[        ] > Task :cloud_firestore:mergeDebugJavaResource UP-TO-DATE
[        ] Caching disabled for task ':cloud_firestore:mergeDebugJavaResource' because:
[        ]   Build cache is disabled
[        ]   Caching has been disabled for the task
[        ] Skipping task ':cloud_firestore:mergeDebugJavaResource' as it is up-to-date.
[        ] Resolve mutations for :cloud_firestore:syncDebugLibJars (Thread[#14569,Execution worker Thread 10,5,main]) started.
[        ] :cloud_firestore:syncDebugLibJars (Thread[#14569,Execution worker Thread 10,5,main]) started.
[        ] > Task :cloud_firestore:syncDebugLibJars UP-TO-DATE
[        ] Caching disabled for task ':cloud_firestore:syncDebugLibJars' because:
[        ]   Build cache is disabled
[        ] Skipping task ':cloud_firestore:syncDebugLibJars' as it is up-to-date.
[        ] Resolve mutations for :cloud_firestore:bundleDebugAar (Thread[#14569,Execution worker Thread 10,5,main]) started.
[        ] :cloud_firestore:bundleDebugAar (Thread[#14569,Execution worker Thread 10,5,main]) started.
[  +93 ms] > Task :cloud_firestore:bundleDebugAar UP-TO-DATE
[        ] Caching disabled for task ':cloud_firestore:bundleDebugAar' because:
[        ]   Build cache is disabled
[        ]   Caching has been disabled for the task
[        ] Skipping task ':cloud_firestore:bundleDebugAar' as it is up-to-date.
[        ] Resolve mutations for :cloud_firestore:assembleDebug (Thread[#14569,Execution worker Thread 10,5,main]) started.
[        ] :cloud_firestore:assembleDebug (Thread[#14569,Execution worker Thread 10,5,main]) started.
[        ] > Task :cloud_firestore:assembleDebug UP-TO-DATE
[        ] Skipping task ':cloud_firestore:assembleDebug' as it has no actions.
[        ] Resolve mutations for :device_info_plus:stripDebugDebugSymbols (Thread[#14569,Execution worker Thread 10,5,main]) started.
[        ] :device_info_plus:stripDebugDebugSymbols (Thread[#14569,Execution worker Thread 10,5,main]) started.
[        ] > Task :device_info_plus:stripDebugDebugSymbols NO-SOURCE
[        ] Skipping task ':device_info_plus:stripDebugDebugSymbols' as it has no source files and no previous output files.
[        ] Resolve mutations for :device_info_plus:copyDebugJniLibsProjectAndLocalJars (Thread[#14569,Execution worker Thread 10,5,main]) started.
[        ] :device_info_plus:copyDebugJniLibsProjectAndLocalJars (Thread[#14569,Execution worker Thread 10,5,main]) started.
[        ] > Task :device_info_plus:copyDebugJniLibsProjectAndLocalJars UP-TO-DATE
[        ] Caching disabled for task ':device_info_plus:copyDebugJniLibsProjectAndLocalJars' because:
[        ]   Build cache is disabled
[        ]   Caching has been disabled for the task
[        ] Skipping task ':device_info_plus:copyDebugJniLibsProjectAndLocalJars' as it is up-to-date.
[        ] Resolve mutations for :device_info_plus:extractDebugAnnotations (Thread[#14569,Execution worker Thread 10,5,main]) started.
[        ] :device_info_plus:extractDebugAnnotations (Thread[#14569,Execution worker Thread 10,5,main]) started.
[        ] > Task :device_info_plus:extractDebugAnnotations UP-TO-DATE
[        ] Caching disabled for task ':device_info_plus:extractDebugAnnotations' because:
[        ]   Build cache is disabled
[        ] Skipping task ':device_info_plus:extractDebugAnnotations' as it is up-to-date.
[        ] Resolve mutations for :device_info_plus:extractDeepLinksForAarDebug (Thread[#14569,Execution worker Thread 10,5,main]) started.
[        ] :device_info_plus:extractDeepLinksForAarDebug (Thread[#14569,Execution worker Thread 10,5,main]) started.
[        ] > Task :device_info_plus:extractDeepLinksForAarDebug UP-TO-DATE
[        ] Caching disabled for task ':device_info_plus:extractDeepLinksForAarDebug' because:
[        ]   Build cache is disabled
[        ] Skipping task ':device_info_plus:extractDeepLinksForAarDebug' as it is up-to-date.
[        ] Resolve mutations for :device_info_plus:mergeDebugGeneratedProguardFiles (Thread[#14569,Execution worker Thread 10,5,main]) started.
[        ] :device_info_plus:mergeDebugGeneratedProguardFiles (Thread[#14569,Execution worker Thread 10,5,main]) started.
[        ] > Task :device_info_plus:mergeDebugGeneratedProguardFiles UP-TO-DATE
[        ] Caching disabled for task ':device_info_plus:mergeDebugGeneratedProguardFiles' because:
[        ]   Build cache is disabled
[        ]   Simple merging task
[        ] Skipping task ':device_info_plus:mergeDebugGeneratedProguardFiles' as it is up-to-date.
[        ] Resolve mutations for :device_info_plus:mergeDebugConsumerProguardFiles (Thread[#14569,Execution worker Thread 10,5,main]) started.
[        ] :device_info_plus:mergeDebugConsumerProguardFiles (Thread[#14569,Execution worker Thread 10,5,main]) started.
[        ] > Task :device_info_plus:mergeDebugConsumerProguardFiles UP-TO-DATE
[        ] Caching disabled for task ':device_info_plus:mergeDebugConsumerProguardFiles' because:
[        ]   Build cache is disabled
[        ]   Simple merging task
[        ] Skipping task ':device_info_plus:mergeDebugConsumerProguardFiles' as it is up-to-date.
[        ] Resolve mutations for :device_info_plus:prepareDebugArtProfile (Thread[#14569,Execution worker Thread 10,5,main]) started.
[        ] :device_info_plus:prepareDebugArtProfile (Thread[#14569,Execution worker Thread 10,5,main]) started.
[        ] > Task :device_info_plus:prepareDebugArtProfile UP-TO-DATE
[        ] Caching disabled for task ':device_info_plus:prepareDebugArtProfile' because:
[        ]   Build cache is disabled
[        ]   Caching has been disabled for the task
[        ] Skipping task ':device_info_plus:prepareDebugArtProfile' as it is up-to-date.
[        ] Resolve mutations for :device_info_plus:prepareLintJarForPublish (Thread[#14569,Execution worker Thread 10,5,main]) started.
[        ] :device_info_plus:prepareLintJarForPublish (Thread[#14569,Execution worker Thread 10,5,main]) started.
[        ] > Task :device_info_plus:prepareLintJarForPublish UP-TO-DATE
[        ] Caching disabled for task ':device_info_plus:prepareLintJarForPublish' because:
[        ]   Build cache is disabled
[        ]   Caching has been disabled for the task
[        ] Skipping task ':device_info_plus:prepareLintJarForPublish' as it is up-to-date.
[        ] Resolve mutations for :device_info_plus:mergeDebugJavaResource (Thread[#14569,Execution worker Thread 10,5,main]) started.
[        ] :device_info_plus:mergeDebugJavaResource (Thread[#14569,Execution worker Thread 10,5,main]) started.
[        ] > Task :device_info_plus:mergeDebugJavaResource UP-TO-DATE
[        ] Caching disabled for task ':device_info_plus:mergeDebugJavaResource' because:
[        ]   Build cache is disabled
[        ]   Caching has been disabled for the task
[        ] Skipping task ':device_info_plus:mergeDebugJavaResource' as it is up-to-date.
[        ] Resolve mutations for :device_info_plus:syncDebugLibJars (Thread[#14569,Execution worker Thread 10,5,main]) started.
[        ] :device_info_plus:syncDebugLibJars (Thread[#14569,Execution worker Thread 10,5,main]) started.
[        ] > Task :device_info_plus:syncDebugLibJars UP-TO-DATE
[        ] Caching disabled for task ':device_info_plus:syncDebugLibJars' because:
[        ]   Build cache is disabled
[        ] Skipping task ':device_info_plus:syncDebugLibJars' as it is up-to-date.
[        ] Resolve mutations for :device_info_plus:bundleDebugAar (Thread[#14569,Execution worker Thread 10,5,main]) started.
[        ] :device_info_plus:bundleDebugAar (Thread[#14563,Execution worker Thread 5,5,main]) started.
[        ] > Task :device_info_plus:bundleDebugAar UP-TO-DATE
[        ] Caching disabled for task ':device_info_plus:bundleDebugAar' because:
[        ]   Build cache is disabled
[        ]   Caching has been disabled for the task
[        ] Skipping task ':device_info_plus:bundleDebugAar' as it is up-to-date.
[        ] Resolve mutations for :device_info_plus:assembleDebug (Thread[#14563,Execution worker Thread 5,5,main]) started.
[        ] :device_info_plus:assembleDebug (Thread[#14563,Execution worker Thread 5,5,main]) started.
[        ] > Task :device_info_plus:assembleDebug UP-TO-DATE
[        ] Skipping task ':device_info_plus:assembleDebug' as it has no actions.
[        ] Resolve mutations for :firebase_app_check:stripDebugDebugSymbols (Thread[#14563,Execution worker Thread 5,5,main]) started.
[        ] :firebase_app_check:stripDebugDebugSymbols (Thread[#14563,Execution worker Thread 5,5,main]) started.
[        ] > Task :firebase_app_check:stripDebugDebugSymbols NO-SOURCE
[        ] Skipping task ':firebase_app_check:stripDebugDebugSymbols' as it has no source files and no previous output files.
[        ] Resolve mutations for :firebase_app_check:copyDebugJniLibsProjectAndLocalJars (Thread[#14563,Execution worker Thread 5,5,main]) started.
[        ] :firebase_app_check:copyDebugJniLibsProjectAndLocalJars (Thread[#14563,Execution worker Thread 5,5,main]) started.
[        ] > Task :firebase_app_check:copyDebugJniLibsProjectAndLocalJars UP-TO-DATE
[        ] Caching disabled for task ':firebase_app_check:copyDebugJniLibsProjectAndLocalJars' because:
[        ]   Build cache is disabled
[        ]   Caching has been disabled for the task
[        ] Skipping task ':firebase_app_check:copyDebugJniLibsProjectAndLocalJars' as it is up-to-date.
[        ] Resolve mutations for :firebase_app_check:extractDebugAnnotations (Thread[#14563,Execution worker Thread 5,5,main]) started.
[        ] :firebase_app_check:extractDebugAnnotations (Thread[#14563,Execution worker Thread 5,5,main]) started.
[        ] > Task :firebase_app_check:extractDebugAnnotations UP-TO-DATE
[        ] Caching disabled for task ':firebase_app_check:extractDebugAnnotations' because:
[        ]   Build cache is disabled
[        ] Skipping task ':firebase_app_check:extractDebugAnnotations' as it is up-to-date.
[        ] Resolve mutations for :firebase_app_check:extractDeepLinksForAarDebug (Thread[#14563,Execution worker Thread 5,5,main]) started.
[        ] :firebase_app_check:extractDeepLinksForAarDebug (Thread[#14563,Execution worker Thread 5,5,main]) started.
[        ] > Task :firebase_app_check:extractDeepLinksForAarDebug UP-TO-DATE
[        ] Caching disabled for task ':firebase_app_check:extractDeepLinksForAarDebug' because:
[        ]   Build cache is disabled
[        ] Skipping task ':firebase_app_check:extractDeepLinksForAarDebug' as it is up-to-date.
[        ] Resolve mutations for :firebase_app_check:mergeDebugGeneratedProguardFiles (Thread[#14563,Execution worker Thread 5,5,main]) started.
[        ] :firebase_app_check:mergeDebugGeneratedProguardFiles (Thread[#14563,Execution worker Thread 5,5,main]) started.
[        ] > Task :firebase_app_check:mergeDebugGeneratedProguardFiles UP-TO-DATE
[        ] Caching disabled for task ':firebase_app_check:mergeDebugGeneratedProguardFiles' because:
[        ]   Build cache is disabled
[        ]   Simple merging task
[        ] Skipping task ':firebase_app_check:mergeDebugGeneratedProguardFiles' as it is up-to-date.
[        ] Resolve mutations for :firebase_app_check:mergeDebugConsumerProguardFiles (Thread[#14563,Execution worker Thread 5,5,main]) started.
[        ] :firebase_app_check:mergeDebugConsumerProguardFiles (Thread[#14563,Execution worker Thread 5,5,main]) started.
[        ] > Task :firebase_app_check:mergeDebugConsumerProguardFiles UP-TO-DATE
[        ] Caching disabled for task ':firebase_app_check:mergeDebugConsumerProguardFiles' because:
[        ]   Build cache is disabled
[        ]   Simple merging task
[        ] Skipping task ':firebase_app_check:mergeDebugConsumerProguardFiles' as it is up-to-date.
[        ] Resolve mutations for :firebase_app_check:prepareDebugArtProfile (Thread[#14563,Execution worker Thread 5,5,main]) started.
[        ] :firebase_app_check:prepareDebugArtProfile (Thread[#14563,Execution worker Thread 5,5,main]) started.
[        ] > Task :firebase_app_check:prepareDebugArtProfile UP-TO-DATE
[        ] Caching disabled for task ':firebase_app_check:prepareDebugArtProfile' because:
[        ]   Build cache is disabled
[        ]   Caching has been disabled for the task
[        ] Skipping task ':firebase_app_check:prepareDebugArtProfile' as it is up-to-date.
[        ] Resolve mutations for :firebase_app_check:prepareLintJarForPublish (Thread[#14563,Execution worker Thread 5,5,main]) started.
[        ] :firebase_app_check:prepareLintJarForPublish (Thread[#14563,Execution worker Thread 5,5,main]) started.
[        ] > Task :firebase_app_check:prepareLintJarForPublish UP-TO-DATE
[        ] Caching disabled for task ':firebase_app_check:prepareLintJarForPublish' because:
[        ]   Build cache is disabled
[        ]   Caching has been disabled for the task
[        ] Skipping task ':firebase_app_check:prepareLintJarForPublish' as it is up-to-date.
[        ] Resolve mutations for :firebase_app_check:mergeDebugJavaResource (Thread[#14563,Execution worker Thread 5,5,main]) started.
[        ] :firebase_app_check:mergeDebugJavaResource (Thread[#14563,Execution worker Thread 5,5,main]) started.
[        ] > Task :firebase_app_check:mergeDebugJavaResource UP-TO-DATE
[        ] Caching disabled for task ':firebase_app_check:mergeDebugJavaResource' because:
[        ]   Build cache is disabled
[        ]   Caching has been disabled for the task
[        ] Skipping task ':firebase_app_check:mergeDebugJavaResource' as it is up-to-date.
[        ] Resolve mutations for :firebase_app_check:syncDebugLibJars (Thread[#14563,Execution worker Thread 5,5,main]) started.
[        ] :firebase_app_check:syncDebugLibJars (Thread[#14563,Execution worker Thread 5,5,main]) started.
[        ] > Task :firebase_app_check:syncDebugLibJars UP-TO-DATE
[        ] Caching disabled for task ':firebase_app_check:syncDebugLibJars' because:
[        ]   Build cache is disabled
[        ] Skipping task ':firebase_app_check:syncDebugLibJars' as it is up-to-date.
[        ] Resolve mutations for :firebase_app_check:bundleDebugAar (Thread[#14563,Execution worker Thread 5,5,main]) started.
[        ] :firebase_app_check:bundleDebugAar (Thread[#14563,Execution worker Thread 5,5,main]) started.
[        ] > Task :firebase_app_check:bundleDebugAar UP-TO-DATE
[        ] Caching disabled for task ':firebase_app_check:bundleDebugAar' because:
[        ]   Build cache is disabled
[        ]   Caching has been disabled for the task
[        ] Skipping task ':firebase_app_check:bundleDebugAar' as it is up-to-date.
[        ] Resolve mutations for :firebase_app_check:assembleDebug (Thread[#14563,Execution worker Thread 5,5,main]) started.
[        ] :firebase_app_check:assembleDebug (Thread[#14563,Execution worker Thread 5,5,main]) started.
[        ] > Task :firebase_app_check:assembleDebug UP-TO-DATE
[        ] Skipping task ':firebase_app_check:assembleDebug' as it has no actions.
[        ] Resolve mutations for :firebase_auth:stripDebugDebugSymbols (Thread[#14563,Execution worker Thread 5,5,main]) started.
[        ] :firebase_auth:stripDebugDebugSymbols (Thread[#14563,Execution worker Thread 5,5,main]) started.
[        ] > Task :firebase_auth:stripDebugDebugSymbols NO-SOURCE
[        ] Skipping task ':firebase_auth:stripDebugDebugSymbols' as it has no source files and no previous output files.
[        ] Resolve mutations for :firebase_auth:copyDebugJniLibsProjectAndLocalJars (Thread[#14563,Execution worker Thread 5,5,main]) started.
[        ] :firebase_auth:copyDebugJniLibsProjectAndLocalJars (Thread[#14563,Execution worker Thread 5,5,main]) started.
[        ] > Task :firebase_auth:copyDebugJniLibsProjectAndLocalJars UP-TO-DATE
[        ] Caching disabled for task ':firebase_auth:copyDebugJniLibsProjectAndLocalJars' because:
[        ]   Build cache is disabled
[        ]   Caching has been disabled for the task
[        ] Skipping task ':firebase_auth:copyDebugJniLibsProjectAndLocalJars' as it is up-to-date.
[        ] Resolve mutations for :firebase_auth:extractDebugAnnotations (Thread[#14563,Execution worker Thread 5,5,main]) started.
[        ] :firebase_auth:extractDebugAnnotations (Thread[#14563,Execution worker Thread 5,5,main]) started.
[        ] > Task :firebase_auth:extractDebugAnnotations UP-TO-DATE
[        ] Caching disabled for task ':firebase_auth:extractDebugAnnotations' because:
[        ]   Build cache is disabled
[        ] Skipping task ':firebase_auth:extractDebugAnnotations' as it is up-to-date.
[        ] Resolve mutations for :firebase_auth:extractDeepLinksForAarDebug (Thread[#14563,Execution worker Thread 5,5,main]) started.
[        ] :firebase_auth:extractDeepLinksForAarDebug (Thread[#14571,Execution worker Thread 12,5,main]) started.
[        ] > Task :firebase_auth:extractDeepLinksForAarDebug UP-TO-DATE
[        ] Caching disabled for task ':firebase_auth:extractDeepLinksForAarDebug' because:
[        ]   Build cache is disabled
[        ] Skipping task ':firebase_auth:extractDeepLinksForAarDebug' as it is up-to-date.
[        ] Resolve mutations for :firebase_auth:mergeDebugGeneratedProguardFiles (Thread[#14571,Execution worker Thread 12,5,main]) started.
[        ] :firebase_auth:mergeDebugGeneratedProguardFiles (Thread[#14571,Execution worker Thread 12,5,main]) started.
[        ] > Task :firebase_auth:mergeDebugGeneratedProguardFiles UP-TO-DATE
[        ] Caching disabled for task ':firebase_auth:mergeDebugGeneratedProguardFiles' because:
[        ]   Build cache is disabled
[        ]   Simple merging task
[        ] Skipping task ':firebase_auth:mergeDebugGeneratedProguardFiles' as it is up-to-date.
[        ] Resolve mutations for :firebase_auth:mergeDebugConsumerProguardFiles (Thread[#14571,Execution worker Thread 12,5,main]) started.
[        ] :firebase_auth:mergeDebugConsumerProguardFiles (Thread[#14571,Execution worker Thread 12,5,main]) started.
[        ] > Task :firebase_auth:mergeDebugConsumerProguardFiles UP-TO-DATE
[        ] Caching disabled for task ':firebase_auth:mergeDebugConsumerProguardFiles' because:
[        ]   Build cache is disabled
[        ]   Simple merging task
[        ] Skipping task ':firebase_auth:mergeDebugConsumerProguardFiles' as it is up-to-date.
[        ] Resolve mutations for :firebase_auth:prepareDebugArtProfile (Thread[#14571,Execution worker Thread 12,5,main]) started.
[        ] :firebase_auth:prepareDebugArtProfile (Thread[#14571,Execution worker Thread 12,5,main]) started.
[        ] > Task :firebase_auth:prepareDebugArtProfile UP-TO-DATE
[        ] Caching disabled for task ':firebase_auth:prepareDebugArtProfile' because:
[        ]   Build cache is disabled
[        ]   Caching has been disabled for the task
[        ] Skipping task ':firebase_auth:prepareDebugArtProfile' as it is up-to-date.
[        ] Resolve mutations for :firebase_auth:prepareLintJarForPublish (Thread[#14571,Execution worker Thread 12,5,main]) started.
[        ] :firebase_auth:prepareLintJarForPublish (Thread[#14571,Execution worker Thread 12,5,main]) started.
[        ] > Task :firebase_auth:prepareLintJarForPublish UP-TO-DATE
[        ] Caching disabled for task ':firebase_auth:prepareLintJarForPublish' because:
[        ]   Build cache is disabled
[        ]   Caching has been disabled for the task
[        ] Skipping task ':firebase_auth:prepareLintJarForPublish' as it is up-to-date.
[        ] Resolve mutations for :firebase_auth:mergeDebugJavaResource (Thread[#14571,Execution worker Thread 12,5,main]) started.
[        ] :firebase_auth:mergeDebugJavaResource (Thread[#14571,Execution worker Thread 12,5,main]) started.
[        ] > Task :firebase_auth:mergeDebugJavaResource UP-TO-DATE
[        ] Caching disabled for task ':firebase_auth:mergeDebugJavaResource' because:
[        ]   Build cache is disabled
[        ]   Caching has been disabled for the task
[        ] Skipping task ':firebase_auth:mergeDebugJavaResource' as it is up-to-date.
[        ] Resolve mutations for :firebase_auth:syncDebugLibJars (Thread[#14571,Execution worker Thread 12,5,main]) started.
[        ] :firebase_auth:syncDebugLibJars (Thread[#14571,Execution worker Thread 12,5,main]) started.
[        ] > Task :firebase_auth:syncDebugLibJars UP-TO-DATE
[        ] Caching disabled for task ':firebase_auth:syncDebugLibJars' because:
[        ]   Build cache is disabled
[        ] Skipping task ':firebase_auth:syncDebugLibJars' as it is up-to-date.
[        ] Resolve mutations for :firebase_auth:bundleDebugAar (Thread[#14571,Execution worker Thread 12,5,main]) started.
[        ] :firebase_auth:bundleDebugAar (Thread[#14571,Execution worker Thread 12,5,main]) started.
[        ] > Task :firebase_auth:bundleDebugAar UP-TO-DATE
[        ] Caching disabled for task ':firebase_auth:bundleDebugAar' because:
[        ]   Build cache is disabled
[        ]   Caching has been disabled for the task
[        ] Skipping task ':firebase_auth:bundleDebugAar' as it is up-to-date.
[        ] Resolve mutations for :firebase_auth:assembleDebug (Thread[#14571,Execution worker Thread 12,5,main]) started.
[        ] :firebase_auth:assembleDebug (Thread[#14571,Execution worker Thread 12,5,main]) started.
[        ] > Task :firebase_auth:assembleDebug UP-TO-DATE
[        ] Skipping task ':firebase_auth:assembleDebug' as it has no actions.
[        ] Resolve mutations for :firebase_core:stripDebugDebugSymbols (Thread[#14571,Execution worker Thread 12,5,main]) started.
[        ] :firebase_core:stripDebugDebugSymbols (Thread[#14571,Execution worker Thread 12,5,main]) started.
[        ] > Task :firebase_core:stripDebugDebugSymbols NO-SOURCE
[        ] Skipping task ':firebase_core:stripDebugDebugSymbols' as it has no source files and no previous output files.
[        ] Resolve mutations for :firebase_core:copyDebugJniLibsProjectAndLocalJars (Thread[#14571,Execution worker Thread 12,5,main]) started.
[        ] :firebase_core:copyDebugJniLibsProjectAndLocalJars (Thread[#14571,Execution worker Thread 12,5,main]) started.
[        ] > Task :firebase_core:copyDebugJniLibsProjectAndLocalJars UP-TO-DATE
[        ] Caching disabled for task ':firebase_core:copyDebugJniLibsProjectAndLocalJars' because:
[        ]   Build cache is disabled
[        ]   Caching has been disabled for the task
[        ] Skipping task ':firebase_core:copyDebugJniLibsProjectAndLocalJars' as it is up-to-date.
[        ] Resolve mutations for :firebase_core:extractDebugAnnotations (Thread[#14571,Execution worker Thread 12,5,main]) started.
[        ] :firebase_core:extractDebugAnnotations (Thread[#14571,Execution worker Thread 12,5,main]) started.
[        ] > Task :firebase_core:extractDebugAnnotations UP-TO-DATE
[        ] Caching disabled for task ':firebase_core:extractDebugAnnotations' because:
[        ]   Build cache is disabled
[        ] Skipping task ':firebase_core:extractDebugAnnotations' as it is up-to-date.
[        ] Resolve mutations for :firebase_core:extractDeepLinksForAarDebug (Thread[#14571,Execution worker Thread 12,5,main]) started.
[        ] :firebase_core:extractDeepLinksForAarDebug (Thread[#14571,Execution worker Thread 12,5,main]) started.
[        ] > Task :firebase_core:extractDeepLinksForAarDebug UP-TO-DATE
[        ] Caching disabled for task ':firebase_core:extractDeepLinksForAarDebug' because:
[        ]   Build cache is disabled
[        ] Skipping task ':firebase_core:extractDeepLinksForAarDebug' as it is up-to-date.
[        ] Resolve mutations for :firebase_core:mergeDebugGeneratedProguardFiles (Thread[#14571,Execution worker Thread 12,5,main]) started.
[        ] :firebase_core:mergeDebugGeneratedProguardFiles (Thread[#14571,Execution worker Thread 12,5,main]) started.
[        ] > Task :firebase_core:mergeDebugGeneratedProguardFiles UP-TO-DATE
[        ] Caching disabled for task ':firebase_core:mergeDebugGeneratedProguardFiles' because:
[        ]   Build cache is disabled
[        ]   Simple merging task
[        ] Skipping task ':firebase_core:mergeDebugGeneratedProguardFiles' as it is up-to-date.
[        ] Resolve mutations for :firebase_core:mergeDebugConsumerProguardFiles (Thread[#14571,Execution worker Thread 12,5,main]) started.
[        ] :firebase_core:mergeDebugConsumerProguardFiles (Thread[#14571,Execution worker Thread 12,5,main]) started.
[        ] > Task :firebase_core:mergeDebugConsumerProguardFiles UP-TO-DATE
[        ] Caching disabled for task ':firebase_core:mergeDebugConsumerProguardFiles' because:
[        ]   Build cache is disabled
[        ]   Simple merging task
[        ] Skipping task ':firebase_core:mergeDebugConsumerProguardFiles' as it is up-to-date.
[        ] Resolve mutations for :firebase_core:prepareDebugArtProfile (Thread[#14571,Execution worker Thread 12,5,main]) started.
[        ] :firebase_core:prepareDebugArtProfile (Thread[#14571,Execution worker Thread 12,5,main]) started.
[        ] > Task :firebase_core:prepareDebugArtProfile UP-TO-DATE
[        ] Caching disabled for task ':firebase_core:prepareDebugArtProfile' because:
[        ]   Build cache is disabled
[        ]   Caching has been disabled for the task
[        ] Skipping task ':firebase_core:prepareDebugArtProfile' as it is up-to-date.
[        ] Resolve mutations for :firebase_core:prepareLintJarForPublish (Thread[#14571,Execution worker Thread 12,5,main]) started.
[        ] :firebase_core:prepareLintJarForPublish (Thread[#14571,Execution worker Thread 12,5,main]) started.
[        ] > Task :firebase_core:prepareLintJarForPublish UP-TO-DATE
[        ] Caching disabled for task ':firebase_core:prepareLintJarForPublish' because:
[        ]   Build cache is disabled
[        ]   Caching has been disabled for the task
[        ] Skipping task ':firebase_core:prepareLintJarForPublish' as it is up-to-date.
[        ] Resolve mutations for :firebase_core:mergeDebugJavaResource (Thread[#14571,Execution worker Thread 12,5,main]) started.
[        ] :firebase_core:mergeDebugJavaResource (Thread[#14571,Execution worker Thread 12,5,main]) started.
[        ] > Task :firebase_core:mergeDebugJavaResource UP-TO-DATE
[        ] Caching disabled for task ':firebase_core:mergeDebugJavaResource' because:
[        ]   Build cache is disabled
[        ]   Caching has been disabled for the task
[        ] Skipping task ':firebase_core:mergeDebugJavaResource' as it is up-to-date.
[        ] Resolve mutations for :firebase_core:syncDebugLibJars (Thread[#14571,Execution worker Thread 12,5,main]) started.
[        ] :firebase_core:syncDebugLibJars (Thread[#14571,Execution worker Thread 12,5,main]) started.
[        ] > Task :firebase_core:syncDebugLibJars UP-TO-DATE
[        ] Caching disabled for task ':firebase_core:syncDebugLibJars' because:
[        ]   Build cache is disabled
[        ] Skipping task ':firebase_core:syncDebugLibJars' as it is up-to-date.
[        ] Resolve mutations for :firebase_core:bundleDebugAar (Thread[#14571,Execution worker Thread 12,5,main]) started.
[        ] :firebase_core:bundleDebugAar (Thread[#14571,Execution worker Thread 12,5,main]) started.
[        ] > Task :firebase_core:bundleDebugAar UP-TO-DATE
[        ] Caching disabled for task ':firebase_core:bundleDebugAar' because:
[        ]   Build cache is disabled
[        ]   Caching has been disabled for the task
[        ] Skipping task ':firebase_core:bundleDebugAar' as it is up-to-date.
[        ] Resolve mutations for :firebase_core:assembleDebug (Thread[#14571,Execution worker Thread 12,5,main]) started.
[        ] :firebase_core:assembleDebug (Thread[#14571,Execution worker Thread 12,5,main]) started.
[        ] > Task :firebase_core:assembleDebug UP-TO-DATE
[        ] Skipping task ':firebase_core:assembleDebug' as it has no actions.
[        ] Resolve mutations for :firebase_messaging:stripDebugDebugSymbols (Thread[#14571,Execution worker Thread 12,5,main]) started.
[        ] :firebase_messaging:stripDebugDebugSymbols (Thread[#14571,Execution worker Thread 12,5,main]) started.
[        ] > Task :firebase_messaging:stripDebugDebugSymbols NO-SOURCE
[        ] Skipping task ':firebase_messaging:stripDebugDebugSymbols' as it has no source files and no previous output files.
[        ] Resolve mutations for :firebase_messaging:copyDebugJniLibsProjectAndLocalJars (Thread[#14571,Execution worker Thread 12,5,main]) started.
[        ] :firebase_messaging:copyDebugJniLibsProjectAndLocalJars (Thread[#14571,Execution worker Thread 12,5,main]) started.
[        ] > Task :firebase_messaging:copyDebugJniLibsProjectAndLocalJars UP-TO-DATE
[        ] Caching disabled for task ':firebase_messaging:copyDebugJniLibsProjectAndLocalJars' because:
[        ]   Build cache is disabled
[        ]   Caching has been disabled for the task
[        ] Skipping task ':firebase_messaging:copyDebugJniLibsProjectAndLocalJars' as it is up-to-date.
[        ] Resolve mutations for :firebase_messaging:extractDebugAnnotations (Thread[#14571,Execution worker Thread 12,5,main]) started.
[        ] :firebase_messaging:extractDebugAnnotations (Thread[#14571,Execution worker Thread 12,5,main]) started.
[        ] > Task :firebase_messaging:extractDebugAnnotations UP-TO-DATE
[        ] Caching disabled for task ':firebase_messaging:extractDebugAnnotations' because:
[        ]   Build cache is disabled
[        ] Skipping task ':firebase_messaging:extractDebugAnnotations' as it is up-to-date.
[        ] Resolve mutations for :firebase_messaging:extractDeepLinksForAarDebug (Thread[#14571,Execution worker Thread 12,5,main]) started.
[        ] :firebase_messaging:extractDeepLinksForAarDebug (Thread[#14571,Execution worker Thread 12,5,main]) started.
[        ] > Task :firebase_messaging:extractDeepLinksForAarDebug UP-TO-DATE
[        ] Caching disabled for task ':firebase_messaging:extractDeepLinksForAarDebug' because:
[        ]   Build cache is disabled
[        ] Skipping task ':firebase_messaging:extractDeepLinksForAarDebug' as it is up-to-date.
[        ] Resolve mutations for :firebase_messaging:mergeDebugGeneratedProguardFiles (Thread[#14571,Execution worker Thread 12,5,main]) started.
[        ] :firebase_messaging:mergeDebugGeneratedProguardFiles (Thread[#14571,Execution worker Thread 12,5,main]) started.
[        ] > Task :firebase_messaging:mergeDebugGeneratedProguardFiles UP-TO-DATE
[        ] Caching disabled for task ':firebase_messaging:mergeDebugGeneratedProguardFiles' because:
[        ]   Build cache is disabled
[        ]   Simple merging task
[        ] Skipping task ':firebase_messaging:mergeDebugGeneratedProguardFiles' as it is up-to-date.
[        ] Resolve mutations for :firebase_messaging:mergeDebugConsumerProguardFiles (Thread[#14571,Execution worker Thread 12,5,main]) started.
[        ] :firebase_messaging:mergeDebugConsumerProguardFiles (Thread[#14571,Execution worker Thread 12,5,main]) started.
[        ] > Task :firebase_messaging:mergeDebugConsumerProguardFiles UP-TO-DATE
[        ] Caching disabled for task ':firebase_messaging:mergeDebugConsumerProguardFiles' because:
[        ]   Build cache is disabled
[        ]   Simple merging task
[        ] Skipping task ':firebase_messaging:mergeDebugConsumerProguardFiles' as it is up-to-date.
[        ] Resolve mutations for :firebase_messaging:prepareDebugArtProfile (Thread[#14571,Execution worker Thread 12,5,main]) started.
[        ] :firebase_messaging:prepareDebugArtProfile (Thread[#14571,Execution worker Thread 12,5,main]) started.
[        ] > Task :firebase_messaging:prepareDebugArtProfile UP-TO-DATE
[        ] Caching disabled for task ':firebase_messaging:prepareDebugArtProfile' because:
[        ]   Build cache is disabled
[        ]   Caching has been disabled for the task
[        ] Skipping task ':firebase_messaging:prepareDebugArtProfile' as it is up-to-date.
[        ] Resolve mutations for :firebase_messaging:prepareLintJarForPublish (Thread[#14571,Execution worker Thread 12,5,main]) started.
[        ] :firebase_messaging:prepareLintJarForPublish (Thread[#14571,Execution worker Thread 12,5,main]) started.
[        ] > Task :firebase_messaging:prepareLintJarForPublish UP-TO-DATE
[        ] Caching disabled for task ':firebase_messaging:prepareLintJarForPublish' because:
[        ]   Build cache is disabled
[        ]   Caching has been disabled for the task
[        ] Skipping task ':firebase_messaging:prepareLintJarForPublish' as it is up-to-date.
[        ] Resolve mutations for :firebase_messaging:mergeDebugJavaResource (Thread[#14571,Execution worker Thread 12,5,main]) started.
[        ] :firebase_messaging:mergeDebugJavaResource (Thread[#14571,Execution worker Thread 12,5,main]) started.
[        ] > Task :firebase_messaging:mergeDebugJavaResource UP-TO-DATE
[        ] Caching disabled for task ':firebase_messaging:mergeDebugJavaResource' because:
[        ]   Build cache is disabled
[        ]   Caching has been disabled for the task
[        ] Skipping task ':firebase_messaging:mergeDebugJavaResource' as it is up-to-date.
[        ] Resolve mutations for :firebase_messaging:syncDebugLibJars (Thread[#14571,Execution worker Thread 12,5,main]) started.
[        ] :firebase_messaging:syncDebugLibJars (Thread[#14571,Execution worker Thread 12,5,main]) started.
[        ] > Task :firebase_messaging:syncDebugLibJars UP-TO-DATE
[        ] Caching disabled for task ':firebase_messaging:syncDebugLibJars' because:
[        ]   Build cache is disabled
[        ] Skipping task ':firebase_messaging:syncDebugLibJars' as it is up-to-date.
[        ] Resolve mutations for :firebase_messaging:bundleDebugAar (Thread[#14571,Execution worker Thread 12,5,main]) started.
[        ] :firebase_messaging:bundleDebugAar (Thread[#14571,Execution worker Thread 12,5,main]) started.
[        ] > Task :firebase_messaging:bundleDebugAar UP-TO-DATE
[        ] Caching disabled for task ':firebase_messaging:bundleDebugAar' because:
[        ]   Build cache is disabled
[        ]   Caching has been disabled for the task
[        ] Skipping task ':firebase_messaging:bundleDebugAar' as it is up-to-date.
[        ] Resolve mutations for :firebase_messaging:assembleDebug (Thread[#14571,Execution worker Thread 12,5,main]) started.
[        ] :firebase_messaging:assembleDebug (Thread[#14571,Execution worker Thread 12,5,main]) started.
[        ] > Task :firebase_messaging:assembleDebug UP-TO-DATE
[        ] Skipping task ':firebase_messaging:assembleDebug' as it has no actions.
[        ] Resolve mutations for :firebase_storage:stripDebugDebugSymbols (Thread[#14571,Execution worker Thread 12,5,main]) started.
[        ] :firebase_storage:stripDebugDebugSymbols (Thread[#14571,Execution worker Thread 12,5,main]) started.
[        ] > Task :firebase_storage:stripDebugDebugSymbols NO-SOURCE
[        ] Skipping task ':firebase_storage:stripDebugDebugSymbols' as it has no source files and no previous output files.
[        ] Resolve mutations for :firebase_storage:copyDebugJniLibsProjectAndLocalJars (Thread[#14571,Execution worker Thread 12,5,main]) started.
[        ] :firebase_storage:copyDebugJniLibsProjectAndLocalJars (Thread[#14571,Execution worker Thread 12,5,main]) started.
[        ] > Task :firebase_storage:copyDebugJniLibsProjectAndLocalJars UP-TO-DATE
[        ] Caching disabled for task ':firebase_storage:copyDebugJniLibsProjectAndLocalJars' because:
[        ]   Build cache is disabled
[        ]   Caching has been disabled for the task
[        ] Skipping task ':firebase_storage:copyDebugJniLibsProjectAndLocalJars' as it is up-to-date.
[        ] Resolve mutations for :firebase_storage:extractDebugAnnotations (Thread[#14571,Execution worker Thread 12,5,main]) started.
[        ] :firebase_storage:extractDebugAnnotations (Thread[#14568,Execution worker Thread 9,5,main]) started.
[        ] > Task :firebase_storage:extractDebugAnnotations UP-TO-DATE
[        ] Caching disabled for task ':firebase_storage:extractDebugAnnotations' because:
[        ]   Build cache is disabled
[        ] Skipping task ':firebase_storage:extractDebugAnnotations' as it is up-to-date.
[        ] Resolve mutations for :firebase_storage:extractDeepLinksForAarDebug (Thread[#14568,Execution worker Thread 9,5,main]) started.
[        ] :firebase_storage:extractDeepLinksForAarDebug (Thread[#14568,Execution worker Thread 9,5,main]) started.
[        ] > Task :firebase_storage:extractDeepLinksForAarDebug UP-TO-DATE
[        ] Caching disabled for task ':firebase_storage:extractDeepLinksForAarDebug' because:
[        ]   Build cache is disabled
[        ] Skipping task ':firebase_storage:extractDeepLinksForAarDebug' as it is up-to-date.
[        ] Resolve mutations for :firebase_storage:mergeDebugGeneratedProguardFiles (Thread[#14568,Execution worker Thread 9,5,main]) started.
[        ] :firebase_storage:mergeDebugGeneratedProguardFiles (Thread[#14568,Execution worker Thread 9,5,main]) started.
[        ] > Task :firebase_storage:mergeDebugGeneratedProguardFiles UP-TO-DATE
[        ] Caching disabled for task ':firebase_storage:mergeDebugGeneratedProguardFiles' because:
[        ]   Build cache is disabled
[        ]   Simple merging task
[        ] Skipping task ':firebase_storage:mergeDebugGeneratedProguardFiles' as it is up-to-date.
[        ] Resolve mutations for :firebase_storage:mergeDebugConsumerProguardFiles (Thread[#14568,Execution worker Thread 9,5,main]) started.
[        ] :firebase_storage:mergeDebugConsumerProguardFiles (Thread[#14568,Execution worker Thread 9,5,main]) started.
[        ] > Task :firebase_storage:mergeDebugConsumerProguardFiles UP-TO-DATE
[        ] Caching disabled for task ':firebase_storage:mergeDebugConsumerProguardFiles' because:
[        ]   Build cache is disabled
[        ]   Simple merging task
[        ] Skipping task ':firebase_storage:mergeDebugConsumerProguardFiles' as it is up-to-date.
[        ] Resolve mutations for :firebase_storage:prepareDebugArtProfile (Thread[#14568,Execution worker Thread 9,5,main]) started.
[        ] :firebase_storage:prepareDebugArtProfile (Thread[#14568,Execution worker Thread 9,5,main]) started.
[        ] > Task :firebase_storage:prepareDebugArtProfile UP-TO-DATE
[        ] Caching disabled for task ':firebase_storage:prepareDebugArtProfile' because:
[        ]   Build cache is disabled
[        ]   Caching has been disabled for the task
[        ] Skipping task ':firebase_storage:prepareDebugArtProfile' as it is up-to-date.
[        ] Resolve mutations for :firebase_storage:prepareLintJarForPublish (Thread[#14572,Execution worker Thread 13,5,main]) started.
[        ] :firebase_storage:prepareLintJarForPublish (Thread[#14572,Execution worker Thread 13,5,main]) started.
[        ] > Task :firebase_storage:prepareLintJarForPublish UP-TO-DATE
[        ] Caching disabled for task ':firebase_storage:prepareLintJarForPublish' because:
[        ]   Build cache is disabled
[        ]   Caching has been disabled for the task
[        ] Skipping task ':firebase_storage:prepareLintJarForPublish' as it is up-to-date.
[        ] Resolve mutations for :firebase_storage:mergeDebugJavaResource (Thread[#14574,Execution worker Thread 15,5,main]) started.
[        ] :firebase_storage:mergeDebugJavaResource (Thread[#14574,Execution worker Thread 15,5,main]) started.
[        ] > Task :firebase_storage:mergeDebugJavaResource UP-TO-DATE
[        ] Caching disabled for task ':firebase_storage:mergeDebugJavaResource' because:
[        ]   Build cache is disabled
[        ]   Caching has been disabled for the task
[        ] Skipping task ':firebase_storage:mergeDebugJavaResource' as it is up-to-date.
[        ] Resolve mutations for :firebase_storage:syncDebugLibJars (Thread[#14574,Execution worker Thread 15,5,main]) started.
[        ] :firebase_storage:syncDebugLibJars (Thread[#14574,Execution worker Thread 15,5,main]) started.
[        ] > Task :firebase_storage:syncDebugLibJars UP-TO-DATE
[        ] Caching disabled for task ':firebase_storage:syncDebugLibJars' because:
[        ]   Build cache is disabled
[        ] Skipping task ':firebase_storage:syncDebugLibJars' as it is up-to-date.
[        ] Resolve mutations for :firebase_storage:bundleDebugAar (Thread[#14574,Execution worker Thread 15,5,main]) started.
[        ] :firebase_storage:bundleDebugAar (Thread[#14574,Execution worker Thread 15,5,main]) started.
[        ] > Task :firebase_storage:bundleDebugAar UP-TO-DATE
[        ] Caching disabled for task ':firebase_storage:bundleDebugAar' because:
[        ]   Build cache is disabled
[        ]   Caching has been disabled for the task
[        ] Skipping task ':firebase_storage:bundleDebugAar' as it is up-to-date.
[        ] Resolve mutations for :firebase_storage:assembleDebug (Thread[#14574,Execution worker Thread 15,5,main]) started.
[        ] :firebase_storage:assembleDebug (Thread[#14574,Execution worker Thread 15,5,main]) started.
[        ] > Task :firebase_storage:assembleDebug UP-TO-DATE
[        ] Skipping task ':firebase_storage:assembleDebug' as it has no actions.
[        ] Resolve mutations for :flutter_local_notifications:stripDebugDebugSymbols (Thread[#14574,Execution worker Thread 15,5,main]) started.
[        ] :flutter_local_notifications:stripDebugDebugSymbols (Thread[#14574,Execution worker Thread 15,5,main]) started.
[        ] > Task :flutter_local_notifications:stripDebugDebugSymbols NO-SOURCE
[        ] Skipping task ':flutter_local_notifications:stripDebugDebugSymbols' as it has no source files and no previous output files.
[        ] Resolve mutations for :flutter_local_notifications:copyDebugJniLibsProjectAndLocalJars (Thread[#14574,Execution worker Thread 15,5,main]) started.
[        ] :flutter_local_notifications:copyDebugJniLibsProjectAndLocalJars (Thread[#14571,Execution worker Thread 12,5,main]) started.
[        ] > Task :flutter_local_notifications:copyDebugJniLibsProjectAndLocalJars UP-TO-DATE
[        ] Caching disabled for task ':flutter_local_notifications:copyDebugJniLibsProjectAndLocalJars' because:
[        ]   Build cache is disabled
[        ]   Caching has been disabled for the task
[        ] Skipping task ':flutter_local_notifications:copyDebugJniLibsProjectAndLocalJars' as it is up-to-date.
[        ] Resolve mutations for :flutter_local_notifications:extractDebugAnnotations (Thread[#14571,Execution worker Thread 12,5,main]) started.
[        ] :flutter_local_notifications:extractDebugAnnotations (Thread[#14571,Execution worker Thread 12,5,main]) started.
[  +78 ms] > Task :flutter_local_notifications:extractDebugAnnotations UP-TO-DATE
[        ] Caching disabled for task ':flutter_local_notifications:extractDebugAnnotations' because:
[        ]   Build cache is disabled
[        ] Skipping task ':flutter_local_notifications:extractDebugAnnotations' as it is up-to-date.
[        ] Resolve mutations for :flutter_local_notifications:extractDeepLinksForAarDebug (Thread[#14571,Execution worker Thread 12,5,main]) started.
[        ] :flutter_local_notifications:extractDeepLinksForAarDebug (Thread[#14571,Execution worker Thread 12,5,main]) started.
[        ] > Task :flutter_local_notifications:extractDeepLinksForAarDebug UP-TO-DATE
[        ] Caching disabled for task ':flutter_local_notifications:extractDeepLinksForAarDebug' because:
[        ]   Build cache is disabled
[        ] Skipping task ':flutter_local_notifications:extractDeepLinksForAarDebug' as it is up-to-date.
[        ] Resolve mutations for :flutter_local_notifications:mergeDebugGeneratedProguardFiles (Thread[#14571,Execution worker Thread 12,5,main]) started.
[        ] :flutter_local_notifications:mergeDebugGeneratedProguardFiles (Thread[#14571,Execution worker Thread 12,5,main]) started.
[        ] > Task :flutter_local_notifications:mergeDebugGeneratedProguardFiles UP-TO-DATE
[        ] Caching disabled for task ':flutter_local_notifications:mergeDebugGeneratedProguardFiles' because:
[        ]   Build cache is disabled
[        ]   Simple merging task
[        ] Skipping task ':flutter_local_notifications:mergeDebugGeneratedProguardFiles' as it is up-to-date.
[        ] Resolve mutations for :flutter_local_notifications:mergeDebugConsumerProguardFiles (Thread[#14571,Execution worker Thread 12,5,main]) started.
[        ] :flutter_local_notifications:mergeDebugConsumerProguardFiles (Thread[#14571,Execution worker Thread 12,5,main]) started.
[        ] > Task :flutter_local_notifications:mergeDebugConsumerProguardFiles UP-TO-DATE
[        ] Caching disabled for task ':flutter_local_notifications:mergeDebugConsumerProguardFiles' because:
[        ]   Build cache is disabled
[        ]   Simple merging task
[        ] Skipping task ':flutter_local_notifications:mergeDebugConsumerProguardFiles' as it is up-to-date.
[        ] Resolve mutations for :flutter_local_notifications:prepareDebugArtProfile (Thread[#14571,Execution worker Thread 12,5,main]) started.
[        ] :flutter_local_notifications:prepareDebugArtProfile (Thread[#14571,Execution worker Thread 12,5,main]) started.
[        ] > Task :flutter_local_notifications:prepareDebugArtProfile UP-TO-DATE
[        ] Caching disabled for task ':flutter_local_notifications:prepareDebugArtProfile' because:
[        ]   Build cache is disabled
[        ]   Caching has been disabled for the task
[        ] Skipping task ':flutter_local_notifications:prepareDebugArtProfile' as it is up-to-date.
[        ] Resolve mutations for :flutter_local_notifications:prepareLintJarForPublish (Thread[#14571,Execution worker Thread 12,5,main]) started.
[        ] :flutter_local_notifications:prepareLintJarForPublish (Thread[#14571,Execution worker Thread 12,5,main]) started.
[        ] > Task :flutter_local_notifications:prepareLintJarForPublish UP-TO-DATE
[        ] Caching disabled for task ':flutter_local_notifications:prepareLintJarForPublish' because:
[        ]   Build cache is disabled
[        ]   Caching has been disabled for the task
[        ] Skipping task ':flutter_local_notifications:prepareLintJarForPublish' as it is up-to-date.
[        ] Resolve mutations for :flutter_local_notifications:mergeDebugJavaResource (Thread[#14571,Execution worker Thread 12,5,main]) started.
[        ] :flutter_local_notifications:mergeDebugJavaResource (Thread[#14571,Execution worker Thread 12,5,main]) started.
[        ] > Task :flutter_local_notifications:mergeDebugJavaResource UP-TO-DATE
[        ] Caching disabled for task ':flutter_local_notifications:mergeDebugJavaResource' because:
[        ]   Build cache is disabled
[        ]   Caching has been disabled for the task
[        ] Skipping task ':flutter_local_notifications:mergeDebugJavaResource' as it is up-to-date.
[        ] Resolve mutations for :flutter_local_notifications:syncDebugLibJars (Thread[#14571,Execution worker Thread 12,5,main]) started.
[        ] :flutter_local_notifications:syncDebugLibJars (Thread[#14571,Execution worker Thread 12,5,main]) started.
[        ] > Task :flutter_local_notifications:syncDebugLibJars UP-TO-DATE
[        ] Caching disabled for task ':flutter_local_notifications:syncDebugLibJars' because:
[        ]   Build cache is disabled
[        ] Skipping task ':flutter_local_notifications:syncDebugLibJars' as it is up-to-date.
[        ] Resolve mutations for :flutter_local_notifications:bundleDebugAar (Thread[#14571,Execution worker Thread 12,5,main]) started.
[        ] :flutter_local_notifications:bundleDebugAar (Thread[#14571,Execution worker Thread 12,5,main]) started.
[        ] > Task :flutter_local_notifications:bundleDebugAar UP-TO-DATE
[        ] Caching disabled for task ':flutter_local_notifications:bundleDebugAar' because:
[        ]   Build cache is disabled
[        ]   Caching has been disabled for the task
[        ] Skipping task ':flutter_local_notifications:bundleDebugAar' as it is up-to-date.
[        ] Resolve mutations for :flutter_local_notifications:assembleDebug (Thread[#14571,Execution worker Thread 12,5,main]) started.
[        ] :flutter_local_notifications:assembleDebug (Thread[#14571,Execution worker Thread 12,5,main]) started.
[        ] > Task :flutter_local_notifications:assembleDebug UP-TO-DATE
[        ] Skipping task ':flutter_local_notifications:assembleDebug' as it has no actions.
[        ] Resolve mutations for :flutter_plugin_android_lifecycle:stripDebugDebugSymbols (Thread[#14571,Execution worker Thread 12,5,main]) started.
[        ] :flutter_plugin_android_lifecycle:stripDebugDebugSymbols (Thread[#14571,Execution worker Thread 12,5,main]) started.
[        ] > Task :flutter_plugin_android_lifecycle:stripDebugDebugSymbols NO-SOURCE
[        ] Skipping task ':flutter_plugin_android_lifecycle:stripDebugDebugSymbols' as it has no source files and no previous output files.
[        ] Resolve mutations for :flutter_plugin_android_lifecycle:copyDebugJniLibsProjectAndLocalJars (Thread[#14571,Execution worker Thread 12,5,main]) started.
[        ] :flutter_plugin_android_lifecycle:copyDebugJniLibsProjectAndLocalJars (Thread[#14571,Execution worker Thread 12,5,main]) started.
[        ] > Task :flutter_plugin_android_lifecycle:copyDebugJniLibsProjectAndLocalJars UP-TO-DATE
[        ] Caching disabled for task ':flutter_plugin_android_lifecycle:copyDebugJniLibsProjectAndLocalJars' because:
[        ]   Build cache is disabled
[        ]   Caching has been disabled for the task
[        ] Skipping task ':flutter_plugin_android_lifecycle:copyDebugJniLibsProjectAndLocalJars' as it is up-to-date.
[        ] Resolve mutations for :flutter_plugin_android_lifecycle:extractDebugAnnotations (Thread[#14571,Execution worker Thread 12,5,main]) started.
[        ] :flutter_plugin_android_lifecycle:extractDebugAnnotations (Thread[#14571,Execution worker Thread 12,5,main]) started.
[        ] > Task :flutter_plugin_android_lifecycle:extractDebugAnnotations UP-TO-DATE
[        ] Caching disabled for task ':flutter_plugin_android_lifecycle:extractDebugAnnotations' because:
[        ]   Build cache is disabled
[        ] Skipping task ':flutter_plugin_android_lifecycle:extractDebugAnnotations' as it is up-to-date.
[        ] Resolve mutations for :flutter_plugin_android_lifecycle:extractDeepLinksForAarDebug (Thread[#14571,Execution worker Thread 12,5,main]) started.
[        ] :flutter_plugin_android_lifecycle:extractDeepLinksForAarDebug (Thread[#14571,Execution worker Thread 12,5,main]) started.
[        ] > Task :flutter_plugin_android_lifecycle:extractDeepLinksForAarDebug UP-TO-DATE
[        ] Caching disabled for task ':flutter_plugin_android_lifecycle:extractDeepLinksForAarDebug' because:
[        ]   Build cache is disabled
[        ] Skipping task ':flutter_plugin_android_lifecycle:extractDeepLinksForAarDebug' as it is up-to-date.
[        ] Resolve mutations for :flutter_plugin_android_lifecycle:mergeDebugGeneratedProguardFiles (Thread[#14571,Execution worker Thread 12,5,main]) started.
[        ] :flutter_plugin_android_lifecycle:mergeDebugGeneratedProguardFiles (Thread[#14562,Execution worker Thread 4,5,main]) started.
[        ] > Task :flutter_plugin_android_lifecycle:mergeDebugGeneratedProguardFiles UP-TO-DATE
[        ] Caching disabled for task ':flutter_plugin_android_lifecycle:mergeDebugGeneratedProguardFiles' because:
[        ]   Build cache is disabled
[        ]   Simple merging task
[        ] Skipping task ':flutter_plugin_android_lifecycle:mergeDebugGeneratedProguardFiles' as it is up-to-date.
[        ] Resolve mutations for :flutter_plugin_android_lifecycle:mergeDebugConsumerProguardFiles (Thread[#14562,Execution worker Thread 4,5,main]) started.
[        ] :flutter_plugin_android_lifecycle:mergeDebugConsumerProguardFiles (Thread[#14562,Execution worker Thread 4,5,main]) started.
[        ] > Task :flutter_plugin_android_lifecycle:mergeDebugConsumerProguardFiles UP-TO-DATE
[        ] Caching disabled for task ':flutter_plugin_android_lifecycle:mergeDebugConsumerProguardFiles' because:
[        ]   Build cache is disabled
[        ]   Simple merging task
[        ] Skipping task ':flutter_plugin_android_lifecycle:mergeDebugConsumerProguardFiles' as it is up-to-date.
[        ] Resolve mutations for :flutter_plugin_android_lifecycle:prepareDebugArtProfile (Thread[#14562,Execution worker Thread 4,5,main]) started.
[        ] :flutter_plugin_android_lifecycle:prepareDebugArtProfile (Thread[#14558,included builds,5,main]) started.
[        ] > Task :flutter_plugin_android_lifecycle:prepareDebugArtProfile UP-TO-DATE
[        ] Caching disabled for task ':flutter_plugin_android_lifecycle:prepareDebugArtProfile' because:
[        ]   Build cache is disabled
[        ]   Caching has been disabled for the task
[        ] Skipping task ':flutter_plugin_android_lifecycle:prepareDebugArtProfile' as it is up-to-date.
[        ] Resolve mutations for :flutter_plugin_android_lifecycle:prepareLintJarForPublish (Thread[#14558,included builds,5,main]) started.
[        ] :flutter_plugin_android_lifecycle:prepareLintJarForPublish (Thread[#14558,included builds,5,main]) started.
[        ] > Task :flutter_plugin_android_lifecycle:prepareLintJarForPublish UP-TO-DATE
[        ] Caching disabled for task ':flutter_plugin_android_lifecycle:prepareLintJarForPublish' because:
[        ]   Build cache is disabled
[        ]   Caching has been disabled for the task
[        ] Skipping task ':flutter_plugin_android_lifecycle:prepareLintJarForPublish' as it is up-to-date.
[        ] Resolve mutations for :flutter_plugin_android_lifecycle:mergeDebugJavaResource (Thread[#14558,included builds,5,main]) started.
[        ] :flutter_plugin_android_lifecycle:mergeDebugJavaResource (Thread[#14558,included builds,5,main]) started.
[        ] > Task :flutter_plugin_android_lifecycle:mergeDebugJavaResource UP-TO-DATE
[        ] Caching disabled for task ':flutter_plugin_android_lifecycle:mergeDebugJavaResource' because:
[        ]   Build cache is disabled
[        ]   Caching has been disabled for the task
[        ] Skipping task ':flutter_plugin_android_lifecycle:mergeDebugJavaResource' as it is up-to-date.
[        ] Resolve mutations for :flutter_plugin_android_lifecycle:syncDebugLibJars (Thread[#14558,included builds,5,main]) started.
[        ] :flutter_plugin_android_lifecycle:syncDebugLibJars (Thread[#14558,included builds,5,main]) started.
[        ] > Task :flutter_plugin_android_lifecycle:syncDebugLibJars UP-TO-DATE
[        ] Caching disabled for task ':flutter_plugin_android_lifecycle:syncDebugLibJars' because:
[        ]   Build cache is disabled
[        ] Skipping task ':flutter_plugin_android_lifecycle:syncDebugLibJars' as it is up-to-date.
[        ] Resolve mutations for :flutter_plugin_android_lifecycle:bundleDebugAar (Thread[#14558,included builds,5,main]) started.
[        ] :flutter_plugin_android_lifecycle:bundleDebugAar (Thread[#14558,included builds,5,main]) started.
[        ] > Task :flutter_plugin_android_lifecycle:bundleDebugAar UP-TO-DATE
[        ] Caching disabled for task ':flutter_plugin_android_lifecycle:bundleDebugAar' because:
[        ]   Build cache is disabled
[        ]   Caching has been disabled for the task
[        ] Skipping task ':flutter_plugin_android_lifecycle:bundleDebugAar' as it is up-to-date.
[        ] Resolve mutations for :flutter_plugin_android_lifecycle:assembleDebug (Thread[#14558,included builds,5,main]) started.
[        ] :flutter_plugin_android_lifecycle:assembleDebug (Thread[#14558,included builds,5,main]) started.
[        ] > Task :flutter_plugin_android_lifecycle:assembleDebug UP-TO-DATE
[        ] Skipping task ':flutter_plugin_android_lifecycle:assembleDebug' as it has no actions.
[        ] Resolve mutations for :geocoding_android:stripDebugDebugSymbols (Thread[#14558,included builds,5,main]) started.
[        ] :geocoding_android:stripDebugDebugSymbols (Thread[#14558,included builds,5,main]) started.
[        ] > Task :geocoding_android:stripDebugDebugSymbols NO-SOURCE
[        ] Skipping task ':geocoding_android:stripDebugDebugSymbols' as it has no source files and no previous output files.
[        ] Resolve mutations for :geocoding_android:copyDebugJniLibsProjectAndLocalJars (Thread[#14558,included builds,5,main]) started.
[        ] :geocoding_android:copyDebugJniLibsProjectAndLocalJars (Thread[#14558,included builds,5,main]) started.
[        ] > Task :geocoding_android:copyDebugJniLibsProjectAndLocalJars UP-TO-DATE
[        ] Caching disabled for task ':geocoding_android:copyDebugJniLibsProjectAndLocalJars' because:
[        ]   Build cache is disabled
[        ]   Caching has been disabled for the task
[        ] Skipping task ':geocoding_android:copyDebugJniLibsProjectAndLocalJars' as it is up-to-date.
[        ] Resolve mutations for :geocoding_android:extractDebugAnnotations (Thread[#14558,included builds,5,main]) started.
[        ] :geocoding_android:extractDebugAnnotations (Thread[#14558,included builds,5,main]) started.
[        ] > Task :geocoding_android:extractDebugAnnotations UP-TO-DATE
[        ] Caching disabled for task ':geocoding_android:extractDebugAnnotations' because:
[        ]   Build cache is disabled
[        ] Skipping task ':geocoding_android:extractDebugAnnotations' as it is up-to-date.
[        ] Resolve mutations for :geocoding_android:extractDeepLinksForAarDebug (Thread[#14558,included builds,5,main]) started.
[        ] :geocoding_android:extractDeepLinksForAarDebug (Thread[#14558,included builds,5,main]) started.
[        ] > Task :geocoding_android:extractDeepLinksForAarDebug UP-TO-DATE
[        ] Caching disabled for task ':geocoding_android:extractDeepLinksForAarDebug' because:
[        ]   Build cache is disabled
[        ] Skipping task ':geocoding_android:extractDeepLinksForAarDebug' as it is up-to-date.
[        ] Resolve mutations for :geocoding_android:mergeDebugGeneratedProguardFiles (Thread[#14558,included builds,5,main]) started.
[        ] :geocoding_android:mergeDebugGeneratedProguardFiles (Thread[#14558,included builds,5,main]) started.
[        ] > Task :geocoding_android:mergeDebugGeneratedProguardFiles UP-TO-DATE
[        ] Caching disabled for task ':geocoding_android:mergeDebugGeneratedProguardFiles' because:
[        ]   Build cache is disabled
[        ]   Simple merging task
[        ] Skipping task ':geocoding_android:mergeDebugGeneratedProguardFiles' as it is up-to-date.
[        ] Resolve mutations for :geocoding_android:mergeDebugConsumerProguardFiles (Thread[#14558,included builds,5,main]) started.
[        ] :geocoding_android:mergeDebugConsumerProguardFiles (Thread[#14558,included builds,5,main]) started.
[        ] > Task :geocoding_android:mergeDebugConsumerProguardFiles UP-TO-DATE
[        ] Caching disabled for task ':geocoding_android:mergeDebugConsumerProguardFiles' because:
[        ]   Build cache is disabled
[        ]   Simple merging task
[        ] Skipping task ':geocoding_android:mergeDebugConsumerProguardFiles' as it is up-to-date.
[        ] Resolve mutations for :geocoding_android:prepareDebugArtProfile (Thread[#14558,included builds,5,main]) started.
[        ] :geocoding_android:prepareDebugArtProfile (Thread[#14558,included builds,5,main]) started.
[        ] > Task :geocoding_android:prepareDebugArtProfile UP-TO-DATE
[        ] Caching disabled for task ':geocoding_android:prepareDebugArtProfile' because:
[        ]   Build cache is disabled
[        ]   Caching has been disabled for the task
[        ] Skipping task ':geocoding_android:prepareDebugArtProfile' as it is up-to-date.
[        ] Resolve mutations for :geocoding_android:prepareLintJarForPublish (Thread[#14558,included builds,5,main]) started.
[        ] :geocoding_android:prepareLintJarForPublish (Thread[#14558,included builds,5,main]) started.
[        ] > Task :geocoding_android:prepareLintJarForPublish UP-TO-DATE
[        ] Caching disabled for task ':geocoding_android:prepareLintJarForPublish' because:
[        ]   Build cache is disabled
[        ]   Caching has been disabled for the task
[        ] Skipping task ':geocoding_android:prepareLintJarForPublish' as it is up-to-date.
[        ] Resolve mutations for :geocoding_android:mergeDebugJavaResource (Thread[#14558,included builds,5,main]) started.
[        ] :geocoding_android:mergeDebugJavaResource (Thread[#14558,included builds,5,main]) started.
[        ] > Task :geocoding_android:mergeDebugJavaResource UP-TO-DATE
[        ] Caching disabled for task ':geocoding_android:mergeDebugJavaResource' because:
[        ]   Build cache is disabled
[        ]   Caching has been disabled for the task
[        ] Skipping task ':geocoding_android:mergeDebugJavaResource' as it is up-to-date.
[        ] Resolve mutations for :geocoding_android:syncDebugLibJars (Thread[#14558,included builds,5,main]) started.
[        ] :geocoding_android:syncDebugLibJars (Thread[#14558,included builds,5,main]) started.
[        ] > Task :geocoding_android:syncDebugLibJars UP-TO-DATE
[        ] Caching disabled for task ':geocoding_android:syncDebugLibJars' because:
[        ]   Build cache is disabled
[        ] Skipping task ':geocoding_android:syncDebugLibJars' as it is up-to-date.
[        ] Resolve mutations for :geocoding_android:bundleDebugAar (Thread[#14558,included builds,5,main]) started.
[        ] :geocoding_android:bundleDebugAar (Thread[#14558,included builds,5,main]) started.
[        ] > Task :geocoding_android:bundleDebugAar UP-TO-DATE
[        ] Caching disabled for task ':geocoding_android:bundleDebugAar' because:
[        ]   Build cache is disabled
[        ]   Caching has been disabled for the task
[        ] Skipping task ':geocoding_android:bundleDebugAar' as it is up-to-date.
[        ] Resolve mutations for :geocoding_android:assembleDebug (Thread[#14558,included builds,5,main]) started.
[        ] :geocoding_android:assembleDebug (Thread[#14571,Execution worker Thread 12,5,main]) started.
[        ] > Task :geocoding_android:assembleDebug UP-TO-DATE
[        ] Skipping task ':geocoding_android:assembleDebug' as it has no actions.
[        ] Resolve mutations for :geolocator_android:stripDebugDebugSymbols (Thread[#14571,Execution worker Thread 12,5,main]) started.
[        ] :geolocator_android:stripDebugDebugSymbols (Thread[#14571,Execution worker Thread 12,5,main]) started.
[        ] > Task :geolocator_android:stripDebugDebugSymbols NO-SOURCE
[        ] Skipping task ':geolocator_android:stripDebugDebugSymbols' as it has no source files and no previous output files.
[        ] Resolve mutations for :geolocator_android:copyDebugJniLibsProjectAndLocalJars (Thread[#14571,Execution worker Thread 12,5,main]) started.
[        ] :geolocator_android:copyDebugJniLibsProjectAndLocalJars (Thread[#14571,Execution worker Thread 12,5,main]) started.
[        ] > Task :geolocator_android:copyDebugJniLibsProjectAndLocalJars UP-TO-DATE
[        ] Caching disabled for task ':geolocator_android:copyDebugJniLibsProjectAndLocalJars' because:
[        ]   Build cache is disabled
[        ]   Caching has been disabled for the task
[        ] Skipping task ':geolocator_android:copyDebugJniLibsProjectAndLocalJars' as it is up-to-date.
[        ] Resolve mutations for :geolocator_android:extractDebugAnnotations (Thread[#14571,Execution worker Thread 12,5,main]) started.
[        ] :geolocator_android:extractDebugAnnotations (Thread[#14571,Execution worker Thread 12,5,main]) started.
[        ] > Task :geolocator_android:extractDebugAnnotations UP-TO-DATE
[        ] Caching disabled for task ':geolocator_android:extractDebugAnnotations' because:
[        ]   Build cache is disabled
[        ] Skipping task ':geolocator_android:extractDebugAnnotations' as it is up-to-date.
[        ] Resolve mutations for :geolocator_android:extractDeepLinksForAarDebug (Thread[#14571,Execution worker Thread 12,5,main]) started.
[        ] :geolocator_android:extractDeepLinksForAarDebug (Thread[#14571,Execution worker Thread 12,5,main]) started.
[        ] > Task :geolocator_android:extractDeepLinksForAarDebug UP-TO-DATE
[        ] Caching disabled for task ':geolocator_android:extractDeepLinksForAarDebug' because:
[        ]   Build cache is disabled
[        ] Skipping task ':geolocator_android:extractDeepLinksForAarDebug' as it is up-to-date.
[        ] Resolve mutations for :geolocator_android:mergeDebugGeneratedProguardFiles (Thread[#14571,Execution worker Thread 12,5,main]) started.
[        ] :geolocator_android:mergeDebugGeneratedProguardFiles (Thread[#14571,Execution worker Thread 12,5,main]) started.
[        ] > Task :geolocator_android:mergeDebugGeneratedProguardFiles UP-TO-DATE
[        ] Caching disabled for task ':geolocator_android:mergeDebugGeneratedProguardFiles' because:
[        ]   Build cache is disabled
[        ]   Simple merging task
[        ] Skipping task ':geolocator_android:mergeDebugGeneratedProguardFiles' as it is up-to-date.
[        ] Resolve mutations for :geolocator_android:mergeDebugConsumerProguardFiles (Thread[#14571,Execution worker Thread 12,5,main]) started.
[        ] :geolocator_android:mergeDebugConsumerProguardFiles (Thread[#14571,Execution worker Thread 12,5,main]) started.
[        ] > Task :geolocator_android:mergeDebugConsumerProguardFiles UP-TO-DATE
[        ] Caching disabled for task ':geolocator_android:mergeDebugConsumerProguardFiles' because:
[        ]   Build cache is disabled
[        ]   Simple merging task
[        ] Skipping task ':geolocator_android:mergeDebugConsumerProguardFiles' as it is up-to-date.
[        ] Resolve mutations for :geolocator_android:prepareDebugArtProfile (Thread[#14571,Execution worker Thread 12,5,main]) started.
[        ] :geolocator_android:prepareDebugArtProfile (Thread[#14571,Execution worker Thread 12,5,main]) started.
[        ] > Task :geolocator_android:prepareDebugArtProfile UP-TO-DATE
[        ] Caching disabled for task ':geolocator_android:prepareDebugArtProfile' because:
[        ]   Build cache is disabled
[        ]   Caching has been disabled for the task
[        ] Skipping task ':geolocator_android:prepareDebugArtProfile' as it is up-to-date.
[        ] Resolve mutations for :geolocator_android:prepareLintJarForPublish (Thread[#14571,Execution worker Thread 12,5,main]) started.
[        ] :geolocator_android:prepareLintJarForPublish (Thread[#14571,Execution worker Thread 12,5,main]) started.
[        ] > Task :geolocator_android:prepareLintJarForPublish UP-TO-DATE
[        ] Caching disabled for task ':geolocator_android:prepareLintJarForPublish' because:
[        ]   Build cache is disabled
[        ]   Caching has been disabled for the task
[        ] Skipping task ':geolocator_android:prepareLintJarForPublish' as it is up-to-date.
[        ] Resolve mutations for :geolocator_android:mergeDebugJavaResource (Thread[#14571,Execution worker Thread 12,5,main]) started.
[        ] :geolocator_android:mergeDebugJavaResource (Thread[#14571,Execution worker Thread 12,5,main]) started.
[        ] > Task :geolocator_android:mergeDebugJavaResource UP-TO-DATE
[        ] Caching disabled for task ':geolocator_android:mergeDebugJavaResource' because:
[        ]   Build cache is disabled
[        ]   Caching has been disabled for the task
[        ] Skipping task ':geolocator_android:mergeDebugJavaResource' as it is up-to-date.
[        ] Resolve mutations for :geolocator_android:syncDebugLibJars (Thread[#14571,Execution worker Thread 12,5,main]) started.
[        ] :geolocator_android:syncDebugLibJars (Thread[#14571,Execution worker Thread 12,5,main]) started.
[        ] > Task :geolocator_android:syncDebugLibJars UP-TO-DATE
[        ] Caching disabled for task ':geolocator_android:syncDebugLibJars' because:
[        ]   Build cache is disabled
[        ] Skipping task ':geolocator_android:syncDebugLibJars' as it is up-to-date.
[        ] Resolve mutations for :geolocator_android:bundleDebugAar (Thread[#14571,Execution worker Thread 12,5,main]) started.
[        ] :geolocator_android:bundleDebugAar (Thread[#14571,Execution worker Thread 12,5,main]) started.
[        ] > Task :geolocator_android:bundleDebugAar UP-TO-DATE
[        ] Caching disabled for task ':geolocator_android:bundleDebugAar' because:
[        ]   Build cache is disabled
[        ]   Caching has been disabled for the task
[        ] Skipping task ':geolocator_android:bundleDebugAar' as it is up-to-date.
[        ] Resolve mutations for :geolocator_android:assembleDebug (Thread[#14571,Execution worker Thread 12,5,main]) started.
[        ] :geolocator_android:assembleDebug (Thread[#14571,Execution worker Thread 12,5,main]) started.
[        ] > Task :geolocator_android:assembleDebug UP-TO-DATE
[        ] Skipping task ':geolocator_android:assembleDebug' as it has no actions.
[        ] Resolve mutations for :google_maps_flutter_android:stripDebugDebugSymbols (Thread[#14571,Execution worker Thread 12,5,main]) started.
[        ] :google_maps_flutter_android:stripDebugDebugSymbols (Thread[#14571,Execution worker Thread 12,5,main]) started.
[        ] > Task :google_maps_flutter_android:stripDebugDebugSymbols NO-SOURCE
[        ] Skipping task ':google_maps_flutter_android:stripDebugDebugSymbols' as it has no source files and no previous output files.
[        ] Resolve mutations for :google_maps_flutter_android:copyDebugJniLibsProjectAndLocalJars (Thread[#14571,Execution worker Thread 12,5,main]) started.
[        ] :google_maps_flutter_android:copyDebugJniLibsProjectAndLocalJars (Thread[#14571,Execution worker Thread 12,5,main]) started.
[        ] > Task :google_maps_flutter_android:copyDebugJniLibsProjectAndLocalJars UP-TO-DATE
[        ] Caching disabled for task ':google_maps_flutter_android:copyDebugJniLibsProjectAndLocalJars' because:
[        ]   Build cache is disabled
[        ]   Caching has been disabled for the task
[        ] Skipping task ':google_maps_flutter_android:copyDebugJniLibsProjectAndLocalJars' as it is up-to-date.
[        ] Resolve mutations for :google_maps_flutter_android:extractDebugAnnotations (Thread[#14571,Execution worker Thread 12,5,main]) started.
[        ] :google_maps_flutter_android:extractDebugAnnotations (Thread[#14571,Execution worker Thread 12,5,main]) started.
[        ] > Task :google_maps_flutter_android:extractDebugAnnotations UP-TO-DATE
[        ] Caching disabled for task ':google_maps_flutter_android:extractDebugAnnotations' because:
[        ]   Build cache is disabled
[        ] Skipping task ':google_maps_flutter_android:extractDebugAnnotations' as it is up-to-date.
[        ] Resolve mutations for :google_maps_flutter_android:extractDeepLinksForAarDebug (Thread[#14571,Execution worker Thread 12,5,main]) started.
[        ] :google_maps_flutter_android:extractDeepLinksForAarDebug (Thread[#14561,Execution worker Thread 3,5,main]) started.
[        ] > Task :google_maps_flutter_android:extractDeepLinksForAarDebug UP-TO-DATE
[        ] Caching disabled for task ':google_maps_flutter_android:extractDeepLinksForAarDebug' because:
[        ]   Build cache is disabled
[        ] Skipping task ':google_maps_flutter_android:extractDeepLinksForAarDebug' as it is up-to-date.
[        ] Resolve mutations for :google_maps_flutter_android:mergeDebugGeneratedProguardFiles (Thread[#14561,Execution worker Thread 3,5,main]) started.
[        ] :google_maps_flutter_android:mergeDebugGeneratedProguardFiles (Thread[#14561,Execution worker Thread 3,5,main]) started.
[        ] > Task :google_maps_flutter_android:mergeDebugGeneratedProguardFiles UP-TO-DATE
[        ] Caching disabled for task ':google_maps_flutter_android:mergeDebugGeneratedProguardFiles' because:
[        ]   Build cache is disabled
[        ]   Simple merging task
[        ] Skipping task ':google_maps_flutter_android:mergeDebugGeneratedProguardFiles' as it is up-to-date.
[        ] Resolve mutations for :google_maps_flutter_android:mergeDebugConsumerProguardFiles (Thread[#14561,Execution worker Thread 3,5,main]) started.
[        ] :google_maps_flutter_android:mergeDebugConsumerProguardFiles (Thread[#14561,Execution worker Thread 3,5,main]) started.
[        ] > Task :google_maps_flutter_android:mergeDebugConsumerProguardFiles UP-TO-DATE
[        ] Caching disabled for task ':google_maps_flutter_android:mergeDebugConsumerProguardFiles' because:
[        ]   Build cache is disabled
[        ]   Simple merging task
[        ] Skipping task ':google_maps_flutter_android:mergeDebugConsumerProguardFiles' as it is up-to-date.
[        ] Resolve mutations for :google_maps_flutter_android:prepareDebugArtProfile (Thread[#14561,Execution worker Thread 3,5,main]) started.
[        ] :google_maps_flutter_android:prepareDebugArtProfile (Thread[#14561,Execution worker Thread 3,5,main]) started.
[        ] > Task :google_maps_flutter_android:prepareDebugArtProfile UP-TO-DATE
[        ] Caching disabled for task ':google_maps_flutter_android:prepareDebugArtProfile' because:
[        ]   Build cache is disabled
[        ]   Caching has been disabled for the task
[        ] Skipping task ':google_maps_flutter_android:prepareDebugArtProfile' as it is up-to-date.
[        ] Resolve mutations for :google_maps_flutter_android:prepareLintJarForPublish (Thread[#14561,Execution worker Thread 3,5,main]) started.
[        ] :google_maps_flutter_android:prepareLintJarForPublish (Thread[#14561,Execution worker Thread 3,5,main]) started.
[        ] > Task :google_maps_flutter_android:prepareLintJarForPublish UP-TO-DATE
[        ] Caching disabled for task ':google_maps_flutter_android:prepareLintJarForPublish' because:
[        ]   Build cache is disabled
[        ]   Caching has been disabled for the task
[        ] Skipping task ':google_maps_flutter_android:prepareLintJarForPublish' as it is up-to-date.
[        ] Resolve mutations for :google_maps_flutter_android:mergeDebugJavaResource (Thread[#14561,Execution worker Thread 3,5,main]) started.
[        ] :google_maps_flutter_android:mergeDebugJavaResource (Thread[#14561,Execution worker Thread 3,5,main]) started.
[        ] > Task :google_maps_flutter_android:mergeDebugJavaResource UP-TO-DATE
[        ] Caching disabled for task ':google_maps_flutter_android:mergeDebugJavaResource' because:
[        ]   Build cache is disabled
[        ]   Caching has been disabled for the task
[        ] Skipping task ':google_maps_flutter_android:mergeDebugJavaResource' as it is up-to-date.
[        ] Resolve mutations for :google_maps_flutter_android:syncDebugLibJars (Thread[#14561,Execution worker Thread 3,5,main]) started.
[        ] :google_maps_flutter_android:syncDebugLibJars (Thread[#14561,Execution worker Thread 3,5,main]) started.
[        ] > Task :google_maps_flutter_android:syncDebugLibJars UP-TO-DATE
[        ] Caching disabled for task ':google_maps_flutter_android:syncDebugLibJars' because:
[        ]   Build cache is disabled
[        ] Skipping task ':google_maps_flutter_android:syncDebugLibJars' as it is up-to-date.
[        ] Resolve mutations for :google_maps_flutter_android:bundleDebugAar (Thread[#14561,Execution worker Thread 3,5,main]) started.
[        ] :google_maps_flutter_android:bundleDebugAar (Thread[#14561,Execution worker Thread 3,5,main]) started.
[        ] > Task :google_maps_flutter_android:bundleDebugAar UP-TO-DATE
[        ] Caching disabled for task ':google_maps_flutter_android:bundleDebugAar' because:
[        ]   Build cache is disabled
[        ]   Caching has been disabled for the task
[        ] Skipping task ':google_maps_flutter_android:bundleDebugAar' as it is up-to-date.
[        ] Resolve mutations for :google_maps_flutter_android:assembleDebug (Thread[#14561,Execution worker Thread 3,5,main]) started.
[        ] :google_maps_flutter_android:assembleDebug (Thread[#14561,Execution worker Thread 3,5,main]) started.
[        ] > Task :google_maps_flutter_android:assembleDebug UP-TO-DATE
[        ] Skipping task ':google_maps_flutter_android:assembleDebug' as it has no actions.
[        ] Resolve mutations for :image_picker_android:stripDebugDebugSymbols (Thread[#14561,Execution worker Thread 3,5,main]) started.
[        ] :image_picker_android:stripDebugDebugSymbols (Thread[#14561,Execution worker Thread 3,5,main]) started.
[        ] > Task :image_picker_android:stripDebugDebugSymbols NO-SOURCE
[        ] Skipping task ':image_picker_android:stripDebugDebugSymbols' as it has no source files and no previous output files.
[        ] Resolve mutations for :image_picker_android:copyDebugJniLibsProjectAndLocalJars (Thread[#14561,Execution worker Thread 3,5,main]) started.
[        ] :image_picker_android:copyDebugJniLibsProjectAndLocalJars (Thread[#14561,Execution worker Thread 3,5,main]) started.
[        ] > Task :image_picker_android:copyDebugJniLibsProjectAndLocalJars UP-TO-DATE
[        ] Caching disabled for task ':image_picker_android:copyDebugJniLibsProjectAndLocalJars' because:
[        ]   Build cache is disabled
[        ]   Caching has been disabled for the task
[        ] Skipping task ':image_picker_android:copyDebugJniLibsProjectAndLocalJars' as it is up-to-date.
[        ] Resolve mutations for :image_picker_android:extractDebugAnnotations (Thread[#14571,Execution worker Thread 12,5,main]) started.
[        ] :image_picker_android:extractDebugAnnotations (Thread[#14571,Execution worker Thread 12,5,main]) started.
[        ] > Task :image_picker_android:extractDebugAnnotations UP-TO-DATE
[        ] Caching disabled for task ':image_picker_android:extractDebugAnnotations' because:
[        ]   Build cache is disabled
[        ] Skipping task ':image_picker_android:extractDebugAnnotations' as it is up-to-date.
[        ] Resolve mutations for :image_picker_android:extractDeepLinksForAarDebug (Thread[#14571,Execution worker Thread 12,5,main]) started.
[        ] :image_picker_android:extractDeepLinksForAarDebug (Thread[#14571,Execution worker Thread 12,5,main]) started.
[        ] > Task :image_picker_android:extractDeepLinksForAarDebug UP-TO-DATE
[        ] Caching disabled for task ':image_picker_android:extractDeepLinksForAarDebug' because:
[        ]   Build cache is disabled
[        ] Skipping task ':image_picker_android:extractDeepLinksForAarDebug' as it is up-to-date.
[        ] Resolve mutations for :image_picker_android:mergeDebugGeneratedProguardFiles (Thread[#14571,Execution worker Thread 12,5,main]) started.
[        ] :image_picker_android:mergeDebugGeneratedProguardFiles (Thread[#14571,Execution worker Thread 12,5,main]) started.
[        ] > Task :image_picker_android:mergeDebugGeneratedProguardFiles UP-TO-DATE
[        ] Caching disabled for task ':image_picker_android:mergeDebugGeneratedProguardFiles' because:
[        ]   Build cache is disabled
[        ]   Simple merging task
[        ] Skipping task ':image_picker_android:mergeDebugGeneratedProguardFiles' as it is up-to-date.
[        ] Resolve mutations for :image_picker_android:mergeDebugConsumerProguardFiles (Thread[#14571,Execution worker Thread 12,5,main]) started.
[        ] :image_picker_android:mergeDebugConsumerProguardFiles (Thread[#14571,Execution worker Thread 12,5,main]) started.
[        ] > Task :image_picker_android:mergeDebugConsumerProguardFiles UP-TO-DATE
[        ] Caching disabled for task ':image_picker_android:mergeDebugConsumerProguardFiles' because:
[        ]   Build cache is disabled
[        ]   Simple merging task
[        ] Skipping task ':image_picker_android:mergeDebugConsumerProguardFiles' as it is up-to-date.
[        ] Resolve mutations for :image_picker_android:prepareDebugArtProfile (Thread[#14571,Execution worker Thread 12,5,main]) started.
[        ] :image_picker_android:prepareDebugArtProfile (Thread[#14571,Execution worker Thread 12,5,main]) started.
[        ] > Task :image_picker_android:prepareDebugArtProfile UP-TO-DATE
[        ] Caching disabled for task ':image_picker_android:prepareDebugArtProfile' because:
[        ]   Build cache is disabled
[        ]   Caching has been disabled for the task
[        ] Skipping task ':image_picker_android:prepareDebugArtProfile' as it is up-to-date.
[        ] Resolve mutations for :image_picker_android:prepareLintJarForPublish (Thread[#14571,Execution worker Thread 12,5,main]) started.
[        ] :image_picker_android:prepareLintJarForPublish (Thread[#14571,Execution worker Thread 12,5,main]) started.
[        ] > Task :image_picker_android:prepareLintJarForPublish UP-TO-DATE
[        ] Caching disabled for task ':image_picker_android:prepareLintJarForPublish' because:
[        ]   Build cache is disabled
[        ]   Caching has been disabled for the task
[        ] Skipping task ':image_picker_android:prepareLintJarForPublish' as it is up-to-date.
[        ] Resolve mutations for :image_picker_android:mergeDebugJavaResource (Thread[#14571,Execution worker Thread 12,5,main]) started.
[        ] :image_picker_android:mergeDebugJavaResource (Thread[#14571,Execution worker Thread 12,5,main]) started.
[        ] > Task :image_picker_android:mergeDebugJavaResource UP-TO-DATE
[        ] Caching disabled for task ':image_picker_android:mergeDebugJavaResource' because:
[        ]   Build cache is disabled
[        ]   Caching has been disabled for the task
[        ] Skipping task ':image_picker_android:mergeDebugJavaResource' as it is up-to-date.
[        ] Resolve mutations for :image_picker_android:syncDebugLibJars (Thread[#14571,Execution worker Thread 12,5,main]) started.
[        ] :image_picker_android:syncDebugLibJars (Thread[#14571,Execution worker Thread 12,5,main]) started.
[        ] > Task :image_picker_android:syncDebugLibJars UP-TO-DATE
[        ] Caching disabled for task ':image_picker_android:syncDebugLibJars' because:
[        ]   Build cache is disabled
[        ] Skipping task ':image_picker_android:syncDebugLibJars' as it is up-to-date.
[        ] Resolve mutations for :image_picker_android:bundleDebugAar (Thread[#14571,Execution worker Thread 12,5,main]) started.
[        ] :image_picker_android:bundleDebugAar (Thread[#14571,Execution worker Thread 12,5,main]) started.
[        ] > Task :image_picker_android:bundleDebugAar UP-TO-DATE
[        ] Caching disabled for task ':image_picker_android:bundleDebugAar' because:
[        ]   Build cache is disabled
[        ]   Caching has been disabled for the task
[        ] Skipping task ':image_picker_android:bundleDebugAar' as it is up-to-date.
[        ] Resolve mutations for :image_picker_android:assembleDebug (Thread[#14571,Execution worker Thread 12,5,main]) started.
[        ] :image_picker_android:assembleDebug (Thread[#14571,Execution worker Thread 12,5,main]) started.
[        ] > Task :image_picker_android:assembleDebug UP-TO-DATE
[        ] Skipping task ':image_picker_android:assembleDebug' as it has no actions.
[        ] Resolve mutations for :jni:stripDebugDebugSymbols (Thread[#14571,Execution worker Thread 12,5,main]) started.
[        ] :jni:stripDebugDebugSymbols (Thread[#14571,Execution worker Thread 12,5,main]) started.
[        ] > Task :jni:stripDebugDebugSymbols UP-TO-DATE
[        ] Caching disabled for task ':jni:stripDebugDebugSymbols' because:
[        ]   Build cache is disabled
[        ]   Caching has been disabled for the task
[        ] Skipping task ':jni:stripDebugDebugSymbols' as it is up-to-date.
[        ] Resolve mutations for :jni:copyDebugJniLibsProjectAndLocalJars (Thread[#14571,Execution worker Thread 12,5,main]) started.
[        ] :jni:copyDebugJniLibsProjectAndLocalJars (Thread[#14571,Execution worker Thread 12,5,main]) started.
[        ] > Task :jni:copyDebugJniLibsProjectAndLocalJars UP-TO-DATE
[        ] Caching disabled for task ':jni:copyDebugJniLibsProjectAndLocalJars' because:
[        ]   Build cache is disabled
[        ]   Caching has been disabled for the task
[        ] Skipping task ':jni:copyDebugJniLibsProjectAndLocalJars' as it is up-to-date.
[        ] Resolve mutations for :jni:extractDebugAnnotations (Thread[#14571,Execution worker Thread 12,5,main]) started.
[        ] :jni:extractDebugAnnotations (Thread[#14571,Execution worker Thread 12,5,main]) started.
[        ] > Task :jni:extractDebugAnnotations UP-TO-DATE
[        ] Caching disabled for task ':jni:extractDebugAnnotations' because:
[        ]   Build cache is disabled
[        ] Skipping task ':jni:extractDebugAnnotations' as it is up-to-date.
[        ] Resolve mutations for :jni:extractDeepLinksForAarDebug (Thread[#14571,Execution worker Thread 12,5,main]) started.
[        ] :jni:extractDeepLinksForAarDebug (Thread[#14571,Execution worker Thread 12,5,main]) started.
[        ] > Task :jni:extractDeepLinksForAarDebug UP-TO-DATE
[        ] Caching disabled for task ':jni:extractDeepLinksForAarDebug' because:
[        ]   Build cache is disabled
[        ] Skipping task ':jni:extractDeepLinksForAarDebug' as it is up-to-date.
[        ] Resolve mutations for :jni:mergeDebugGeneratedProguardFiles (Thread[#14571,Execution worker Thread 12,5,main]) started.
[        ] :jni:mergeDebugGeneratedProguardFiles (Thread[#14571,Execution worker Thread 12,5,main]) started.
[        ] > Task :jni:mergeDebugGeneratedProguardFiles UP-TO-DATE
[        ] Caching disabled for task ':jni:mergeDebugGeneratedProguardFiles' because:
[        ]   Build cache is disabled
[        ]   Simple merging task
[        ] Skipping task ':jni:mergeDebugGeneratedProguardFiles' as it is up-to-date.
[        ] Resolve mutations for :jni:mergeDebugConsumerProguardFiles (Thread[#14571,Execution worker Thread 12,5,main]) started.
[        ] :jni:mergeDebugConsumerProguardFiles (Thread[#14571,Execution worker Thread 12,5,main]) started.
[        ] > Task :jni:mergeDebugConsumerProguardFiles UP-TO-DATE
[        ] Caching disabled for task ':jni:mergeDebugConsumerProguardFiles' because:
[        ]   Build cache is disabled
[        ]   Simple merging task
[        ] Skipping task ':jni:mergeDebugConsumerProguardFiles' as it is up-to-date.
[        ] Resolve mutations for :jni:prepareDebugArtProfile (Thread[#14571,Execution worker Thread 12,5,main]) started.
[        ] :jni:prepareDebugArtProfile (Thread[#14571,Execution worker Thread 12,5,main]) started.
[        ] > Task :jni:prepareDebugArtProfile UP-TO-DATE
[        ] Caching disabled for task ':jni:prepareDebugArtProfile' because:
[        ]   Build cache is disabled
[        ]   Caching has been disabled for the task
[        ] Skipping task ':jni:prepareDebugArtProfile' as it is up-to-date.
[        ] Resolve mutations for :jni:prepareLintJarForPublish (Thread[#14571,Execution worker Thread 12,5,main]) started.
[        ] :jni:prepareLintJarForPublish (Thread[#14571,Execution worker Thread 12,5,main]) started.
[        ] > Task :jni:prepareLintJarForPublish UP-TO-DATE
[        ] Caching disabled for task ':jni:prepareLintJarForPublish' because:
[        ]   Build cache is disabled
[        ]   Caching has been disabled for the task
[        ] Skipping task ':jni:prepareLintJarForPublish' as it is up-to-date.
[        ] Resolve mutations for :jni:mergeDebugJavaResource (Thread[#14571,Execution worker Thread 12,5,main]) started.
[        ] :jni:mergeDebugJavaResource (Thread[#14571,Execution worker Thread 12,5,main]) started.
[        ] > Task :jni:mergeDebugJavaResource UP-TO-DATE
[        ] Caching disabled for task ':jni:mergeDebugJavaResource' because:
[        ]   Build cache is disabled
[        ]   Caching has been disabled for the task
[        ] Skipping task ':jni:mergeDebugJavaResource' as it is up-to-date.
[        ] Resolve mutations for :jni:syncDebugLibJars (Thread[#14571,Execution worker Thread 12,5,main]) started.
[        ] :jni:syncDebugLibJars (Thread[#14571,Execution worker Thread 12,5,main]) started.
[        ] > Task :jni:syncDebugLibJars UP-TO-DATE
[        ] Caching disabled for task ':jni:syncDebugLibJars' because:
[        ]   Build cache is disabled
[        ] Skipping task ':jni:syncDebugLibJars' as it is up-to-date.
[        ] Resolve mutations for :jni:bundleDebugAar (Thread[#14571,Execution worker Thread 12,5,main]) started.
[        ] :jni:bundleDebugAar (Thread[#14571,Execution worker Thread 12,5,main]) started.
[        ] > Task :jni:bundleDebugAar UP-TO-DATE
[        ] Caching disabled for task ':jni:bundleDebugAar' because:
[        ]   Build cache is disabled
[        ]   Caching has been disabled for the task
[        ] Skipping task ':jni:bundleDebugAar' as it is up-to-date.
[        ] Resolve mutations for :jni:assembleDebug (Thread[#14571,Execution worker Thread 12,5,main]) started.
[        ] :jni:assembleDebug (Thread[#14571,Execution worker Thread 12,5,main]) started.
[        ] > Task :jni:assembleDebug UP-TO-DATE
[        ] Skipping task ':jni:assembleDebug' as it has no actions.
[        ] Resolve mutations for :jni_flutter:stripDebugDebugSymbols (Thread[#14571,Execution worker Thread 12,5,main]) started.
[        ] :jni_flutter:stripDebugDebugSymbols (Thread[#14571,Execution worker Thread 12,5,main]) started.
[        ] > Task :jni_flutter:stripDebugDebugSymbols NO-SOURCE
[        ] Skipping task ':jni_flutter:stripDebugDebugSymbols' as it has no source files and no previous output files.
[        ] Resolve mutations for :jni_flutter:copyDebugJniLibsProjectAndLocalJars (Thread[#14571,Execution worker Thread 12,5,main]) started.
[        ] :jni_flutter:copyDebugJniLibsProjectAndLocalJars (Thread[#14571,Execution worker Thread 12,5,main]) started.
[        ] > Task :jni_flutter:copyDebugJniLibsProjectAndLocalJars UP-TO-DATE
[        ] Caching disabled for task ':jni_flutter:copyDebugJniLibsProjectAndLocalJars' because:
[        ]   Build cache is disabled
[        ]   Caching has been disabled for the task
[        ] Skipping task ':jni_flutter:copyDebugJniLibsProjectAndLocalJars' as it is up-to-date.
[        ] Resolve mutations for :jni_flutter:extractDebugAnnotations (Thread[#14571,Execution worker Thread 12,5,main]) started.
[        ] :jni_flutter:extractDebugAnnotations (Thread[#14571,Execution worker Thread 12,5,main]) started.
[        ] > Task :jni_flutter:extractDebugAnnotations UP-TO-DATE
[        ] Caching disabled for task ':jni_flutter:extractDebugAnnotations' because:
[        ]   Build cache is disabled
[        ] Skipping task ':jni_flutter:extractDebugAnnotations' as it is up-to-date.
[        ] Resolve mutations for :jni_flutter:extractDeepLinksForAarDebug (Thread[#14571,Execution worker Thread 12,5,main]) started.
[        ] :jni_flutter:extractDeepLinksForAarDebug (Thread[#14571,Execution worker Thread 12,5,main]) started.
[        ] > Task :jni_flutter:extractDeepLinksForAarDebug UP-TO-DATE
[        ] Caching disabled for task ':jni_flutter:extractDeepLinksForAarDebug' because:
[        ]   Build cache is disabled
[        ] Skipping task ':jni_flutter:extractDeepLinksForAarDebug' as it is up-to-date.
[        ] Resolve mutations for :jni_flutter:mergeDebugGeneratedProguardFiles (Thread[#14571,Execution worker Thread 12,5,main]) started.
[        ] :jni_flutter:mergeDebugGeneratedProguardFiles (Thread[#14571,Execution worker Thread 12,5,main]) started.
[        ] > Task :jni_flutter:mergeDebugGeneratedProguardFiles UP-TO-DATE
[        ] Caching disabled for task ':jni_flutter:mergeDebugGeneratedProguardFiles' because:
[        ]   Build cache is disabled
[        ]   Simple merging task
[        ] Skipping task ':jni_flutter:mergeDebugGeneratedProguardFiles' as it is up-to-date.
[        ] Resolve mutations for :jni_flutter:mergeDebugConsumerProguardFiles (Thread[#14571,Execution worker Thread 12,5,main]) started.
[        ] :jni_flutter:mergeDebugConsumerProguardFiles (Thread[#14571,Execution worker Thread 12,5,main]) started.
[        ] > Task :jni_flutter:mergeDebugConsumerProguardFiles UP-TO-DATE
[        ] Caching disabled for task ':jni_flutter:mergeDebugConsumerProguardFiles' because:
[        ]   Build cache is disabled
[        ]   Simple merging task
[        ] Skipping task ':jni_flutter:mergeDebugConsumerProguardFiles' as it is up-to-date.
[        ] Resolve mutations for :jni_flutter:prepareDebugArtProfile (Thread[#14571,Execution worker Thread 12,5,main]) started.
[        ] :jni_flutter:prepareDebugArtProfile (Thread[#14571,Execution worker Thread 12,5,main]) started.
[        ] > Task :jni_flutter:prepareDebugArtProfile UP-TO-DATE
[        ] Caching disabled for task ':jni_flutter:prepareDebugArtProfile' because:
[        ]   Build cache is disabled
[        ]   Caching has been disabled for the task
[        ] Skipping task ':jni_flutter:prepareDebugArtProfile' as it is up-to-date.
[        ] Resolve mutations for :jni_flutter:prepareLintJarForPublish (Thread[#14571,Execution worker Thread 12,5,main]) started.
[        ] :jni_flutter:prepareLintJarForPublish (Thread[#14571,Execution worker Thread 12,5,main]) started.
[        ] > Task :jni_flutter:prepareLintJarForPublish UP-TO-DATE
[        ] Caching disabled for task ':jni_flutter:prepareLintJarForPublish' because:
[        ]   Build cache is disabled
[        ]   Caching has been disabled for the task
[        ] Skipping task ':jni_flutter:prepareLintJarForPublish' as it is up-to-date.
[        ] Resolve mutations for :jni_flutter:mergeDebugJavaResource (Thread[#14571,Execution worker Thread 12,5,main]) started.
[        ] :jni_flutter:mergeDebugJavaResource (Thread[#14571,Execution worker Thread 12,5,main]) started.
[        ] > Task :jni_flutter:mergeDebugJavaResource UP-TO-DATE
[        ] Caching disabled for task ':jni_flutter:mergeDebugJavaResource' because:
[        ]   Build cache is disabled
[        ]   Caching has been disabled for the task
[        ] Skipping task ':jni_flutter:mergeDebugJavaResource' as it is up-to-date.
[        ] Resolve mutations for :jni_flutter:syncDebugLibJars (Thread[#14571,Execution worker Thread 12,5,main]) started.
[        ] :jni_flutter:syncDebugLibJars (Thread[#14571,Execution worker Thread 12,5,main]) started.
[  +78 ms] > Task :jni_flutter:syncDebugLibJars UP-TO-DATE
[        ] Caching disabled for task ':jni_flutter:syncDebugLibJars' because:
[        ]   Build cache is disabled
[        ] Skipping task ':jni_flutter:syncDebugLibJars' as it is up-to-date.
[        ] Resolve mutations for :jni_flutter:bundleDebugAar (Thread[#14571,Execution worker Thread 12,5,main]) started.
[        ] :jni_flutter:bundleDebugAar (Thread[#14574,Execution worker Thread 15,5,main]) started.
[        ] > Task :jni_flutter:bundleDebugAar UP-TO-DATE
[        ] Caching disabled for task ':jni_flutter:bundleDebugAar' because:
[        ]   Build cache is disabled
[        ]   Caching has been disabled for the task
[        ] Skipping task ':jni_flutter:bundleDebugAar' as it is up-to-date.
[        ] Resolve mutations for :jni_flutter:assembleDebug (Thread[#14574,Execution worker Thread 15,5,main]) started.
[        ] :jni_flutter:assembleDebug (Thread[#14574,Execution worker Thread 15,5,main]) started.
[        ] > Task :jni_flutter:assembleDebug UP-TO-DATE
[        ] Skipping task ':jni_flutter:assembleDebug' as it has no actions.
[        ] Resolve mutations for :package_info_plus:stripDebugDebugSymbols (Thread[#14574,Execution worker Thread 15,5,main]) started.
[        ] :package_info_plus:stripDebugDebugSymbols (Thread[#14574,Execution worker Thread 15,5,main]) started.
[        ] > Task :package_info_plus:stripDebugDebugSymbols NO-SOURCE
[        ] Skipping task ':package_info_plus:stripDebugDebugSymbols' as it has no source files and no previous output files.
[        ] Resolve mutations for :package_info_plus:copyDebugJniLibsProjectAndLocalJars (Thread[#14574,Execution worker Thread 15,5,main]) started.
[        ] :package_info_plus:copyDebugJniLibsProjectAndLocalJars (Thread[#14574,Execution worker Thread 15,5,main]) started.
[        ] > Task :package_info_plus:copyDebugJniLibsProjectAndLocalJars UP-TO-DATE
[        ] Caching disabled for task ':package_info_plus:copyDebugJniLibsProjectAndLocalJars' because:
[        ]   Build cache is disabled
[        ]   Caching has been disabled for the task
[        ] Skipping task ':package_info_plus:copyDebugJniLibsProjectAndLocalJars' as it is up-to-date.
[        ] Resolve mutations for :package_info_plus:extractDebugAnnotations (Thread[#14574,Execution worker Thread 15,5,main]) started.
[        ] :package_info_plus:extractDebugAnnotations (Thread[#14574,Execution worker Thread 15,5,main]) started.
[        ] > Task :package_info_plus:extractDebugAnnotations UP-TO-DATE
[        ] Caching disabled for task ':package_info_plus:extractDebugAnnotations' because:
[        ]   Build cache is disabled
[        ] Skipping task ':package_info_plus:extractDebugAnnotations' as it is up-to-date.
[        ] Resolve mutations for :package_info_plus:extractDeepLinksForAarDebug (Thread[#14574,Execution worker Thread 15,5,main]) started.
[        ] :package_info_plus:extractDeepLinksForAarDebug (Thread[#14574,Execution worker Thread 15,5,main]) started.
[        ] > Task :package_info_plus:extractDeepLinksForAarDebug UP-TO-DATE
[        ] Caching disabled for task ':package_info_plus:extractDeepLinksForAarDebug' because:
[        ]   Build cache is disabled
[        ] Skipping task ':package_info_plus:extractDeepLinksForAarDebug' as it is up-to-date.
[        ] Resolve mutations for :package_info_plus:mergeDebugGeneratedProguardFiles (Thread[#14574,Execution worker Thread 15,5,main]) started.
[        ] :package_info_plus:mergeDebugGeneratedProguardFiles (Thread[#14574,Execution worker Thread 15,5,main]) started.
[        ] > Task :package_info_plus:mergeDebugGeneratedProguardFiles UP-TO-DATE
[        ] Caching disabled for task ':package_info_plus:mergeDebugGeneratedProguardFiles' because:
[        ]   Build cache is disabled
[        ]   Simple merging task
[        ] Skipping task ':package_info_plus:mergeDebugGeneratedProguardFiles' as it is up-to-date.
[        ] Resolve mutations for :package_info_plus:mergeDebugConsumerProguardFiles (Thread[#14574,Execution worker Thread 15,5,main]) started.
[        ] :package_info_plus:mergeDebugConsumerProguardFiles (Thread[#14574,Execution worker Thread 15,5,main]) started.
[        ] > Task :package_info_plus:mergeDebugConsumerProguardFiles UP-TO-DATE
[        ] Caching disabled for task ':package_info_plus:mergeDebugConsumerProguardFiles' because:
[        ]   Build cache is disabled
[        ]   Simple merging task
[        ] Skipping task ':package_info_plus:mergeDebugConsumerProguardFiles' as it is up-to-date.
[        ] Resolve mutations for :package_info_plus:prepareDebugArtProfile (Thread[#14574,Execution worker Thread 15,5,main]) started.
[        ] :package_info_plus:prepareDebugArtProfile (Thread[#14574,Execution worker Thread 15,5,main]) started.
[        ] > Task :package_info_plus:prepareDebugArtProfile UP-TO-DATE
[        ] Caching disabled for task ':package_info_plus:prepareDebugArtProfile' because:
[        ]   Build cache is disabled
[        ]   Caching has been disabled for the task
[        ] Skipping task ':package_info_plus:prepareDebugArtProfile' as it is up-to-date.
[        ] Resolve mutations for :package_info_plus:prepareLintJarForPublish (Thread[#14574,Execution worker Thread 15,5,main]) started.
[        ] :package_info_plus:prepareLintJarForPublish (Thread[#14574,Execution worker Thread 15,5,main]) started.
[        ] > Task :package_info_plus:prepareLintJarForPublish UP-TO-DATE
[        ] Caching disabled for task ':package_info_plus:prepareLintJarForPublish' because:
[        ]   Build cache is disabled
[        ]   Caching has been disabled for the task
[        ] Skipping task ':package_info_plus:prepareLintJarForPublish' as it is up-to-date.
[        ] Resolve mutations for :package_info_plus:mergeDebugJavaResource (Thread[#14574,Execution worker Thread 15,5,main]) started.
[        ] :package_info_plus:mergeDebugJavaResource (Thread[#14574,Execution worker Thread 15,5,main]) started.
[        ] > Task :package_info_plus:mergeDebugJavaResource UP-TO-DATE
[        ] Caching disabled for task ':package_info_plus:mergeDebugJavaResource' because:
[        ]   Build cache is disabled
[        ]   Caching has been disabled for the task
[        ] Skipping task ':package_info_plus:mergeDebugJavaResource' as it is up-to-date.
[        ] Resolve mutations for :package_info_plus:syncDebugLibJars (Thread[#14574,Execution worker Thread 15,5,main]) started.
[        ] :package_info_plus:syncDebugLibJars (Thread[#14574,Execution worker Thread 15,5,main]) started.
[        ] > Task :package_info_plus:syncDebugLibJars UP-TO-DATE
[        ] Caching disabled for task ':package_info_plus:syncDebugLibJars' because:
[        ]   Build cache is disabled
[        ] Skipping task ':package_info_plus:syncDebugLibJars' as it is up-to-date.
[        ] Resolve mutations for :package_info_plus:bundleDebugAar (Thread[#14574,Execution worker Thread 15,5,main]) started.
[        ] :package_info_plus:bundleDebugAar (Thread[#14574,Execution worker Thread 15,5,main]) started.
[        ] > Task :package_info_plus:bundleDebugAar UP-TO-DATE
[        ] Caching disabled for task ':package_info_plus:bundleDebugAar' because:
[        ]   Build cache is disabled
[        ]   Caching has been disabled for the task
[        ] Skipping task ':package_info_plus:bundleDebugAar' as it is up-to-date.
[        ] Resolve mutations for :package_info_plus:assembleDebug (Thread[#14574,Execution worker Thread 15,5,main]) started.
[        ] :package_info_plus:assembleDebug (Thread[#14574,Execution worker Thread 15,5,main]) started.
[        ] > Task :package_info_plus:assembleDebug UP-TO-DATE
[        ] Skipping task ':package_info_plus:assembleDebug' as it has no actions.
[        ] Resolve mutations for :share_plus:stripDebugDebugSymbols (Thread[#14574,Execution worker Thread 15,5,main]) started.
[        ] :share_plus:stripDebugDebugSymbols (Thread[#14574,Execution worker Thread 15,5,main]) started.
[        ] > Task :share_plus:stripDebugDebugSymbols NO-SOURCE
[        ] Skipping task ':share_plus:stripDebugDebugSymbols' as it has no source files and no previous output files.
[        ] Resolve mutations for :share_plus:copyDebugJniLibsProjectAndLocalJars (Thread[#14574,Execution worker Thread 15,5,main]) started.
[        ] :share_plus:copyDebugJniLibsProjectAndLocalJars (Thread[#14574,Execution worker Thread 15,5,main]) started.
[        ] > Task :share_plus:copyDebugJniLibsProjectAndLocalJars UP-TO-DATE
[        ] Caching disabled for task ':share_plus:copyDebugJniLibsProjectAndLocalJars' because:
[        ]   Build cache is disabled
[        ]   Caching has been disabled for the task
[        ] Skipping task ':share_plus:copyDebugJniLibsProjectAndLocalJars' as it is up-to-date.
[        ] Resolve mutations for :share_plus:extractDebugAnnotations (Thread[#14574,Execution worker Thread 15,5,main]) started.
[        ] :share_plus:extractDebugAnnotations (Thread[#14574,Execution worker Thread 15,5,main]) started.
[        ] > Task :share_plus:extractDebugAnnotations UP-TO-DATE
[        ] Caching disabled for task ':share_plus:extractDebugAnnotations' because:
[        ]   Build cache is disabled
[        ] Skipping task ':share_plus:extractDebugAnnotations' as it is up-to-date.
[        ] Resolve mutations for :share_plus:extractDeepLinksForAarDebug (Thread[#14574,Execution worker Thread 15,5,main]) started.
[        ] :share_plus:extractDeepLinksForAarDebug (Thread[#14571,Execution worker Thread 12,5,main]) started.
[        ] > Task :share_plus:extractDeepLinksForAarDebug UP-TO-DATE
[        ] Caching disabled for task ':share_plus:extractDeepLinksForAarDebug' because:
[        ]   Build cache is disabled
[        ] Skipping task ':share_plus:extractDeepLinksForAarDebug' as it is up-to-date.
[        ] Resolve mutations for :share_plus:mergeDebugGeneratedProguardFiles (Thread[#14571,Execution worker Thread 12,5,main]) started.
[        ] :share_plus:mergeDebugGeneratedProguardFiles (Thread[#14571,Execution worker Thread 12,5,main]) started.
[        ] > Task :share_plus:mergeDebugGeneratedProguardFiles UP-TO-DATE
[        ] Caching disabled for task ':share_plus:mergeDebugGeneratedProguardFiles' because:
[        ]   Build cache is disabled
[        ]   Simple merging task
[        ] Skipping task ':share_plus:mergeDebugGeneratedProguardFiles' as it is up-to-date.
[        ] Resolve mutations for :share_plus:mergeDebugConsumerProguardFiles (Thread[#14571,Execution worker Thread 12,5,main]) started.
[        ] :share_plus:mergeDebugConsumerProguardFiles (Thread[#14571,Execution worker Thread 12,5,main]) started.
[        ] > Task :share_plus:mergeDebugConsumerProguardFiles UP-TO-DATE
[        ] Caching disabled for task ':share_plus:mergeDebugConsumerProguardFiles' because:
[        ]   Build cache is disabled
[        ]   Simple merging task
[        ] Skipping task ':share_plus:mergeDebugConsumerProguardFiles' as it is up-to-date.
[        ] Resolve mutations for :share_plus:prepareDebugArtProfile (Thread[#14571,Execution worker Thread 12,5,main]) started.
[        ] :share_plus:prepareDebugArtProfile (Thread[#14571,Execution worker Thread 12,5,main]) started.
[        ] > Task :share_plus:prepareDebugArtProfile UP-TO-DATE
[        ] Caching disabled for task ':share_plus:prepareDebugArtProfile' because:
[        ]   Build cache is disabled
[        ]   Caching has been disabled for the task
[        ] Skipping task ':share_plus:prepareDebugArtProfile' as it is up-to-date.
[        ] Resolve mutations for :share_plus:prepareLintJarForPublish (Thread[#14571,Execution worker Thread 12,5,main]) started.
[        ] :share_plus:prepareLintJarForPublish (Thread[#14571,Execution worker Thread 12,5,main]) started.
[        ] > Task :share_plus:prepareLintJarForPublish UP-TO-DATE
[        ] Caching disabled for task ':share_plus:prepareLintJarForPublish' because:
[        ]   Build cache is disabled
[        ]   Caching has been disabled for the task
[        ] Skipping task ':share_plus:prepareLintJarForPublish' as it is up-to-date.
[        ] Resolve mutations for :share_plus:mergeDebugJavaResource (Thread[#14571,Execution worker Thread 12,5,main]) started.
[        ] :share_plus:mergeDebugJavaResource (Thread[#14571,Execution worker Thread 12,5,main]) started.
[        ] > Task :share_plus:mergeDebugJavaResource UP-TO-DATE
[        ] Caching disabled for task ':share_plus:mergeDebugJavaResource' because:
[        ]   Build cache is disabled
[        ]   Caching has been disabled for the task
[        ] Skipping task ':share_plus:mergeDebugJavaResource' as it is up-to-date.
[        ] Resolve mutations for :share_plus:syncDebugLibJars (Thread[#14571,Execution worker Thread 12,5,main]) started.
[        ] :share_plus:syncDebugLibJars (Thread[#14571,Execution worker Thread 12,5,main]) started.
[        ] > Task :share_plus:syncDebugLibJars UP-TO-DATE
[        ] Caching disabled for task ':share_plus:syncDebugLibJars' because:
[        ]   Build cache is disabled
[        ] Skipping task ':share_plus:syncDebugLibJars' as it is up-to-date.
[        ] Resolve mutations for :share_plus:bundleDebugAar (Thread[#14571,Execution worker Thread 12,5,main]) started.
[        ] :share_plus:bundleDebugAar (Thread[#14571,Execution worker Thread 12,5,main]) started.
[        ] > Task :share_plus:bundleDebugAar UP-TO-DATE
[        ] Caching disabled for task ':share_plus:bundleDebugAar' because:
[        ]   Build cache is disabled
[        ]   Caching has been disabled for the task
[        ] Skipping task ':share_plus:bundleDebugAar' as it is up-to-date.
[        ] Resolve mutations for :share_plus:assembleDebug (Thread[#14571,Execution worker Thread 12,5,main]) started.
[        ] :share_plus:assembleDebug (Thread[#14571,Execution worker Thread 12,5,main]) started.
[        ] > Task :share_plus:assembleDebug UP-TO-DATE
[        ] Skipping task ':share_plus:assembleDebug' as it has no actions.
[        ] Resolve mutations for :shared_preferences_android:stripDebugDebugSymbols (Thread[#14571,Execution worker Thread 12,5,main]) started.
[        ] :shared_preferences_android:stripDebugDebugSymbols (Thread[#14571,Execution worker Thread 12,5,main]) started.
[        ] > Task :shared_preferences_android:stripDebugDebugSymbols NO-SOURCE
[        ] Skipping task ':shared_preferences_android:stripDebugDebugSymbols' as it has no source files and no previous output files.
[        ] Resolve mutations for :shared_preferences_android:copyDebugJniLibsProjectAndLocalJars (Thread[#14571,Execution worker Thread 12,5,main]) started.
[        ] :shared_preferences_android:copyDebugJniLibsProjectAndLocalJars (Thread[#14571,Execution worker Thread 12,5,main]) started.
[        ] > Task :shared_preferences_android:copyDebugJniLibsProjectAndLocalJars UP-TO-DATE
[        ] Caching disabled for task ':shared_preferences_android:copyDebugJniLibsProjectAndLocalJars' because:
[        ]   Build cache is disabled
[        ]   Caching has been disabled for the task
[        ] Skipping task ':shared_preferences_android:copyDebugJniLibsProjectAndLocalJars' as it is up-to-date.
[        ] Resolve mutations for :shared_preferences_android:extractDebugAnnotations (Thread[#14571,Execution worker Thread 12,5,main]) started.
[        ] :shared_preferences_android:extractDebugAnnotations (Thread[#14571,Execution worker Thread 12,5,main]) started.
[        ] > Task :shared_preferences_android:extractDebugAnnotations UP-TO-DATE
[        ] Caching disabled for task ':shared_preferences_android:extractDebugAnnotations' because:
[        ]   Build cache is disabled
[        ] Skipping task ':shared_preferences_android:extractDebugAnnotations' as it is up-to-date.
[        ] Resolve mutations for :shared_preferences_android:extractDeepLinksForAarDebug (Thread[#14571,Execution worker Thread 12,5,main]) started.
[        ] :shared_preferences_android:extractDeepLinksForAarDebug (Thread[#14571,Execution worker Thread 12,5,main]) started.
[        ] > Task :shared_preferences_android:extractDeepLinksForAarDebug UP-TO-DATE
[        ] Caching disabled for task ':shared_preferences_android:extractDeepLinksForAarDebug' because:
[        ]   Build cache is disabled
[        ] Skipping task ':shared_preferences_android:extractDeepLinksForAarDebug' as it is up-to-date.
[        ] Resolve mutations for :shared_preferences_android:mergeDebugGeneratedProguardFiles (Thread[#14571,Execution worker Thread 12,5,main]) started.
[        ] :shared_preferences_android:mergeDebugGeneratedProguardFiles (Thread[#14571,Execution worker Thread 12,5,main]) started.
[        ] > Task :shared_preferences_android:mergeDebugGeneratedProguardFiles UP-TO-DATE
[        ] Caching disabled for task ':shared_preferences_android:mergeDebugGeneratedProguardFiles' because:
[        ]   Build cache is disabled
[        ]   Simple merging task
[        ] Skipping task ':shared_preferences_android:mergeDebugGeneratedProguardFiles' as it is up-to-date.
[        ] Resolve mutations for :shared_preferences_android:mergeDebugConsumerProguardFiles (Thread[#14571,Execution worker Thread 12,5,main]) started.
[        ] :shared_preferences_android:mergeDebugConsumerProguardFiles (Thread[#14571,Execution worker Thread 12,5,main]) started.
[        ] > Task :shared_preferences_android:mergeDebugConsumerProguardFiles UP-TO-DATE
[        ] Caching disabled for task ':shared_preferences_android:mergeDebugConsumerProguardFiles' because:
[        ]   Build cache is disabled
[        ]   Simple merging task
[        ] Skipping task ':shared_preferences_android:mergeDebugConsumerProguardFiles' as it is up-to-date.
[        ] Resolve mutations for :shared_preferences_android:prepareDebugArtProfile (Thread[#14571,Execution worker Thread 12,5,main]) started.
[        ] :shared_preferences_android:prepareDebugArtProfile (Thread[#14571,Execution worker Thread 12,5,main]) started.
[        ] > Task :shared_preferences_android:prepareDebugArtProfile UP-TO-DATE
[        ] Caching disabled for task ':shared_preferences_android:prepareDebugArtProfile' because:
[        ]   Build cache is disabled
[        ]   Caching has been disabled for the task
[        ] Skipping task ':shared_preferences_android:prepareDebugArtProfile' as it is up-to-date.
[        ] Resolve mutations for :shared_preferences_android:prepareLintJarForPublish (Thread[#14571,Execution worker Thread 12,5,main]) started.
[        ] :shared_preferences_android:prepareLintJarForPublish (Thread[#14571,Execution worker Thread 12,5,main]) started.
[        ] > Task :shared_preferences_android:prepareLintJarForPublish UP-TO-DATE
[        ] Caching disabled for task ':shared_preferences_android:prepareLintJarForPublish' because:
[        ]   Build cache is disabled
[        ]   Caching has been disabled for the task
[        ] Skipping task ':shared_preferences_android:prepareLintJarForPublish' as it is up-to-date.
[        ] Resolve mutations for :shared_preferences_android:mergeDebugJavaResource (Thread[#14571,Execution worker Thread 12,5,main]) started.
[        ] :shared_preferences_android:mergeDebugJavaResource (Thread[#14571,Execution worker Thread 12,5,main]) started.
[        ] > Task :shared_preferences_android:mergeDebugJavaResource UP-TO-DATE
[        ] Caching disabled for task ':shared_preferences_android:mergeDebugJavaResource' because:
[        ]   Build cache is disabled
[        ]   Caching has been disabled for the task
[        ] Skipping task ':shared_preferences_android:mergeDebugJavaResource' as it is up-to-date.
[        ] Resolve mutations for :shared_preferences_android:syncDebugLibJars (Thread[#14571,Execution worker Thread 12,5,main]) started.
[        ] :shared_preferences_android:syncDebugLibJars (Thread[#14571,Execution worker Thread 12,5,main]) started.
[        ] > Task :shared_preferences_android:syncDebugLibJars UP-TO-DATE
[        ] Caching disabled for task ':shared_preferences_android:syncDebugLibJars' because:
[        ]   Build cache is disabled
[        ] Skipping task ':shared_preferences_android:syncDebugLibJars' as it is up-to-date.
[        ] Resolve mutations for :shared_preferences_android:bundleDebugAar (Thread[#14571,Execution worker Thread 12,5,main]) started.
[        ] :shared_preferences_android:bundleDebugAar (Thread[#14571,Execution worker Thread 12,5,main]) started.
[        ] > Task :shared_preferences_android:bundleDebugAar UP-TO-DATE
[        ] Caching disabled for task ':shared_preferences_android:bundleDebugAar' because:
[        ]   Build cache is disabled
[        ]   Caching has been disabled for the task
[        ] Skipping task ':shared_preferences_android:bundleDebugAar' as it is up-to-date.
[        ] Resolve mutations for :shared_preferences_android:assembleDebug (Thread[#14571,Execution worker Thread 12,5,main]) started.
[        ] :shared_preferences_android:assembleDebug (Thread[#14571,Execution worker Thread 12,5,main]) started.
[        ] > Task :shared_preferences_android:assembleDebug UP-TO-DATE
[        ] Skipping task ':shared_preferences_android:assembleDebug' as it has no actions.
[        ] Resolve mutations for :sqflite_android:stripDebugDebugSymbols (Thread[#14571,Execution worker Thread 12,5,main]) started.
[        ] :sqflite_android:stripDebugDebugSymbols (Thread[#14571,Execution worker Thread 12,5,main]) started.
[        ] > Task :sqflite_android:stripDebugDebugSymbols NO-SOURCE
[        ] Skipping task ':sqflite_android:stripDebugDebugSymbols' as it has no source files and no previous output files.
[        ] Resolve mutations for :sqflite_android:copyDebugJniLibsProjectAndLocalJars (Thread[#14571,Execution worker Thread 12,5,main]) started.
[        ] :sqflite_android:copyDebugJniLibsProjectAndLocalJars (Thread[#14571,Execution worker Thread 12,5,main]) started.
[        ] > Task :sqflite_android:copyDebugJniLibsProjectAndLocalJars UP-TO-DATE
[        ] Caching disabled for task ':sqflite_android:copyDebugJniLibsProjectAndLocalJars' because:
[        ]   Build cache is disabled
[        ]   Caching has been disabled for the task
[        ] Skipping task ':sqflite_android:copyDebugJniLibsProjectAndLocalJars' as it is up-to-date.
[        ] Resolve mutations for :sqflite_android:extractDebugAnnotations (Thread[#14571,Execution worker Thread 12,5,main]) started.
[        ] :sqflite_android:extractDebugAnnotations (Thread[#14571,Execution worker Thread 12,5,main]) started.
[        ] > Task :sqflite_android:extractDebugAnnotations UP-TO-DATE
[        ] Caching disabled for task ':sqflite_android:extractDebugAnnotations' because:
[        ]   Build cache is disabled
[        ] Skipping task ':sqflite_android:extractDebugAnnotations' as it is up-to-date.
[        ] Resolve mutations for :sqflite_android:extractDeepLinksForAarDebug (Thread[#14571,Execution worker Thread 12,5,main]) started.
[        ] :sqflite_android:extractDeepLinksForAarDebug (Thread[#14571,Execution worker Thread 12,5,main]) started.
[        ] > Task :sqflite_android:extractDeepLinksForAarDebug UP-TO-DATE
[        ] Caching disabled for task ':sqflite_android:extractDeepLinksForAarDebug' because:
[        ]   Build cache is disabled
[        ] Skipping task ':sqflite_android:extractDeepLinksForAarDebug' as it is up-to-date.
[        ] Resolve mutations for :sqflite_android:mergeDebugGeneratedProguardFiles (Thread[#14571,Execution worker Thread 12,5,main]) started.
[        ] :sqflite_android:mergeDebugGeneratedProguardFiles (Thread[#14571,Execution worker Thread 12,5,main]) started.
[        ] > Task :sqflite_android:mergeDebugGeneratedProguardFiles UP-TO-DATE
[        ] Caching disabled for task ':sqflite_android:mergeDebugGeneratedProguardFiles' because:
[        ]   Build cache is disabled
[        ]   Simple merging task
[        ] Skipping task ':sqflite_android:mergeDebugGeneratedProguardFiles' as it is up-to-date.
[        ] Resolve mutations for :sqflite_android:mergeDebugConsumerProguardFiles (Thread[#14571,Execution worker Thread 12,5,main]) started.
[        ] :sqflite_android:mergeDebugConsumerProguardFiles (Thread[#14571,Execution worker Thread 12,5,main]) started.
[        ] > Task :sqflite_android:mergeDebugConsumerProguardFiles UP-TO-DATE
[        ] Caching disabled for task ':sqflite_android:mergeDebugConsumerProguardFiles' because:
[        ]   Build cache is disabled
[        ]   Simple merging task
[        ] Skipping task ':sqflite_android:mergeDebugConsumerProguardFiles' as it is up-to-date.
[        ] Resolve mutations for :sqflite_android:prepareDebugArtProfile (Thread[#14571,Execution worker Thread 12,5,main]) started.
[        ] :sqflite_android:prepareDebugArtProfile (Thread[#14571,Execution worker Thread 12,5,main]) started.
[        ] > Task :sqflite_android:prepareDebugArtProfile UP-TO-DATE
[        ] Caching disabled for task ':sqflite_android:prepareDebugArtProfile' because:
[        ]   Build cache is disabled
[        ]   Caching has been disabled for the task
[        ] Skipping task ':sqflite_android:prepareDebugArtProfile' as it is up-to-date.
[        ] Resolve mutations for :sqflite_android:prepareLintJarForPublish (Thread[#14571,Execution worker Thread 12,5,main]) started.
[        ] :sqflite_android:prepareLintJarForPublish (Thread[#14571,Execution worker Thread 12,5,main]) started.
[        ] > Task :sqflite_android:prepareLintJarForPublish UP-TO-DATE
[        ] Caching disabled for task ':sqflite_android:prepareLintJarForPublish' because:
[        ]   Build cache is disabled
[        ]   Caching has been disabled for the task
[        ] Skipping task ':sqflite_android:prepareLintJarForPublish' as it is up-to-date.
[        ] Resolve mutations for :sqflite_android:mergeDebugJavaResource (Thread[#14571,Execution worker Thread 12,5,main]) started.
[        ] :sqflite_android:mergeDebugJavaResource (Thread[#14571,Execution worker Thread 12,5,main]) started.
[        ] > Task :sqflite_android:mergeDebugJavaResource UP-TO-DATE
[        ] Caching disabled for task ':sqflite_android:mergeDebugJavaResource' because:
[        ]   Build cache is disabled
[        ]   Caching has been disabled for the task
[        ] Skipping task ':sqflite_android:mergeDebugJavaResource' as it is up-to-date.
[        ] Resolve mutations for :sqflite_android:syncDebugLibJars (Thread[#14571,Execution worker Thread 12,5,main]) started.
[        ] :sqflite_android:syncDebugLibJars (Thread[#14571,Execution worker Thread 12,5,main]) started.
[        ] > Task :sqflite_android:syncDebugLibJars UP-TO-DATE
[        ] Caching disabled for task ':sqflite_android:syncDebugLibJars' because:
[        ]   Build cache is disabled
[        ] Skipping task ':sqflite_android:syncDebugLibJars' as it is up-to-date.
[        ] Resolve mutations for :sqflite_android:bundleDebugAar (Thread[#14571,Execution worker Thread 12,5,main]) started.
[        ] :sqflite_android:bundleDebugAar (Thread[#14571,Execution worker Thread 12,5,main]) started.
[        ] > Task :sqflite_android:bundleDebugAar UP-TO-DATE
[        ] Caching disabled for task ':sqflite_android:bundleDebugAar' because:
[        ]   Build cache is disabled
[        ]   Caching has been disabled for the task
[        ] Skipping task ':sqflite_android:bundleDebugAar' as it is up-to-date.
[        ] Resolve mutations for :sqflite_android:assembleDebug (Thread[#14571,Execution worker Thread 12,5,main]) started.
[        ] :sqflite_android:assembleDebug (Thread[#14571,Execution worker Thread 12,5,main]) started.
[        ] > Task :sqflite_android:assembleDebug UP-TO-DATE
[        ] Skipping task ':sqflite_android:assembleDebug' as it has no actions.
[        ] Resolve mutations for :url_launcher_android:stripDebugDebugSymbols (Thread[#14571,Execution worker Thread 12,5,main]) started.
[        ] :url_launcher_android:stripDebugDebugSymbols (Thread[#14571,Execution worker Thread 12,5,main]) started.
[        ] > Task :url_launcher_android:stripDebugDebugSymbols NO-SOURCE
[        ] Skipping task ':url_launcher_android:stripDebugDebugSymbols' as it has no source files and no previous output files.
[        ] Resolve mutations for :url_launcher_android:copyDebugJniLibsProjectAndLocalJars (Thread[#14571,Execution worker Thread 12,5,main]) started.
[        ] :url_launcher_android:copyDebugJniLibsProjectAndLocalJars (Thread[#14571,Execution worker Thread 12,5,main]) started.
[        ] > Task :url_launcher_android:copyDebugJniLibsProjectAndLocalJars UP-TO-DATE
[        ] Caching disabled for task ':url_launcher_android:copyDebugJniLibsProjectAndLocalJars' because:
[        ]   Build cache is disabled
[        ]   Caching has been disabled for the task
[        ] Skipping task ':url_launcher_android:copyDebugJniLibsProjectAndLocalJars' as it is up-to-date.
[        ] Resolve mutations for :url_launcher_android:extractDebugAnnotations (Thread[#14571,Execution worker Thread 12,5,main]) started.
[        ] :url_launcher_android:extractDebugAnnotations (Thread[#14571,Execution worker Thread 12,5,main]) started.
[        ] > Task :url_launcher_android:extractDebugAnnotations UP-TO-DATE
[        ] Caching disabled for task ':url_launcher_android:extractDebugAnnotations' because:
[        ]   Build cache is disabled
[        ] Skipping task ':url_launcher_android:extractDebugAnnotations' as it is up-to-date.
[        ] Resolve mutations for :url_launcher_android:extractDeepLinksForAarDebug (Thread[#14571,Execution worker Thread 12,5,main]) started.
[        ] :url_launcher_android:extractDeepLinksForAarDebug (Thread[#14571,Execution worker Thread 12,5,main]) started.
[        ] > Task :url_launcher_android:extractDeepLinksForAarDebug UP-TO-DATE
[        ] Caching disabled for task ':url_launcher_android:extractDeepLinksForAarDebug' because:
[        ]   Build cache is disabled
[        ] Skipping task ':url_launcher_android:extractDeepLinksForAarDebug' as it is up-to-date.
[        ] Resolve mutations for :url_launcher_android:mergeDebugGeneratedProguardFiles (Thread[#14571,Execution worker Thread 12,5,main]) started.
[        ] :url_launcher_android:mergeDebugGeneratedProguardFiles (Thread[#14571,Execution worker Thread 12,5,main]) started.
[        ] > Task :url_launcher_android:mergeDebugGeneratedProguardFiles UP-TO-DATE
[        ] Caching disabled for task ':url_launcher_android:mergeDebugGeneratedProguardFiles' because:
[        ]   Build cache is disabled
[        ]   Simple merging task
[        ] Skipping task ':url_launcher_android:mergeDebugGeneratedProguardFiles' as it is up-to-date.
[        ] Resolve mutations for :url_launcher_android:mergeDebugConsumerProguardFiles (Thread[#14571,Execution worker Thread 12,5,main]) started.
[        ] :url_launcher_android:mergeDebugConsumerProguardFiles (Thread[#14571,Execution worker Thread 12,5,main]) started.
[        ] > Task :url_launcher_android:mergeDebugConsumerProguardFiles UP-TO-DATE
[        ] Caching disabled for task ':url_launcher_android:mergeDebugConsumerProguardFiles' because:
[        ]   Build cache is disabled
[        ]   Simple merging task
[        ] Skipping task ':url_launcher_android:mergeDebugConsumerProguardFiles' as it is up-to-date.
[        ] Resolve mutations for :url_launcher_android:prepareDebugArtProfile (Thread[#14571,Execution worker Thread 12,5,main]) started.
[        ] :url_launcher_android:prepareDebugArtProfile (Thread[#14571,Execution worker Thread 12,5,main]) started.
[        ] > Task :url_launcher_android:prepareDebugArtProfile UP-TO-DATE
[        ] Caching disabled for task ':url_launcher_android:prepareDebugArtProfile' because:
[        ]   Build cache is disabled
[        ]   Caching has been disabled for the task
[        ] Skipping task ':url_launcher_android:prepareDebugArtProfile' as it is up-to-date.
[        ] Resolve mutations for :url_launcher_android:prepareLintJarForPublish (Thread[#14571,Execution worker Thread 12,5,main]) started.
[        ] :url_launcher_android:prepareLintJarForPublish (Thread[#14571,Execution worker Thread 12,5,main]) started.
[        ] > Task :url_launcher_android:prepareLintJarForPublish UP-TO-DATE
[        ] Caching disabled for task ':url_launcher_android:prepareLintJarForPublish' because:
[        ]   Build cache is disabled
[        ]   Caching has been disabled for the task
[        ] Skipping task ':url_launcher_android:prepareLintJarForPublish' as it is up-to-date.
[        ] Resolve mutations for :url_launcher_android:mergeDebugJavaResource (Thread[#14571,Execution worker Thread 12,5,main]) started.
[        ] :url_launcher_android:mergeDebugJavaResource (Thread[#14571,Execution worker Thread 12,5,main]) started.
[        ] > Task :url_launcher_android:mergeDebugJavaResource UP-TO-DATE
[        ] Caching disabled for task ':url_launcher_android:mergeDebugJavaResource' because:
[        ]   Build cache is disabled
[        ]   Caching has been disabled for the task
[        ] Skipping task ':url_launcher_android:mergeDebugJavaResource' as it is up-to-date.
[        ] Resolve mutations for :url_launcher_android:syncDebugLibJars (Thread[#14571,Execution worker Thread 12,5,main]) started.
[        ] :url_launcher_android:syncDebugLibJars (Thread[#14571,Execution worker Thread 12,5,main]) started.
[        ] > Task :url_launcher_android:syncDebugLibJars UP-TO-DATE
[        ] Caching disabled for task ':url_launcher_android:syncDebugLibJars' because:
[        ]   Build cache is disabled
[        ] Skipping task ':url_launcher_android:syncDebugLibJars' as it is up-to-date.
[        ] Resolve mutations for :url_launcher_android:bundleDebugAar (Thread[#14571,Execution worker Thread 12,5,main]) started.
[        ] :url_launcher_android:bundleDebugAar (Thread[#14571,Execution worker Thread 12,5,main]) started.
[        ] > Task :url_launcher_android:bundleDebugAar UP-TO-DATE
[        ] Caching disabled for task ':url_launcher_android:bundleDebugAar' because:
[        ]   Build cache is disabled
[        ]   Caching has been disabled for the task
[        ] Skipping task ':url_launcher_android:bundleDebugAar' as it is up-to-date.
[        ] Resolve mutations for :url_launcher_android:assembleDebug (Thread[#14571,Execution worker Thread 12,5,main]) started.
[        ] :url_launcher_android:assembleDebug (Thread[#14571,Execution worker Thread 12,5,main]) started.
[        ] > Task :url_launcher_android:assembleDebug UP-TO-DATE
[        ] Skipping task ':url_launcher_android:assembleDebug' as it has no actions.
[+1695 ms] > Task :app:mergeDebugNativeLibs
[        ] Caching disabled for task ':app:mergeDebugNativeLibs' because:
[        ]   Build cache is disabled
[        ]   Caching has been disabled for the task
[        ] Task ':app:mergeDebugNativeLibs' is not up-to-date because:
[        ]   Input property 'subProjectNativeLibs' file C:\eventful_app\build\jni\intermediates\library_jni\debug\copyDebugJniLibsProjectOnly\jni\armeabi-v7a\libdartjni.so has been added.
[        ]   Input property 'subProjectNativeLibs' file C:\eventful_app\build\jni\intermediates\library_jni\debug\copyDebugJniLibsProjectOnly\jni\x86\libdartjni.so has been added.
[        ]   Input property 'subProjectNativeLibs' file C:\eventful_app\build\jni\intermediates\library_jni\debug\copyDebugJniLibsProjectOnly\jni\x86_64\libdartjni.so has been added.
[+5793 ms] Resolve mutations for :app:stripDebugDebugSymbols (Thread[#14567,Execution worker Thread 8,5,main]) started.
[        ] :app:stripDebugDebugSymbols (Thread[#14567,Execution worker Thread 8,5,main]) started.
[ +295 ms] > Task :app:stripDebugDebugSymbols
[        ] Caching disabled for task ':app:stripDebugDebugSymbols' because:
[        ]   Build cache is disabled
[        ]   Caching has been disabled for the task
[        ] Task ':app:stripDebugDebugSymbols' is not up-to-date because:
[        ]   Input property 'inputDir' file C:\eventful_app\build\app\intermediates\merged_native_libs\debug\mergeDebugNativeLibs\out\lib\armeabi-v7a\libdartjni.so has been added.
[        ]   Input property 'inputDir' file C:\eventful_app\build\app\intermediates\merged_native_libs\debug\mergeDebugNativeLibs\out\lib\x86\libdartjni.so has been added.
[        ]   Input property 'inputDir' file C:\eventful_app\build\app\intermediates\merged_native_libs\debug\mergeDebugNativeLibs\out\lib\x86_64\libdartjni.so has been added.
[        ] C/C++: android.ndkVersion from module build.gradle is [28.2.13676358]
[        ] C/C++: android.ndkVersion from module build.gradle is [28.2.13676358]
[        ] C/C++: android.ndkPath from module build.gradle is not set
[        ] C/C++: ndk.dir in local.properties is not set
[        ] C/C++: Not considering ANDROID_NDK_HOME because support was removed after deprecation period.
[        ] C/C++: sdkFolder is C:\Users\HAL─░S\AppData\Local\Android\sdk
[        ] C/C++: android.ndkVersion from module build.gradle is [28.2.13676358]
[        ] C/C++: android.ndkPath from module build.gradle is not set
[        ] C/C++: ndk.dir in local.properties is not set
[        ] C/C++: Not considering ANDROID_NDK_HOME because support was removed after deprecation period.
[        ] C/C++: sdkFolder is C:\Users\HAL─░S\AppData\Local\Android\sdk
[        ] C/C++: android.ndkPath from module build.gradle is not set
[        ] C/C++: ndk.dir in local.properties is not set
[        ] C/C++: Not considering ANDROID_NDK_HOME because support was removed after deprecation period.
[        ] C/C++: sdkFolder is C:\Users\HAL─░S\AppData\Local\Android\sdk
[        ] Starting process 'command 'C:\Users\HAL─░S\AppData\Local\Android\sdk\ndk\28.2.13676358\toolchains\llvm\prebuilt\windows-x86_64\bin\llvm-strip''. Working directory: C:\eventful_app\android\app Command: C:\Users\HAL─░S\AppData\Local\Android\sdk\ndk\28.2.13676358\toolchains\llvm\prebuilt\windows-x86_64\bin\llvm-strip --strip-unneeded -o C:\eventful_app\build\app\intermediates\stripped_native_libs\debug\stripDebugDebugSymbols\out\lib\armeabi-v7a\libdartjni.so C:\eventful_app\build\app\intermediates\merged_native_libs\debug\mergeDebugNativeLibs\out\lib\armeabi-v7a\libdartjni.so
[        ] Starting process 'command 'C:\Users\HAL─░S\AppData\Local\Android\sdk\ndk\28.2.13676358\toolchains\llvm\prebuilt\windows-x86_64\bin\llvm-strip''. Working directory: C:\eventful_app\android\app Command: C:\Users\HAL─░S\AppData\Local\Android\sdk\ndk\28.2.13676358\toolchains\llvm\prebuilt\windows-x86_64\bin\llvm-strip --strip-unneeded -o C:\eventful_app\build\app\intermediates\stripped_native_libs\debug\stripDebugDebugSymbols\out\lib\x86_64\libdartjni.so C:\eventful_app\build\app\intermediates\merged_native_libs\debug\mergeDebugNativeLibs\out\lib\x86_64\libdartjni.so
[        ] Starting process 'command 'C:\Users\HAL─░S\AppData\Local\Android\sdk\ndk\28.2.13676358\toolchains\llvm\prebuilt\windows-x86_64\bin\llvm-strip''. Working directory: C:\eventful_app\android\app Command: C:\Users\HAL─░S\AppData\Local\Android\sdk\ndk\28.2.13676358\toolchains\llvm\prebuilt\windows-x86_64\bin\llvm-strip --strip-unneeded -o C:\eventful_app\build\app\intermediates\stripped_native_libs\debug\stripDebugDebugSymbols\out\lib\x86\libdartjni.so C:\eventful_app\build\app\intermediates\merged_native_libs\debug\mergeDebugNativeLibs\out\lib\x86\libdartjni.so
[        ] Successfully started process 'command 'C:\Users\HAL─░S\AppData\Local\Android\sdk\ndk\28.2.13676358\toolchains\llvm\prebuilt\windows-x86_64\bin\llvm-strip''
[        ] Successfully started process 'command 'C:\Users\HAL─░S\AppData\Local\Android\sdk\ndk\28.2.13676358\toolchains\llvm\prebuilt\windows-x86_64\bin\llvm-strip''
[        ] Successfully started process 'command 'C:\Users\HAL─░S\AppData\Local\Android\sdk\ndk\28.2.13676358\toolchains\llvm\prebuilt\windows-x86_64\bin\llvm-strip''
[        ] Resolve mutations for :app:packageDebug (Thread[#14567,Execution worker Thread 8,5,main]) started.
[        ] :app:packageDebug (Thread[#14567,Execution worker Thread 8,5,main]) started.
[ +999 ms] > Task :app:packageDebug
[        ] Custom actions are attached to task ':app:packageDebug'.
[        ] Caching disabled for task ':app:packageDebug' because:
[        ]   Build cache is disabled
[        ]   Caching has been disabled for the task
[        ] Task ':app:packageDebug' is not up-to-date because:
[        ]   Value of input property 'deterministicEntryOrder' has changed for task ':app:packageDebug'
[        ] The input changes require a full rebuild for incremental task ':app:packageDebug'.
[        ] Resolve mutations for :app:createDebugApkListingFileRedirect (Thread[#14567,Execution worker Thread 8,5,main]) started.
[        ] :app:createDebugApkListingFileRedirect (Thread[#14567,Execution worker Thread 8,5,main]) started.
[        ] > Task :app:createDebugApkListingFileRedirect
[        ] Caching disabled for task ':app:createDebugApkListingFileRedirect' because:
[        ]   Build cache is disabled
[        ]   Caching has been disabled for the task
[        ] Task ':app:createDebugApkListingFileRedirect' is not up-to-date because:
[        ]   Input property 'listingFile' file C:\eventful_app\build\app\intermediates\apk\debug\output-metadata.json has been removed.
[        ]   Input property 'listingFile' file C:\eventful_app\build\app\outputs\apk\debug\output-metadata.json has been added.
[        ] Resolve mutations for :app:assembleDebug (Thread[#14567,Execution worker Thread 8,5,main]) started.
[        ] :app:assembleDebug (Thread[#14567,Execution worker Thread 8,5,main]) started.
[ +301 ms] > Task :app:assembleDebug
[        ] Caching disabled for task ':app:assembleDebug' because:
[        ]   Build cache is disabled
[        ] Task ':app:assembleDebug' is not up-to-date because:
[        ]   Task has not declared any outputs despite executing actions.
[ +808 ms] AAPT2 aapt2-8.11.1-12782657-windows Daemon #0: shutdown
[  +73 ms] Build c246aee4-b37b-49e9-adf4-1958b502c0ae is closed
[        ] [Incubating] Problems report is available at: file:///C:/eventful_app/build/reports/problems/problems-report.html
[        ] Deprecated Gradle features were used in this build, making it incompatible with Gradle 9.0.
[        ] You can use '--warning-mode all' to show the individual deprecation warnings and determine if they come from your own scripts or plugins.
[        ] For more on this, please refer to https://docs.gradle.org/8.14/userguide/command_line_interface.html#sec:command_line_warnings in the Gradle documentation.
[        ] BUILD SUCCESSFUL in 44s
[        ] 639 actionable tasks: 32 executed, 607 up-to-date
[        ] Watched directory hierarchies: [C:\flutter\packages\flutter_tools\gradle, C:\eventful_app\android]
[  +41 ms] Running Gradle task 'assembleDebug'... (completed in 44,3s)
[  +13 ms] Calculate SHA1: LocalDirectory: 'C:\eventful_app\build\app\outputs\flutter-apk'/app-debug.apk
[ +900 ms] ÔêÜ Built build\app\outputs\flutter-apk\app-debug.apk
[  +12 ms] "flutter apk" took 46.197ms.
[  +86 ms] Running 1 shutdown hook
[   +1 ms] Shutdown hooks complete
[ +245 ms] exiting with code 0
